2026-09-21 20:32:22.089 - aiperf.cli_runner._single_run - INFO - Starting AIPerf System
2026-09-21 20:32:22.105 - aiperf.config.resolution.resolvers - INFO - [OK] Tokenizer swiss-ai/Apertus-v1.5-8B detected
2026-09-21 20:32:22.105 - aiperf.config.resolution.resolvers - INFO - 1 tokenizer validated | 0.0s
2026-09-21 20:32:22.105 - aiperf.config.resolution.resolvers - INFO - HF cache hit (skipping prefetch): ['swiss-ai/Apertus-v1.5-8B']
2026-09-21 20:32:22.451 - server_metrics_manager - INFO - Server Metrics: Discovered 1 endpoints: ['http://localhost:8090/metrics']
2026-09-21 20:32:22.468 - GPUTelemetryJSONLWriter_504b075f - INFO - GPU telemetry export enabled: /results/dyn-2w-kv/rag/c8/gpu_telemetry_export.jsonl
2026-09-21 20:32:22.476 - OTelMetricsResultsProcessor_384f4bbc - INFO - Telemetry streaming is disabled (set --otel-url and/or --mlflow-tracking-uri to enable)
2026-09-21 20:32:22.477 - RecordExportJSONLWriter_305ff733 - INFO - Record metrics export enabled: /results/dyn-2w-kv/rag/c8/profile_export.jsonl
2026-09-21 20:32:22.522 - system_controller - INFO - Registered Worker Manager (id: 'worker_manager')
2026-09-21 20:32:22.524 - system_controller - INFO - Registered Gpu Telemetry Manager (id: 'gpu_telemetry_manager')
2026-09-21 20:32:22.581 - system_controller - INFO - Registered Server Metrics Manager (id: 'server_metrics_manager')
2026-09-21 20:32:22.581 - system_controller - INFO - Registered Dataset Manager (id: 'dataset_manager')
2026-09-21 20:32:22.586 - system_controller - INFO - Registered Records Manager (id: 'records_manager')
2026-09-21 20:32:22.654 - system_controller - INFO - Registered Timing Manager (id: 'timing_manager')
2026-09-21 20:32:22.700 - system_controller - INFO - Registered Record Processor (id: 'record_processor_ced7a7f7')
2026-09-21 20:32:22.702 - system_controller - INFO - Registered Record Processor (id: 'record_processor_593cac44')
2026-09-21 20:32:22.796 - system_controller - INFO - Registered Worker (id: 'worker_07a549fa')
2026-09-21 20:32:22.800 - system_controller - INFO - Registered Worker (id: 'worker_bfa1c32b')
2026-09-21 20:32:22.809 - system_controller - INFO - Registered Worker (id: 'worker_a00318d9')
2026-09-21 20:32:22.829 - system_controller - INFO - Registered Worker (id: 'worker_6e18c1ae')
2026-09-21 20:32:22.833 - system_controller - INFO - Registered Worker (id: 'worker_e8a7f552')
2026-09-21 20:32:22.836 - system_controller - INFO - Registered Worker (id: 'worker_d4ba7377')
2026-09-21 20:32:22.836 - system_controller - INFO - Registered Worker (id: 'worker_6add33ac')
2026-09-21 20:32:22.842 - system_controller - INFO - Registered Worker (id: 'worker_62f101ea')
2026-09-21 20:32:22.911 - system_controller - INFO - AIPerf System is CONFIGURING
2026-09-21 20:32:22.911 - system_controller - INFO - Configuring all services to start profiling
2026-09-21 20:32:22.914 - InferenceResultParser_72182fc9 - INFO - Configuring tokenizers for inference result parser (resolve_alias: True)
2026-09-21 20:32:22.914 - InferenceResultParser_4242f90c - INFO - Configuring tokenizers for inference result parser (resolve_alias: True)
2026-09-21 20:32:22.914 - timing_manager - INFO - Waiting for dataset to be configured before configuring timing
2026-09-21 20:32:22.915 - dataset_manager - INFO - Configuring tokenizer(s) for dataset manager
2026-09-21 20:32:22.925 - server_metrics_manager - INFO - Server Metrics: Capturing baseline metrics...
2026-09-21 20:32:22.954 - gpu_telemetry_manager - WARNING - GPU Telemetry: http://localhost:9400/metrics is not reachable
2026-09-21 20:32:22.956 - gpu_telemetry_manager - WARNING - GPU Telemetry: http://localhost:9401/metrics is not reachable
2026-09-21 20:32:22.958 - system_controller - INFO - DCGM telemetry skipped: no telemetry sources reachable
2026-09-21 20:32:22.959 - system_controller - INFO - Waiting for result domains: profile, server_metrics
2026-09-21 20:32:22.994 - system_controller - INFO - Server metrics enabled - 1/1 endpoint(s) reachable.
2026-09-21 20:32:24.521 - httpx - INFO - HTTP Request: HEAD https://huggingface.co/swiss-ai/Apertus-v1.5-8B/resolve/main/config.json "HTTP/1.1 200 OK"
2026-09-21 20:32:24.533 - httpx - INFO - HTTP Request: HEAD https://huggingface.co/swiss-ai/Apertus-v1.5-8B/resolve/main/config.json "HTTP/1.1 200 OK"
2026-09-21 20:32:24.542 - httpx - INFO - HTTP Request: HEAD https://huggingface.co/swiss-ai/Apertus-v1.5-8B/resolve/main/config.json "HTTP/1.1 200 OK"
2026-09-21 20:32:24.612 - httpx - INFO - HTTP Request: HEAD https://huggingface.co/swiss-ai/Apertus-v1.5-8B/resolve/main/config.json "HTTP/1.1 200 OK"
2026-09-21 20:32:24.626 - httpx - INFO - HTTP Request: HEAD https://huggingface.co/swiss-ai/Apertus-v1.5-8B/resolve/main/config.json "HTTP/1.1 200 OK"
2026-09-21 20:32:24.648 - httpx - INFO - HTTP Request: HEAD https://huggingface.co/swiss-ai/Apertus-v1.5-8B/resolve/main/config.json "HTTP/1.1 200 OK"
2026-09-21 20:32:24.704 - httpx - INFO - HTTP Request: HEAD https://huggingface.co/swiss-ai/Apertus-v1.5-8B/resolve/main/tokenizer_config.json "HTTP/1.1 200 OK"
2026-09-21 20:32:24.717 - httpx - INFO - HTTP Request: HEAD https://huggingface.co/swiss-ai/Apertus-v1.5-8B/resolve/main/tokenizer_config.json "HTTP/1.1 200 OK"
2026-09-21 20:32:24.736 - httpx - INFO - HTTP Request: HEAD https://huggingface.co/swiss-ai/Apertus-v1.5-8B/resolve/main/tokenizer_config.json "HTTP/1.1 200 OK"
2026-09-21 20:32:24.799 - httpx - INFO - HTTP Request: GET https://huggingface.co/api/models/swiss-ai/Apertus-v1.5-8B/tree/main/additional_chat_templates?recursive=false&expand=false "HTTP/1.1 404 Not Found"
2026-09-21 20:32:24.811 - httpx - INFO - HTTP Request: GET https://huggingface.co/api/models/swiss-ai/Apertus-v1.5-8B/tree/main/additional_chat_templates?recursive=false&expand=false "HTTP/1.1 404 Not Found"
2026-09-21 20:32:24.825 - httpx - INFO - HTTP Request: GET https://huggingface.co/api/models/swiss-ai/Apertus-v1.5-8B/tree/main/additional_chat_templates?recursive=false&expand=false "HTTP/1.1 404 Not Found"
2026-09-21 20:32:24.893 - httpx - INFO - HTTP Request: GET https://huggingface.co/api/models/swiss-ai/Apertus-v1.5-8B/tree/main?recursive=true&expand=false "HTTP/1.1 200 OK"
2026-09-21 20:32:24.910 - httpx - INFO - HTTP Request: GET https://huggingface.co/api/models/swiss-ai/Apertus-v1.5-8B/tree/main?recursive=true&expand=false "HTTP/1.1 200 OK"
2026-09-21 20:32:24.913 - httpx - INFO - HTTP Request: GET https://huggingface.co/api/models/swiss-ai/Apertus-v1.5-8B/tree/main?recursive=true&expand=false "HTTP/1.1 200 OK"
2026-09-21 20:32:31.709 - httpx - INFO - HTTP Request: GET https://huggingface.co/api/models/swiss-ai/Apertus-v1.5-8B "HTTP/1.1 200 OK"
2026-09-21 20:32:31.792 - httpx - INFO - HTTP Request: GET https://huggingface.co/api/models/swiss-ai/Apertus-v1.5-8B "HTTP/1.1 200 OK"
2026-09-21 20:32:31.881 - InferenceResultParser_4242f90c - INFO - Initialized tokenizers: {'swiss-ai/Apertus-v1.5-8B': {'class': 'TokenizersBackend', 'name_or_path': 'swiss-ai/Apertus-v1.5-8B'}} in 8.97 seconds
2026-09-21 20:32:31.945 - InferenceResultParser_72182fc9 - INFO - Initialized tokenizers: {'swiss-ai/Apertus-v1.5-8B': {'class': 'TokenizersBackend', 'name_or_path': 'swiss-ai/Apertus-v1.5-8B'}} in 9.03 seconds
2026-09-21 20:32:31.959 - httpx - INFO - HTTP Request: GET https://huggingface.co/api/models/swiss-ai/Apertus-v1.5-8B "HTTP/1.1 200 OK"
2026-09-21 20:32:32.110 - dataset_manager - INFO - Tokenizer(s) configured in 9.19 seconds
2026-09-21 20:32:32.111 - dataset_manager - INFO - Configuring dataset for dataset_manager
2026-09-21 20:32:32.721 - MemoryMapDatasetBackingStore_9020c787 - INFO - Memory-mapped backing store initialized (streaming to /tmp/aiperf_mmap_78bfcb8d6206/dataset.dat)
2026-09-21 20:32:32.729 - MemoryMapDatasetBackingStore_9020c787 - INFO - Data file finalized: 64 conversations, 1.90 MB
2026-09-21 20:32:32.730 - MemoryMapDatasetBackingStore_9020c787 - INFO - Index file created: /tmp/aiperf_mmap_78bfcb8d6206/index.dat
2026-09-21 20:32:32.730 - dataset_manager - INFO - Backing store finalized: client_type=DatasetClientStoreType.MEMORY_MAP format=MemoryMapFormat.CONVERSATION data_file_path=PosixPath('/tmp/aiperf_mmap_78bfcb8d6206/dataset.dat') index_file_path=PosixPath('/tmp/aiperf_mmap_78bfcb8d6206/index.dat') conversation_count=64 total_size_bytes=1992738 compressed=False compressed_data_file_path=None compressed_index_file_path=None compressed_size_bytes=0
2026-09-21 20:32:32.731 - dataset_manager - INFO - sampling strategy: sequential, unique conversations: 64, unique turn count: 64
2026-09-21 20:32:32.735 - dataset_manager - INFO - Generating inputs.json file at /results/dyn-2w-kv/rag/c8/inputs.json
2026-09-21 20:32:32.744 - dataset_manager - INFO - inputs.json file generated in 0.01 seconds
2026-09-21 20:32:32.752 - PhaseOrchestrator_db738152 - INFO - Initialized 2 phase(s): ['Warmup', 'Profiling']
2026-09-21 20:32:32.962 - dataset_manager - INFO - Dataset client initialized and freed 64 conversations from memory
2026-09-21 20:32:32.963 - dataset_manager - INFO - Dataset configured in 0.85 seconds
2026-09-21 20:32:32.965 - system_controller - INFO - All services configured in 10.05 seconds
2026-09-21 20:32:32.965 - system_controller - INFO - AIPerf System is CONFIGURED
2026-09-21 20:32:32.968 - server_metrics_manager - INFO - Server Metrics: Started 1 collector(s) successfully
2026-09-21 20:32:32.970 - system_controller - INFO - All services started profiling successfully
2026-09-21 20:32:32.971 - system_controller - INFO - AIPerf System is PROFILING
2026-09-21 20:32:32.974 - RateTiming - INFO - Creating interval generator: pattern=concurrency_burst, rate=None, smoothness=None
2026-09-21 20:32:32.975 - PhaseRunner - NOTICE - Phase warmup (warmup) started | phase_index=0 | target: 8 requests
2026-09-21 20:32:32.977 - records_manager - INFO - Credit phase start: warmup
2026-09-21 20:32:32.978 - PhaseRunner - NOTICE - Phase warmup (warmup) sending complete | sent=8, completed=0, in_flight=8 | sessions: sent=8, completed=0
2026-09-21 20:32:35.209 - PhaseRunner - NOTICE - Phase warmup (warmup) complete | completed=8, cancelled=0, errors=0 | sessions: completed=8, cancelled=0 | elapsed=2.23s
2026-09-21 20:32:35.210 - server_metrics_manager - INFO - Server Metrics: Warmup complete, capturing final warmup metrics...
2026-09-21 20:32:35.210 - RateTiming - INFO - Creating interval generator: pattern=concurrency_burst, rate=None, smoothness=None
2026-09-21 20:32:35.210 - PhaseRunner - NOTICE - Phase profiling (profiling) started | phase_index=1 | profiling_index=0 | target: 64 requests
2026-09-21 20:32:35.213 - records_manager - INFO - Credit phase start: profiling
2026-09-21 20:32:39.192 - aiperf.metrics.types.osl_mismatch_metrics - WARNING - OSL mismatch: got 99 tokens (requested 256, diff -61.3%)
2026-09-21 20:32:43.275 - aiperf.metrics.types.osl_mismatch_metrics - WARNING - OSL mismatch: got 211 tokens (requested 256, diff -17.6%)
2026-09-21 20:32:45.570 - aiperf.metrics.types.osl_mismatch_metrics - WARNING - OSL mismatch: got 241 tokens (requested 256, diff -5.9%)
2026-09-21 20:32:50.264 - PhaseRunner - NOTICE - Phase profiling (profiling) sending complete | sent=64, completed=56, in_flight=8 | sessions: sent=64, completed=56
2026-09-21 20:32:50.266 - records_manager - INFO - Sent 64 requests. Waiting for all to complete...
2026-09-21 20:32:52.091 - PhaseRunner - NOTICE - Phase profiling (profiling) complete | completed=64, cancelled=0, errors=0 | sessions: completed=64, cancelled=0 | elapsed=16.88s
2026-09-21 20:32:52.092 - PhaseOrchestrator_db738152 - NOTICE - All credits completed
2026-09-21 20:32:52.093 - records_manager - INFO - Received CREDIT_PHASE_COMPLETE message, Phase complete: PhaseRecordsStats(phase=CreditPhase.PROFILING, phase_index=1, profiling_index=0, phase_name='profiling', phase_kind='profiling', start_ns=1790022755210757541, sent_end_ns=1790022770264741241, requests_end_ns=1790022772090642056, baseline_start_ns=1790022755210744234, baseline_end_ns=1790022772090670400, total_expected_requests=64, expected_duration_sec=None, expected_num_sessions=None, expected_grace_period_sec=None, final_requests_sent=None, final_requests_completed=64, final_requests_cancelled=0, final_request_errors=0, final_sent_sessions=None, final_completed_sessions=None, final_cancelled_sessions=None, timeout_triggered=False, grace_period_timeout_triggered=False, was_cancelled=False, records_end_ns=None, success_records=63, error_records=0)
2026-09-21 20:32:52.093 - system_controller - INFO - Received credits complete from 'timing_manager'
2026-09-21 20:32:52.094 - records_manager - NOTICE - All requests have completed, please wait for the results to be processed (currently 63 of 64 records processed)...
2026-09-21 20:32:52.094 - records_manager - INFO - All credits complete, please wait for the results to be processed...
2026-09-21 20:32:52.153 - records_manager - INFO - Processed 64 valid requests and 0 errors (64 total).
2026-09-21 20:32:52.154 - records_manager - INFO - Received all records, processing now...
2026-09-21 20:32:52.156 - server_metrics_manager - INFO - Server Metrics: Profiling complete, capturing final metrics...
2026-09-21 20:32:52.159 - records_manager - INFO - Waiting 1.9s for server metrics flush period...
2026-09-21 20:32:54.090 - records_manager - INFO - Processing records results...
2026-09-21 20:32:54.957 - system_controller - INFO - Waiting for result domains: server_metrics
2026-09-21 20:32:55.292 - records_manager - INFO - _finalize_and_process_results completed
2026-09-21 20:32:55.325 - system_controller - INFO - All results received, initiating shutdown
2026-09-21 20:32:55.929 - ExporterManager - INFO - Exporting all records
2026-09-21 20:32:56.090 - ExporterManager - INFO - Exporting console data
