2026-09-21 20:24:56.148 - aiperf.cli_runner._single_run - INFO - Starting AIPerf System
2026-09-21 20:24:56.175 - aiperf.config.resolution.resolvers - INFO - [OK] Tokenizer swiss-ai/Apertus-v1.5-8B detected
2026-09-21 20:24:56.175 - aiperf.config.resolution.resolvers - INFO - 1 tokenizer validated | 0.0s
2026-09-21 20:24:56.175 - aiperf.config.resolution.resolvers - INFO - HF cache hit (skipping prefetch): ['swiss-ai/Apertus-v1.5-8B']
2026-09-21 20:24:56.680 - server_metrics_manager - INFO - Server Metrics: Discovered 1 endpoints: ['http://localhost:8090/metrics']
2026-09-21 20:24:56.696 - GPUTelemetryJSONLWriter_b5016a09 - INFO - GPU telemetry export enabled: /results/dyn-2w-kv/chat/c4/gpu_telemetry_export.jsonl
2026-09-21 20:24:56.704 - OTelMetricsResultsProcessor_cb366dd2 - INFO - Telemetry streaming is disabled (set --otel-url and/or --mlflow-tracking-uri to enable)
2026-09-21 20:24:56.705 - RecordExportJSONLWriter_bb8315c2 - INFO - Record metrics export enabled: /results/dyn-2w-kv/chat/c4/profile_export.jsonl
2026-09-21 20:24:56.743 - system_controller - INFO - Registered Worker Manager (id: 'worker_manager')
2026-09-21 20:24:56.746 - system_controller - INFO - Registered Gpu Telemetry Manager (id: 'gpu_telemetry_manager')
2026-09-21 20:24:56.784 - system_controller - INFO - Registered Dataset Manager (id: 'dataset_manager')
2026-09-21 20:24:56.787 - system_controller - INFO - Registered Server Metrics Manager (id: 'server_metrics_manager')
2026-09-21 20:24:56.818 - system_controller - INFO - Registered Records Manager (id: 'records_manager')
2026-09-21 20:24:56.912 - system_controller - INFO - Registered Record Processor (id: 'record_processor_88b8e3a4')
2026-09-21 20:24:56.934 - system_controller - INFO - Registered Timing Manager (id: 'timing_manager')
2026-09-21 20:24:57.060 - system_controller - INFO - Registered Worker (id: 'worker_9d2e54eb')
2026-09-21 20:24:57.073 - system_controller - INFO - Registered Worker (id: 'worker_ebb42bdd')
2026-09-21 20:24:57.073 - system_controller - INFO - Registered Worker (id: 'worker_0bb3c6f6')
2026-09-21 20:24:57.086 - system_controller - INFO - Registered Worker (id: 'worker_f5f416a1')
2026-09-21 20:24:57.131 - system_controller - INFO - AIPerf System is CONFIGURING
2026-09-21 20:24:57.132 - system_controller - INFO - Configuring all services to start profiling
2026-09-21 20:24:57.134 - InferenceResultParser_a37ebe93 - INFO - Configuring tokenizers for inference result parser (resolve_alias: True)
2026-09-21 20:24:57.134 - timing_manager - INFO - Waiting for dataset to be configured before configuring timing
2026-09-21 20:24:57.136 - dataset_manager - INFO - Configuring tokenizer(s) for dataset manager
2026-09-21 20:24:57.147 - server_metrics_manager - INFO - Server Metrics: Capturing baseline metrics...
2026-09-21 20:24:57.184 - gpu_telemetry_manager - WARNING - GPU Telemetry: http://localhost:9400/metrics is not reachable
2026-09-21 20:24:57.187 - gpu_telemetry_manager - WARNING - GPU Telemetry: http://localhost:9401/metrics is not reachable
2026-09-21 20:24:57.189 - system_controller - INFO - Server metrics enabled - 1/1 endpoint(s) reachable.
2026-09-21 20:24:57.189 - system_controller - INFO - Waiting for result domains: profile, server_metrics, telemetry
2026-09-21 20:24:57.190 - system_controller - INFO - DCGM telemetry skipped: no telemetry sources reachable
2026-09-21 20:24:57.190 - system_controller - INFO - Waiting for result domains: profile, server_metrics
2026-09-21 20:24:58.104 - httpx - INFO - HTTP Request: HEAD https://huggingface.co/swiss-ai/Apertus-v1.5-8B/resolve/main/config.json "HTTP/1.1 200 OK"
2026-09-21 20:24:58.194 - httpx - INFO - HTTP Request: HEAD https://huggingface.co/swiss-ai/Apertus-v1.5-8B/resolve/main/config.json "HTTP/1.1 200 OK"
2026-09-21 20:24:58.296 - httpx - INFO - HTTP Request: HEAD https://huggingface.co/swiss-ai/Apertus-v1.5-8B/resolve/main/tokenizer_config.json "HTTP/1.1 200 OK"
2026-09-21 20:24:58.392 - httpx - INFO - HTTP Request: GET https://huggingface.co/api/models/swiss-ai/Apertus-v1.5-8B/tree/main/additional_chat_templates?recursive=false&expand=false "HTTP/1.1 404 Not Found"
2026-09-21 20:24:58.486 - httpx - INFO - HTTP Request: GET https://huggingface.co/api/models/swiss-ai/Apertus-v1.5-8B/tree/main?recursive=true&expand=false "HTTP/1.1 200 OK"
2026-09-21 20:24:58.580 - httpx - INFO - HTTP Request: HEAD https://huggingface.co/swiss-ai/Apertus-v1.5-8B/resolve/main/config.json "HTTP/1.1 200 OK"
2026-09-21 20:24:58.664 - httpx - INFO - HTTP Request: HEAD https://huggingface.co/swiss-ai/Apertus-v1.5-8B/resolve/main/config.json "HTTP/1.1 200 OK"
2026-09-21 20:24:58.756 - httpx - INFO - HTTP Request: HEAD https://huggingface.co/swiss-ai/Apertus-v1.5-8B/resolve/main/tokenizer_config.json "HTTP/1.1 200 OK"
2026-09-21 20:24:58.844 - httpx - INFO - HTTP Request: GET https://huggingface.co/api/models/swiss-ai/Apertus-v1.5-8B/tree/main/additional_chat_templates?recursive=false&expand=false "HTTP/1.1 404 Not Found"
2026-09-21 20:24:58.936 - httpx - INFO - HTTP Request: GET https://huggingface.co/api/models/swiss-ai/Apertus-v1.5-8B/tree/main?recursive=true&expand=false "HTTP/1.1 200 OK"
2026-09-21 20:25:02.432 - httpx - INFO - HTTP Request: GET https://huggingface.co/api/models/swiss-ai/Apertus-v1.5-8B "HTTP/1.1 200 OK"
2026-09-21 20:25:02.534 - dataset_manager - INFO - Tokenizer(s) configured in 5.40 seconds
2026-09-21 20:25:02.534 - dataset_manager - INFO - Configuring dataset for dataset_manager
2026-09-21 20:25:03.237 - MemoryMapDatasetBackingStore_e8326fea - INFO - Memory-mapped backing store initialized (streaming to /tmp/aiperf_mmap_e06d37a8f01f/dataset.dat)
2026-09-21 20:25:03.247 - MemoryMapDatasetBackingStore_e8326fea - INFO - Data file finalized: 64 conversations, 0.18 MB
2026-09-21 20:25:03.247 - MemoryMapDatasetBackingStore_e8326fea - INFO - Index file created: /tmp/aiperf_mmap_e06d37a8f01f/index.dat
2026-09-21 20:25:03.248 - dataset_manager - INFO - Backing store finalized: client_type=DatasetClientStoreType.MEMORY_MAP format=MemoryMapFormat.CONVERSATION data_file_path=PosixPath('/tmp/aiperf_mmap_e06d37a8f01f/dataset.dat') index_file_path=PosixPath('/tmp/aiperf_mmap_e06d37a8f01f/index.dat') conversation_count=64 total_size_bytes=190265 compressed=False compressed_data_file_path=None compressed_index_file_path=None compressed_size_bytes=0
2026-09-21 20:25:03.250 - dataset_manager - INFO - sampling strategy: sequential, unique conversations: 64, unique turn count: 64
2026-09-21 20:25:03.251 - dataset_manager - INFO - Generating inputs.json file at /results/dyn-2w-kv/chat/c4/inputs.json
2026-09-21 20:25:03.255 - PhaseOrchestrator_8869acda - INFO - Initialized 2 phase(s): ['Warmup', 'Profiling']
2026-09-21 20:25:03.257 - dataset_manager - INFO - inputs.json file generated in 0.01 seconds
2026-09-21 20:25:03.444 - dataset_manager - INFO - Dataset client initialized and freed 64 conversations from memory
2026-09-21 20:25:03.445 - dataset_manager - INFO - Dataset configured in 0.91 seconds
2026-09-21 20:25:04.882 - httpx - INFO - HTTP Request: GET https://huggingface.co/api/models/swiss-ai/Apertus-v1.5-8B "HTTP/1.1 200 OK"
2026-09-21 20:25:04.988 - InferenceResultParser_a37ebe93 - INFO - Initialized tokenizers: {'swiss-ai/Apertus-v1.5-8B': {'class': 'TokenizersBackend', 'name_or_path': 'swiss-ai/Apertus-v1.5-8B'}} in 7.85 seconds
2026-09-21 20:25:04.991 - system_controller - INFO - All services configured in 7.86 seconds
2026-09-21 20:25:04.991 - system_controller - INFO - AIPerf System is CONFIGURED
2026-09-21 20:25:04.993 - server_metrics_manager - INFO - Server Metrics: Started 1 collector(s) successfully
2026-09-21 20:25:04.995 - system_controller - INFO - All services started profiling successfully
2026-09-21 20:25:04.995 - system_controller - INFO - AIPerf System is PROFILING
2026-09-21 20:25:04.999 - RateTiming - INFO - Creating interval generator: pattern=concurrency_burst, rate=None, smoothness=None
2026-09-21 20:25:05.000 - PhaseRunner - NOTICE - Phase warmup (warmup) started | phase_index=0 | target: 4 requests
2026-09-21 20:25:05.002 - PhaseRunner - NOTICE - Phase warmup (warmup) sending complete | sent=4, completed=0, in_flight=4 | sessions: sent=4, completed=0
2026-09-21 20:25:05.002 - records_manager - INFO - Credit phase start: warmup
2026-09-21 20:25:06.651 - PhaseRunner - NOTICE - Phase warmup (warmup) complete | completed=4, cancelled=0, errors=0 | sessions: completed=4, cancelled=0 | elapsed=1.65s
2026-09-21 20:25:06.653 - RateTiming - INFO - Creating interval generator: pattern=concurrency_burst, rate=None, smoothness=None
2026-09-21 20:25:06.653 - PhaseRunner - NOTICE - Phase profiling (profiling) started | phase_index=1 | profiling_index=0 | target: 64 requests
2026-09-21 20:25:06.653 - server_metrics_manager - INFO - Server Metrics: Warmup complete, capturing final warmup metrics...
2026-09-21 20:25:06.655 - records_manager - INFO - Credit phase start: profiling
2026-09-21 20:25:14.937 - aiperf.metrics.types.osl_mismatch_metrics - WARNING - OSL mismatch: got 221 tokens (requested 256, diff -13.7%)
2026-09-21 20:25:18.014 - aiperf.metrics.types.osl_mismatch_metrics - WARNING - OSL mismatch: got 243 tokens (requested 256, diff -5.1%)
2026-09-21 20:25:30.921 - PhaseRunner - NOTICE - Phase profiling (profiling) sending complete | sent=64, completed=60, in_flight=4 | sessions: sent=64, completed=60
2026-09-21 20:25:30.923 - records_manager - INFO - Sent 64 requests. Waiting for all to complete...
2026-09-21 20:25:32.539 - PhaseRunner - NOTICE - Phase profiling (profiling) complete | completed=64, cancelled=0, errors=0 | sessions: completed=64, cancelled=0 | elapsed=25.89s
2026-09-21 20:25:32.540 - PhaseOrchestrator_8869acda - NOTICE - All credits completed
2026-09-21 20:25:32.542 - records_manager - INFO - Received CREDIT_PHASE_COMPLETE message, Phase complete: PhaseRecordsStats(phase=CreditPhase.PROFILING, phase_index=1, profiling_index=0, phase_name='profiling', phase_kind='profiling', start_ns=1790022306653425130, sent_end_ns=1790022330921528219, requests_end_ns=1790022332538972718, baseline_start_ns=1790022306653391562, baseline_end_ns=1790022332539020879, total_expected_requests=64, expected_duration_sec=None, expected_num_sessions=None, expected_grace_period_sec=None, final_requests_sent=None, final_requests_completed=64, final_requests_cancelled=0, final_request_errors=0, final_sent_sessions=None, final_completed_sessions=None, final_cancelled_sessions=None, timeout_triggered=False, grace_period_timeout_triggered=False, was_cancelled=False, records_end_ns=None, success_records=62, error_records=0)
2026-09-21 20:25:32.542 - system_controller - INFO - Received credits complete from 'timing_manager'
2026-09-21 20:25:32.542 - records_manager - NOTICE - All requests have completed, please wait for the results to be processed (currently 62 of 64 records processed)...
2026-09-21 20:25:32.542 - records_manager - INFO - All credits complete, please wait for the results to be processed...
2026-09-21 20:25:32.561 - records_manager - INFO - Processed 64 valid requests and 0 errors (64 total).
2026-09-21 20:25:32.561 - records_manager - INFO - Received all records, processing now...
2026-09-21 20:25:32.566 - records_manager - INFO - Waiting 2.0s for server metrics flush period...
2026-09-21 20:25:32.600 - server_metrics_manager - INFO - Server Metrics: Profiling complete, capturing final metrics...
2026-09-21 20:25:34.540 - records_manager - INFO - Processing records results...
2026-09-21 20:25:34.658 - aiperf.server_metrics.export_stats - WARNING - Detected 1 counter reset(s) in counter metric with labels {'endpoint': 'chat_completions', 'model': 'swiss-ai/Apertus-v1.5-8B', 'request_type': 'stream'}. This typically indicates server restart(s) during profiling. Statistics may be inaccurate. Raw delta: 64.00
2026-09-21 20:25:35.076 - aiperf.server_metrics.export_stats - WARNING - Detected 1 counter reset(s) in counter metric. This typically indicates server restart(s) during profiling. Statistics may be inaccurate. Raw delta: 282873.00
2026-09-21 20:25:35.134 - aiperf.server_metrics.export_stats - WARNING - Detected 1 counter reset(s) in counter metric with labels {'endpoint': 'chat_completions', 'model': 'swiss-ai/Apertus-v1.5-8B', 'request_type': 'stream'}. This typically indicates server restart(s) during profiling. Statistics may be inaccurate. Raw delta: 64.00
2026-09-21 20:25:35.489 - aiperf.server_metrics.export_stats - WARNING - Detected 1 counter reset(s) in counter metric. This typically indicates server restart(s) during profiling. Statistics may be inaccurate. Raw delta: 282873.00
2026-09-21 20:25:35.539 - aiperf.server_metrics.export_stats - WARNING - Detected 1 counter reset(s) in counter metric with labels {'endpoint': 'chat_completions', 'model': 'swiss-ai/Apertus-v1.5-8B', 'request_type': 'stream'}. This typically indicates server restart(s) during profiling. Statistics may be inaccurate. Raw delta: 64.00
2026-09-21 20:25:35.554 - system_controller - INFO - Waiting for result domains: server_metrics
2026-09-21 20:25:35.896 - aiperf.server_metrics.export_stats - WARNING - Detected 1 counter reset(s) in counter metric. This typically indicates server restart(s) during profiling. Statistics may be inaccurate. Raw delta: 282873.00
2026-09-21 20:25:36.036 - records_manager - INFO - _finalize_and_process_results completed
2026-09-21 20:25:36.074 - system_controller - INFO - All results received, initiating shutdown
2026-09-21 20:25:36.680 - ExporterManager - INFO - Exporting all records
2026-09-21 20:25:36.896 - ExporterManager - INFO - Exporting console data
