2026-09-21 20:25:38.813 - aiperf.cli_runner._single_run - INFO - Starting AIPerf System
2026-09-21 20:25:38.840 - aiperf.config.resolution.resolvers - INFO - [OK] Tokenizer swiss-ai/Apertus-v1.5-8B detected
2026-09-21 20:25:38.840 - aiperf.config.resolution.resolvers - INFO - 1 tokenizer validated | 0.0s
2026-09-21 20:25:38.841 - aiperf.config.resolution.resolvers - INFO - HF cache hit (skipping prefetch): ['swiss-ai/Apertus-v1.5-8B']
2026-09-21 20:25:39.340 - server_metrics_manager - INFO - Server Metrics: Discovered 1 endpoints: ['http://localhost:8090/metrics']
2026-09-21 20:25:39.361 - GPUTelemetryJSONLWriter_18d89a7c - INFO - GPU telemetry export enabled: /results/dyn-2w-kv/chat/c8/gpu_telemetry_export.jsonl
2026-09-21 20:25:39.368 - OTelMetricsResultsProcessor_bcaf7c4d - INFO - Telemetry streaming is disabled (set --otel-url and/or --mlflow-tracking-uri to enable)
2026-09-21 20:25:39.369 - RecordExportJSONLWriter_61b37259 - INFO - Record metrics export enabled: /results/dyn-2w-kv/chat/c8/profile_export.jsonl
2026-09-21 20:25:39.409 - system_controller - INFO - Registered Worker Manager (id: 'worker_manager')
2026-09-21 20:25:39.456 - system_controller - INFO - Registered Gpu Telemetry Manager (id: 'gpu_telemetry_manager')
2026-09-21 20:25:39.457 - system_controller - INFO - Registered Server Metrics Manager (id: 'server_metrics_manager')
2026-09-21 20:25:39.457 - system_controller - INFO - Registered Dataset Manager (id: 'dataset_manager')
2026-09-21 20:25:39.485 - system_controller - INFO - Registered Records Manager (id: 'records_manager')
2026-09-21 20:25:39.526 - system_controller - INFO - Registered Timing Manager (id: 'timing_manager')
2026-09-21 20:25:39.577 - system_controller - INFO - Registered Record Processor (id: 'record_processor_98b5907a')
2026-09-21 20:25:39.578 - system_controller - INFO - Registered Record Processor (id: 'record_processor_c39ea574')
2026-09-21 20:25:39.691 - system_controller - INFO - Registered Worker (id: 'worker_392a70e3')
2026-09-21 20:25:39.709 - system_controller - INFO - Registered Worker (id: 'worker_c095e148')
2026-09-21 20:25:39.711 - system_controller - INFO - Registered Worker (id: 'worker_b8ce1a9f')
2026-09-21 20:25:39.712 - system_controller - INFO - Registered Worker (id: 'worker_0bf8f3b2')
2026-09-21 20:25:39.713 - system_controller - INFO - Registered Worker (id: 'worker_ef6fc3cc')
2026-09-21 20:25:39.713 - system_controller - INFO - Registered Worker (id: 'worker_bf86ac14')
2026-09-21 20:25:39.717 - system_controller - INFO - Registered Worker (id: 'worker_90d42098')
2026-09-21 20:25:39.719 - system_controller - INFO - Registered Worker (id: 'worker_607bb816')
2026-09-21 20:25:39.799 - system_controller - INFO - AIPerf System is CONFIGURING
2026-09-21 20:25:39.800 - system_controller - INFO - Configuring all services to start profiling
2026-09-21 20:25:39.802 - InferenceResultParser_a489b7cd - INFO - Configuring tokenizers for inference result parser (resolve_alias: True)
2026-09-21 20:25:39.802 - InferenceResultParser_901fe5de - INFO - Configuring tokenizers for inference result parser (resolve_alias: True)
2026-09-21 20:25:39.802 - timing_manager - INFO - Waiting for dataset to be configured before configuring timing
2026-09-21 20:25:39.804 - dataset_manager - INFO - Configuring tokenizer(s) for dataset manager
2026-09-21 20:25:39.814 - server_metrics_manager - INFO - Server Metrics: Capturing baseline metrics...
2026-09-21 20:25:39.851 - gpu_telemetry_manager - WARNING - GPU Telemetry: http://localhost:9400/metrics is not reachable
2026-09-21 20:25:39.854 - gpu_telemetry_manager - WARNING - GPU Telemetry: http://localhost:9401/metrics is not reachable
2026-09-21 20:25:39.856 - system_controller - INFO - DCGM telemetry skipped: no telemetry sources reachable
2026-09-21 20:25:39.856 - system_controller - INFO - Waiting for result domains: profile, server_metrics
2026-09-21 20:25:39.857 - system_controller - INFO - Server metrics enabled - 1/1 endpoint(s) reachable.
2026-09-21 20:25:41.501 - httpx - INFO - HTTP Request: HEAD https://huggingface.co/swiss-ai/Apertus-v1.5-8B/resolve/main/config.json "HTTP/1.1 200 OK"
2026-09-21 20:25:41.512 - httpx - INFO - HTTP Request: HEAD https://huggingface.co/swiss-ai/Apertus-v1.5-8B/resolve/main/config.json "HTTP/1.1 200 OK"
2026-09-21 20:25:41.527 - httpx - INFO - HTTP Request: HEAD https://huggingface.co/swiss-ai/Apertus-v1.5-8B/resolve/main/config.json "HTTP/1.1 200 OK"
2026-09-21 20:25:41.599 - httpx - INFO - HTTP Request: HEAD https://huggingface.co/swiss-ai/Apertus-v1.5-8B/resolve/main/config.json "HTTP/1.1 200 OK"
2026-09-21 20:25:41.599 - httpx - INFO - HTTP Request: HEAD https://huggingface.co/swiss-ai/Apertus-v1.5-8B/resolve/main/config.json "HTTP/1.1 200 OK"
2026-09-21 20:25:41.619 - httpx - INFO - HTTP Request: HEAD https://huggingface.co/swiss-ai/Apertus-v1.5-8B/resolve/main/config.json "HTTP/1.1 200 OK"
2026-09-21 20:25:41.686 - httpx - INFO - HTTP Request: HEAD https://huggingface.co/swiss-ai/Apertus-v1.5-8B/resolve/main/tokenizer_config.json "HTTP/1.1 200 OK"
2026-09-21 20:25:41.689 - httpx - INFO - HTTP Request: HEAD https://huggingface.co/swiss-ai/Apertus-v1.5-8B/resolve/main/tokenizer_config.json "HTTP/1.1 200 OK"
2026-09-21 20:25:41.713 - httpx - INFO - HTTP Request: HEAD https://huggingface.co/swiss-ai/Apertus-v1.5-8B/resolve/main/tokenizer_config.json "HTTP/1.1 200 OK"
2026-09-21 20:25:41.781 - httpx - INFO - HTTP Request: GET https://huggingface.co/api/models/swiss-ai/Apertus-v1.5-8B/tree/main/additional_chat_templates?recursive=false&expand=false "HTTP/1.1 404 Not Found"
2026-09-21 20:25:41.783 - httpx - INFO - HTTP Request: GET https://huggingface.co/api/models/swiss-ai/Apertus-v1.5-8B/tree/main/additional_chat_templates?recursive=false&expand=false "HTTP/1.1 404 Not Found"
2026-09-21 20:25:41.809 - httpx - INFO - HTTP Request: GET https://huggingface.co/api/models/swiss-ai/Apertus-v1.5-8B/tree/main/additional_chat_templates?recursive=false&expand=false "HTTP/1.1 404 Not Found"
2026-09-21 20:25:41.881 - httpx - INFO - HTTP Request: GET https://huggingface.co/api/models/swiss-ai/Apertus-v1.5-8B/tree/main?recursive=true&expand=false "HTTP/1.1 200 OK"
2026-09-21 20:25:41.889 - httpx - INFO - HTTP Request: GET https://huggingface.co/api/models/swiss-ai/Apertus-v1.5-8B/tree/main?recursive=true&expand=false "HTTP/1.1 200 OK"
2026-09-21 20:25:41.905 - httpx - INFO - HTTP Request: GET https://huggingface.co/api/models/swiss-ai/Apertus-v1.5-8B/tree/main?recursive=true&expand=false "HTTP/1.1 200 OK"
2026-09-21 20:25:48.710 - httpx - INFO - HTTP Request: GET https://huggingface.co/api/models/swiss-ai/Apertus-v1.5-8B "HTTP/1.1 200 OK"
2026-09-21 20:25:48.730 - httpx - INFO - HTTP Request: GET https://huggingface.co/api/models/swiss-ai/Apertus-v1.5-8B "HTTP/1.1 200 OK"
2026-09-21 20:25:48.868 - InferenceResultParser_a489b7cd - INFO - Initialized tokenizers: {'swiss-ai/Apertus-v1.5-8B': {'class': 'TokenizersBackend', 'name_or_path': 'swiss-ai/Apertus-v1.5-8B'}} in 9.07 seconds
2026-09-21 20:25:48.885 - dataset_manager - INFO - Tokenizer(s) configured in 9.08 seconds
2026-09-21 20:25:48.885 - dataset_manager - INFO - Configuring dataset for dataset_manager
2026-09-21 20:25:48.919 - httpx - INFO - HTTP Request: GET https://huggingface.co/api/models/swiss-ai/Apertus-v1.5-8B "HTTP/1.1 200 OK"
2026-09-21 20:25:49.108 - InferenceResultParser_901fe5de - INFO - Initialized tokenizers: {'swiss-ai/Apertus-v1.5-8B': {'class': 'TokenizersBackend', 'name_or_path': 'swiss-ai/Apertus-v1.5-8B'}} in 9.31 seconds
2026-09-21 20:25:49.608 - MemoryMapDatasetBackingStore_f63179a4 - INFO - Memory-mapped backing store initialized (streaming to /tmp/aiperf_mmap_67caed304584/dataset.dat)
2026-09-21 20:25:49.617 - MemoryMapDatasetBackingStore_f63179a4 - INFO - Data file finalized: 64 conversations, 0.18 MB
2026-09-21 20:25:49.618 - MemoryMapDatasetBackingStore_f63179a4 - INFO - Index file created: /tmp/aiperf_mmap_67caed304584/index.dat
2026-09-21 20:25:49.618 - dataset_manager - INFO - Backing store finalized: client_type=DatasetClientStoreType.MEMORY_MAP format=MemoryMapFormat.CONVERSATION data_file_path=PosixPath('/tmp/aiperf_mmap_67caed304584/dataset.dat') index_file_path=PosixPath('/tmp/aiperf_mmap_67caed304584/index.dat') conversation_count=64 total_size_bytes=190265 compressed=False compressed_data_file_path=None compressed_index_file_path=None compressed_size_bytes=0
2026-09-21 20:25:49.620 - dataset_manager - INFO - sampling strategy: sequential, unique conversations: 64, unique turn count: 64
2026-09-21 20:25:49.621 - dataset_manager - INFO - Generating inputs.json file at /results/dyn-2w-kv/chat/c8/inputs.json
2026-09-21 20:25:49.625 - dataset_manager - INFO - inputs.json file generated in 0.00 seconds
2026-09-21 20:25:49.627 - PhaseOrchestrator_b4e82b5d - INFO - Initialized 2 phase(s): ['Warmup', 'Profiling']
2026-09-21 20:25:49.804 - dataset_manager - INFO - Dataset client initialized and freed 64 conversations from memory
2026-09-21 20:25:49.804 - dataset_manager - INFO - Dataset configured in 0.92 seconds
2026-09-21 20:25:49.806 - system_controller - INFO - All services configured in 10.01 seconds
2026-09-21 20:25:49.806 - system_controller - INFO - AIPerf System is CONFIGURED
2026-09-21 20:25:49.809 - server_metrics_manager - INFO - Server Metrics: Started 1 collector(s) successfully
2026-09-21 20:25:49.811 - system_controller - INFO - All services started profiling successfully
2026-09-21 20:25:49.811 - system_controller - INFO - AIPerf System is PROFILING
2026-09-21 20:25:49.814 - RateTiming - INFO - Creating interval generator: pattern=concurrency_burst, rate=None, smoothness=None
2026-09-21 20:25:49.815 - PhaseRunner - NOTICE - Phase warmup (warmup) started | phase_index=0 | target: 8 requests
2026-09-21 20:25:49.818 - records_manager - INFO - Credit phase start: warmup
2026-09-21 20:25:49.818 - PhaseRunner - NOTICE - Phase warmup (warmup) sending complete | sent=8, completed=0, in_flight=8 | sessions: sent=8, completed=0
2026-09-21 20:25:51.492 - PhaseRunner - NOTICE - Phase warmup (warmup) complete | completed=8, cancelled=0, errors=0 | sessions: completed=8, cancelled=0 | elapsed=1.68s
2026-09-21 20:25:51.493 - RateTiming - INFO - Creating interval generator: pattern=concurrency_burst, rate=None, smoothness=None
2026-09-21 20:25:51.494 - PhaseRunner - NOTICE - Phase profiling (profiling) started | phase_index=1 | profiling_index=0 | target: 64 requests
2026-09-21 20:25:51.496 - records_manager - INFO - Credit phase start: profiling
2026-09-21 20:25:51.510 - server_metrics_manager - INFO - Server Metrics: Warmup complete, capturing final warmup metrics...
2026-09-21 20:25:53.189 - aiperf.metrics.types.osl_mismatch_metrics - WARNING - OSL mismatch: got 124 tokens (requested 256, diff -51.6%)
2026-09-21 20:26:03.032 - aiperf.metrics.types.osl_mismatch_metrics - WARNING - OSL mismatch: got 60 tokens (requested 256, diff -76.6%)
2026-09-21 20:26:03.034 - PhaseRunner - NOTICE - Phase profiling (profiling) sending complete | sent=64, completed=56, in_flight=8 | sessions: sent=64, completed=56
2026-09-21 20:26:03.039 - records_manager - INFO - Sent 64 requests. Waiting for all to complete...
2026-09-21 20:26:04.685 - PhaseRunner - NOTICE - Phase profiling (profiling) complete | completed=64, cancelled=0, errors=0 | sessions: completed=64, cancelled=0 | elapsed=13.19s
2026-09-21 20:26:04.686 - PhaseOrchestrator_b4e82b5d - NOTICE - All credits completed
2026-09-21 20:26:04.688 - system_controller - INFO - Received credits complete from 'timing_manager'
2026-09-21 20:26:04.688 - records_manager - INFO - Received CREDIT_PHASE_COMPLETE message, Phase complete: PhaseRecordsStats(phase=CreditPhase.PROFILING, phase_index=1, profiling_index=0, phase_name='profiling', phase_kind='profiling', start_ns=1790022351494137717, sent_end_ns=1790022363034714227, requests_end_ns=1790022364684979300, baseline_start_ns=1790022351494106569, baseline_end_ns=1790022364685019886, total_expected_requests=64, expected_duration_sec=None, expected_num_sessions=None, expected_grace_period_sec=None, final_requests_sent=None, final_requests_completed=64, final_requests_cancelled=0, final_request_errors=0, final_sent_sessions=None, final_completed_sessions=None, final_cancelled_sessions=None, timeout_triggered=False, grace_period_timeout_triggered=False, was_cancelled=False, records_end_ns=None, success_records=56, error_records=0)
2026-09-21 20:26:04.688 - records_manager - NOTICE - All requests have completed, please wait for the results to be processed (currently 56 of 64 records processed)...
2026-09-21 20:26:04.689 - records_manager - INFO - All credits complete, please wait for the results to be processed...
2026-09-21 20:26:04.740 - records_manager - INFO - Processed 64 valid requests and 0 errors (64 total).
2026-09-21 20:26:04.740 - records_manager - INFO - Received all records, processing now...
2026-09-21 20:26:04.742 - server_metrics_manager - INFO - Server Metrics: Profiling complete, capturing final metrics...
2026-09-21 20:26:04.745 - records_manager - INFO - Waiting 1.9s for server metrics flush period...
2026-09-21 20:26:06.685 - records_manager - INFO - Processing records results...
2026-09-21 20:26:07.380 - system_controller - INFO - Waiting for result domains: server_metrics
2026-09-21 20:26:07.737 - records_manager - INFO - _finalize_and_process_results completed
2026-09-21 20:26:07.779 - system_controller - INFO - All results received, initiating shutdown
2026-09-21 20:26:08.385 - ExporterManager - INFO - Exporting all records
2026-09-21 20:26:08.595 - ExporterManager - INFO - Exporting console data
