2026-09-21 19:49:30.986 - aiperf.cli_runner._single_run - INFO - Starting AIPerf System
2026-09-21 19:49:31.013 - aiperf.config.resolution.resolvers - INFO - [OK] Tokenizer swiss-ai/Apertus-v1.5-8B detected
2026-09-21 19:49:31.013 - aiperf.config.resolution.resolvers - INFO - 1 tokenizer validated | 0.0s
2026-09-21 19:49:31.014 - aiperf.config.resolution.resolvers - INFO - HF cache hit (skipping prefetch): ['swiss-ai/Apertus-v1.5-8B']
2026-09-21 19:49:31.512 - server_metrics_manager - INFO - Server Metrics: Discovered 1 endpoints: ['http://localhost:8090/metrics']
2026-09-21 19:49:31.533 - GPUTelemetryJSONLWriter_ae5482e7 - INFO - GPU telemetry export enabled: /results/dyn-1w/rag/c4/gpu_telemetry_export.jsonl
2026-09-21 19:49:31.541 - OTelMetricsResultsProcessor_529e29bb - INFO - Telemetry streaming is disabled (set --otel-url and/or --mlflow-tracking-uri to enable)
2026-09-21 19:49:31.542 - RecordExportJSONLWriter_e7fca99b - INFO - Record metrics export enabled: /results/dyn-1w/rag/c4/profile_export.jsonl
2026-09-21 19:49:31.580 - system_controller - INFO - Registered Worker Manager (id: 'worker_manager')
2026-09-21 19:49:31.615 - system_controller - INFO - Registered Gpu Telemetry Manager (id: 'gpu_telemetry_manager')
2026-09-21 19:49:31.619 - system_controller - INFO - Registered Server Metrics Manager (id: 'server_metrics_manager')
2026-09-21 19:49:31.620 - system_controller - INFO - Registered Dataset Manager (id: 'dataset_manager')
2026-09-21 19:49:31.653 - system_controller - INFO - Registered Records Manager (id: 'records_manager')
2026-09-21 19:49:31.742 - system_controller - INFO - Registered Record Processor (id: 'record_processor_5bcbe9bc')
2026-09-21 19:49:31.772 - system_controller - INFO - Registered Timing Manager (id: 'timing_manager')
2026-09-21 19:49:31.898 - system_controller - INFO - Registered Worker (id: 'worker_e1fb7407')
2026-09-21 19:49:31.905 - system_controller - INFO - Registered Worker (id: 'worker_5d2eda91')
2026-09-21 19:49:31.909 - system_controller - INFO - Registered Worker (id: 'worker_81fcc057')
2026-09-21 19:49:31.917 - system_controller - INFO - Registered Worker (id: 'worker_407ca699')
2026-09-21 19:49:31.968 - system_controller - INFO - AIPerf System is CONFIGURING
2026-09-21 19:49:31.968 - system_controller - INFO - Configuring all services to start profiling
2026-09-21 19:49:31.971 - timing_manager - INFO - Waiting for dataset to be configured before configuring timing
2026-09-21 19:49:31.972 - dataset_manager - INFO - Configuring tokenizer(s) for dataset manager
2026-09-21 19:49:31.973 - InferenceResultParser_e68a586a - INFO - Configuring tokenizers for inference result parser (resolve_alias: True)
2026-09-21 19:49:31.985 - server_metrics_manager - INFO - Server Metrics: Capturing baseline metrics...
2026-09-21 19:49:32.013 - gpu_telemetry_manager - WARNING - GPU Telemetry: http://localhost:9400/metrics is not reachable
2026-09-21 19:49:32.016 - gpu_telemetry_manager - WARNING - GPU Telemetry: http://localhost:9401/metrics is not reachable
2026-09-21 19:49:32.018 - system_controller - INFO - DCGM telemetry skipped: no telemetry sources reachable
2026-09-21 19:49:32.019 - system_controller - INFO - Waiting for result domains: profile, server_metrics
2026-09-21 19:49:32.031 - system_controller - INFO - Server metrics enabled - 1/1 endpoint(s) reachable.
2026-09-21 19:49:33.580 - httpx - INFO - HTTP Request: HEAD https://huggingface.co/swiss-ai/Apertus-v1.5-8B/resolve/main/config.json "HTTP/1.1 200 OK"
2026-09-21 19:49:33.596 - httpx - INFO - HTTP Request: HEAD https://huggingface.co/swiss-ai/Apertus-v1.5-8B/resolve/main/config.json "HTTP/1.1 200 OK"
2026-09-21 19:49:33.666 - httpx - INFO - HTTP Request: HEAD https://huggingface.co/swiss-ai/Apertus-v1.5-8B/resolve/main/config.json "HTTP/1.1 200 OK"
2026-09-21 19:49:33.691 - httpx - INFO - HTTP Request: HEAD https://huggingface.co/swiss-ai/Apertus-v1.5-8B/resolve/main/config.json "HTTP/1.1 200 OK"
2026-09-21 19:49:33.760 - httpx - INFO - HTTP Request: HEAD https://huggingface.co/swiss-ai/Apertus-v1.5-8B/resolve/main/tokenizer_config.json "HTTP/1.1 200 OK"
2026-09-21 19:49:33.789 - httpx - INFO - HTTP Request: HEAD https://huggingface.co/swiss-ai/Apertus-v1.5-8B/resolve/main/tokenizer_config.json "HTTP/1.1 200 OK"
2026-09-21 19:49:33.863 - httpx - INFO - HTTP Request: GET https://huggingface.co/api/models/swiss-ai/Apertus-v1.5-8B/tree/main/additional_chat_templates?recursive=false&expand=false "HTTP/1.1 404 Not Found"
2026-09-21 19:49:33.889 - httpx - INFO - HTTP Request: GET https://huggingface.co/api/models/swiss-ai/Apertus-v1.5-8B/tree/main/additional_chat_templates?recursive=false&expand=false "HTTP/1.1 404 Not Found"
2026-09-21 19:49:33.956 - httpx - INFO - HTTP Request: GET https://huggingface.co/api/models/swiss-ai/Apertus-v1.5-8B/tree/main?recursive=true&expand=false "HTTP/1.1 200 OK"
2026-09-21 19:49:33.985 - httpx - INFO - HTTP Request: GET https://huggingface.co/api/models/swiss-ai/Apertus-v1.5-8B/tree/main?recursive=true&expand=false "HTTP/1.1 200 OK"
2026-09-21 19:49:38.421 - httpx - INFO - HTTP Request: GET https://huggingface.co/api/models/swiss-ai/Apertus-v1.5-8B "HTTP/1.1 200 OK"
2026-09-21 19:49:38.510 - dataset_manager - INFO - Tokenizer(s) configured in 6.54 seconds
2026-09-21 19:49:38.510 - dataset_manager - INFO - Configuring dataset for dataset_manager
2026-09-21 19:49:39.352 - MemoryMapDatasetBackingStore_72c439af - INFO - Memory-mapped backing store initialized (streaming to /tmp/aiperf_mmap_8e87cf4dbc33/dataset.dat)
2026-09-21 19:49:39.368 - MemoryMapDatasetBackingStore_72c439af - INFO - Data file finalized: 64 conversations, 1.90 MB
2026-09-21 19:49:39.369 - MemoryMapDatasetBackingStore_72c439af - INFO - Index file created: /tmp/aiperf_mmap_8e87cf4dbc33/index.dat
2026-09-21 19:49:39.369 - dataset_manager - INFO - Backing store finalized: client_type=DatasetClientStoreType.MEMORY_MAP format=MemoryMapFormat.CONVERSATION data_file_path=PosixPath('/tmp/aiperf_mmap_8e87cf4dbc33/dataset.dat') index_file_path=PosixPath('/tmp/aiperf_mmap_8e87cf4dbc33/index.dat') conversation_count=64 total_size_bytes=1992738 compressed=False compressed_data_file_path=None compressed_index_file_path=None compressed_size_bytes=0
2026-09-21 19:49:39.371 - dataset_manager - INFO - sampling strategy: sequential, unique conversations: 64, unique turn count: 64
2026-09-21 19:49:39.376 - dataset_manager - INFO - Generating inputs.json file at /results/dyn-1w/rag/c4/inputs.json
2026-09-21 19:49:39.388 - dataset_manager - INFO - inputs.json file generated in 0.01 seconds
2026-09-21 19:49:39.392 - PhaseOrchestrator_1e364aaa - INFO - Initialized 2 phase(s): ['Warmup', 'Profiling']
2026-09-21 19:49:39.671 - dataset_manager - INFO - Dataset client initialized and freed 64 conversations from memory
2026-09-21 19:49:39.671 - dataset_manager - INFO - Dataset configured in 1.16 seconds
2026-09-21 19:49:40.174 - httpx - INFO - HTTP Request: GET https://huggingface.co/api/models/swiss-ai/Apertus-v1.5-8B "HTTP/1.1 200 OK"
2026-09-21 19:49:40.329 - InferenceResultParser_e68a586a - INFO - Initialized tokenizers: {'swiss-ai/Apertus-v1.5-8B': {'class': 'TokenizersBackend', 'name_or_path': 'swiss-ai/Apertus-v1.5-8B'}} in 8.36 seconds
2026-09-21 19:49:40.332 - system_controller - INFO - All services configured in 8.36 seconds
2026-09-21 19:49:40.332 - system_controller - INFO - AIPerf System is CONFIGURED
2026-09-21 19:49:40.334 - server_metrics_manager - INFO - Server Metrics: Started 1 collector(s) successfully
2026-09-21 19:49:40.337 - system_controller - INFO - All services started profiling successfully
2026-09-21 19:49:40.337 - system_controller - INFO - AIPerf System is PROFILING
2026-09-21 19:49:40.341 - RateTiming - INFO - Creating interval generator: pattern=concurrency_burst, rate=None, smoothness=None
2026-09-21 19:49:40.341 - PhaseRunner - NOTICE - Phase warmup (warmup) started | phase_index=0 | target: 4 requests
2026-09-21 19:49:40.344 - PhaseRunner - NOTICE - Phase warmup (warmup) sending complete | sent=4, completed=0, in_flight=4 | sessions: sent=4, completed=0
2026-09-21 19:49:40.344 - records_manager - INFO - Credit phase start: warmup
2026-09-21 19:49:42.542 - PhaseRunner - NOTICE - Phase warmup (warmup) complete | completed=4, cancelled=0, errors=0 | sessions: completed=4, cancelled=0 | elapsed=2.20s
2026-09-21 19:49:42.543 - RateTiming - INFO - Creating interval generator: pattern=concurrency_burst, rate=None, smoothness=None
2026-09-21 19:49:42.544 - server_metrics_manager - INFO - Server Metrics: Warmup complete, capturing final warmup metrics...
2026-09-21 19:49:42.544 - PhaseRunner - NOTICE - Phase profiling (profiling) started | phase_index=1 | profiling_index=0 | target: 64 requests
2026-09-21 19:49:42.546 - records_manager - INFO - Credit phase start: profiling
2026-09-21 19:49:46.393 - aiperf.metrics.types.osl_mismatch_metrics - WARNING - OSL mismatch: got 150 tokens (requested 256, diff -41.4%)
2026-09-21 19:49:52.238 - aiperf.metrics.types.osl_mismatch_metrics - WARNING - OSL mismatch: got 186 tokens (requested 256, diff -27.3%)
2026-09-21 19:50:07.336 - aiperf.metrics.types.osl_mismatch_metrics - WARNING - OSL mismatch: got 171 tokens (requested 256, diff -33.2%)
2026-09-21 19:50:11.114 - PhaseRunner - NOTICE - Phase profiling (profiling) sending complete | sent=64, completed=60, in_flight=4 | sessions: sent=64, completed=60
2026-09-21 19:50:11.116 - records_manager - INFO - Sent 64 requests. Waiting for all to complete...
2026-09-21 19:50:13.030 - PhaseRunner - NOTICE - Phase profiling (profiling) complete | completed=64, cancelled=0, errors=0 | sessions: completed=64, cancelled=0 | elapsed=30.48s
2026-09-21 19:50:13.031 - PhaseOrchestrator_1e364aaa - NOTICE - All credits completed
2026-09-21 19:50:13.032 - records_manager - INFO - Received CREDIT_PHASE_COMPLETE message, Phase complete: PhaseRecordsStats(phase=CreditPhase.PROFILING, phase_index=1, profiling_index=0, phase_name='profiling', phase_kind='profiling', start_ns=1790020182544368989, sent_end_ns=1790020211114215309, requests_end_ns=1790020213029296594, baseline_start_ns=1790020182544338695, baseline_end_ns=1790020213029335683, total_expected_requests=64, expected_duration_sec=None, expected_num_sessions=None, expected_grace_period_sec=None, final_requests_sent=None, final_requests_completed=64, final_requests_cancelled=0, final_request_errors=0, final_sent_sessions=None, final_completed_sessions=None, final_cancelled_sessions=None, timeout_triggered=False, grace_period_timeout_triggered=False, was_cancelled=False, records_end_ns=None, success_records=60, error_records=0)
2026-09-21 19:50:13.032 - system_controller - INFO - Received credits complete from 'timing_manager'
2026-09-21 19:50:13.033 - records_manager - NOTICE - All requests have completed, please wait for the results to be processed (currently 60 of 64 records processed)...
2026-09-21 19:50:13.033 - records_manager - INFO - All credits complete, please wait for the results to be processed...
2026-09-21 19:50:13.099 - records_manager - INFO - Processed 64 valid requests and 0 errors (64 total).
2026-09-21 19:50:13.100 - records_manager - INFO - Received all records, processing now...
2026-09-21 19:50:13.105 - records_manager - INFO - Waiting 1.9s for server metrics flush period...
2026-09-21 19:50:13.114 - server_metrics_manager - INFO - Server Metrics: Profiling complete, capturing final metrics...
2026-09-21 19:50:15.030 - records_manager - INFO - Processing records results...
2026-09-21 19:50:16.123 - system_controller - INFO - Waiting for result domains: server_metrics
2026-09-21 19:50:16.611 - records_manager - INFO - _finalize_and_process_results completed
2026-09-21 19:50:16.672 - system_controller - INFO - All results received, initiating shutdown
2026-09-21 19:50:17.278 - ExporterManager - INFO - Exporting all records
2026-09-21 19:50:17.473 - ExporterManager - INFO - Exporting console data
