2026-09-21 20:06:11.968 - aiperf.cli_runner._single_run - INFO - Starting AIPerf System
2026-09-21 20:06:11.995 - aiperf.config.resolution.resolvers - INFO - [OK] Tokenizer swiss-ai/Apertus-v1.5-8B detected
2026-09-21 20:06:11.995 - aiperf.config.resolution.resolvers - INFO - 1 tokenizer validated | 0.0s
2026-09-21 20:06:11.995 - aiperf.config.resolution.resolvers - INFO - HF cache hit (skipping prefetch): ['swiss-ai/Apertus-v1.5-8B']
2026-09-21 20:06:12.498 - server_metrics_manager - INFO - Server Metrics: Discovered 1 endpoints: ['http://localhost:8090/metrics']
2026-09-21 20:06:12.516 - GPUTelemetryJSONLWriter_2d000053 - INFO - GPU telemetry export enabled: /results/dyn-2w-rr/chat/c16/gpu_telemetry_export.jsonl
2026-09-21 20:06:12.524 - OTelMetricsResultsProcessor_03274fa9 - INFO - Telemetry streaming is disabled (set --otel-url and/or --mlflow-tracking-uri to enable)
2026-09-21 20:06:12.525 - RecordExportJSONLWriter_355a6c94 - INFO - Record metrics export enabled: /results/dyn-2w-rr/chat/c16/profile_export.jsonl
2026-09-21 20:06:12.567 - system_controller - INFO - Registered Worker Manager (id: 'worker_manager')
2026-09-21 20:06:12.568 - system_controller - INFO - Registered Gpu Telemetry Manager (id: 'gpu_telemetry_manager')
2026-09-21 20:06:12.666 - system_controller - INFO - Registered Dataset Manager (id: 'dataset_manager')
2026-09-21 20:06:12.666 - system_controller - INFO - Registered Server Metrics Manager (id: 'server_metrics_manager')
2026-09-21 20:06:12.666 - system_controller - INFO - Registered Records Manager (id: 'records_manager')
2026-09-21 20:06:12.754 - system_controller - INFO - Registered Timing Manager (id: 'timing_manager')
2026-09-21 20:06:12.781 - system_controller - INFO - Registered Record Processor (id: 'record_processor_3cb35144')
2026-09-21 20:06:12.786 - system_controller - INFO - Registered Record Processor (id: 'record_processor_8e663815')
2026-09-21 20:06:12.788 - system_controller - INFO - Registered Record Processor (id: 'record_processor_455b985c')
2026-09-21 20:06:12.792 - system_controller - INFO - Registered Record Processor (id: 'record_processor_fc3b0a30')
2026-09-21 20:06:12.909 - system_controller - INFO - Registered Worker (id: 'worker_80dfc8a4')
2026-09-21 20:06:12.919 - system_controller - INFO - Registered Worker (id: 'worker_8ed0561f')
2026-09-21 20:06:12.922 - system_controller - INFO - Registered Worker (id: 'worker_a7f2c2f0')
2026-09-21 20:06:12.926 - system_controller - INFO - Registered Worker (id: 'worker_c1533c03')
2026-09-21 20:06:12.928 - system_controller - INFO - Registered Worker (id: 'worker_a1cc7e97')
2026-09-21 20:06:12.931 - system_controller - INFO - Registered Worker (id: 'worker_cef7f207')
2026-09-21 20:06:12.935 - system_controller - INFO - Registered Worker (id: 'worker_a1dea1c1')
2026-09-21 20:06:12.935 - system_controller - INFO - Registered Worker (id: 'worker_16bd70ae')
2026-09-21 20:06:12.936 - system_controller - INFO - Registered Worker (id: 'worker_f6d6e161')
2026-09-21 20:06:12.936 - system_controller - INFO - Registered Worker (id: 'worker_aa0dc5df')
2026-09-21 20:06:12.938 - system_controller - INFO - Registered Worker (id: 'worker_a73389ed')
2026-09-21 20:06:12.939 - system_controller - INFO - Registered Worker (id: 'worker_7daecdb9')
2026-09-21 20:06:12.939 - system_controller - INFO - Registered Worker (id: 'worker_002a00e9')
2026-09-21 20:06:12.940 - system_controller - INFO - Registered Worker (id: 'worker_3bf0e7f5')
2026-09-21 20:06:12.944 - system_controller - INFO - Registered Worker (id: 'worker_244be6d1')
2026-09-21 20:06:12.954 - system_controller - INFO - Registered Worker (id: 'worker_5d4ef032')
2026-09-21 20:06:12.955 - system_controller - INFO - AIPerf System is CONFIGURING
2026-09-21 20:06:12.955 - system_controller - INFO - Configuring all services to start profiling
2026-09-21 20:06:12.957 - InferenceResultParser_d5b2a0e7 - INFO - Configuring tokenizers for inference result parser (resolve_alias: True)
2026-09-21 20:06:12.957 - InferenceResultParser_a60c6717 - INFO - Configuring tokenizers for inference result parser (resolve_alias: True)
2026-09-21 20:06:12.957 - InferenceResultParser_24ec9a41 - INFO - Configuring tokenizers for inference result parser (resolve_alias: True)
2026-09-21 20:06:12.957 - timing_manager - INFO - Waiting for dataset to be configured before configuring timing
2026-09-21 20:06:12.957 - InferenceResultParser_23c1d15e - INFO - Configuring tokenizers for inference result parser (resolve_alias: True)
2026-09-21 20:06:12.958 - dataset_manager - INFO - Configuring tokenizer(s) for dataset manager
2026-09-21 20:06:12.967 - server_metrics_manager - INFO - Server Metrics: Capturing baseline metrics...
2026-09-21 20:06:13.000 - gpu_telemetry_manager - WARNING - GPU Telemetry: http://localhost:9400/metrics is not reachable
2026-09-21 20:06:13.002 - gpu_telemetry_manager - WARNING - GPU Telemetry: http://localhost:9401/metrics is not reachable
2026-09-21 20:06:13.004 - system_controller - INFO - DCGM telemetry skipped: no telemetry sources reachable
2026-09-21 20:06:13.004 - system_controller - INFO - Waiting for result domains: profile, server_metrics
2026-09-21 20:06:13.008 - system_controller - INFO - Server metrics enabled - 1/1 endpoint(s) reachable.
2026-09-21 20:06:14.771 - httpx - INFO - HTTP Request: HEAD https://huggingface.co/swiss-ai/Apertus-v1.5-8B/resolve/main/config.json "HTTP/1.1 200 OK"
2026-09-21 20:06:14.801 - httpx - INFO - HTTP Request: HEAD https://huggingface.co/swiss-ai/Apertus-v1.5-8B/resolve/main/config.json "HTTP/1.1 200 OK"
2026-09-21 20:06:14.807 - httpx - INFO - HTTP Request: HEAD https://huggingface.co/swiss-ai/Apertus-v1.5-8B/resolve/main/config.json "HTTP/1.1 200 OK"
2026-09-21 20:06:14.810 - httpx - INFO - HTTP Request: HEAD https://huggingface.co/swiss-ai/Apertus-v1.5-8B/resolve/main/config.json "HTTP/1.1 200 OK"
2026-09-21 20:06:14.818 - httpx - INFO - HTTP Request: HEAD https://huggingface.co/swiss-ai/Apertus-v1.5-8B/resolve/main/config.json "HTTP/1.1 200 OK"
2026-09-21 20:06:14.898 - httpx - INFO - HTTP Request: HEAD https://huggingface.co/swiss-ai/Apertus-v1.5-8B/resolve/main/config.json "HTTP/1.1 200 OK"
2026-09-21 20:06:14.923 - httpx - INFO - HTTP Request: HEAD https://huggingface.co/swiss-ai/Apertus-v1.5-8B/resolve/main/config.json "HTTP/1.1 200 OK"
2026-09-21 20:06:14.932 - httpx - INFO - HTTP Request: HEAD https://huggingface.co/swiss-ai/Apertus-v1.5-8B/resolve/main/config.json "HTTP/1.1 200 OK"
2026-09-21 20:06:14.936 - httpx - INFO - HTTP Request: HEAD https://huggingface.co/swiss-ai/Apertus-v1.5-8B/resolve/main/config.json "HTTP/1.1 200 OK"
2026-09-21 20:06:14.950 - httpx - INFO - HTTP Request: HEAD https://huggingface.co/swiss-ai/Apertus-v1.5-8B/resolve/main/config.json "HTTP/1.1 200 OK"
2026-09-21 20:06:15.028 - httpx - INFO - HTTP Request: HEAD https://huggingface.co/swiss-ai/Apertus-v1.5-8B/resolve/main/tokenizer_config.json "HTTP/1.1 200 OK"
2026-09-21 20:06:15.048 - httpx - INFO - HTTP Request: HEAD https://huggingface.co/swiss-ai/Apertus-v1.5-8B/resolve/main/tokenizer_config.json "HTTP/1.1 200 OK"
2026-09-21 20:06:15.055 - httpx - INFO - HTTP Request: HEAD https://huggingface.co/swiss-ai/Apertus-v1.5-8B/resolve/main/tokenizer_config.json "HTTP/1.1 200 OK"
2026-09-21 20:06:15.058 - httpx - INFO - HTTP Request: HEAD https://huggingface.co/swiss-ai/Apertus-v1.5-8B/resolve/main/tokenizer_config.json "HTTP/1.1 200 OK"
2026-09-21 20:06:15.073 - httpx - INFO - HTTP Request: HEAD https://huggingface.co/swiss-ai/Apertus-v1.5-8B/resolve/main/tokenizer_config.json "HTTP/1.1 200 OK"
2026-09-21 20:06:15.144 - httpx - INFO - HTTP Request: GET https://huggingface.co/api/models/swiss-ai/Apertus-v1.5-8B/tree/main/additional_chat_templates?recursive=false&expand=false "HTTP/1.1 404 Not Found"
2026-09-21 20:06:15.158 - httpx - INFO - HTTP Request: GET https://huggingface.co/api/models/swiss-ai/Apertus-v1.5-8B/tree/main/additional_chat_templates?recursive=false&expand=false "HTTP/1.1 404 Not Found"
2026-09-21 20:06:15.167 - httpx - INFO - HTTP Request: GET https://huggingface.co/api/models/swiss-ai/Apertus-v1.5-8B/tree/main/additional_chat_templates?recursive=false&expand=false "HTTP/1.1 404 Not Found"
2026-09-21 20:06:15.179 - httpx - INFO - HTTP Request: GET https://huggingface.co/api/models/swiss-ai/Apertus-v1.5-8B/tree/main/additional_chat_templates?recursive=false&expand=false "HTTP/1.1 404 Not Found"
2026-09-21 20:06:15.185 - httpx - INFO - HTTP Request: GET https://huggingface.co/api/models/swiss-ai/Apertus-v1.5-8B/tree/main/additional_chat_templates?recursive=false&expand=false "HTTP/1.1 404 Not Found"
2026-09-21 20:06:15.258 - httpx - INFO - HTTP Request: GET https://huggingface.co/api/models/swiss-ai/Apertus-v1.5-8B/tree/main?recursive=true&expand=false "HTTP/1.1 200 OK"
2026-09-21 20:06:15.270 - httpx - INFO - HTTP Request: GET https://huggingface.co/api/models/swiss-ai/Apertus-v1.5-8B/tree/main?recursive=true&expand=false "HTTP/1.1 200 OK"
2026-09-21 20:06:15.274 - httpx - INFO - HTTP Request: GET https://huggingface.co/api/models/swiss-ai/Apertus-v1.5-8B/tree/main?recursive=true&expand=false "HTTP/1.1 200 OK"
2026-09-21 20:06:15.289 - httpx - INFO - HTTP Request: GET https://huggingface.co/api/models/swiss-ai/Apertus-v1.5-8B/tree/main?recursive=true&expand=false "HTTP/1.1 200 OK"
2026-09-21 20:06:15.300 - httpx - INFO - HTTP Request: GET https://huggingface.co/api/models/swiss-ai/Apertus-v1.5-8B/tree/main?recursive=true&expand=false "HTTP/1.1 200 OK"
2026-09-21 20:06:21.944 - httpx - INFO - HTTP Request: GET https://huggingface.co/api/models/swiss-ai/Apertus-v1.5-8B "HTTP/1.1 200 OK"
2026-09-21 20:06:21.945 - httpx - INFO - HTTP Request: GET https://huggingface.co/api/models/swiss-ai/Apertus-v1.5-8B "HTTP/1.1 200 OK"
2026-09-21 20:06:22.035 - httpx - INFO - HTTP Request: GET https://huggingface.co/api/models/swiss-ai/Apertus-v1.5-8B "HTTP/1.1 200 OK"
2026-09-21 20:06:22.065 - InferenceResultParser_a60c6717 - INFO - Initialized tokenizers: {'swiss-ai/Apertus-v1.5-8B': {'class': 'TokenizersBackend', 'name_or_path': 'swiss-ai/Apertus-v1.5-8B'}} in 9.11 seconds
2026-09-21 20:06:22.066 - InferenceResultParser_24ec9a41 - INFO - Initialized tokenizers: {'swiss-ai/Apertus-v1.5-8B': {'class': 'TokenizersBackend', 'name_or_path': 'swiss-ai/Apertus-v1.5-8B'}} in 9.11 seconds
2026-09-21 20:06:22.178 - dataset_manager - INFO - Tokenizer(s) configured in 9.22 seconds
2026-09-21 20:06:22.179 - dataset_manager - INFO - Configuring dataset for dataset_manager
2026-09-21 20:06:22.222 - httpx - INFO - HTTP Request: GET https://huggingface.co/api/models/swiss-ai/Apertus-v1.5-8B "HTTP/1.1 200 OK"
2026-09-21 20:06:22.324 - InferenceResultParser_23c1d15e - INFO - Initialized tokenizers: {'swiss-ai/Apertus-v1.5-8B': {'class': 'TokenizersBackend', 'name_or_path': 'swiss-ai/Apertus-v1.5-8B'}} in 9.37 seconds
2026-09-21 20:06:22.569 - httpx - INFO - HTTP Request: GET https://huggingface.co/api/models/swiss-ai/Apertus-v1.5-8B "HTTP/1.1 200 OK"
2026-09-21 20:06:22.692 - InferenceResultParser_d5b2a0e7 - INFO - Initialized tokenizers: {'swiss-ai/Apertus-v1.5-8B': {'class': 'TokenizersBackend', 'name_or_path': 'swiss-ai/Apertus-v1.5-8B'}} in 9.74 seconds
2026-09-21 20:06:22.861 - MemoryMapDatasetBackingStore_e506c3fa - INFO - Memory-mapped backing store initialized (streaming to /tmp/aiperf_mmap_d4340bae0cc4/dataset.dat)
2026-09-21 20:06:22.909 - MemoryMapDatasetBackingStore_e506c3fa - INFO - Data file finalized: 128 conversations, 0.36 MB
2026-09-21 20:06:22.911 - MemoryMapDatasetBackingStore_e506c3fa - INFO - Index file created: /tmp/aiperf_mmap_d4340bae0cc4/index.dat
2026-09-21 20:06:22.911 - dataset_manager - INFO - Backing store finalized: client_type=DatasetClientStoreType.MEMORY_MAP format=MemoryMapFormat.CONVERSATION data_file_path=PosixPath('/tmp/aiperf_mmap_d4340bae0cc4/dataset.dat') index_file_path=PosixPath('/tmp/aiperf_mmap_d4340bae0cc4/index.dat') conversation_count=128 total_size_bytes=381246 compressed=False compressed_data_file_path=None compressed_index_file_path=None compressed_size_bytes=0
2026-09-21 20:06:22.917 - dataset_manager - INFO - sampling strategy: sequential, unique conversations: 128, unique turn count: 128
2026-09-21 20:06:22.919 - dataset_manager - INFO - Generating inputs.json file at /results/dyn-2w-rr/chat/c16/inputs.json
2026-09-21 20:06:22.926 - PhaseOrchestrator_45aa781d - INFO - Initialized 2 phase(s): ['Warmup', 'Profiling']
2026-09-21 20:06:22.932 - dataset_manager - INFO - inputs.json file generated in 0.01 seconds
2026-09-21 20:06:23.087 - dataset_manager - INFO - Dataset client initialized and freed 128 conversations from memory
2026-09-21 20:06:23.087 - dataset_manager - INFO - Dataset configured in 0.91 seconds
2026-09-21 20:06:23.089 - system_controller - INFO - All services configured in 10.13 seconds
2026-09-21 20:06:23.089 - system_controller - INFO - AIPerf System is CONFIGURED
2026-09-21 20:06:23.091 - server_metrics_manager - INFO - Server Metrics: Started 1 collector(s) successfully
2026-09-21 20:06:23.095 - system_controller - INFO - All services started profiling successfully
2026-09-21 20:06:23.095 - system_controller - INFO - AIPerf System is PROFILING
2026-09-21 20:06:23.097 - RateTiming - INFO - Creating interval generator: pattern=concurrency_burst, rate=None, smoothness=None
2026-09-21 20:06:23.098 - PhaseRunner - NOTICE - Phase warmup (warmup) started | phase_index=0 | target: 16 requests
2026-09-21 20:06:23.101 - records_manager - INFO - Credit phase start: warmup
2026-09-21 20:06:23.102 - PhaseRunner - NOTICE - Phase warmup (warmup) sending complete | sent=16, completed=0, in_flight=16 | sessions: sent=16, completed=0
2026-09-21 20:06:24.885 - PhaseRunner - NOTICE - Phase warmup (warmup) complete | completed=16, cancelled=0, errors=0 | sessions: completed=16, cancelled=0 | elapsed=1.79s
2026-09-21 20:06:24.887 - server_metrics_manager - INFO - Server Metrics: Warmup complete, capturing final warmup metrics...
2026-09-21 20:06:24.887 - RateTiming - INFO - Creating interval generator: pattern=concurrency_burst, rate=None, smoothness=None
2026-09-21 20:06:24.887 - PhaseRunner - NOTICE - Phase profiling (profiling) started | phase_index=1 | profiling_index=0 | target: 128 requests
2026-09-21 20:06:24.920 - records_manager - INFO - Credit phase start: profiling
2026-09-21 20:06:30.071 - aiperf.metrics.types.osl_mismatch_metrics - WARNING - OSL mismatch: got 241 tokens (requested 256, diff -5.9%)
2026-09-21 20:06:31.877 - aiperf.metrics.types.osl_mismatch_metrics - WARNING - OSL mismatch: got 242 tokens (requested 256, diff -5.5%)
2026-09-21 20:06:37.137 - PhaseRunner - NOTICE - Phase profiling (profiling) sending complete | sent=128, completed=112, in_flight=16 | sessions: sent=128, completed=112
2026-09-21 20:06:37.138 - records_manager - INFO - Sent 128 requests. Waiting for all to complete...
2026-09-21 20:06:38.803 - PhaseRunner - NOTICE - Phase profiling (profiling) complete | completed=128, cancelled=0, errors=0 | sessions: completed=128, cancelled=0 | elapsed=13.92s
2026-09-21 20:06:38.804 - PhaseOrchestrator_45aa781d - NOTICE - All credits completed
2026-09-21 20:06:38.805 - system_controller - INFO - Received credits complete from 'timing_manager'
2026-09-21 20:06:38.805 - records_manager - INFO - Received CREDIT_PHASE_COMPLETE message, Phase complete: PhaseRecordsStats(phase=CreditPhase.PROFILING, phase_index=1, profiling_index=0, phase_name='profiling', phase_kind='profiling', start_ns=1790021184887727541, sent_end_ns=1790021197136959265, requests_end_ns=1790021198802867037, baseline_start_ns=1790021184887683450, baseline_end_ns=1790021198802902105, total_expected_requests=128, expected_duration_sec=None, expected_num_sessions=None, expected_grace_period_sec=None, final_requests_sent=None, final_requests_completed=128, final_requests_cancelled=0, final_request_errors=0, final_sent_sessions=None, final_completed_sessions=None, final_cancelled_sessions=None, timeout_triggered=False, grace_period_timeout_triggered=False, was_cancelled=False, records_end_ns=None, success_records=112, error_records=0)
2026-09-21 20:06:38.806 - records_manager - NOTICE - All requests have completed, please wait for the results to be processed (currently 112 of 128 records processed)...
2026-09-21 20:06:38.806 - records_manager - INFO - All credits complete, please wait for the results to be processed...
2026-09-21 20:06:38.827 - aiperf.metrics.types.osl_mismatch_metrics - WARNING - OSL mismatch: got 239 tokens (requested 256, diff -6.6%)
2026-09-21 20:06:38.872 - records_manager - INFO - Processed 128 valid requests and 0 errors (128 total).
2026-09-21 20:06:38.872 - records_manager - INFO - Received all records, processing now...
2026-09-21 20:06:38.880 - server_metrics_manager - INFO - Server Metrics: Profiling complete, capturing final metrics...
2026-09-21 20:06:38.885 - records_manager - INFO - Waiting 1.9s for server metrics flush period...
2026-09-21 20:06:40.803 - records_manager - INFO - Processing records results...
2026-09-21 20:06:41.538 - system_controller - INFO - Waiting for result domains: server_metrics
2026-09-21 20:06:41.922 - records_manager - INFO - _finalize_and_process_results completed
2026-09-21 20:06:41.956 - system_controller - INFO - All results received, initiating shutdown
2026-09-21 20:06:42.562 - ExporterManager - INFO - Exporting all records
2026-09-21 20:06:42.743 - ExporterManager - INFO - Exporting console data
