2026-09-21 20:05:40.922 - aiperf.cli_runner._single_run - INFO - Starting AIPerf System
2026-09-21 20:05:40.949 - aiperf.config.resolution.resolvers - INFO - [OK] Tokenizer swiss-ai/Apertus-v1.5-8B detected
2026-09-21 20:05:40.949 - aiperf.config.resolution.resolvers - INFO - 1 tokenizer validated | 0.0s
2026-09-21 20:05:40.949 - aiperf.config.resolution.resolvers - INFO - HF cache hit (skipping prefetch): ['swiss-ai/Apertus-v1.5-8B']
2026-09-21 20:05:41.462 - server_metrics_manager - INFO - Server Metrics: Discovered 1 endpoints: ['http://localhost:8090/metrics']
2026-09-21 20:05:41.479 - GPUTelemetryJSONLWriter_f3ab7aa1 - INFO - GPU telemetry export enabled: /results/dyn-2w-rr/chat/c8/gpu_telemetry_export.jsonl
2026-09-21 20:05:41.487 - OTelMetricsResultsProcessor_df77eb8b - INFO - Telemetry streaming is disabled (set --otel-url and/or --mlflow-tracking-uri to enable)
2026-09-21 20:05:41.487 - RecordExportJSONLWriter_790853b0 - INFO - Record metrics export enabled: /results/dyn-2w-rr/chat/c8/profile_export.jsonl
2026-09-21 20:05:41.520 - system_controller - INFO - Registered Worker Manager (id: 'worker_manager')
2026-09-21 20:05:41.582 - system_controller - INFO - Registered Gpu Telemetry Manager (id: 'gpu_telemetry_manager')
2026-09-21 20:05:41.582 - system_controller - INFO - Registered Server Metrics Manager (id: 'server_metrics_manager')
2026-09-21 20:05:41.583 - system_controller - INFO - Registered Dataset Manager (id: 'dataset_manager')
2026-09-21 20:05:41.597 - system_controller - INFO - Registered Records Manager (id: 'records_manager')
2026-09-21 20:05:41.707 - system_controller - INFO - Registered Record Processor (id: 'record_processor_7a6f9565')
2026-09-21 20:05:41.711 - system_controller - INFO - Registered Record Processor (id: 'record_processor_4469f331')
2026-09-21 20:05:41.716 - system_controller - INFO - Registered Timing Manager (id: 'timing_manager')
2026-09-21 20:05:41.881 - system_controller - INFO - Registered Worker (id: 'worker_651c7d90')
2026-09-21 20:05:41.882 - system_controller - INFO - Registered Worker (id: 'worker_db14d2bf')
2026-09-21 20:05:41.883 - system_controller - INFO - Registered Worker (id: 'worker_4e132ad5')
2026-09-21 20:05:41.891 - system_controller - INFO - Registered Worker (id: 'worker_b8e9691c')
2026-09-21 20:05:41.897 - system_controller - INFO - Registered Worker (id: 'worker_129610e6')
2026-09-21 20:05:41.899 - system_controller - INFO - Registered Worker (id: 'worker_05f2ccb4')
2026-09-21 20:05:41.900 - system_controller - INFO - Registered Worker (id: 'worker_df6bc355')
2026-09-21 20:05:41.901 - system_controller - INFO - Registered Worker (id: 'worker_62b7bc93')
2026-09-21 20:05:41.913 - system_controller - INFO - AIPerf System is CONFIGURING
2026-09-21 20:05:41.913 - system_controller - INFO - Configuring all services to start profiling
2026-09-21 20:05:41.916 - InferenceResultParser_d1621fd4 - INFO - Configuring tokenizers for inference result parser (resolve_alias: True)
2026-09-21 20:05:41.916 - timing_manager - INFO - Waiting for dataset to be configured before configuring timing
2026-09-21 20:05:41.916 - InferenceResultParser_69bc4ea4 - INFO - Configuring tokenizers for inference result parser (resolve_alias: True)
2026-09-21 20:05:41.917 - dataset_manager - INFO - Configuring tokenizer(s) for dataset manager
2026-09-21 20:05:41.927 - server_metrics_manager - INFO - Server Metrics: Capturing baseline metrics...
2026-09-21 20:05:41.961 - gpu_telemetry_manager - WARNING - GPU Telemetry: http://localhost:9400/metrics is not reachable
2026-09-21 20:05:41.963 - gpu_telemetry_manager - WARNING - GPU Telemetry: http://localhost:9401/metrics is not reachable
2026-09-21 20:05:41.965 - system_controller - INFO - DCGM telemetry skipped: no telemetry sources reachable
2026-09-21 20:05:41.966 - system_controller - INFO - Waiting for result domains: profile, server_metrics
2026-09-21 20:05:41.968 - system_controller - INFO - Server metrics enabled - 1/1 endpoint(s) reachable.
2026-09-21 20:05:43.579 - httpx - INFO - HTTP Request: HEAD https://huggingface.co/swiss-ai/Apertus-v1.5-8B/resolve/main/config.json "HTTP/1.1 200 OK"
2026-09-21 20:05:43.592 - httpx - INFO - HTTP Request: HEAD https://huggingface.co/swiss-ai/Apertus-v1.5-8B/resolve/main/config.json "HTTP/1.1 200 OK"
2026-09-21 20:05:43.595 - httpx - INFO - HTTP Request: HEAD https://huggingface.co/swiss-ai/Apertus-v1.5-8B/resolve/main/config.json "HTTP/1.1 200 OK"
2026-09-21 20:05:43.667 - httpx - INFO - HTTP Request: HEAD https://huggingface.co/swiss-ai/Apertus-v1.5-8B/resolve/main/config.json "HTTP/1.1 200 OK"
2026-09-21 20:05:43.680 - httpx - INFO - HTTP Request: HEAD https://huggingface.co/swiss-ai/Apertus-v1.5-8B/resolve/main/config.json "HTTP/1.1 200 OK"
2026-09-21 20:05:43.685 - httpx - INFO - HTTP Request: HEAD https://huggingface.co/swiss-ai/Apertus-v1.5-8B/resolve/main/config.json "HTTP/1.1 200 OK"
2026-09-21 20:05:43.751 - httpx - INFO - HTTP Request: HEAD https://huggingface.co/swiss-ai/Apertus-v1.5-8B/resolve/main/tokenizer_config.json "HTTP/1.1 200 OK"
2026-09-21 20:05:43.777 - httpx - INFO - HTTP Request: HEAD https://huggingface.co/swiss-ai/Apertus-v1.5-8B/resolve/main/tokenizer_config.json "HTTP/1.1 200 OK"
2026-09-21 20:05:43.777 - httpx - INFO - HTTP Request: HEAD https://huggingface.co/swiss-ai/Apertus-v1.5-8B/resolve/main/tokenizer_config.json "HTTP/1.1 200 OK"
2026-09-21 20:05:43.840 - httpx - INFO - HTTP Request: GET https://huggingface.co/api/models/swiss-ai/Apertus-v1.5-8B/tree/main/additional_chat_templates?recursive=false&expand=false "HTTP/1.1 404 Not Found"
2026-09-21 20:05:43.876 - httpx - INFO - HTTP Request: GET https://huggingface.co/api/models/swiss-ai/Apertus-v1.5-8B/tree/main/additional_chat_templates?recursive=false&expand=false "HTTP/1.1 404 Not Found"
2026-09-21 20:05:43.906 - httpx - INFO - HTTP Request: GET https://huggingface.co/api/models/swiss-ai/Apertus-v1.5-8B/tree/main/additional_chat_templates?recursive=false&expand=false "HTTP/1.1 404 Not Found"
2026-09-21 20:05:43.928 - httpx - INFO - HTTP Request: GET https://huggingface.co/api/models/swiss-ai/Apertus-v1.5-8B/tree/main?recursive=true&expand=false "HTTP/1.1 200 OK"
2026-09-21 20:05:43.972 - httpx - INFO - HTTP Request: GET https://huggingface.co/api/models/swiss-ai/Apertus-v1.5-8B/tree/main?recursive=true&expand=false "HTTP/1.1 200 OK"
2026-09-21 20:05:44.008 - httpx - INFO - HTTP Request: GET https://huggingface.co/api/models/swiss-ai/Apertus-v1.5-8B/tree/main?recursive=true&expand=false "HTTP/1.1 200 OK"
2026-09-21 20:05:50.534 - httpx - INFO - HTTP Request: GET https://huggingface.co/api/models/swiss-ai/Apertus-v1.5-8B "HTTP/1.1 200 OK"
2026-09-21 20:05:50.590 - httpx - INFO - HTTP Request: GET https://huggingface.co/api/models/swiss-ai/Apertus-v1.5-8B "HTTP/1.1 200 OK"
2026-09-21 20:05:50.652 - dataset_manager - INFO - Tokenizer(s) configured in 8.73 seconds
2026-09-21 20:05:50.653 - dataset_manager - INFO - Configuring dataset for dataset_manager
2026-09-21 20:05:50.691 - InferenceResultParser_69bc4ea4 - INFO - Initialized tokenizers: {'swiss-ai/Apertus-v1.5-8B': {'class': 'TokenizersBackend', 'name_or_path': 'swiss-ai/Apertus-v1.5-8B'}} in 8.77 seconds
2026-09-21 20:05:50.761 - httpx - INFO - HTTP Request: GET https://huggingface.co/api/models/swiss-ai/Apertus-v1.5-8B "HTTP/1.1 200 OK"
2026-09-21 20:05:50.874 - InferenceResultParser_d1621fd4 - INFO - Initialized tokenizers: {'swiss-ai/Apertus-v1.5-8B': {'class': 'TokenizersBackend', 'name_or_path': 'swiss-ai/Apertus-v1.5-8B'}} in 8.96 seconds
2026-09-21 20:05:51.280 - MemoryMapDatasetBackingStore_abc93830 - INFO - Memory-mapped backing store initialized (streaming to /tmp/aiperf_mmap_cb939edb7fe6/dataset.dat)
2026-09-21 20:05:51.285 - MemoryMapDatasetBackingStore_abc93830 - INFO - Data file finalized: 64 conversations, 0.18 MB
2026-09-21 20:05:51.286 - MemoryMapDatasetBackingStore_abc93830 - INFO - Index file created: /tmp/aiperf_mmap_cb939edb7fe6/index.dat
2026-09-21 20:05:51.286 - dataset_manager - INFO - Backing store finalized: client_type=DatasetClientStoreType.MEMORY_MAP format=MemoryMapFormat.CONVERSATION data_file_path=PosixPath('/tmp/aiperf_mmap_cb939edb7fe6/dataset.dat') index_file_path=PosixPath('/tmp/aiperf_mmap_cb939edb7fe6/index.dat') conversation_count=64 total_size_bytes=190265 compressed=False compressed_data_file_path=None compressed_index_file_path=None compressed_size_bytes=0
2026-09-21 20:05:51.288 - dataset_manager - INFO - sampling strategy: sequential, unique conversations: 64, unique turn count: 64
2026-09-21 20:05:51.289 - dataset_manager - INFO - Generating inputs.json file at /results/dyn-2w-rr/chat/c8/inputs.json
2026-09-21 20:05:51.293 - dataset_manager - INFO - inputs.json file generated in 0.00 seconds
2026-09-21 20:05:51.295 - PhaseOrchestrator_57c07cac - INFO - Initialized 2 phase(s): ['Warmup', 'Profiling']
2026-09-21 20:05:51.447 - dataset_manager - INFO - Dataset client initialized and freed 64 conversations from memory
2026-09-21 20:05:51.447 - dataset_manager - INFO - Dataset configured in 0.79 seconds
2026-09-21 20:05:51.449 - system_controller - INFO - All services configured in 9.54 seconds
2026-09-21 20:05:51.449 - system_controller - INFO - AIPerf System is CONFIGURED
2026-09-21 20:05:51.452 - server_metrics_manager - INFO - Server Metrics: Started 1 collector(s) successfully
2026-09-21 20:05:51.454 - system_controller - INFO - All services started profiling successfully
2026-09-21 20:05:51.454 - system_controller - INFO - AIPerf System is PROFILING
2026-09-21 20:05:51.458 - RateTiming - INFO - Creating interval generator: pattern=concurrency_burst, rate=None, smoothness=None
2026-09-21 20:05:51.458 - PhaseRunner - NOTICE - Phase warmup (warmup) started | phase_index=0 | target: 8 requests
2026-09-21 20:05:51.461 - records_manager - INFO - Credit phase start: warmup
2026-09-21 20:05:51.461 - PhaseRunner - NOTICE - Phase warmup (warmup) sending complete | sent=8, completed=0, in_flight=8 | sessions: sent=8, completed=0
2026-09-21 20:05:53.175 - PhaseRunner - NOTICE - Phase warmup (warmup) complete | completed=8, cancelled=0, errors=0 | sessions: completed=8, cancelled=0 | elapsed=1.72s
2026-09-21 20:05:53.176 - RateTiming - INFO - Creating interval generator: pattern=concurrency_burst, rate=None, smoothness=None
2026-09-21 20:05:53.176 - PhaseRunner - NOTICE - Phase profiling (profiling) started | phase_index=1 | profiling_index=0 | target: 64 requests
2026-09-21 20:05:53.177 - server_metrics_manager - INFO - Server Metrics: Warmup complete, capturing final warmup metrics...
2026-09-21 20:05:53.278 - records_manager - INFO - Credit phase start: profiling
2026-09-21 20:05:56.461 - aiperf.metrics.types.osl_mismatch_metrics - WARNING - OSL mismatch: got 55 tokens (requested 256, diff -78.5%)
2026-09-21 20:06:04.573 - PhaseRunner - NOTICE - Phase profiling (profiling) sending complete | sent=64, completed=56, in_flight=8 | sessions: sent=64, completed=56
2026-09-21 20:06:04.575 - records_manager - INFO - Sent 64 requests. Waiting for all to complete...
2026-09-21 20:06:06.204 - PhaseRunner - NOTICE - Phase profiling (profiling) complete | completed=64, cancelled=0, errors=0 | sessions: completed=64, cancelled=0 | elapsed=13.03s
2026-09-21 20:06:06.204 - PhaseOrchestrator_57c07cac - NOTICE - All credits completed
2026-09-21 20:06:06.206 - records_manager - INFO - Received CREDIT_PHASE_COMPLETE message, Phase complete: PhaseRecordsStats(phase=CreditPhase.PROFILING, phase_index=1, profiling_index=0, phase_name='profiling', phase_kind='profiling', start_ns=1790021153176514777, sent_end_ns=1790021164573240604, requests_end_ns=1790021166203573895, baseline_start_ns=1790021153176495447, baseline_end_ns=1790021166203608099, total_expected_requests=64, expected_duration_sec=None, expected_num_sessions=None, expected_grace_period_sec=None, final_requests_sent=None, final_requests_completed=64, final_requests_cancelled=0, final_request_errors=0, final_sent_sessions=None, final_completed_sessions=None, final_cancelled_sessions=None, timeout_triggered=False, grace_period_timeout_triggered=False, was_cancelled=False, records_end_ns=None, success_records=56, error_records=0)
2026-09-21 20:06:06.206 - system_controller - INFO - Received credits complete from 'timing_manager'
2026-09-21 20:06:06.207 - records_manager - NOTICE - All requests have completed, please wait for the results to be processed (currently 56 of 64 records processed)...
2026-09-21 20:06:06.207 - records_manager - INFO - All credits complete, please wait for the results to be processed...
2026-09-21 20:06:06.259 - records_manager - INFO - Processed 64 valid requests and 0 errors (64 total).
2026-09-21 20:06:06.259 - records_manager - INFO - Received all records, processing now...
2026-09-21 20:06:06.271 - server_metrics_manager - INFO - Server Metrics: Profiling complete, capturing final metrics...
2026-09-21 20:06:06.273 - records_manager - INFO - Waiting 1.9s for server metrics flush period...
2026-09-21 20:06:08.205 - records_manager - INFO - Processing records results...
2026-09-21 20:06:08.879 - system_controller - INFO - Waiting for result domains: server_metrics
2026-09-21 20:06:09.213 - records_manager - INFO - _finalize_and_process_results completed
2026-09-21 20:06:09.251 - system_controller - INFO - All results received, initiating shutdown
2026-09-21 20:06:09.857 - ExporterManager - INFO - Exporting all records
2026-09-21 20:06:10.042 - ExporterManager - INFO - Exporting console data
