2026-09-21 20:31:32.119 - aiperf.cli_runner._single_run - INFO - Starting AIPerf System
2026-09-21 20:31:32.146 - aiperf.config.resolution.resolvers - INFO - [OK] Tokenizer swiss-ai/Apertus-v1.5-8B detected
2026-09-21 20:31:32.147 - aiperf.config.resolution.resolvers - INFO - 1 tokenizer validated | 0.0s
2026-09-21 20:31:32.147 - aiperf.config.resolution.resolvers - INFO - HF cache hit (skipping prefetch): ['swiss-ai/Apertus-v1.5-8B']
2026-09-21 20:31:32.651 - server_metrics_manager - INFO - Server Metrics: Discovered 1 endpoints: ['http://localhost:8090/metrics']
2026-09-21 20:31:32.672 - GPUTelemetryJSONLWriter_c816563e - INFO - GPU telemetry export enabled: /results/dyn-2w-kv/rag/c4/gpu_telemetry_export.jsonl
2026-09-21 20:31:32.680 - OTelMetricsResultsProcessor_18c90e71 - INFO - Telemetry streaming is disabled (set --otel-url and/or --mlflow-tracking-uri to enable)
2026-09-21 20:31:32.681 - RecordExportJSONLWriter_f6ecbf06 - INFO - Record metrics export enabled: /results/dyn-2w-kv/rag/c4/profile_export.jsonl
2026-09-21 20:31:32.717 - system_controller - INFO - Registered Worker Manager (id: 'worker_manager')
2026-09-21 20:31:32.773 - system_controller - INFO - Registered Gpu Telemetry Manager (id: 'gpu_telemetry_manager')
2026-09-21 20:31:32.773 - system_controller - INFO - Registered Dataset Manager (id: 'dataset_manager')
2026-09-21 20:31:32.774 - system_controller - INFO - Registered Server Metrics Manager (id: 'server_metrics_manager')
2026-09-21 20:31:32.792 - system_controller - INFO - Registered Records Manager (id: 'records_manager')
2026-09-21 20:31:32.902 - system_controller - INFO - Registered Record Processor (id: 'record_processor_94a9a69c')
2026-09-21 20:31:32.905 - system_controller - INFO - Registered Timing Manager (id: 'timing_manager')
2026-09-21 20:31:33.039 - system_controller - INFO - Registered Worker (id: 'worker_381f11ef')
2026-09-21 20:31:33.040 - system_controller - INFO - Registered Worker (id: 'worker_7046bf88')
2026-09-21 20:31:33.059 - system_controller - INFO - Registered Worker (id: 'worker_0dfdda7f')
2026-09-21 20:31:33.085 - system_controller - INFO - Registered Worker (id: 'worker_771733d5')
2026-09-21 20:31:33.107 - system_controller - INFO - AIPerf System is CONFIGURING
2026-09-21 20:31:33.107 - system_controller - INFO - Configuring all services to start profiling
2026-09-21 20:31:33.109 - InferenceResultParser_6d347365 - INFO - Configuring tokenizers for inference result parser (resolve_alias: True)
2026-09-21 20:31:33.109 - timing_manager - INFO - Waiting for dataset to be configured before configuring timing
2026-09-21 20:31:33.111 - dataset_manager - INFO - Configuring tokenizer(s) for dataset manager
2026-09-21 20:31:33.123 - server_metrics_manager - INFO - Server Metrics: Capturing baseline metrics...
2026-09-21 20:31:33.157 - gpu_telemetry_manager - WARNING - GPU Telemetry: http://localhost:9400/metrics is not reachable
2026-09-21 20:31:33.160 - gpu_telemetry_manager - WARNING - GPU Telemetry: http://localhost:9401/metrics is not reachable
2026-09-21 20:31:33.162 - system_controller - INFO - DCGM telemetry skipped: no telemetry sources reachable
2026-09-21 20:31:33.162 - system_controller - INFO - Waiting for result domains: profile, server_metrics
2026-09-21 20:31:33.241 - system_controller - INFO - Server metrics enabled - 1/1 endpoint(s) reachable.
2026-09-21 20:31:34.666 - httpx - INFO - HTTP Request: HEAD https://huggingface.co/swiss-ai/Apertus-v1.5-8B/resolve/main/config.json "HTTP/1.1 200 OK"
2026-09-21 20:31:34.682 - httpx - INFO - HTTP Request: HEAD https://huggingface.co/swiss-ai/Apertus-v1.5-8B/resolve/main/config.json "HTTP/1.1 200 OK"
2026-09-21 20:31:34.750 - httpx - INFO - HTTP Request: HEAD https://huggingface.co/swiss-ai/Apertus-v1.5-8B/resolve/main/config.json "HTTP/1.1 200 OK"
2026-09-21 20:31:34.768 - httpx - INFO - HTTP Request: HEAD https://huggingface.co/swiss-ai/Apertus-v1.5-8B/resolve/main/config.json "HTTP/1.1 200 OK"
2026-09-21 20:31:34.838 - httpx - INFO - HTTP Request: HEAD https://huggingface.co/swiss-ai/Apertus-v1.5-8B/resolve/main/tokenizer_config.json "HTTP/1.1 200 OK"
2026-09-21 20:31:34.865 - httpx - INFO - HTTP Request: HEAD https://huggingface.co/swiss-ai/Apertus-v1.5-8B/resolve/main/tokenizer_config.json "HTTP/1.1 200 OK"
2026-09-21 20:31:34.928 - httpx - INFO - HTTP Request: GET https://huggingface.co/api/models/swiss-ai/Apertus-v1.5-8B/tree/main/additional_chat_templates?recursive=false&expand=false "HTTP/1.1 404 Not Found"
2026-09-21 20:31:34.961 - httpx - INFO - HTTP Request: GET https://huggingface.co/api/models/swiss-ai/Apertus-v1.5-8B/tree/main/additional_chat_templates?recursive=false&expand=false "HTTP/1.1 404 Not Found"
2026-09-21 20:31:35.020 - httpx - INFO - HTTP Request: GET https://huggingface.co/api/models/swiss-ai/Apertus-v1.5-8B/tree/main?recursive=true&expand=false "HTTP/1.1 200 OK"
2026-09-21 20:31:35.060 - httpx - INFO - HTTP Request: GET https://huggingface.co/api/models/swiss-ai/Apertus-v1.5-8B/tree/main?recursive=true&expand=false "HTTP/1.1 200 OK"
2026-09-21 20:31:41.794 - httpx - INFO - HTTP Request: GET https://huggingface.co/api/models/swiss-ai/Apertus-v1.5-8B "HTTP/1.1 200 OK"
2026-09-21 20:31:41.948 - InferenceResultParser_6d347365 - INFO - Initialized tokenizers: {'swiss-ai/Apertus-v1.5-8B': {'class': 'TokenizersBackend', 'name_or_path': 'swiss-ai/Apertus-v1.5-8B'}} in 8.84 seconds
2026-09-21 20:31:41.986 - httpx - INFO - HTTP Request: GET https://huggingface.co/api/models/swiss-ai/Apertus-v1.5-8B "HTTP/1.1 200 OK"
2026-09-21 20:31:42.193 - dataset_manager - INFO - Tokenizer(s) configured in 9.08 seconds
2026-09-21 20:31:42.193 - dataset_manager - INFO - Configuring dataset for dataset_manager
2026-09-21 20:31:43.135 - MemoryMapDatasetBackingStore_3ef7b26f - INFO - Memory-mapped backing store initialized (streaming to /tmp/aiperf_mmap_4786ec08c681/dataset.dat)
2026-09-21 20:31:43.182 - MemoryMapDatasetBackingStore_3ef7b26f - INFO - Data file finalized: 64 conversations, 1.90 MB
2026-09-21 20:31:43.184 - MemoryMapDatasetBackingStore_3ef7b26f - INFO - Index file created: /tmp/aiperf_mmap_4786ec08c681/index.dat
2026-09-21 20:31:43.185 - dataset_manager - INFO - Backing store finalized: client_type=DatasetClientStoreType.MEMORY_MAP format=MemoryMapFormat.CONVERSATION data_file_path=PosixPath('/tmp/aiperf_mmap_4786ec08c681/dataset.dat') index_file_path=PosixPath('/tmp/aiperf_mmap_4786ec08c681/index.dat') conversation_count=64 total_size_bytes=1992738 compressed=False compressed_data_file_path=None compressed_index_file_path=None compressed_size_bytes=0
2026-09-21 20:31:43.188 - dataset_manager - INFO - sampling strategy: sequential, unique conversations: 64, unique turn count: 64
2026-09-21 20:31:43.194 - dataset_manager - INFO - Generating inputs.json file at /results/dyn-2w-kv/rag/c4/inputs.json
2026-09-21 20:31:43.207 - dataset_manager - INFO - inputs.json file generated in 0.01 seconds
2026-09-21 20:31:43.208 - PhaseOrchestrator_e606fbb2 - INFO - Initialized 2 phase(s): ['Warmup', 'Profiling']
2026-09-21 20:31:43.416 - dataset_manager - INFO - Dataset client initialized and freed 64 conversations from memory
2026-09-21 20:31:43.416 - dataset_manager - INFO - Dataset configured in 1.22 seconds
2026-09-21 20:31:43.418 - system_controller - INFO - All services configured in 10.31 seconds
2026-09-21 20:31:43.418 - system_controller - INFO - AIPerf System is CONFIGURED
2026-09-21 20:31:43.421 - server_metrics_manager - INFO - Server Metrics: Started 1 collector(s) successfully
2026-09-21 20:31:43.423 - system_controller - INFO - All services started profiling successfully
2026-09-21 20:31:43.423 - system_controller - INFO - AIPerf System is PROFILING
2026-09-21 20:31:43.427 - RateTiming - INFO - Creating interval generator: pattern=concurrency_burst, rate=None, smoothness=None
2026-09-21 20:31:43.428 - PhaseRunner - NOTICE - Phase warmup (warmup) started | phase_index=0 | target: 4 requests
2026-09-21 20:31:43.430 - PhaseRunner - NOTICE - Phase warmup (warmup) sending complete | sent=4, completed=0, in_flight=4 | sessions: sent=4, completed=0
2026-09-21 20:31:43.430 - records_manager - INFO - Credit phase start: warmup
2026-09-21 20:31:45.348 - PhaseRunner - NOTICE - Phase warmup (warmup) complete | completed=4, cancelled=0, errors=0 | sessions: completed=4, cancelled=0 | elapsed=1.92s
2026-09-21 20:31:45.350 - RateTiming - INFO - Creating interval generator: pattern=concurrency_burst, rate=None, smoothness=None
2026-09-21 20:31:45.350 - server_metrics_manager - INFO - Server Metrics: Warmup complete, capturing final warmup metrics...
2026-09-21 20:31:45.351 - PhaseRunner - NOTICE - Phase profiling (profiling) started | phase_index=1 | profiling_index=0 | target: 64 requests
2026-09-21 20:31:45.353 - records_manager - INFO - Credit phase start: profiling
2026-09-21 20:31:56.565 - aiperf.metrics.types.osl_mismatch_metrics - WARNING - OSL mismatch: got 154 tokens (requested 256, diff -39.8%)
2026-09-21 20:32:02.472 - aiperf.metrics.types.osl_mismatch_metrics - WARNING - OSL mismatch: got 224 tokens (requested 256, diff -12.5%)
2026-09-21 20:32:14.198 - PhaseRunner - NOTICE - Phase profiling (profiling) sending complete | sent=64, completed=60, in_flight=4 | sessions: sent=64, completed=60
2026-09-21 20:32:14.200 - records_manager - INFO - Sent 64 requests. Waiting for all to complete...
2026-09-21 20:32:15.915 - PhaseRunner - NOTICE - Phase profiling (profiling) complete | completed=64, cancelled=0, errors=0 | sessions: completed=64, cancelled=0 | elapsed=30.56s
2026-09-21 20:32:15.915 - PhaseOrchestrator_e606fbb2 - NOTICE - All credits completed
2026-09-21 20:32:15.917 - system_controller - INFO - Received credits complete from 'timing_manager'
2026-09-21 20:32:15.918 - records_manager - INFO - Received CREDIT_PHASE_COMPLETE message, Phase complete: PhaseRecordsStats(phase=CreditPhase.PROFILING, phase_index=1, profiling_index=0, phase_name='profiling', phase_kind='profiling', start_ns=1790022705350863751, sent_end_ns=1790022734198714362, requests_end_ns=1790022735914380446, baseline_start_ns=1790022705350817312, baseline_end_ns=1790022735914412819, total_expected_requests=64, expected_duration_sec=None, expected_num_sessions=None, expected_grace_period_sec=None, final_requests_sent=None, final_requests_completed=64, final_requests_cancelled=0, final_request_errors=0, final_sent_sessions=None, final_completed_sessions=None, final_cancelled_sessions=None, timeout_triggered=False, grace_period_timeout_triggered=False, was_cancelled=False, records_end_ns=None, success_records=63, error_records=0)
2026-09-21 20:32:15.918 - records_manager - NOTICE - All requests have completed, please wait for the results to be processed (currently 63 of 64 records processed)...
2026-09-21 20:32:15.918 - records_manager - INFO - All credits complete, please wait for the results to be processed...
2026-09-21 20:32:15.989 - records_manager - INFO - Processed 64 valid requests and 0 errors (64 total).
2026-09-21 20:32:15.989 - records_manager - INFO - Received all records, processing now...
2026-09-21 20:32:15.991 - server_metrics_manager - INFO - Server Metrics: Profiling complete, capturing final metrics...
2026-09-21 20:32:15.994 - records_manager - INFO - Waiting 1.9s for server metrics flush period...
2026-09-21 20:32:17.915 - records_manager - INFO - Processing records results...
2026-09-21 20:32:19.087 - system_controller - INFO - Waiting for result domains: server_metrics
2026-09-21 20:32:19.588 - records_manager - INFO - _finalize_and_process_results completed
2026-09-21 20:32:19.627 - system_controller - INFO - All results received, initiating shutdown
2026-09-21 20:32:20.231 - ExporterManager - INFO - Exporting all records
2026-09-21 20:32:20.423 - ExporterManager - INFO - Exporting console data
