2026-09-21 20:11:36.898 - aiperf.cli_runner._single_run - INFO - Starting AIPerf System
2026-09-21 20:11:36.925 - aiperf.config.resolution.resolvers - INFO - [OK] Tokenizer swiss-ai/Apertus-v1.5-8B detected
2026-09-21 20:11:36.925 - aiperf.config.resolution.resolvers - INFO - 1 tokenizer validated | 0.0s
2026-09-21 20:11:36.925 - aiperf.config.resolution.resolvers - INFO - HF cache hit (skipping prefetch): ['swiss-ai/Apertus-v1.5-8B']
2026-09-21 20:11:37.316 - server_metrics_manager - INFO - Server Metrics: Discovered 1 endpoints: ['http://localhost:8090/metrics']
2026-09-21 20:11:37.331 - GPUTelemetryJSONLWriter_99ddeba5 - INFO - GPU telemetry export enabled: /results/dyn-2w-rr/rag/c4/gpu_telemetry_export.jsonl
2026-09-21 20:11:37.339 - OTelMetricsResultsProcessor_970a6ff8 - INFO - Telemetry streaming is disabled (set --otel-url and/or --mlflow-tracking-uri to enable)
2026-09-21 20:11:37.340 - RecordExportJSONLWriter_13ef63f9 - INFO - Record metrics export enabled: /results/dyn-2w-rr/rag/c4/profile_export.jsonl
2026-09-21 20:11:37.387 - system_controller - INFO - Registered Worker Manager (id: 'worker_manager')
2026-09-21 20:11:37.388 - system_controller - INFO - Registered Gpu Telemetry Manager (id: 'gpu_telemetry_manager')
2026-09-21 20:11:37.421 - system_controller - INFO - Registered Server Metrics Manager (id: 'server_metrics_manager')
2026-09-21 20:11:37.425 - system_controller - INFO - Registered Dataset Manager (id: 'dataset_manager')
2026-09-21 20:11:37.448 - system_controller - INFO - Registered Records Manager (id: 'records_manager')
2026-09-21 20:11:37.532 - system_controller - INFO - Registered Timing Manager (id: 'timing_manager')
2026-09-21 20:11:37.541 - system_controller - INFO - Registered Record Processor (id: 'record_processor_131bc8e6')
2026-09-21 20:11:37.679 - system_controller - INFO - Registered Worker (id: 'worker_937534a3')
2026-09-21 20:11:37.701 - system_controller - INFO - Registered Worker (id: 'worker_b0d9c65d')
2026-09-21 20:11:37.704 - system_controller - INFO - Registered Worker (id: 'worker_c3b54b89')
2026-09-21 20:11:37.705 - system_controller - INFO - Registered Worker (id: 'worker_883e19f9')
2026-09-21 20:11:37.774 - system_controller - INFO - AIPerf System is CONFIGURING
2026-09-21 20:11:37.774 - system_controller - INFO - Configuring all services to start profiling
2026-09-21 20:11:37.777 - timing_manager - INFO - Waiting for dataset to be configured before configuring timing
2026-09-21 20:11:37.777 - InferenceResultParser_03b3416d - INFO - Configuring tokenizers for inference result parser (resolve_alias: True)
2026-09-21 20:11:37.778 - dataset_manager - INFO - Configuring tokenizer(s) for dataset manager
2026-09-21 20:11:37.788 - server_metrics_manager - INFO - Server Metrics: Capturing baseline metrics...
2026-09-21 20:11:37.821 - gpu_telemetry_manager - WARNING - GPU Telemetry: http://localhost:9400/metrics is not reachable
2026-09-21 20:11:37.824 - gpu_telemetry_manager - WARNING - GPU Telemetry: http://localhost:9401/metrics is not reachable
2026-09-21 20:11:37.826 - system_controller - INFO - DCGM telemetry skipped: no telemetry sources reachable
2026-09-21 20:11:37.826 - system_controller - INFO - Waiting for result domains: profile, server_metrics
2026-09-21 20:11:37.831 - system_controller - INFO - Server metrics enabled - 1/1 endpoint(s) reachable.
2026-09-21 20:11:39.475 - httpx - INFO - HTTP Request: HEAD https://huggingface.co/swiss-ai/Apertus-v1.5-8B/resolve/main/config.json "HTTP/1.1 200 OK"
2026-09-21 20:11:39.486 - httpx - INFO - HTTP Request: HEAD https://huggingface.co/swiss-ai/Apertus-v1.5-8B/resolve/main/config.json "HTTP/1.1 200 OK"
2026-09-21 20:11:39.610 - httpx - INFO - HTTP Request: HEAD https://huggingface.co/swiss-ai/Apertus-v1.5-8B/resolve/main/config.json "HTTP/1.1 200 OK"
2026-09-21 20:11:39.624 - httpx - INFO - HTTP Request: HEAD https://huggingface.co/swiss-ai/Apertus-v1.5-8B/resolve/main/config.json "HTTP/1.1 200 OK"
2026-09-21 20:11:39.741 - httpx - INFO - HTTP Request: HEAD https://huggingface.co/swiss-ai/Apertus-v1.5-8B/resolve/main/tokenizer_config.json "HTTP/1.1 200 OK"
2026-09-21 20:11:39.752 - httpx - INFO - HTTP Request: HEAD https://huggingface.co/swiss-ai/Apertus-v1.5-8B/resolve/main/tokenizer_config.json "HTTP/1.1 200 OK"
2026-09-21 20:11:39.866 - httpx - INFO - HTTP Request: GET https://huggingface.co/api/models/swiss-ai/Apertus-v1.5-8B/tree/main/additional_chat_templates?recursive=false&expand=false "HTTP/1.1 404 Not Found"
2026-09-21 20:11:39.880 - httpx - INFO - HTTP Request: GET https://huggingface.co/api/models/swiss-ai/Apertus-v1.5-8B/tree/main/additional_chat_templates?recursive=false&expand=false "HTTP/1.1 404 Not Found"
2026-09-21 20:11:39.983 - httpx - INFO - HTTP Request: GET https://huggingface.co/api/models/swiss-ai/Apertus-v1.5-8B/tree/main?recursive=true&expand=false "HTTP/1.1 200 OK"
2026-09-21 20:11:40.006 - httpx - INFO - HTTP Request: GET https://huggingface.co/api/models/swiss-ai/Apertus-v1.5-8B/tree/main?recursive=true&expand=false "HTTP/1.1 200 OK"
2026-09-21 20:11:44.037 - httpx - INFO - HTTP Request: GET https://huggingface.co/api/models/swiss-ai/Apertus-v1.5-8B "HTTP/1.1 200 OK"
2026-09-21 20:11:44.137 - InferenceResultParser_03b3416d - INFO - Initialized tokenizers: {'swiss-ai/Apertus-v1.5-8B': {'class': 'TokenizersBackend', 'name_or_path': 'swiss-ai/Apertus-v1.5-8B'}} in 6.36 seconds
2026-09-21 20:11:46.197 - httpx - INFO - HTTP Request: GET https://huggingface.co/api/models/swiss-ai/Apertus-v1.5-8B "HTTP/1.1 200 OK"
2026-09-21 20:11:46.349 - dataset_manager - INFO - Tokenizer(s) configured in 8.57 seconds
2026-09-21 20:11:46.349 - dataset_manager - INFO - Configuring dataset for dataset_manager
2026-09-21 20:11:46.961 - MemoryMapDatasetBackingStore_d029dfb7 - INFO - Memory-mapped backing store initialized (streaming to /tmp/aiperf_mmap_31eb547487f4/dataset.dat)
2026-09-21 20:11:46.980 - MemoryMapDatasetBackingStore_d029dfb7 - INFO - Data file finalized: 64 conversations, 1.90 MB
2026-09-21 20:11:46.982 - MemoryMapDatasetBackingStore_d029dfb7 - INFO - Index file created: /tmp/aiperf_mmap_31eb547487f4/index.dat
2026-09-21 20:11:46.982 - dataset_manager - INFO - Backing store finalized: client_type=DatasetClientStoreType.MEMORY_MAP format=MemoryMapFormat.CONVERSATION data_file_path=PosixPath('/tmp/aiperf_mmap_31eb547487f4/dataset.dat') index_file_path=PosixPath('/tmp/aiperf_mmap_31eb547487f4/index.dat') conversation_count=64 total_size_bytes=1992738 compressed=False compressed_data_file_path=None compressed_index_file_path=None compressed_size_bytes=0
2026-09-21 20:11:46.985 - dataset_manager - INFO - sampling strategy: sequential, unique conversations: 64, unique turn count: 64
2026-09-21 20:11:46.991 - dataset_manager - INFO - Generating inputs.json file at /results/dyn-2w-rr/rag/c4/inputs.json
2026-09-21 20:11:47.003 - dataset_manager - INFO - inputs.json file generated in 0.01 seconds
2026-09-21 20:11:47.007 - PhaseOrchestrator_ea66fedf - INFO - Initialized 2 phase(s): ['Warmup', 'Profiling']
2026-09-21 20:11:47.201 - dataset_manager - INFO - Dataset client initialized and freed 64 conversations from memory
2026-09-21 20:11:47.201 - dataset_manager - INFO - Dataset configured in 0.85 seconds
2026-09-21 20:11:47.203 - system_controller - INFO - All services configured in 9.43 seconds
2026-09-21 20:11:47.204 - system_controller - INFO - AIPerf System is CONFIGURED
2026-09-21 20:11:47.206 - server_metrics_manager - INFO - Server Metrics: Started 1 collector(s) successfully
2026-09-21 20:11:47.208 - system_controller - INFO - All services started profiling successfully
2026-09-21 20:11:47.208 - system_controller - INFO - AIPerf System is PROFILING
2026-09-21 20:11:47.212 - RateTiming - INFO - Creating interval generator: pattern=concurrency_burst, rate=None, smoothness=None
2026-09-21 20:11:47.213 - PhaseRunner - NOTICE - Phase warmup (warmup) started | phase_index=0 | target: 4 requests
2026-09-21 20:11:47.215 - PhaseRunner - NOTICE - Phase warmup (warmup) sending complete | sent=4, completed=0, in_flight=4 | sessions: sent=4, completed=0
2026-09-21 20:11:47.216 - records_manager - INFO - Credit phase start: warmup
2026-09-21 20:11:49.148 - PhaseRunner - NOTICE - Phase warmup (warmup) complete | completed=4, cancelled=0, errors=0 | sessions: completed=4, cancelled=0 | elapsed=1.93s
2026-09-21 20:11:49.148 - RateTiming - INFO - Creating interval generator: pattern=concurrency_burst, rate=None, smoothness=None
2026-09-21 20:11:49.148 - PhaseRunner - NOTICE - Phase profiling (profiling) started | phase_index=1 | profiling_index=0 | target: 64 requests
2026-09-21 20:11:49.149 - server_metrics_manager - INFO - Server Metrics: Warmup complete, capturing final warmup metrics...
2026-09-21 20:11:49.149 - records_manager - INFO - Credit phase start: profiling
2026-09-21 20:11:50.946 - aiperf.metrics.types.osl_mismatch_metrics - WARNING - OSL mismatch: got 208 tokens (requested 256, diff -18.8%)
2026-09-21 20:12:15.694 - PhaseRunner - NOTICE - Phase profiling (profiling) sending complete | sent=64, completed=60, in_flight=4 | sessions: sent=64, completed=60
2026-09-21 20:12:15.696 - records_manager - INFO - Sent 64 requests. Waiting for all to complete...
2026-09-21 20:12:17.477 - PhaseRunner - NOTICE - Phase profiling (profiling) complete | completed=64, cancelled=0, errors=0 | sessions: completed=64, cancelled=0 | elapsed=28.33s
2026-09-21 20:12:17.478 - PhaseOrchestrator_ea66fedf - NOTICE - All credits completed
2026-09-21 20:12:17.479 - records_manager - INFO - Received CREDIT_PHASE_COMPLETE message, Phase complete: PhaseRecordsStats(phase=CreditPhase.PROFILING, phase_index=1, profiling_index=0, phase_name='profiling', phase_kind='profiling', start_ns=1790021509148946343, sent_end_ns=1790021535694437855, requests_end_ns=1790021537476816672, baseline_start_ns=1790021509148933211, baseline_end_ns=1790021537476845231, total_expected_requests=64, expected_duration_sec=None, expected_num_sessions=None, expected_grace_period_sec=None, final_requests_sent=None, final_requests_completed=64, final_requests_cancelled=0, final_request_errors=0, final_sent_sessions=None, final_completed_sessions=None, final_cancelled_sessions=None, timeout_triggered=False, grace_period_timeout_triggered=False, was_cancelled=False, records_end_ns=None, success_records=60, error_records=0)
2026-09-21 20:12:17.479 - records_manager - NOTICE - All requests have completed, please wait for the results to be processed (currently 60 of 64 records processed)...
2026-09-21 20:12:17.479 - records_manager - INFO - All credits complete, please wait for the results to be processed...
2026-09-21 20:12:17.480 - system_controller - INFO - Received credits complete from 'timing_manager'
2026-09-21 20:12:17.543 - records_manager - INFO - Processed 64 valid requests and 0 errors (64 total).
2026-09-21 20:12:17.543 - records_manager - INFO - Received all records, processing now...
2026-09-21 20:12:17.554 - server_metrics_manager - INFO - Server Metrics: Profiling complete, capturing final metrics...
2026-09-21 20:12:17.556 - records_manager - INFO - Waiting 1.9s for server metrics flush period...
2026-09-21 20:12:19.478 - records_manager - INFO - Processing records results...
2026-09-21 20:12:20.492 - system_controller - INFO - Waiting for result domains: server_metrics
2026-09-21 20:12:20.937 - records_manager - INFO - _finalize_and_process_results completed
2026-09-21 20:12:20.969 - system_controller - INFO - All results received, initiating shutdown
2026-09-21 20:12:21.573 - ExporterManager - INFO - Exporting all records
2026-09-21 20:12:21.757 - ExporterManager - INFO - Exporting console data
