2026-09-21 20:23:45.521 - aiperf.cli_runner._single_run - INFO - Starting AIPerf System
2026-09-21 20:23:45.549 - aiperf.config.resolution.resolvers - INFO - [OK] Tokenizer swiss-ai/Apertus-v1.5-8B detected
2026-09-21 20:23:45.549 - aiperf.config.resolution.resolvers - INFO - 1 tokenizer validated | 0.0s
2026-09-21 20:23:45.549 - aiperf.config.resolution.resolvers - INFO - HF cache hit (skipping prefetch): ['swiss-ai/Apertus-v1.5-8B']
2026-09-21 20:23:46.066 - server_metrics_manager - INFO - Server Metrics: Discovered 1 endpoints: ['http://localhost:8090/metrics']
2026-09-21 20:23:46.088 - GPUTelemetryJSONLWriter_1ebce235 - INFO - GPU telemetry export enabled: /results/dyn-2w-kv/chat/c2/gpu_telemetry_export.jsonl
2026-09-21 20:23:46.096 - OTelMetricsResultsProcessor_07560ea8 - INFO - Telemetry streaming is disabled (set --otel-url and/or --mlflow-tracking-uri to enable)
2026-09-21 20:23:46.096 - RecordExportJSONLWriter_6804eebb - INFO - Record metrics export enabled: /results/dyn-2w-kv/chat/c2/profile_export.jsonl
2026-09-21 20:23:46.130 - system_controller - INFO - Registered Worker Manager (id: 'worker_manager')
2026-09-21 20:23:46.158 - system_controller - INFO - Registered Gpu Telemetry Manager (id: 'gpu_telemetry_manager')
2026-09-21 20:23:46.169 - system_controller - INFO - Registered Dataset Manager (id: 'dataset_manager')
2026-09-21 20:23:46.174 - system_controller - INFO - Registered Server Metrics Manager (id: 'server_metrics_manager')
2026-09-21 20:23:46.205 - system_controller - INFO - Registered Records Manager (id: 'records_manager')
2026-09-21 20:23:46.285 - system_controller - INFO - Registered Record Processor (id: 'record_processor_d5d1fe14')
2026-09-21 20:23:46.315 - system_controller - INFO - Registered Timing Manager (id: 'timing_manager')
2026-09-21 20:23:46.458 - system_controller - INFO - Registered Worker (id: 'worker_41dc8b7c')
2026-09-21 20:23:46.466 - system_controller - INFO - Registered Worker (id: 'worker_006b8964')
2026-09-21 20:23:46.519 - system_controller - INFO - AIPerf System is CONFIGURING
2026-09-21 20:23:46.519 - system_controller - INFO - Configuring all services to start profiling
2026-09-21 20:23:46.522 - InferenceResultParser_63b53e89 - INFO - Configuring tokenizers for inference result parser (resolve_alias: True)
2026-09-21 20:23:46.521 - timing_manager - INFO - Waiting for dataset to be configured before configuring timing
2026-09-21 20:23:46.523 - dataset_manager - INFO - Configuring tokenizer(s) for dataset manager
2026-09-21 20:23:46.534 - server_metrics_manager - INFO - Server Metrics: Capturing baseline metrics...
2026-09-21 20:23:46.567 - gpu_telemetry_manager - WARNING - GPU Telemetry: http://localhost:9400/metrics is not reachable
2026-09-21 20:23:46.570 - gpu_telemetry_manager - WARNING - GPU Telemetry: http://localhost:9401/metrics is not reachable
2026-09-21 20:23:46.572 - system_controller - INFO - DCGM telemetry skipped: no telemetry sources reachable
2026-09-21 20:23:46.572 - system_controller - INFO - Waiting for result domains: profile, server_metrics
2026-09-21 20:23:46.578 - system_controller - INFO - Server metrics enabled - 1/1 endpoint(s) reachable.
2026-09-21 20:23:48.124 - httpx - INFO - HTTP Request: HEAD https://huggingface.co/swiss-ai/Apertus-v1.5-8B/resolve/main/config.json "HTTP/1.1 200 OK"
2026-09-21 20:23:48.176 - httpx - INFO - HTTP Request: HEAD https://huggingface.co/swiss-ai/Apertus-v1.5-8B/resolve/main/config.json "HTTP/1.1 200 OK"
2026-09-21 20:23:48.213 - httpx - INFO - HTTP Request: HEAD https://huggingface.co/swiss-ai/Apertus-v1.5-8B/resolve/main/config.json "HTTP/1.1 200 OK"
2026-09-21 20:23:48.272 - httpx - INFO - HTTP Request: HEAD https://huggingface.co/swiss-ai/Apertus-v1.5-8B/resolve/main/config.json "HTTP/1.1 200 OK"
2026-09-21 20:23:48.306 - httpx - INFO - HTTP Request: HEAD https://huggingface.co/swiss-ai/Apertus-v1.5-8B/resolve/main/tokenizer_config.json "HTTP/1.1 200 OK"
2026-09-21 20:23:48.365 - httpx - INFO - HTTP Request: HEAD https://huggingface.co/swiss-ai/Apertus-v1.5-8B/resolve/main/tokenizer_config.json "HTTP/1.1 200 OK"
2026-09-21 20:23:48.399 - httpx - INFO - HTTP Request: GET https://huggingface.co/api/models/swiss-ai/Apertus-v1.5-8B/tree/main/additional_chat_templates?recursive=false&expand=false "HTTP/1.1 404 Not Found"
2026-09-21 20:23:48.456 - httpx - INFO - HTTP Request: GET https://huggingface.co/api/models/swiss-ai/Apertus-v1.5-8B/tree/main/additional_chat_templates?recursive=false&expand=false "HTTP/1.1 404 Not Found"
2026-09-21 20:23:48.494 - httpx - INFO - HTTP Request: GET https://huggingface.co/api/models/swiss-ai/Apertus-v1.5-8B/tree/main?recursive=true&expand=false "HTTP/1.1 200 OK"
2026-09-21 20:23:48.552 - httpx - INFO - HTTP Request: GET https://huggingface.co/api/models/swiss-ai/Apertus-v1.5-8B/tree/main?recursive=true&expand=false "HTTP/1.1 200 OK"
2026-09-21 20:23:54.376 - httpx - INFO - HTTP Request: GET https://huggingface.co/api/models/swiss-ai/Apertus-v1.5-8B "HTTP/1.1 200 OK"
2026-09-21 20:23:54.475 - InferenceResultParser_63b53e89 - INFO - Initialized tokenizers: {'swiss-ai/Apertus-v1.5-8B': {'class': 'TokenizersBackend', 'name_or_path': 'swiss-ai/Apertus-v1.5-8B'}} in 7.95 seconds
2026-09-21 20:23:54.804 - httpx - INFO - HTTP Request: GET https://huggingface.co/api/models/swiss-ai/Apertus-v1.5-8B "HTTP/1.1 200 OK"
2026-09-21 20:23:54.937 - dataset_manager - INFO - Tokenizer(s) configured in 8.41 seconds
2026-09-21 20:23:54.938 - dataset_manager - INFO - Configuring dataset for dataset_manager
2026-09-21 20:23:55.682 - MemoryMapDatasetBackingStore_7f71779a - INFO - Memory-mapped backing store initialized (streaming to /tmp/aiperf_mmap_3dc18c279e84/dataset.dat)
2026-09-21 20:23:55.693 - MemoryMapDatasetBackingStore_7f71779a - INFO - Data file finalized: 64 conversations, 0.18 MB
2026-09-21 20:23:55.695 - MemoryMapDatasetBackingStore_7f71779a - INFO - Index file created: /tmp/aiperf_mmap_3dc18c279e84/index.dat
2026-09-21 20:23:55.695 - dataset_manager - INFO - Backing store finalized: client_type=DatasetClientStoreType.MEMORY_MAP format=MemoryMapFormat.CONVERSATION data_file_path=PosixPath('/tmp/aiperf_mmap_3dc18c279e84/dataset.dat') index_file_path=PosixPath('/tmp/aiperf_mmap_3dc18c279e84/index.dat') conversation_count=64 total_size_bytes=190265 compressed=False compressed_data_file_path=None compressed_index_file_path=None compressed_size_bytes=0
2026-09-21 20:23:55.698 - dataset_manager - INFO - sampling strategy: sequential, unique conversations: 64, unique turn count: 64
2026-09-21 20:23:55.700 - dataset_manager - INFO - Generating inputs.json file at /results/dyn-2w-kv/chat/c2/inputs.json
2026-09-21 20:23:55.706 - PhaseOrchestrator_eefb208d - INFO - Initialized 2 phase(s): ['Warmup', 'Profiling']
2026-09-21 20:23:55.709 - dataset_manager - INFO - inputs.json file generated in 0.01 seconds
2026-09-21 20:23:55.890 - dataset_manager - INFO - Dataset client initialized and freed 64 conversations from memory
2026-09-21 20:23:55.891 - dataset_manager - INFO - Dataset configured in 0.95 seconds
2026-09-21 20:23:55.892 - system_controller - INFO - All services configured in 9.37 seconds
2026-09-21 20:23:55.893 - system_controller - INFO - AIPerf System is CONFIGURED
2026-09-21 20:23:55.895 - server_metrics_manager - INFO - Server Metrics: Started 1 collector(s) successfully
2026-09-21 20:23:55.897 - system_controller - INFO - All services started profiling successfully
2026-09-21 20:23:55.897 - system_controller - INFO - AIPerf System is PROFILING
2026-09-21 20:23:55.901 - RateTiming - INFO - Creating interval generator: pattern=concurrency_burst, rate=None, smoothness=None
2026-09-21 20:23:55.902 - PhaseRunner - NOTICE - Phase warmup (warmup) started | phase_index=0 | target: 2 requests
2026-09-21 20:23:55.904 - PhaseRunner - NOTICE - Phase warmup (warmup) sending complete | sent=2, completed=0, in_flight=2 | sessions: sent=2, completed=0
2026-09-21 20:23:55.904 - records_manager - INFO - Credit phase start: warmup
2026-09-21 20:23:57.589 - PhaseRunner - NOTICE - Phase warmup (warmup) complete | completed=2, cancelled=0, errors=0 | sessions: completed=2, cancelled=0 | elapsed=1.69s
2026-09-21 20:23:57.590 - RateTiming - INFO - Creating interval generator: pattern=concurrency_burst, rate=None, smoothness=None
2026-09-21 20:23:57.591 - server_metrics_manager - INFO - Server Metrics: Warmup complete, capturing final warmup metrics...
2026-09-21 20:23:57.591 - PhaseRunner - NOTICE - Phase profiling (profiling) started | phase_index=1 | profiling_index=0 | target: 64 requests
2026-09-21 20:23:57.674 - records_manager - INFO - Credit phase start: profiling
2026-09-21 20:24:10.508 - aiperf.metrics.types.osl_mismatch_metrics - WARNING - OSL mismatch: got 171 tokens (requested 256, diff -33.2%)
2026-09-21 20:24:15.298 - aiperf.metrics.types.osl_mismatch_metrics - WARNING - OSL mismatch: got 192 tokens (requested 256, diff -25.0%)
2026-09-21 20:24:47.378 - PhaseRunner - NOTICE - Phase profiling (profiling) sending complete | sent=64, completed=62, in_flight=2 | sessions: sent=64, completed=62
2026-09-21 20:24:47.380 - records_manager - INFO - Sent 64 requests. Waiting for all to complete...
2026-09-21 20:24:48.985 - PhaseRunner - NOTICE - Phase profiling (profiling) complete | completed=64, cancelled=0, errors=0 | sessions: completed=64, cancelled=0 | elapsed=51.39s
2026-09-21 20:24:48.986 - PhaseOrchestrator_eefb208d - NOTICE - All credits completed
2026-09-21 20:24:48.987 - system_controller - INFO - Received credits complete from 'timing_manager'
2026-09-21 20:24:48.995 - aiperf.metrics.types.osl_mismatch_metrics - WARNING - OSL mismatch: got 174 tokens (requested 256, diff -32.0%)
2026-09-21 20:24:48.999 - records_manager - INFO - Received CREDIT_PHASE_COMPLETE message, Phase complete: PhaseRecordsStats(phase=CreditPhase.PROFILING, phase_index=1, profiling_index=0, phase_name='profiling', phase_kind='profiling', start_ns=1790022237591285342, sent_end_ns=1790022287378865825, requests_end_ns=1790022288984637050, baseline_start_ns=1790022237591250267, baseline_end_ns=1790022288984679929, total_expected_requests=64, expected_duration_sec=None, expected_num_sessions=None, expected_grace_period_sec=None, final_requests_sent=None, final_requests_completed=64, final_requests_cancelled=0, final_request_errors=0, final_sent_sessions=None, final_completed_sessions=None, final_cancelled_sessions=None, timeout_triggered=False, grace_period_timeout_triggered=False, was_cancelled=False, records_end_ns=None, success_records=62, error_records=0)
2026-09-21 20:24:48.999 - records_manager - NOTICE - All requests have completed, please wait for the results to be processed (currently 62 of 64 records processed)...
2026-09-21 20:24:49.000 - records_manager - INFO - All credits complete, please wait for the results to be processed...
2026-09-21 20:24:49.004 - aiperf.metrics.types.osl_mismatch_metrics - WARNING - OSL mismatch: got 231 tokens (requested 256, diff -9.8%)
2026-09-21 20:24:49.008 - records_manager - INFO - Processed 64 valid requests and 0 errors (64 total).
2026-09-21 20:24:49.008 - records_manager - INFO - Received all records, processing now...
2026-09-21 20:24:49.013 - records_manager - INFO - Waiting 2.0s for server metrics flush period...
2026-09-21 20:24:49.037 - server_metrics_manager - INFO - Server Metrics: Profiling complete, capturing final metrics...
2026-09-21 20:24:50.985 - records_manager - INFO - Processing records results...
2026-09-21 20:24:52.576 - system_controller - INFO - Waiting for result domains: server_metrics
2026-09-21 20:24:53.384 - records_manager - INFO - _finalize_and_process_results completed
2026-09-21 20:24:53.427 - system_controller - INFO - All results received, initiating shutdown
2026-09-21 20:24:54.034 - ExporterManager - INFO - Exporting all records
2026-09-21 20:24:54.218 - ExporterManager - INFO - Exporting console data
