2026-09-21 19:53:38.394 - aiperf.cli_runner._single_run - INFO - Starting AIPerf System
2026-09-21 19:53:38.421 - aiperf.config.resolution.resolvers - INFO - [OK] Tokenizer swiss-ai/Apertus-v1.5-8B detected
2026-09-21 19:53:38.421 - aiperf.config.resolution.resolvers - INFO - 1 tokenizer validated | 0.0s
2026-09-21 19:53:38.421 - aiperf.config.resolution.resolvers - INFO - HF cache hit (skipping prefetch): ['swiss-ai/Apertus-v1.5-8B']
2026-09-21 19:53:38.933 - server_metrics_manager - INFO - Server Metrics: Discovered 1 endpoints: ['http://localhost:8090/metrics']
2026-09-21 19:53:38.958 - GPUTelemetryJSONLWriter_d37a617b - INFO - GPU telemetry export enabled: /results/dyn-1w/rag/c64/gpu_telemetry_export.jsonl
2026-09-21 19:53:38.967 - OTelMetricsResultsProcessor_c54951d9 - INFO - Telemetry streaming is disabled (set --otel-url and/or --mlflow-tracking-uri to enable)
2026-09-21 19:53:38.968 - RecordExportJSONLWriter_fec5172c - INFO - Record metrics export enabled: /results/dyn-1w/rag/c64/profile_export.jsonl
2026-09-21 19:53:38.997 - system_controller - INFO - Registered Worker Manager (id: 'worker_manager')
2026-09-21 19:53:39.170 - system_controller - INFO - Registered Gpu Telemetry Manager (id: 'gpu_telemetry_manager')
2026-09-21 19:53:39.170 - system_controller - INFO - Registered Server Metrics Manager (id: 'server_metrics_manager')
2026-09-21 19:53:39.170 - system_controller - INFO - Registered Dataset Manager (id: 'dataset_manager')
2026-09-21 19:53:39.170 - system_controller - INFO - Registered Records Manager (id: 'records_manager')
2026-09-21 19:53:39.191 - system_controller - INFO - Registered Timing Manager (id: 'timing_manager')
2026-09-21 19:53:39.260 - system_controller - INFO - Registered Record Processor (id: 'record_processor_4d38691b')
2026-09-21 19:53:39.272 - system_controller - INFO - Registered Record Processor (id: 'record_processor_ec613396')
2026-09-21 19:53:39.276 - system_controller - INFO - Registered Record Processor (id: 'record_processor_c9cf67a9')
2026-09-21 19:53:39.278 - system_controller - INFO - Registered Record Processor (id: 'record_processor_9d893f58')
2026-09-21 19:53:39.280 - system_controller - INFO - Registered Record Processor (id: 'record_processor_6a3364ea')
2026-09-21 19:53:39.285 - system_controller - INFO - Registered Record Processor (id: 'record_processor_7982633c')
2026-09-21 19:53:39.291 - system_controller - INFO - Registered Record Processor (id: 'record_processor_f198c332')
2026-09-21 19:53:39.292 - system_controller - INFO - Registered Record Processor (id: 'record_processor_182a828d')
2026-09-21 19:53:39.318 - system_controller - INFO - Registered Worker (id: 'worker_49597e96')
2026-09-21 19:53:39.339 - system_controller - INFO - Registered Worker (id: 'worker_7d2df55b')
2026-09-21 19:53:39.350 - system_controller - INFO - Registered Worker (id: 'worker_f2878f71')
2026-09-21 19:53:39.351 - system_controller - INFO - Registered Worker (id: 'worker_5a2abf91')
2026-09-21 19:53:39.353 - system_controller - INFO - Registered Worker (id: 'worker_58379f8c')
2026-09-21 19:53:39.357 - system_controller - INFO - Registered Worker (id: 'worker_631e6f1f')
2026-09-21 19:53:39.360 - system_controller - INFO - Registered Worker (id: 'worker_4649c041')
2026-09-21 19:53:39.363 - system_controller - INFO - Registered Worker (id: 'worker_86716b10')
2026-09-21 19:53:39.365 - system_controller - INFO - Registered Worker (id: 'worker_48fe41d9')
2026-09-21 19:53:39.365 - system_controller - INFO - Registered Worker (id: 'worker_d646d38f')
2026-09-21 19:53:39.370 - system_controller - INFO - Registered Worker (id: 'worker_e2f30412')
2026-09-21 19:53:39.371 - system_controller - INFO - Registered Worker (id: 'worker_d5b454c4')
2026-09-21 19:53:39.373 - system_controller - INFO - Registered Worker (id: 'worker_15e21fa7')
2026-09-21 19:53:39.377 - system_controller - INFO - Registered Worker (id: 'worker_f71cb956')
2026-09-21 19:53:39.381 - system_controller - INFO - Registered Worker (id: 'worker_50db5f9e')
2026-09-21 19:53:39.386 - system_controller - INFO - Registered Worker (id: 'worker_0a33d472')
2026-09-21 19:53:39.387 - system_controller - INFO - AIPerf System is CONFIGURING
2026-09-21 19:53:39.387 - system_controller - INFO - Configuring all services to start profiling
2026-09-21 19:53:39.389 - timing_manager - INFO - Waiting for dataset to be configured before configuring timing
2026-09-21 19:53:39.389 - InferenceResultParser_7f35787f - INFO - Configuring tokenizers for inference result parser (resolve_alias: True)
2026-09-21 19:53:39.389 - InferenceResultParser_eda2298e - INFO - Configuring tokenizers for inference result parser (resolve_alias: True)
2026-09-21 19:53:39.389 - InferenceResultParser_6c8f2c01 - INFO - Configuring tokenizers for inference result parser (resolve_alias: True)
2026-09-21 19:53:39.389 - InferenceResultParser_3da8b1c8 - INFO - Configuring tokenizers for inference result parser (resolve_alias: True)
2026-09-21 19:53:39.389 - InferenceResultParser_2e246c7c - INFO - Configuring tokenizers for inference result parser (resolve_alias: True)
2026-09-21 19:53:39.389 - InferenceResultParser_327aa6c5 - INFO - Configuring tokenizers for inference result parser (resolve_alias: True)
2026-09-21 19:53:39.389 - InferenceResultParser_85d4030e - INFO - Configuring tokenizers for inference result parser (resolve_alias: True)
2026-09-21 19:53:39.389 - InferenceResultParser_f63a83c3 - INFO - Configuring tokenizers for inference result parser (resolve_alias: True)
2026-09-21 19:53:39.391 - dataset_manager - INFO - Configuring tokenizer(s) for dataset manager
2026-09-21 19:53:39.392 - system_controller - INFO - Registered Worker (id: 'worker_9c706a7c')
2026-09-21 19:53:39.393 - system_controller - INFO - Registered Worker (id: 'worker_6f9bf520')
2026-09-21 19:53:39.393 - system_controller - INFO - Registered Worker (id: 'worker_2da534f6')
2026-09-21 19:53:39.396 - system_controller - INFO - Registered Worker (id: 'worker_0dcbb617')
2026-09-21 19:53:39.397 - system_controller - INFO - Registered Worker (id: 'worker_69271c21')
2026-09-21 19:53:39.398 - server_metrics_manager - INFO - Server Metrics: Capturing baseline metrics...
2026-09-21 19:53:39.404 - system_controller - INFO - Registered Worker (id: 'worker_f9e806da')
2026-09-21 19:53:39.416 - system_controller - INFO - Registered Worker (id: 'worker_e0eb661b')
2026-09-21 19:53:39.417 - system_controller - INFO - Registered Worker (id: 'worker_1a7895c6')
2026-09-21 19:53:39.418 - system_controller - INFO - Registered Worker (id: 'worker_41c88bd4')
2026-09-21 19:53:39.419 - system_controller - INFO - Registered Worker (id: 'worker_2fb6f5e0')
2026-09-21 19:53:39.421 - system_controller - INFO - Registered Worker (id: 'worker_17b38e96')
2026-09-21 19:53:39.425 - system_controller - INFO - Registered Worker (id: 'worker_b87a09d4')
2026-09-21 19:53:39.426 - gpu_telemetry_manager - WARNING - GPU Telemetry: http://localhost:9400/metrics is not reachable
2026-09-21 19:53:39.428 - gpu_telemetry_manager - WARNING - GPU Telemetry: http://localhost:9401/metrics is not reachable
2026-09-21 19:53:39.430 - system_controller - INFO - DCGM telemetry skipped: no telemetry sources reachable
2026-09-21 19:53:39.430 - system_controller - INFO - Waiting for result domains: profile, server_metrics
2026-09-21 19:53:39.433 - system_controller - INFO - Registered Worker (id: 'worker_a6dcffd8')
2026-09-21 19:53:39.434 - system_controller - INFO - Registered Worker (id: 'worker_e44d7618')
2026-09-21 19:53:39.434 - system_controller - INFO - Registered Worker (id: 'worker_573e49e4')
2026-09-21 19:53:39.435 - system_controller - INFO - Registered Worker (id: 'worker_c11b3790')
2026-09-21 19:53:39.441 - system_controller - INFO - Server metrics enabled - 1/1 endpoint(s) reachable.
2026-09-21 19:53:41.274 - httpx - INFO - HTTP Request: HEAD https://huggingface.co/swiss-ai/Apertus-v1.5-8B/resolve/main/config.json "HTTP/1.1 200 OK"
2026-09-21 19:53:41.321 - httpx - INFO - HTTP Request: HEAD https://huggingface.co/swiss-ai/Apertus-v1.5-8B/resolve/main/config.json "HTTP/1.1 200 OK"
2026-09-21 19:53:41.369 - httpx - INFO - HTTP Request: HEAD https://huggingface.co/swiss-ai/Apertus-v1.5-8B/resolve/main/config.json "HTTP/1.1 200 OK"
2026-09-21 19:53:41.372 - httpx - INFO - HTTP Request: HEAD https://huggingface.co/swiss-ai/Apertus-v1.5-8B/resolve/main/config.json "HTTP/1.1 200 OK"
2026-09-21 19:53:41.376 - httpx - INFO - HTTP Request: HEAD https://huggingface.co/swiss-ai/Apertus-v1.5-8B/resolve/main/config.json "HTTP/1.1 200 OK"
2026-09-21 19:53:41.377 - httpx - INFO - HTTP Request: HEAD https://huggingface.co/swiss-ai/Apertus-v1.5-8B/resolve/main/config.json "HTTP/1.1 200 OK"
2026-09-21 19:53:41.379 - httpx - INFO - HTTP Request: HEAD https://huggingface.co/swiss-ai/Apertus-v1.5-8B/resolve/main/config.json "HTTP/1.1 200 OK"
2026-09-21 19:53:41.379 - httpx - INFO - HTTP Request: HEAD https://huggingface.co/swiss-ai/Apertus-v1.5-8B/resolve/main/config.json "HTTP/1.1 200 OK"
2026-09-21 19:53:41.383 - httpx - INFO - HTTP Request: HEAD https://huggingface.co/swiss-ai/Apertus-v1.5-8B/resolve/main/config.json "HTTP/1.1 200 OK"
2026-09-21 19:53:41.467 - httpx - INFO - HTTP Request: HEAD https://huggingface.co/swiss-ai/Apertus-v1.5-8B/resolve/main/config.json "HTTP/1.1 200 OK"
2026-09-21 19:53:41.501 - httpx - INFO - HTTP Request: HEAD https://huggingface.co/swiss-ai/Apertus-v1.5-8B/resolve/main/config.json "HTTP/1.1 200 OK"
2026-09-21 19:53:41.558 - httpx - INFO - HTTP Request: HEAD https://huggingface.co/swiss-ai/Apertus-v1.5-8B/resolve/main/config.json "HTTP/1.1 200 OK"
2026-09-21 19:53:41.565 - httpx - INFO - HTTP Request: HEAD https://huggingface.co/swiss-ai/Apertus-v1.5-8B/resolve/main/config.json "HTTP/1.1 200 OK"
2026-09-21 19:53:41.566 - httpx - INFO - HTTP Request: HEAD https://huggingface.co/swiss-ai/Apertus-v1.5-8B/resolve/main/config.json "HTTP/1.1 200 OK"
2026-09-21 19:53:41.567 - httpx - INFO - HTTP Request: HEAD https://huggingface.co/swiss-ai/Apertus-v1.5-8B/resolve/main/config.json "HTTP/1.1 200 OK"
2026-09-21 19:53:41.573 - httpx - INFO - HTTP Request: HEAD https://huggingface.co/swiss-ai/Apertus-v1.5-8B/resolve/main/config.json "HTTP/1.1 200 OK"
2026-09-21 19:53:41.650 - httpx - INFO - HTTP Request: HEAD https://huggingface.co/swiss-ai/Apertus-v1.5-8B/resolve/main/tokenizer_config.json "HTTP/1.1 200 OK"
2026-09-21 19:53:41.678 - httpx - INFO - HTTP Request: HEAD https://huggingface.co/swiss-ai/Apertus-v1.5-8B/resolve/main/tokenizer_config.json "HTTP/1.1 200 OK"
2026-09-21 19:53:41.715 - httpx - INFO - HTTP Request: HEAD https://huggingface.co/swiss-ai/Apertus-v1.5-8B/resolve/main/tokenizer_config.json "HTTP/1.1 200 OK"
2026-09-21 19:53:41.715 - httpx - INFO - HTTP Request: HEAD https://huggingface.co/swiss-ai/Apertus-v1.5-8B/resolve/main/tokenizer_config.json "HTTP/1.1 200 OK"
2026-09-21 19:53:41.717 - httpx - INFO - HTTP Request: HEAD https://huggingface.co/swiss-ai/Apertus-v1.5-8B/resolve/main/tokenizer_config.json "HTTP/1.1 200 OK"
2026-09-21 19:53:41.718 - httpx - INFO - HTTP Request: HEAD https://huggingface.co/swiss-ai/Apertus-v1.5-8B/resolve/main/tokenizer_config.json "HTTP/1.1 200 OK"
2026-09-21 19:53:41.732 - httpx - INFO - HTTP Request: HEAD https://huggingface.co/swiss-ai/Apertus-v1.5-8B/resolve/main/tokenizer_config.json "HTTP/1.1 200 OK"
2026-09-21 19:53:41.808 - httpx - INFO - HTTP Request: GET https://huggingface.co/api/models/swiss-ai/Apertus-v1.5-8B/tree/main/additional_chat_templates?recursive=false&expand=false "HTTP/1.1 404 Not Found"
2026-09-21 19:53:41.820 - httpx - INFO - HTTP Request: HEAD https://huggingface.co/swiss-ai/Apertus-v1.5-8B/resolve/main/config.json "HTTP/1.1 200 OK"
2026-09-21 19:53:41.835 - httpx - INFO - HTTP Request: HEAD https://huggingface.co/swiss-ai/Apertus-v1.5-8B/resolve/main/config.json "HTTP/1.1 200 OK"
2026-09-21 19:53:41.842 - httpx - INFO - HTTP Request: GET https://huggingface.co/api/models/swiss-ai/Apertus-v1.5-8B/tree/main/additional_chat_templates?recursive=false&expand=false "HTTP/1.1 404 Not Found"
2026-09-21 19:53:41.875 - httpx - INFO - HTTP Request: GET https://huggingface.co/api/models/swiss-ai/Apertus-v1.5-8B/tree/main/additional_chat_templates?recursive=false&expand=false "HTTP/1.1 404 Not Found"
2026-09-21 19:53:41.875 - httpx - INFO - HTTP Request: GET https://huggingface.co/api/models/swiss-ai/Apertus-v1.5-8B/tree/main/additional_chat_templates?recursive=false&expand=false "HTTP/1.1 404 Not Found"
2026-09-21 19:53:41.878 - httpx - INFO - HTTP Request: GET https://huggingface.co/api/models/swiss-ai/Apertus-v1.5-8B/tree/main/additional_chat_templates?recursive=false&expand=false "HTTP/1.1 404 Not Found"
2026-09-21 19:53:41.886 - httpx - INFO - HTTP Request: GET https://huggingface.co/api/models/swiss-ai/Apertus-v1.5-8B/tree/main/additional_chat_templates?recursive=false&expand=false "HTTP/1.1 404 Not Found"
2026-09-21 19:53:41.890 - httpx - INFO - HTTP Request: GET https://huggingface.co/api/models/swiss-ai/Apertus-v1.5-8B/tree/main/additional_chat_templates?recursive=false&expand=false "HTTP/1.1 404 Not Found"
2026-09-21 19:53:41.977 - httpx - INFO - HTTP Request: GET https://huggingface.co/api/models/swiss-ai/Apertus-v1.5-8B/tree/main?recursive=true&expand=false "HTTP/1.1 200 OK"
2026-09-21 19:53:41.993 - httpx - INFO - HTTP Request: HEAD https://huggingface.co/swiss-ai/Apertus-v1.5-8B/resolve/main/tokenizer_config.json "HTTP/1.1 200 OK"
2026-09-21 19:53:41.994 - httpx - INFO - HTTP Request: HEAD https://huggingface.co/swiss-ai/Apertus-v1.5-8B/resolve/main/tokenizer_config.json "HTTP/1.1 200 OK"
2026-09-21 19:53:42.007 - httpx - INFO - HTTP Request: GET https://huggingface.co/api/models/swiss-ai/Apertus-v1.5-8B/tree/main?recursive=true&expand=false "HTTP/1.1 200 OK"
2026-09-21 19:53:42.038 - httpx - INFO - HTTP Request: GET https://huggingface.co/api/models/swiss-ai/Apertus-v1.5-8B/tree/main?recursive=true&expand=false "HTTP/1.1 200 OK"
2026-09-21 19:53:42.041 - httpx - INFO - HTTP Request: GET https://huggingface.co/api/models/swiss-ai/Apertus-v1.5-8B/tree/main?recursive=true&expand=false "HTTP/1.1 200 OK"
2026-09-21 19:53:42.042 - httpx - INFO - HTTP Request: GET https://huggingface.co/api/models/swiss-ai/Apertus-v1.5-8B/tree/main?recursive=true&expand=false "HTTP/1.1 200 OK"
2026-09-21 19:53:42.050 - httpx - INFO - HTTP Request: GET https://huggingface.co/api/models/swiss-ai/Apertus-v1.5-8B/tree/main?recursive=true&expand=false "HTTP/1.1 200 OK"
2026-09-21 19:53:42.057 - httpx - INFO - HTTP Request: GET https://huggingface.co/api/models/swiss-ai/Apertus-v1.5-8B/tree/main?recursive=true&expand=false "HTTP/1.1 200 OK"
2026-09-21 19:53:42.161 - httpx - INFO - HTTP Request: GET https://huggingface.co/api/models/swiss-ai/Apertus-v1.5-8B/tree/main/additional_chat_templates?recursive=false&expand=false "HTTP/1.1 404 Not Found"
2026-09-21 19:53:42.170 - httpx - INFO - HTTP Request: GET https://huggingface.co/api/models/swiss-ai/Apertus-v1.5-8B/tree/main/additional_chat_templates?recursive=false&expand=false "HTTP/1.1 404 Not Found"
2026-09-21 19:53:42.304 - httpx - INFO - HTTP Request: GET https://huggingface.co/api/models/swiss-ai/Apertus-v1.5-8B/tree/main?recursive=true&expand=false "HTTP/1.1 200 OK"
2026-09-21 19:53:42.315 - httpx - INFO - HTTP Request: GET https://huggingface.co/api/models/swiss-ai/Apertus-v1.5-8B/tree/main?recursive=true&expand=false "HTTP/1.1 200 OK"
2026-09-21 19:53:46.359 - httpx - INFO - HTTP Request: GET https://huggingface.co/api/models/swiss-ai/Apertus-v1.5-8B "HTTP/1.1 200 OK"
2026-09-21 19:53:46.462 - InferenceResultParser_7f35787f - INFO - Initialized tokenizers: {'swiss-ai/Apertus-v1.5-8B': {'class': 'TokenizersBackend', 'name_or_path': 'swiss-ai/Apertus-v1.5-8B'}} in 7.07 seconds
2026-09-21 19:53:47.741 - httpx - INFO - HTTP Request: GET https://huggingface.co/api/models/swiss-ai/Apertus-v1.5-8B "HTTP/1.1 200 OK"
2026-09-21 19:53:47.871 - InferenceResultParser_2e246c7c - INFO - Initialized tokenizers: {'swiss-ai/Apertus-v1.5-8B': {'class': 'TokenizersBackend', 'name_or_path': 'swiss-ai/Apertus-v1.5-8B'}} in 8.48 seconds
2026-09-21 19:53:48.437 - httpx - INFO - HTTP Request: GET https://huggingface.co/api/models/swiss-ai/Apertus-v1.5-8B "HTTP/1.1 200 OK"
2026-09-21 19:53:48.560 - InferenceResultParser_6c8f2c01 - INFO - Initialized tokenizers: {'swiss-ai/Apertus-v1.5-8B': {'class': 'TokenizersBackend', 'name_or_path': 'swiss-ai/Apertus-v1.5-8B'}} in 9.17 seconds
2026-09-21 19:53:48.648 - httpx - INFO - HTTP Request: GET https://huggingface.co/api/models/swiss-ai/Apertus-v1.5-8B "HTTP/1.1 200 OK"
2026-09-21 19:53:48.664 - httpx - INFO - HTTP Request: GET https://huggingface.co/api/models/swiss-ai/Apertus-v1.5-8B "HTTP/1.1 200 OK"
2026-09-21 19:53:48.665 - httpx - INFO - HTTP Request: GET https://huggingface.co/api/models/swiss-ai/Apertus-v1.5-8B "HTTP/1.1 200 OK"
2026-09-21 19:53:48.719 - httpx - INFO - HTTP Request: GET https://huggingface.co/api/models/swiss-ai/Apertus-v1.5-8B "HTTP/1.1 200 OK"
2026-09-21 19:53:48.791 - InferenceResultParser_85d4030e - INFO - Initialized tokenizers: {'swiss-ai/Apertus-v1.5-8B': {'class': 'TokenizersBackend', 'name_or_path': 'swiss-ai/Apertus-v1.5-8B'}} in 9.40 seconds
2026-09-21 19:53:48.806 - dataset_manager - INFO - Tokenizer(s) configured in 9.41 seconds
2026-09-21 19:53:48.806 - dataset_manager - INFO - Configuring dataset for dataset_manager
2026-09-21 19:53:48.816 - httpx - INFO - HTTP Request: GET https://huggingface.co/api/models/swiss-ai/Apertus-v1.5-8B "HTTP/1.1 200 OK"
2026-09-21 19:53:48.819 - httpx - INFO - HTTP Request: GET https://huggingface.co/api/models/swiss-ai/Apertus-v1.5-8B "HTTP/1.1 200 OK"
2026-09-21 19:53:48.826 - InferenceResultParser_f63a83c3 - INFO - Initialized tokenizers: {'swiss-ai/Apertus-v1.5-8B': {'class': 'TokenizersBackend', 'name_or_path': 'swiss-ai/Apertus-v1.5-8B'}} in 9.44 seconds
2026-09-21 19:53:48.840 - InferenceResultParser_3da8b1c8 - INFO - Initialized tokenizers: {'swiss-ai/Apertus-v1.5-8B': {'class': 'TokenizersBackend', 'name_or_path': 'swiss-ai/Apertus-v1.5-8B'}} in 9.45 seconds
2026-09-21 19:53:48.960 - InferenceResultParser_327aa6c5 - INFO - Initialized tokenizers: {'swiss-ai/Apertus-v1.5-8B': {'class': 'TokenizersBackend', 'name_or_path': 'swiss-ai/Apertus-v1.5-8B'}} in 9.57 seconds
2026-09-21 19:53:48.974 - InferenceResultParser_eda2298e - INFO - Initialized tokenizers: {'swiss-ai/Apertus-v1.5-8B': {'class': 'TokenizersBackend', 'name_or_path': 'swiss-ai/Apertus-v1.5-8B'}} in 9.58 seconds
2026-09-21 19:53:50.003 - MemoryMapDatasetBackingStore_6acf34d1 - INFO - Memory-mapped backing store initialized (streaming to /tmp/aiperf_mmap_d331a73b2a1d/dataset.dat)
2026-09-21 19:53:50.249 - MemoryMapDatasetBackingStore_6acf34d1 - INFO - Data file finalized: 512 conversations, 15.26 MB
2026-09-21 19:53:50.251 - MemoryMapDatasetBackingStore_6acf34d1 - INFO - Index file created: /tmp/aiperf_mmap_d331a73b2a1d/index.dat
2026-09-21 19:53:50.251 - dataset_manager - INFO - Backing store finalized: client_type=DatasetClientStoreType.MEMORY_MAP format=MemoryMapFormat.CONVERSATION data_file_path=PosixPath('/tmp/aiperf_mmap_d331a73b2a1d/dataset.dat') index_file_path=PosixPath('/tmp/aiperf_mmap_d331a73b2a1d/index.dat') conversation_count=512 total_size_bytes=16002285 compressed=False compressed_data_file_path=None compressed_index_file_path=None compressed_size_bytes=0
2026-09-21 19:53:50.270 - dataset_manager - INFO - sampling strategy: sequential, unique conversations: 512, unique turn count: 512
2026-09-21 19:53:50.278 - dataset_manager - INFO - Generating inputs.json file at /results/dyn-1w/rag/c64/inputs.json
2026-09-21 19:53:50.339 - dataset_manager - INFO - inputs.json file generated in 0.06 seconds
2026-09-21 19:53:50.448 - PhaseOrchestrator_2ba499eb - INFO - Initialized 2 phase(s): ['Warmup', 'Profiling']
2026-09-21 19:53:50.450 - system_controller - WARNING - Received command response for service we were not expecting: worker_2da534f6. Ignoring.
2026-09-21 19:53:50.452 - system_controller - WARNING - Received command response for service we were not expecting: worker_6f9bf520. Ignoring.
2026-09-21 19:53:50.453 - system_controller - WARNING - Received command response for service we were not expecting: worker_0dcbb617. Ignoring.
2026-09-21 19:53:50.455 - system_controller - WARNING - Received command response for service we were not expecting: worker_2fb6f5e0. Ignoring.
2026-09-21 19:53:50.455 - system_controller - WARNING - Received command response for service we were not expecting: worker_9c706a7c. Ignoring.
2026-09-21 19:53:50.456 - system_controller - WARNING - Received command response for service we were not expecting: worker_f9e806da. Ignoring.
2026-09-21 19:53:50.458 - system_controller - WARNING - Received command response for service we were not expecting: worker_69271c21. Ignoring.
2026-09-21 19:53:50.458 - system_controller - WARNING - Received command response for service we were not expecting: worker_c11b3790. Ignoring.
2026-09-21 19:53:50.461 - system_controller - WARNING - Received command response for service we were not expecting: worker_b87a09d4. Ignoring.
2026-09-21 19:53:50.461 - system_controller - WARNING - Received command response for service we were not expecting: worker_1a7895c6. Ignoring.
2026-09-21 19:53:50.461 - system_controller - WARNING - Received command response for service we were not expecting: worker_573e49e4. Ignoring.
2026-09-21 19:53:50.462 - system_controller - WARNING - Received command response for service we were not expecting: worker_41c88bd4. Ignoring.
2026-09-21 19:53:50.463 - system_controller - WARNING - Received command response for service we were not expecting: worker_17b38e96. Ignoring.
2026-09-21 19:53:50.464 - system_controller - WARNING - Received command response for service we were not expecting: worker_a6dcffd8. Ignoring.
2026-09-21 19:53:50.467 - system_controller - WARNING - Received command response for service we were not expecting: worker_e0eb661b. Ignoring.
2026-09-21 19:53:50.470 - system_controller - WARNING - Received command response for service we were not expecting: worker_e44d7618. Ignoring.
2026-09-21 19:53:50.599 - dataset_manager - INFO - Dataset client initialized and freed 512 conversations from memory
2026-09-21 19:53:50.600 - dataset_manager - INFO - Dataset configured in 1.79 seconds
2026-09-21 19:53:50.601 - system_controller - INFO - All services configured in 11.21 seconds
2026-09-21 19:53:50.602 - system_controller - INFO - AIPerf System is CONFIGURED
2026-09-21 19:53:50.604 - server_metrics_manager - INFO - Server Metrics: Started 1 collector(s) successfully
2026-09-21 19:53:50.608 - RateTiming - INFO - Creating interval generator: pattern=concurrency_burst, rate=None, smoothness=None
2026-09-21 19:53:50.609 - PhaseRunner - NOTICE - Phase warmup (warmup) started | phase_index=0 | target: 64 requests
2026-09-21 19:53:50.609 - system_controller - INFO - All services started profiling successfully
2026-09-21 19:53:50.609 - system_controller - INFO - AIPerf System is PROFILING
2026-09-21 19:53:50.611 - records_manager - INFO - Credit phase start: warmup
2026-09-21 19:53:50.615 - PhaseRunner - NOTICE - Phase warmup (warmup) sending complete | sent=64, completed=0, in_flight=64 | sessions: sent=64, completed=0
2026-09-21 19:54:08.011 - PhaseRunner - NOTICE - Phase warmup (warmup) complete | completed=64, cancelled=0, errors=0 | sessions: completed=64, cancelled=0 | elapsed=17.40s
2026-09-21 19:54:08.013 - RateTiming - INFO - Creating interval generator: pattern=concurrency_burst, rate=None, smoothness=None
2026-09-21 19:54:08.013 - PhaseRunner - NOTICE - Phase profiling (profiling) started | phase_index=1 | profiling_index=0 | target: 512 requests
2026-09-21 19:54:08.017 - server_metrics_manager - INFO - Server Metrics: Warmup complete, capturing final warmup metrics...
2026-09-21 19:54:08.018 - records_manager - INFO - Credit phase start: profiling
2026-09-21 19:54:25.178 - aiperf.metrics.types.osl_mismatch_metrics - WARNING - OSL mismatch: got 225 tokens (requested 256, diff -12.1%)
2026-09-21 19:54:42.381 - aiperf.metrics.types.osl_mismatch_metrics - WARNING - OSL mismatch: got 204 tokens (requested 256, diff -20.3%)
2026-09-21 19:55:07.732 - aiperf.metrics.types.osl_mismatch_metrics - WARNING - OSL mismatch: got 240 tokens (requested 256, diff -6.2%)
2026-09-21 19:55:08.459 - aiperf.metrics.types.osl_mismatch_metrics - WARNING - OSL mismatch: got 201 tokens (requested 256, diff -21.5%)
2026-09-21 19:55:20.913 - aiperf.metrics.types.osl_mismatch_metrics - WARNING - OSL mismatch: got 231 tokens (requested 256, diff -9.8%)
2026-09-21 19:55:37.706 - aiperf.metrics.types.osl_mismatch_metrics - WARNING - OSL mismatch: got 243 tokens (requested 256, diff -5.1%)
2026-09-21 19:55:59.219 - aiperf.metrics.types.osl_mismatch_metrics - WARNING - OSL mismatch: got 235 tokens (requested 256, diff -8.2%)
2026-09-21 19:56:19.932 - PhaseRunner - NOTICE - Phase profiling (profiling) sending complete | sent=512, completed=448, in_flight=64 | sessions: sent=512, completed=448
2026-09-21 19:56:19.933 - records_manager - INFO - Sent 512 requests. Waiting for all to complete...
2026-09-21 19:56:27.939 - PhaseRunner - NOTICE - Phase profiling (profiling) complete | completed=512, cancelled=0, errors=0 | sessions: completed=512, cancelled=0 | elapsed=139.93s
2026-09-21 19:56:27.940 - PhaseOrchestrator_2ba499eb - NOTICE - All credits completed
2026-09-21 19:56:27.941 - records_manager - INFO - Received CREDIT_PHASE_COMPLETE message, Phase complete: PhaseRecordsStats(phase=CreditPhase.PROFILING, phase_index=1, profiling_index=0, phase_name='profiling', phase_kind='profiling', start_ns=1790020448013702481, sent_end_ns=1790020579931900560, requests_end_ns=1790020587938758015, baseline_start_ns=1790020448013662397, baseline_end_ns=1790020587938794802, total_expected_requests=512, expected_duration_sec=None, expected_num_sessions=None, expected_grace_period_sec=None, final_requests_sent=None, final_requests_completed=512, final_requests_cancelled=0, final_request_errors=0, final_sent_sessions=None, final_completed_sessions=None, final_cancelled_sessions=None, timeout_triggered=False, grace_period_timeout_triggered=False, was_cancelled=False, records_end_ns=None, success_records=497, error_records=0)
2026-09-21 19:56:27.942 - records_manager - NOTICE - All requests have completed, please wait for the results to be processed (currently 497 of 512 records processed)...
2026-09-21 19:56:27.942 - system_controller - INFO - Received credits complete from 'timing_manager'
2026-09-21 19:56:27.942 - records_manager - INFO - All credits complete, please wait for the results to be processed...
2026-09-21 19:56:28.016 - records_manager - INFO - Processed 512 valid requests and 0 errors (512 total).
2026-09-21 19:56:28.017 - records_manager - INFO - Received all records, processing now...
2026-09-21 19:56:28.022 - records_manager - INFO - Waiting 1.9s for server metrics flush period...
2026-09-21 19:56:28.067 - server_metrics_manager - INFO - Server Metrics: Profiling complete, capturing final metrics...
2026-09-21 19:56:29.939 - records_manager - INFO - Processing records results...
2026-09-21 19:56:33.929 - system_controller - INFO - Waiting for result domains: server_metrics
2026-09-21 19:56:35.588 - aiperf.server_metrics.export_stats - WARNING - Detected 1 counter reset(s) in counter metric with labels {'endpoint': 'chat_completions', 'model': 'swiss-ai/Apertus-v1.5-8B', 'request_type': 'stream'}. This typically indicates server restart(s) during profiling. Statistics may be inaccurate. Raw delta: 72.00
2026-09-21 19:56:35.882 - records_manager - INFO - _finalize_and_process_results completed
2026-09-21 19:56:35.947 - system_controller - INFO - All results received, initiating shutdown
2026-09-21 19:56:36.554 - ExporterManager - INFO - Exporting all records
2026-09-21 19:56:36.718 - ExporterManager - INFO - Exporting console data
