2026-09-21 20:27:17.581 - aiperf.cli_runner._single_run - INFO - Starting AIPerf System
2026-09-21 20:27:17.607 - aiperf.config.resolution.resolvers - INFO - [OK] Tokenizer swiss-ai/Apertus-v1.5-8B detected
2026-09-21 20:27:17.608 - aiperf.config.resolution.resolvers - INFO - 1 tokenizer validated | 0.0s
2026-09-21 20:27:17.608 - aiperf.config.resolution.resolvers - INFO - HF cache hit (skipping prefetch): ['swiss-ai/Apertus-v1.5-8B']
2026-09-21 20:27:18.111 - server_metrics_manager - INFO - Server Metrics: Discovered 1 endpoints: ['http://localhost:8090/metrics']
2026-09-21 20:27:18.132 - GPUTelemetryJSONLWriter_551441f3 - INFO - GPU telemetry export enabled: /results/dyn-2w-kv/chat/c64/gpu_telemetry_export.jsonl
2026-09-21 20:27:18.141 - OTelMetricsResultsProcessor_e7c12f97 - INFO - Telemetry streaming is disabled (set --otel-url and/or --mlflow-tracking-uri to enable)
2026-09-21 20:27:18.142 - RecordExportJSONLWriter_f22bf4d6 - INFO - Record metrics export enabled: /results/dyn-2w-kv/chat/c64/profile_export.jsonl
2026-09-21 20:27:18.177 - system_controller - INFO - Registered Worker Manager (id: 'worker_manager')
2026-09-21 20:27:18.394 - system_controller - INFO - Registered Gpu Telemetry Manager (id: 'gpu_telemetry_manager')
2026-09-21 20:27:18.395 - system_controller - INFO - Registered Server Metrics Manager (id: 'server_metrics_manager')
2026-09-21 20:27:18.395 - system_controller - INFO - Registered Dataset Manager (id: 'dataset_manager')
2026-09-21 20:27:18.395 - system_controller - INFO - Registered Records Manager (id: 'records_manager')
2026-09-21 20:27:18.395 - system_controller - INFO - Registered Timing Manager (id: 'timing_manager')
2026-09-21 20:27:18.469 - system_controller - INFO - Registered Record Processor (id: 'record_processor_8b04f02a')
2026-09-21 20:27:18.491 - system_controller - INFO - Registered Record Processor (id: 'record_processor_88a7e209')
2026-09-21 20:27:18.495 - system_controller - INFO - Registered Record Processor (id: 'record_processor_cc0a5ebb')
2026-09-21 20:27:18.501 - system_controller - INFO - Registered Record Processor (id: 'record_processor_e34e4296')
2026-09-21 20:27:18.504 - system_controller - INFO - Registered Record Processor (id: 'record_processor_17fa2b4b')
2026-09-21 20:27:18.511 - system_controller - INFO - Registered Record Processor (id: 'record_processor_2226b6a3')
2026-09-21 20:27:18.514 - system_controller - INFO - Registered Record Processor (id: 'record_processor_70ea81b7')
2026-09-21 20:27:18.520 - system_controller - INFO - Registered Record Processor (id: 'record_processor_711c02bc')
2026-09-21 20:27:18.562 - system_controller - INFO - Registered Worker (id: 'worker_fb52bd51')
2026-09-21 20:27:18.566 - system_controller - INFO - AIPerf System is CONFIGURING
2026-09-21 20:27:18.566 - system_controller - INFO - Configuring all services to start profiling
2026-09-21 20:27:18.568 - InferenceResultParser_14fbb358 - INFO - Configuring tokenizers for inference result parser (resolve_alias: True)
2026-09-21 20:27:18.568 - timing_manager - INFO - Waiting for dataset to be configured before configuring timing
2026-09-21 20:27:18.568 - InferenceResultParser_c5a119f3 - INFO - Configuring tokenizers for inference result parser (resolve_alias: True)
2026-09-21 20:27:18.568 - InferenceResultParser_cd272e7c - INFO - Configuring tokenizers for inference result parser (resolve_alias: True)
2026-09-21 20:27:18.568 - system_controller - INFO - Registered Worker (id: 'worker_13db0532')
2026-09-21 20:27:18.568 - InferenceResultParser_419f050f - INFO - Configuring tokenizers for inference result parser (resolve_alias: True)
2026-09-21 20:27:18.568 - InferenceResultParser_d71fa869 - INFO - Configuring tokenizers for inference result parser (resolve_alias: True)
2026-09-21 20:27:18.568 - InferenceResultParser_62df818e - INFO - Configuring tokenizers for inference result parser (resolve_alias: True)
2026-09-21 20:27:18.568 - InferenceResultParser_60d23ba1 - INFO - Configuring tokenizers for inference result parser (resolve_alias: True)
2026-09-21 20:27:18.568 - InferenceResultParser_7192f64a - INFO - Configuring tokenizers for inference result parser (resolve_alias: True)
2026-09-21 20:27:18.569 - dataset_manager - INFO - Configuring tokenizer(s) for dataset manager
2026-09-21 20:27:18.578 - server_metrics_manager - INFO - Server Metrics: Capturing baseline metrics...
2026-09-21 20:27:18.592 - system_controller - INFO - Registered Worker (id: 'worker_71f94ecd')
2026-09-21 20:27:18.593 - system_controller - INFO - Registered Worker (id: 'worker_c3fdb387')
2026-09-21 20:27:18.593 - system_controller - INFO - Registered Worker (id: 'worker_af7f0b36')
2026-09-21 20:27:18.597 - system_controller - INFO - Registered Worker (id: 'worker_e155696a')
2026-09-21 20:27:18.601 - system_controller - INFO - Registered Worker (id: 'worker_da3e075d')
2026-09-21 20:27:18.602 - gpu_telemetry_manager - WARNING - GPU Telemetry: http://localhost:9400/metrics is not reachable
2026-09-21 20:27:18.603 - system_controller - INFO - Registered Worker (id: 'worker_b8ec8a45')
2026-09-21 20:27:18.604 - gpu_telemetry_manager - WARNING - GPU Telemetry: http://localhost:9401/metrics is not reachable
2026-09-21 20:27:18.606 - system_controller - INFO - DCGM telemetry skipped: no telemetry sources reachable
2026-09-21 20:27:18.607 - system_controller - INFO - Waiting for result domains: profile, server_metrics
2026-09-21 20:27:18.609 - system_controller - INFO - Registered Worker (id: 'worker_58dd9c47')
2026-09-21 20:27:18.612 - system_controller - INFO - Registered Worker (id: 'worker_616c6bff')
2026-09-21 20:27:18.614 - system_controller - INFO - Registered Worker (id: 'worker_3b0504df')
2026-09-21 20:27:18.616 - system_controller - INFO - Registered Worker (id: 'worker_fb628a98')
2026-09-21 20:27:18.617 - system_controller - INFO - Registered Worker (id: 'worker_d920f65a')
2026-09-21 20:27:18.618 - system_controller - INFO - Registered Worker (id: 'worker_065b8151')
2026-09-21 20:27:18.618 - system_controller - INFO - Registered Worker (id: 'worker_8ee11aa7')
2026-09-21 20:27:18.620 - system_controller - INFO - Registered Worker (id: 'worker_770bdb2e')
2026-09-21 20:27:18.624 - system_controller - INFO - Registered Worker (id: 'worker_3d207c7c')
2026-09-21 20:27:18.626 - system_controller - INFO - Registered Worker (id: 'worker_a8a6f490')
2026-09-21 20:27:18.627 - system_controller - INFO - Registered Worker (id: 'worker_87820e2f')
2026-09-21 20:27:18.631 - system_controller - INFO - Registered Worker (id: 'worker_76773e9f')
2026-09-21 20:27:18.650 - system_controller - INFO - Registered Worker (id: 'worker_bea572c0')
2026-09-21 20:27:18.651 - system_controller - INFO - Server metrics enabled - 1/1 endpoint(s) reachable.
2026-09-21 20:27:18.651 - system_controller - INFO - Registered Worker (id: 'worker_b343696d')
2026-09-21 20:27:18.656 - system_controller - INFO - Registered Worker (id: 'worker_4cc1d909')
2026-09-21 20:27:18.659 - system_controller - INFO - Registered Worker (id: 'worker_ce526c5f')
2026-09-21 20:27:18.661 - system_controller - INFO - Registered Worker (id: 'worker_b3d985c3')
2026-09-21 20:27:18.662 - system_controller - INFO - Registered Worker (id: 'worker_e655b14b')
2026-09-21 20:27:18.662 - system_controller - INFO - Registered Worker (id: 'worker_e917a7fc')
2026-09-21 20:27:18.663 - system_controller - INFO - Registered Worker (id: 'worker_c004a18e')
2026-09-21 20:27:18.667 - system_controller - INFO - Registered Worker (id: 'worker_517a254d')
2026-09-21 20:27:18.667 - system_controller - INFO - Registered Worker (id: 'worker_7ff57986')
2026-09-21 20:27:18.685 - system_controller - INFO - Registered Worker (id: 'worker_c077cc09')
2026-09-21 20:27:18.687 - system_controller - INFO - Registered Worker (id: 'worker_c1a83e3b')
2026-09-21 20:27:20.302 - httpx - INFO - HTTP Request: HEAD https://huggingface.co/swiss-ai/Apertus-v1.5-8B/resolve/main/config.json "HTTP/1.1 200 OK"
2026-09-21 20:27:20.341 - httpx - INFO - HTTP Request: HEAD https://huggingface.co/swiss-ai/Apertus-v1.5-8B/resolve/main/config.json "HTTP/1.1 200 OK"
2026-09-21 20:27:20.352 - httpx - INFO - HTTP Request: HEAD https://huggingface.co/swiss-ai/Apertus-v1.5-8B/resolve/main/config.json "HTTP/1.1 200 OK"
2026-09-21 20:27:20.353 - httpx - INFO - HTTP Request: HEAD https://huggingface.co/swiss-ai/Apertus-v1.5-8B/resolve/main/config.json "HTTP/1.1 200 OK"
2026-09-21 20:27:20.354 - httpx - INFO - HTTP Request: HEAD https://huggingface.co/swiss-ai/Apertus-v1.5-8B/resolve/main/config.json "HTTP/1.1 200 OK"
2026-09-21 20:27:20.356 - httpx - INFO - HTTP Request: HEAD https://huggingface.co/swiss-ai/Apertus-v1.5-8B/resolve/main/config.json "HTTP/1.1 200 OK"
2026-09-21 20:27:20.364 - httpx - INFO - HTTP Request: HEAD https://huggingface.co/swiss-ai/Apertus-v1.5-8B/resolve/main/config.json "HTTP/1.1 200 OK"
2026-09-21 20:27:20.365 - httpx - INFO - HTTP Request: HEAD https://huggingface.co/swiss-ai/Apertus-v1.5-8B/resolve/main/config.json "HTTP/1.1 200 OK"
2026-09-21 20:27:20.367 - httpx - INFO - HTTP Request: HEAD https://huggingface.co/swiss-ai/Apertus-v1.5-8B/resolve/main/config.json "HTTP/1.1 200 OK"
2026-09-21 20:27:20.397 - httpx - INFO - HTTP Request: HEAD https://huggingface.co/swiss-ai/Apertus-v1.5-8B/resolve/main/config.json "HTTP/1.1 200 OK"
2026-09-21 20:27:20.428 - httpx - INFO - HTTP Request: HEAD https://huggingface.co/swiss-ai/Apertus-v1.5-8B/resolve/main/config.json "HTTP/1.1 200 OK"
2026-09-21 20:27:20.438 - httpx - INFO - HTTP Request: HEAD https://huggingface.co/swiss-ai/Apertus-v1.5-8B/resolve/main/config.json "HTTP/1.1 200 OK"
2026-09-21 20:27:20.440 - httpx - INFO - HTTP Request: HEAD https://huggingface.co/swiss-ai/Apertus-v1.5-8B/resolve/main/config.json "HTTP/1.1 200 OK"
2026-09-21 20:27:20.444 - httpx - INFO - HTTP Request: HEAD https://huggingface.co/swiss-ai/Apertus-v1.5-8B/resolve/main/config.json "HTTP/1.1 200 OK"
2026-09-21 20:27:20.446 - httpx - INFO - HTTP Request: HEAD https://huggingface.co/swiss-ai/Apertus-v1.5-8B/resolve/main/config.json "HTTP/1.1 200 OK"
2026-09-21 20:27:20.455 - httpx - INFO - HTTP Request: HEAD https://huggingface.co/swiss-ai/Apertus-v1.5-8B/resolve/main/config.json "HTTP/1.1 200 OK"
2026-09-21 20:27:20.455 - httpx - INFO - HTTP Request: HEAD https://huggingface.co/swiss-ai/Apertus-v1.5-8B/resolve/main/config.json "HTTP/1.1 200 OK"
2026-09-21 20:27:20.457 - httpx - INFO - HTTP Request: HEAD https://huggingface.co/swiss-ai/Apertus-v1.5-8B/resolve/main/config.json "HTTP/1.1 200 OK"
2026-09-21 20:27:20.483 - httpx - INFO - HTTP Request: HEAD https://huggingface.co/swiss-ai/Apertus-v1.5-8B/resolve/main/tokenizer_config.json "HTTP/1.1 200 OK"
2026-09-21 20:27:20.516 - httpx - INFO - HTTP Request: HEAD https://huggingface.co/swiss-ai/Apertus-v1.5-8B/resolve/main/tokenizer_config.json "HTTP/1.1 200 OK"
2026-09-21 20:27:20.524 - httpx - INFO - HTTP Request: HEAD https://huggingface.co/swiss-ai/Apertus-v1.5-8B/resolve/main/tokenizer_config.json "HTTP/1.1 200 OK"
2026-09-21 20:27:20.529 - httpx - INFO - HTTP Request: HEAD https://huggingface.co/swiss-ai/Apertus-v1.5-8B/resolve/main/tokenizer_config.json "HTTP/1.1 200 OK"
2026-09-21 20:27:20.535 - httpx - INFO - HTTP Request: HEAD https://huggingface.co/swiss-ai/Apertus-v1.5-8B/resolve/main/tokenizer_config.json "HTTP/1.1 200 OK"
2026-09-21 20:27:20.537 - httpx - INFO - HTTP Request: HEAD https://huggingface.co/swiss-ai/Apertus-v1.5-8B/resolve/main/tokenizer_config.json "HTTP/1.1 200 OK"
2026-09-21 20:27:20.546 - httpx - INFO - HTTP Request: HEAD https://huggingface.co/swiss-ai/Apertus-v1.5-8B/resolve/main/tokenizer_config.json "HTTP/1.1 200 OK"
2026-09-21 20:27:20.549 - httpx - INFO - HTTP Request: HEAD https://huggingface.co/swiss-ai/Apertus-v1.5-8B/resolve/main/tokenizer_config.json "HTTP/1.1 200 OK"
2026-09-21 20:27:20.550 - httpx - INFO - HTTP Request: HEAD https://huggingface.co/swiss-ai/Apertus-v1.5-8B/resolve/main/tokenizer_config.json "HTTP/1.1 200 OK"
2026-09-21 20:27:20.575 - httpx - INFO - HTTP Request: GET https://huggingface.co/api/models/swiss-ai/Apertus-v1.5-8B/tree/main/additional_chat_templates?recursive=false&expand=false "HTTP/1.1 404 Not Found"
2026-09-21 20:27:20.607 - httpx - INFO - HTTP Request: GET https://huggingface.co/api/models/swiss-ai/Apertus-v1.5-8B/tree/main/additional_chat_templates?recursive=false&expand=false "HTTP/1.1 404 Not Found"
2026-09-21 20:27:20.612 - httpx - INFO - HTTP Request: GET https://huggingface.co/api/models/swiss-ai/Apertus-v1.5-8B/tree/main/additional_chat_templates?recursive=false&expand=false "HTTP/1.1 404 Not Found"
2026-09-21 20:27:20.627 - httpx - INFO - HTTP Request: GET https://huggingface.co/api/models/swiss-ai/Apertus-v1.5-8B/tree/main/additional_chat_templates?recursive=false&expand=false "HTTP/1.1 404 Not Found"
2026-09-21 20:27:20.631 - httpx - INFO - HTTP Request: GET https://huggingface.co/api/models/swiss-ai/Apertus-v1.5-8B/tree/main/additional_chat_templates?recursive=false&expand=false "HTTP/1.1 404 Not Found"
2026-09-21 20:27:20.642 - httpx - INFO - HTTP Request: GET https://huggingface.co/api/models/swiss-ai/Apertus-v1.5-8B/tree/main/additional_chat_templates?recursive=false&expand=false "HTTP/1.1 404 Not Found"
2026-09-21 20:27:20.642 - httpx - INFO - HTTP Request: GET https://huggingface.co/api/models/swiss-ai/Apertus-v1.5-8B/tree/main/additional_chat_templates?recursive=false&expand=false "HTTP/1.1 404 Not Found"
2026-09-21 20:27:20.644 - httpx - INFO - HTTP Request: GET https://huggingface.co/api/models/swiss-ai/Apertus-v1.5-8B/tree/main/additional_chat_templates?recursive=false&expand=false "HTTP/1.1 404 Not Found"
2026-09-21 20:27:20.645 - httpx - INFO - HTTP Request: GET https://huggingface.co/api/models/swiss-ai/Apertus-v1.5-8B/tree/main/additional_chat_templates?recursive=false&expand=false "HTTP/1.1 404 Not Found"
2026-09-21 20:27:20.672 - httpx - INFO - HTTP Request: GET https://huggingface.co/api/models/swiss-ai/Apertus-v1.5-8B/tree/main?recursive=true&expand=false "HTTP/1.1 200 OK"
2026-09-21 20:27:20.694 - httpx - INFO - HTTP Request: GET https://huggingface.co/api/models/swiss-ai/Apertus-v1.5-8B/tree/main?recursive=true&expand=false "HTTP/1.1 200 OK"
2026-09-21 20:27:20.697 - httpx - INFO - HTTP Request: GET https://huggingface.co/api/models/swiss-ai/Apertus-v1.5-8B/tree/main?recursive=true&expand=false "HTTP/1.1 200 OK"
2026-09-21 20:27:20.720 - httpx - INFO - HTTP Request: GET https://huggingface.co/api/models/swiss-ai/Apertus-v1.5-8B/tree/main?recursive=true&expand=false "HTTP/1.1 200 OK"
2026-09-21 20:27:20.723 - httpx - INFO - HTTP Request: GET https://huggingface.co/api/models/swiss-ai/Apertus-v1.5-8B/tree/main?recursive=true&expand=false "HTTP/1.1 200 OK"
2026-09-21 20:27:20.733 - httpx - INFO - HTTP Request: GET https://huggingface.co/api/models/swiss-ai/Apertus-v1.5-8B/tree/main?recursive=true&expand=false "HTTP/1.1 200 OK"
2026-09-21 20:27:20.740 - httpx - INFO - HTTP Request: GET https://huggingface.co/api/models/swiss-ai/Apertus-v1.5-8B/tree/main?recursive=true&expand=false "HTTP/1.1 200 OK"
2026-09-21 20:27:20.744 - httpx - INFO - HTTP Request: GET https://huggingface.co/api/models/swiss-ai/Apertus-v1.5-8B/tree/main?recursive=true&expand=false "HTTP/1.1 200 OK"
2026-09-21 20:27:20.756 - httpx - INFO - HTTP Request: GET https://huggingface.co/api/models/swiss-ai/Apertus-v1.5-8B/tree/main?recursive=true&expand=false "HTTP/1.1 200 OK"
2026-09-21 20:27:27.229 - httpx - INFO - HTTP Request: GET https://huggingface.co/api/models/swiss-ai/Apertus-v1.5-8B "HTTP/1.1 200 OK"
2026-09-21 20:27:27.342 - InferenceResultParser_60d23ba1 - INFO - Initialized tokenizers: {'swiss-ai/Apertus-v1.5-8B': {'class': 'TokenizersBackend', 'name_or_path': 'swiss-ai/Apertus-v1.5-8B'}} in 8.77 seconds
2026-09-21 20:27:27.659 - httpx - INFO - HTTP Request: GET https://huggingface.co/api/models/swiss-ai/Apertus-v1.5-8B "HTTP/1.1 200 OK"
2026-09-21 20:27:27.665 - httpx - INFO - HTTP Request: GET https://huggingface.co/api/models/swiss-ai/Apertus-v1.5-8B "HTTP/1.1 200 OK"
2026-09-21 20:27:27.718 - httpx - INFO - HTTP Request: GET https://huggingface.co/api/models/swiss-ai/Apertus-v1.5-8B "HTTP/1.1 200 OK"
2026-09-21 20:27:27.729 - httpx - INFO - HTTP Request: GET https://huggingface.co/api/models/swiss-ai/Apertus-v1.5-8B "HTTP/1.1 200 OK"
2026-09-21 20:27:27.772 - InferenceResultParser_7192f64a - INFO - Initialized tokenizers: {'swiss-ai/Apertus-v1.5-8B': {'class': 'TokenizersBackend', 'name_or_path': 'swiss-ai/Apertus-v1.5-8B'}} in 9.20 seconds
2026-09-21 20:27:27.777 - InferenceResultParser_62df818e - INFO - Initialized tokenizers: {'swiss-ai/Apertus-v1.5-8B': {'class': 'TokenizersBackend', 'name_or_path': 'swiss-ai/Apertus-v1.5-8B'}} in 9.21 seconds
2026-09-21 20:27:27.780 - httpx - INFO - HTTP Request: GET https://huggingface.co/api/models/swiss-ai/Apertus-v1.5-8B "HTTP/1.1 200 OK"
2026-09-21 20:27:27.781 - httpx - INFO - HTTP Request: GET https://huggingface.co/api/models/swiss-ai/Apertus-v1.5-8B "HTTP/1.1 200 OK"
2026-09-21 20:27:27.835 - InferenceResultParser_cd272e7c - INFO - Initialized tokenizers: {'swiss-ai/Apertus-v1.5-8B': {'class': 'TokenizersBackend', 'name_or_path': 'swiss-ai/Apertus-v1.5-8B'}} in 9.27 seconds
2026-09-21 20:27:27.849 - InferenceResultParser_419f050f - INFO - Initialized tokenizers: {'swiss-ai/Apertus-v1.5-8B': {'class': 'TokenizersBackend', 'name_or_path': 'swiss-ai/Apertus-v1.5-8B'}} in 9.28 seconds
2026-09-21 20:27:27.896 - InferenceResultParser_d71fa869 - INFO - Initialized tokenizers: {'swiss-ai/Apertus-v1.5-8B': {'class': 'TokenizersBackend', 'name_or_path': 'swiss-ai/Apertus-v1.5-8B'}} in 9.33 seconds
2026-09-21 20:27:27.921 - InferenceResultParser_c5a119f3 - INFO - Initialized tokenizers: {'swiss-ai/Apertus-v1.5-8B': {'class': 'TokenizersBackend', 'name_or_path': 'swiss-ai/Apertus-v1.5-8B'}} in 9.35 seconds
2026-09-21 20:27:28.214 - httpx - INFO - HTTP Request: GET https://huggingface.co/api/models/swiss-ai/Apertus-v1.5-8B "HTTP/1.1 200 OK"
2026-09-21 20:27:28.321 - dataset_manager - INFO - Tokenizer(s) configured in 9.75 seconds
2026-09-21 20:27:28.321 - dataset_manager - INFO - Configuring dataset for dataset_manager
2026-09-21 20:27:28.370 - httpx - INFO - HTTP Request: GET https://huggingface.co/api/models/swiss-ai/Apertus-v1.5-8B "HTTP/1.1 200 OK"
2026-09-21 20:27:28.513 - InferenceResultParser_14fbb358 - INFO - Initialized tokenizers: {'swiss-ai/Apertus-v1.5-8B': {'class': 'TokenizersBackend', 'name_or_path': 'swiss-ai/Apertus-v1.5-8B'}} in 9.94 seconds
2026-09-21 20:27:28.885 - MemoryMapDatasetBackingStore_70a939b9 - INFO - Memory-mapped backing store initialized (streaming to /tmp/aiperf_mmap_9c40fc7e2904/dataset.dat)
2026-09-21 20:27:29.116 - MemoryMapDatasetBackingStore_70a939b9 - INFO - Data file finalized: 512 conversations, 1.46 MB
2026-09-21 20:27:29.119 - MemoryMapDatasetBackingStore_70a939b9 - INFO - Index file created: /tmp/aiperf_mmap_9c40fc7e2904/index.dat
2026-09-21 20:27:29.119 - dataset_manager - INFO - Backing store finalized: client_type=DatasetClientStoreType.MEMORY_MAP format=MemoryMapFormat.CONVERSATION data_file_path=PosixPath('/tmp/aiperf_mmap_9c40fc7e2904/dataset.dat') index_file_path=PosixPath('/tmp/aiperf_mmap_9c40fc7e2904/index.dat') conversation_count=512 total_size_bytes=1534223 compressed=False compressed_data_file_path=None compressed_index_file_path=None compressed_size_bytes=0
2026-09-21 20:27:29.141 - dataset_manager - INFO - sampling strategy: sequential, unique conversations: 512, unique turn count: 512
2026-09-21 20:27:29.147 - dataset_manager - INFO - Generating inputs.json file at /results/dyn-2w-kv/chat/c64/inputs.json
2026-09-21 20:27:29.158 - PhaseOrchestrator_b703d724 - INFO - Initialized 2 phase(s): ['Warmup', 'Profiling']
2026-09-21 20:27:29.168 - system_controller - WARNING - Received command response for service we were not expecting: worker_e155696a. Ignoring.
2026-09-21 20:27:29.169 - system_controller - WARNING - Received command response for service we were not expecting: worker_71f94ecd. Ignoring.
2026-09-21 20:27:29.169 - system_controller - WARNING - Received command response for service we were not expecting: worker_af7f0b36. Ignoring.
2026-09-21 20:27:29.169 - system_controller - WARNING - Received command response for service we were not expecting: worker_616c6bff. Ignoring.
2026-09-21 20:27:29.169 - system_controller - WARNING - Received command response for service we were not expecting: worker_13db0532. Ignoring.
2026-09-21 20:27:29.169 - system_controller - WARNING - Received command response for service we were not expecting: worker_065b8151. Ignoring.
2026-09-21 20:27:29.170 - system_controller - WARNING - Received command response for service we were not expecting: worker_da3e075d. Ignoring.
2026-09-21 20:27:29.170 - system_controller - WARNING - Received command response for service we were not expecting: worker_8ee11aa7. Ignoring.
2026-09-21 20:27:29.170 - system_controller - WARNING - Received command response for service we were not expecting: worker_3b0504df. Ignoring.
2026-09-21 20:27:29.170 - system_controller - WARNING - Received command response for service we were not expecting: worker_d920f65a. Ignoring.
2026-09-21 20:27:29.170 - system_controller - WARNING - Received command response for service we were not expecting: worker_bea572c0. Ignoring.
2026-09-21 20:27:29.171 - system_controller - WARNING - Received command response for service we were not expecting: worker_fb628a98. Ignoring.
2026-09-21 20:27:29.171 - system_controller - WARNING - Received command response for service we were not expecting: worker_a8a6f490. Ignoring.
2026-09-21 20:27:29.171 - system_controller - WARNING - Received command response for service we were not expecting: worker_3d207c7c. Ignoring.
2026-09-21 20:27:29.171 - system_controller - WARNING - Received command response for service we were not expecting: worker_b8ec8a45. Ignoring.
2026-09-21 20:27:29.171 - system_controller - WARNING - Received command response for service we were not expecting: worker_4cc1d909. Ignoring.
2026-09-21 20:27:29.171 - system_controller - WARNING - Received command response for service we were not expecting: worker_76773e9f. Ignoring.
2026-09-21 20:27:29.171 - system_controller - WARNING - Received command response for service we were not expecting: worker_b3d985c3. Ignoring.
2026-09-21 20:27:29.172 - system_controller - WARNING - Received command response for service we were not expecting: worker_c004a18e. Ignoring.
2026-09-21 20:27:29.172 - system_controller - WARNING - Received command response for service we were not expecting: worker_517a254d. Ignoring.
2026-09-21 20:27:29.172 - system_controller - WARNING - Received command response for service we were not expecting: worker_ce526c5f. Ignoring.
2026-09-21 20:27:29.172 - system_controller - WARNING - Received command response for service we were not expecting: worker_87820e2f. Ignoring.
2026-09-21 20:27:29.172 - system_controller - WARNING - Received command response for service we were not expecting: worker_e917a7fc. Ignoring.
2026-09-21 20:27:29.172 - system_controller - WARNING - Received command response for service we were not expecting: worker_7ff57986. Ignoring.
2026-09-21 20:27:29.173 - system_controller - WARNING - Received command response for service we were not expecting: worker_e655b14b. Ignoring.
2026-09-21 20:27:29.175 - dataset_manager - INFO - inputs.json file generated in 0.03 seconds
2026-09-21 20:27:29.175 - system_controller - WARNING - Received command response for service we were not expecting: worker_c3fdb387. Ignoring.
2026-09-21 20:27:29.177 - system_controller - WARNING - Received command response for service we were not expecting: worker_58dd9c47. Ignoring.
2026-09-21 20:27:29.178 - system_controller - WARNING - Received command response for service we were not expecting: worker_770bdb2e. Ignoring.
2026-09-21 20:27:29.185 - system_controller - WARNING - Received command response for service we were not expecting: worker_b343696d. Ignoring.
2026-09-21 20:27:29.386 - dataset_manager - INFO - Dataset client initialized and freed 512 conversations from memory
2026-09-21 20:27:29.386 - dataset_manager - INFO - Dataset configured in 1.06 seconds
2026-09-21 20:27:29.388 - system_controller - INFO - All services configured in 10.82 seconds
2026-09-21 20:27:29.388 - system_controller - INFO - AIPerf System is CONFIGURED
2026-09-21 20:27:29.391 - server_metrics_manager - INFO - Server Metrics: Started 1 collector(s) successfully
2026-09-21 20:27:29.396 - system_controller - INFO - All services started profiling successfully
2026-09-21 20:27:29.396 - system_controller - INFO - AIPerf System is PROFILING
2026-09-21 20:27:29.397 - RateTiming - INFO - Creating interval generator: pattern=concurrency_burst, rate=None, smoothness=None
2026-09-21 20:27:29.398 - PhaseRunner - NOTICE - Phase warmup (warmup) started | phase_index=0 | target: 64 requests
2026-09-21 20:27:29.400 - records_manager - INFO - Credit phase start: warmup
2026-09-21 20:27:29.407 - PhaseRunner - NOTICE - Phase warmup (warmup) sending complete | sent=64, completed=0, in_flight=64 | sessions: sent=64, completed=0
2026-09-21 20:27:31.737 - PhaseRunner - NOTICE - Phase warmup (warmup) complete | completed=64, cancelled=0, errors=0 | sessions: completed=64, cancelled=0 | elapsed=2.34s
2026-09-21 20:27:31.738 - RateTiming - INFO - Creating interval generator: pattern=concurrency_burst, rate=None, smoothness=None
2026-09-21 20:27:31.739 - PhaseRunner - NOTICE - Phase profiling (profiling) started | phase_index=1 | profiling_index=0 | target: 512 requests
2026-09-21 20:27:31.743 - records_manager - INFO - Credit phase start: profiling
2026-09-21 20:27:31.758 - server_metrics_manager - INFO - Server Metrics: Warmup complete, capturing final warmup metrics...
2026-09-21 20:27:33.841 - aiperf.metrics.types.osl_mismatch_metrics - WARNING - OSL mismatch: got 179 tokens (requested 256, diff -30.1%)
2026-09-21 20:27:33.859 - aiperf.metrics.types.osl_mismatch_metrics - WARNING - OSL mismatch: got 192 tokens (requested 256, diff -25.0%)
2026-09-21 20:27:36.029 - aiperf.metrics.types.osl_mismatch_metrics - WARNING - OSL mismatch: got 183 tokens (requested 256, diff -28.5%)
2026-09-21 20:27:36.039 - aiperf.metrics.types.osl_mismatch_metrics - WARNING - OSL mismatch: got 104 tokens (requested 256, diff -59.4%)
2026-09-21 20:27:36.075 - aiperf.metrics.types.osl_mismatch_metrics - WARNING - OSL mismatch: got 193 tokens (requested 256, diff -24.6%)
2026-09-21 20:27:38.208 - aiperf.metrics.types.osl_mismatch_metrics - WARNING - OSL mismatch: got 129 tokens (requested 256, diff -49.6%)
2026-09-21 20:27:38.297 - aiperf.metrics.types.osl_mismatch_metrics - WARNING - OSL mismatch: got 184 tokens (requested 256, diff -28.1%)
2026-09-21 20:27:40.786 - aiperf.metrics.types.osl_mismatch_metrics - WARNING - OSL mismatch: got 223 tokens (requested 256, diff -12.9%)
2026-09-21 20:27:40.787 - aiperf.metrics.types.osl_mismatch_metrics - WARNING - OSL mismatch: got 92 tokens (requested 256, diff -64.1%)
2026-09-21 20:27:40.791 - aiperf.metrics.types.osl_mismatch_metrics - WARNING - OSL mismatch: got 238 tokens (requested 256, diff -7.0%)
2026-09-21 20:27:40.797 - aiperf.metrics.types.osl_mismatch_metrics - WARNING - OSL mismatch: got 188 tokens (requested 256, diff -26.6%)
2026-09-21 20:27:43.301 - aiperf.metrics.types.osl_mismatch_metrics - WARNING - OSL mismatch: got 109 tokens (requested 256, diff -57.4%)
2026-09-21 20:27:43.316 - aiperf.metrics.types.osl_mismatch_metrics - WARNING - OSL mismatch: got 138 tokens (requested 256, diff -46.1%)
2026-09-21 20:27:43.319 - aiperf.metrics.types.osl_mismatch_metrics - WARNING - OSL mismatch: got 206 tokens (requested 256, diff -19.5%)
2026-09-21 20:27:43.320 - aiperf.metrics.types.osl_mismatch_metrics - WARNING - OSL mismatch: got 243 tokens (requested 256, diff -5.1%)
2026-09-21 20:27:43.328 - aiperf.metrics.types.osl_mismatch_metrics - WARNING - OSL mismatch: got 155 tokens (requested 256, diff -39.5%)
2026-09-21 20:27:43.332 - aiperf.metrics.types.osl_mismatch_metrics - WARNING - OSL mismatch: got 221 tokens (requested 256, diff -13.7%)
2026-09-21 20:27:43.344 - aiperf.metrics.types.osl_mismatch_metrics - WARNING - OSL mismatch: got 241 tokens (requested 256, diff -5.9%)
2026-09-21 20:27:45.833 - aiperf.metrics.types.osl_mismatch_metrics - WARNING - OSL mismatch: got 181 tokens (requested 256, diff -29.3%)
2026-09-21 20:27:45.846 - aiperf.metrics.types.osl_mismatch_metrics - WARNING - OSL mismatch: got 240 tokens (requested 256, diff -6.2%)
2026-09-21 20:27:45.859 - aiperf.metrics.types.osl_mismatch_metrics - WARNING - OSL mismatch: got 243 tokens (requested 256, diff -5.1%)
2026-09-21 20:27:45.860 - aiperf.metrics.types.osl_mismatch_metrics - WARNING - OSL mismatch: got 241 tokens (requested 256, diff -5.9%)
2026-09-21 20:27:45.860 - aiperf.metrics.types.osl_mismatch_metrics - WARNING - OSL mismatch: got 89 tokens (requested 256, diff -65.2%)
2026-09-21 20:27:48.312 - aiperf.metrics.types.osl_mismatch_metrics - WARNING - OSL mismatch: got 164 tokens (requested 256, diff -35.9%)
2026-09-21 20:27:48.313 - aiperf.metrics.types.osl_mismatch_metrics - WARNING - OSL mismatch: got 193 tokens (requested 256, diff -24.6%)
2026-09-21 20:27:48.314 - aiperf.metrics.types.osl_mismatch_metrics - WARNING - OSL mismatch: got 196 tokens (requested 256, diff -23.4%)
2026-09-21 20:27:48.331 - aiperf.metrics.types.osl_mismatch_metrics - WARNING - OSL mismatch: got 230 tokens (requested 256, diff -10.2%)
2026-09-21 20:27:48.334 - PhaseRunner - NOTICE - Phase profiling (profiling) sending complete | sent=512, completed=448, in_flight=64 | sessions: sent=512, completed=448
2026-09-21 20:27:48.337 - records_manager - INFO - Sent 512 requests. Waiting for all to complete...
2026-09-21 20:27:50.396 - aiperf.metrics.types.osl_mismatch_metrics - WARNING - OSL mismatch: got 85 tokens (requested 256, diff -66.8%)
2026-09-21 20:27:50.436 - PhaseRunner - NOTICE - Phase profiling (profiling) complete | completed=512, cancelled=0, errors=0 | sessions: completed=512, cancelled=0 | elapsed=18.70s
2026-09-21 20:27:50.437 - PhaseOrchestrator_b703d724 - NOTICE - All credits completed
2026-09-21 20:27:50.438 - records_manager - INFO - Received CREDIT_PHASE_COMPLETE message, Phase complete: PhaseRecordsStats(phase=CreditPhase.PROFILING, phase_index=1, profiling_index=0, phase_name='profiling', phase_kind='profiling', start_ns=1790022451739018154, sent_end_ns=1790022468334378512, requests_end_ns=1790022470435954607, baseline_start_ns=1790022451739001422, baseline_end_ns=1790022470435999402, total_expected_requests=512, expected_duration_sec=None, expected_num_sessions=None, expected_grace_period_sec=None, final_requests_sent=None, final_requests_completed=512, final_requests_cancelled=0, final_request_errors=0, final_sent_sessions=None, final_completed_sessions=None, final_cancelled_sessions=None, timeout_triggered=False, grace_period_timeout_triggered=False, was_cancelled=False, records_end_ns=None, success_records=477, error_records=0)
2026-09-21 20:27:50.438 - records_manager - NOTICE - All requests have completed, please wait for the results to be processed (currently 477 of 512 records processed)...
2026-09-21 20:27:50.438 - system_controller - INFO - Received credits complete from 'timing_manager'
2026-09-21 20:27:50.439 - records_manager - INFO - All credits complete, please wait for the results to be processed...
2026-09-21 20:27:50.454 - aiperf.metrics.types.osl_mismatch_metrics - WARNING - OSL mismatch: got 238 tokens (requested 256, diff -7.0%)
2026-09-21 20:27:50.470 - aiperf.metrics.types.osl_mismatch_metrics - WARNING - OSL mismatch: got 242 tokens (requested 256, diff -5.5%)
2026-09-21 20:27:50.522 - records_manager - INFO - Processed 512 valid requests and 0 errors (512 total).
2026-09-21 20:27:50.522 - records_manager - INFO - Received all records, processing now...
2026-09-21 20:27:50.524 - server_metrics_manager - INFO - Server Metrics: Profiling complete, capturing final metrics...
2026-09-21 20:27:50.526 - records_manager - INFO - Waiting 1.9s for server metrics flush period...
2026-09-21 20:27:52.436 - records_manager - INFO - Processing records results...
2026-09-21 20:27:53.555 - system_controller - INFO - Waiting for result domains: server_metrics
2026-09-21 20:27:53.923 - records_manager - INFO - _finalize_and_process_results completed
2026-09-21 20:27:53.990 - system_controller - INFO - All results received, initiating shutdown
2026-09-21 20:27:54.596 - ExporterManager - INFO - Exporting all records
2026-09-21 20:27:54.771 - ExporterManager - INFO - Exporting console data
