2026-09-21 19:44:31.625 - aiperf.cli_runner._single_run - INFO - Starting AIPerf System
2026-09-21 19:44:31.653 - aiperf.config.resolution.resolvers - INFO - [OK] Tokenizer swiss-ai/Apertus-v1.5-8B detected
2026-09-21 19:44:31.653 - aiperf.config.resolution.resolvers - INFO - 1 tokenizer validated | 0.0s
2026-09-21 19:44:31.653 - aiperf.config.resolution.resolvers - INFO - HF cache hit (skipping prefetch): ['swiss-ai/Apertus-v1.5-8B']
2026-09-21 19:44:32.168 - server_metrics_manager - INFO - Server Metrics: Discovered 1 endpoints: ['http://localhost:8090/metrics']
2026-09-21 19:44:32.185 - GPUTelemetryJSONLWriter_449c2c60 - INFO - GPU telemetry export enabled: /results/dyn-1w/chat/c32/gpu_telemetry_export.jsonl
2026-09-21 19:44:32.193 - OTelMetricsResultsProcessor_83b916a3 - INFO - Telemetry streaming is disabled (set --otel-url and/or --mlflow-tracking-uri to enable)
2026-09-21 19:44:32.194 - RecordExportJSONLWriter_47c864e0 - INFO - Record metrics export enabled: /results/dyn-1w/chat/c32/profile_export.jsonl
2026-09-21 19:44:32.227 - system_controller - INFO - Registered Worker Manager (id: 'worker_manager')
2026-09-21 19:44:32.402 - system_controller - INFO - Registered Gpu Telemetry Manager (id: 'gpu_telemetry_manager')
2026-09-21 19:44:32.402 - system_controller - INFO - Registered Dataset Manager (id: 'dataset_manager')
2026-09-21 19:44:32.403 - system_controller - INFO - Registered Server Metrics Manager (id: 'server_metrics_manager')
2026-09-21 19:44:32.403 - system_controller - INFO - Registered Records Manager (id: 'records_manager')
2026-09-21 19:44:32.406 - system_controller - INFO - Registered Timing Manager (id: 'timing_manager')
2026-09-21 19:44:32.483 - system_controller - INFO - Registered Record Processor (id: 'record_processor_25a80495')
2026-09-21 19:44:32.504 - system_controller - INFO - Registered Record Processor (id: 'record_processor_63ed6852')
2026-09-21 19:44:32.506 - system_controller - INFO - Registered Record Processor (id: 'record_processor_78bdeea7')
2026-09-21 19:44:32.513 - system_controller - INFO - Registered Record Processor (id: 'record_processor_18a1de23')
2026-09-21 19:44:32.515 - system_controller - INFO - Registered Record Processor (id: 'record_processor_35768080')
2026-09-21 19:44:32.521 - system_controller - INFO - Registered Record Processor (id: 'record_processor_9ea43d72')
2026-09-21 19:44:32.524 - system_controller - INFO - Registered Record Processor (id: 'record_processor_bcdffd71')
2026-09-21 19:44:32.526 - system_controller - INFO - Registered Record Processor (id: 'record_processor_21679dd6')
2026-09-21 19:44:32.540 - system_controller - INFO - Registered Worker (id: 'worker_eed3f8d5')
2026-09-21 19:44:32.560 - system_controller - INFO - Registered Worker (id: 'worker_91383c2c')
2026-09-21 19:44:32.569 - system_controller - INFO - Registered Worker (id: 'worker_0f612b46')
2026-09-21 19:44:32.584 - system_controller - INFO - Registered Worker (id: 'worker_40863a3f')
2026-09-21 19:44:32.585 - system_controller - INFO - Registered Worker (id: 'worker_0487cd0c')
2026-09-21 19:44:32.586 - system_controller - INFO - Registered Worker (id: 'worker_a4d6b54e')
2026-09-21 19:44:32.586 - system_controller - INFO - Registered Worker (id: 'worker_3aaf580a')
2026-09-21 19:44:32.588 - system_controller - INFO - Registered Worker (id: 'worker_83eb48d5')
2026-09-21 19:44:32.589 - system_controller - INFO - Registered Worker (id: 'worker_2c191994')
2026-09-21 19:44:32.597 - system_controller - INFO - Registered Worker (id: 'worker_c54d1b0c')
2026-09-21 19:44:32.599 - system_controller - INFO - Registered Worker (id: 'worker_86917931')
2026-09-21 19:44:32.600 - system_controller - INFO - Registered Worker (id: 'worker_a4e3cb26')
2026-09-21 19:44:32.601 - system_controller - INFO - Registered Worker (id: 'worker_b60e4fe6')
2026-09-21 19:44:32.607 - system_controller - INFO - Registered Worker (id: 'worker_be969251')
2026-09-21 19:44:32.607 - system_controller - INFO - Registered Worker (id: 'worker_bb999353')
2026-09-21 19:44:32.608 - system_controller - INFO - Registered Worker (id: 'worker_d87d5492')
2026-09-21 19:44:32.612 - system_controller - INFO - Registered Worker (id: 'worker_521289f0')
2026-09-21 19:44:32.615 - system_controller - INFO - Registered Worker (id: 'worker_020b74ce')
2026-09-21 19:44:32.619 - system_controller - INFO - Registered Worker (id: 'worker_2faf8390')
2026-09-21 19:44:32.620 - system_controller - INFO - Registered Worker (id: 'worker_bdb4f499')
2026-09-21 19:44:32.622 - system_controller - INFO - AIPerf System is CONFIGURING
2026-09-21 19:44:32.622 - system_controller - INFO - Configuring all services to start profiling
2026-09-21 19:44:32.623 - InferenceResultParser_92ede859 - INFO - Configuring tokenizers for inference result parser (resolve_alias: True)
2026-09-21 19:44:32.624 - system_controller - INFO - Registered Worker (id: 'worker_a375a339')
2026-09-21 19:44:32.624 - InferenceResultParser_c42f6e6f - INFO - Configuring tokenizers for inference result parser (resolve_alias: True)
2026-09-21 19:44:32.624 - timing_manager - INFO - Waiting for dataset to be configured before configuring timing
2026-09-21 19:44:32.624 - InferenceResultParser_82c99d63 - INFO - Configuring tokenizers for inference result parser (resolve_alias: True)
2026-09-21 19:44:32.624 - InferenceResultParser_853d181a - INFO - Configuring tokenizers for inference result parser (resolve_alias: True)
2026-09-21 19:44:32.624 - InferenceResultParser_49a99069 - INFO - Configuring tokenizers for inference result parser (resolve_alias: True)
2026-09-21 19:44:32.624 - InferenceResultParser_41bb9a2f - INFO - Configuring tokenizers for inference result parser (resolve_alias: True)
2026-09-21 19:44:32.624 - InferenceResultParser_5d72585c - INFO - Configuring tokenizers for inference result parser (resolve_alias: True)
2026-09-21 19:44:32.624 - InferenceResultParser_2a975618 - INFO - Configuring tokenizers for inference result parser (resolve_alias: True)
2026-09-21 19:44:32.625 - dataset_manager - INFO - Configuring tokenizer(s) for dataset manager
2026-09-21 19:44:32.627 - system_controller - INFO - Registered Worker (id: 'worker_bf5bdeae')
2026-09-21 19:44:32.633 - server_metrics_manager - INFO - Server Metrics: Capturing baseline metrics...
2026-09-21 19:44:32.636 - system_controller - INFO - Registered Worker (id: 'worker_40286112')
2026-09-21 19:44:32.638 - system_controller - INFO - Registered Worker (id: 'worker_4a4dc5ce')
2026-09-21 19:44:32.639 - system_controller - INFO - Registered Worker (id: 'worker_a1da4576')
2026-09-21 19:44:32.640 - system_controller - INFO - Registered Worker (id: 'worker_a96d21ea')
2026-09-21 19:44:32.641 - system_controller - INFO - Registered Worker (id: 'worker_b6adf70f')
2026-09-21 19:44:32.645 - system_controller - INFO - Registered Worker (id: 'worker_9c909fbf')
2026-09-21 19:44:32.649 - system_controller - INFO - Registered Worker (id: 'worker_76c774cc')
2026-09-21 19:44:32.649 - system_controller - INFO - Registered Worker (id: 'worker_82615dee')
2026-09-21 19:44:32.657 - system_controller - INFO - Registered Worker (id: 'worker_613e34af')
2026-09-21 19:44:32.666 - system_controller - INFO - Registered Worker (id: 'worker_8aae1d91')
2026-09-21 19:44:32.667 - gpu_telemetry_manager - WARNING - GPU Telemetry: http://localhost:9400/metrics is not reachable
2026-09-21 19:44:32.669 - gpu_telemetry_manager - WARNING - GPU Telemetry: http://localhost:9401/metrics is not reachable
2026-09-21 19:44:32.670 - system_controller - INFO - DCGM telemetry skipped: no telemetry sources reachable
2026-09-21 19:44:32.671 - system_controller - INFO - Waiting for result domains: profile, server_metrics
2026-09-21 19:44:32.677 - system_controller - INFO - Server metrics enabled - 1/1 endpoint(s) reachable.
2026-09-21 19:44:33.930 - httpx - INFO - HTTP Request: HEAD https://huggingface.co/swiss-ai/Apertus-v1.5-8B/resolve/main/config.json "HTTP/1.1 200 OK"
2026-09-21 19:44:34.016 - httpx - INFO - HTTP Request: HEAD https://huggingface.co/swiss-ai/Apertus-v1.5-8B/resolve/main/config.json "HTTP/1.1 200 OK"
2026-09-21 19:44:34.114 - httpx - INFO - HTTP Request: HEAD https://huggingface.co/swiss-ai/Apertus-v1.5-8B/resolve/main/tokenizer_config.json "HTTP/1.1 200 OK"
2026-09-21 19:44:34.208 - httpx - INFO - HTTP Request: GET https://huggingface.co/api/models/swiss-ai/Apertus-v1.5-8B/tree/main/additional_chat_templates?recursive=false&expand=false "HTTP/1.1 404 Not Found"
2026-09-21 19:44:34.212 - httpx - INFO - HTTP Request: HEAD https://huggingface.co/swiss-ai/Apertus-v1.5-8B/resolve/main/config.json "HTTP/1.1 200 OK"
2026-09-21 19:44:34.229 - httpx - INFO - HTTP Request: HEAD https://huggingface.co/swiss-ai/Apertus-v1.5-8B/resolve/main/config.json "HTTP/1.1 200 OK"
2026-09-21 19:44:34.266 - httpx - INFO - HTTP Request: HEAD https://huggingface.co/swiss-ai/Apertus-v1.5-8B/resolve/main/config.json "HTTP/1.1 200 OK"
2026-09-21 19:44:34.267 - httpx - INFO - HTTP Request: HEAD https://huggingface.co/swiss-ai/Apertus-v1.5-8B/resolve/main/config.json "HTTP/1.1 200 OK"
2026-09-21 19:44:34.273 - httpx - INFO - HTTP Request: HEAD https://huggingface.co/swiss-ai/Apertus-v1.5-8B/resolve/main/config.json "HTTP/1.1 200 OK"
2026-09-21 19:44:34.273 - httpx - INFO - HTTP Request: HEAD https://huggingface.co/swiss-ai/Apertus-v1.5-8B/resolve/main/config.json "HTTP/1.1 200 OK"
2026-09-21 19:44:34.287 - httpx - INFO - HTTP Request: HEAD https://huggingface.co/swiss-ai/Apertus-v1.5-8B/resolve/main/config.json "HTTP/1.1 200 OK"
2026-09-21 19:44:34.288 - httpx - INFO - HTTP Request: HEAD https://huggingface.co/swiss-ai/Apertus-v1.5-8B/resolve/main/config.json "HTTP/1.1 200 OK"
2026-09-21 19:44:34.303 - httpx - INFO - HTTP Request: HEAD https://huggingface.co/swiss-ai/Apertus-v1.5-8B/resolve/main/config.json "HTTP/1.1 200 OK"
2026-09-21 19:44:34.313 - httpx - INFO - HTTP Request: GET https://huggingface.co/api/models/swiss-ai/Apertus-v1.5-8B/tree/main?recursive=true&expand=false "HTTP/1.1 200 OK"
2026-09-21 19:44:34.321 - httpx - INFO - HTTP Request: HEAD https://huggingface.co/swiss-ai/Apertus-v1.5-8B/resolve/main/config.json "HTTP/1.1 200 OK"
2026-09-21 19:44:34.358 - httpx - INFO - HTTP Request: HEAD https://huggingface.co/swiss-ai/Apertus-v1.5-8B/resolve/main/config.json "HTTP/1.1 200 OK"
2026-09-21 19:44:34.362 - httpx - INFO - HTTP Request: HEAD https://huggingface.co/swiss-ai/Apertus-v1.5-8B/resolve/main/config.json "HTTP/1.1 200 OK"
2026-09-21 19:44:34.368 - httpx - INFO - HTTP Request: HEAD https://huggingface.co/swiss-ai/Apertus-v1.5-8B/resolve/main/config.json "HTTP/1.1 200 OK"
2026-09-21 19:44:34.371 - httpx - INFO - HTTP Request: HEAD https://huggingface.co/swiss-ai/Apertus-v1.5-8B/resolve/main/config.json "HTTP/1.1 200 OK"
2026-09-21 19:44:34.392 - httpx - INFO - HTTP Request: HEAD https://huggingface.co/swiss-ai/Apertus-v1.5-8B/resolve/main/config.json "HTTP/1.1 200 OK"
2026-09-21 19:44:34.402 - httpx - INFO - HTTP Request: HEAD https://huggingface.co/swiss-ai/Apertus-v1.5-8B/resolve/main/tokenizer_config.json "HTTP/1.1 200 OK"
2026-09-21 19:44:34.417 - httpx - INFO - HTTP Request: HEAD https://huggingface.co/swiss-ai/Apertus-v1.5-8B/resolve/main/tokenizer_config.json "HTTP/1.1 200 OK"
2026-09-21 19:44:34.425 - httpx - INFO - HTTP Request: HEAD https://huggingface.co/swiss-ai/Apertus-v1.5-8B/resolve/main/config.json "HTTP/1.1 200 OK"
2026-09-21 19:44:34.457 - httpx - INFO - HTTP Request: HEAD https://huggingface.co/swiss-ai/Apertus-v1.5-8B/resolve/main/tokenizer_config.json "HTTP/1.1 200 OK"
2026-09-21 19:44:34.460 - httpx - INFO - HTTP Request: HEAD https://huggingface.co/swiss-ai/Apertus-v1.5-8B/resolve/main/tokenizer_config.json "HTTP/1.1 200 OK"
2026-09-21 19:44:34.460 - httpx - INFO - HTTP Request: HEAD https://huggingface.co/swiss-ai/Apertus-v1.5-8B/resolve/main/tokenizer_config.json "HTTP/1.1 200 OK"
2026-09-21 19:44:34.472 - httpx - INFO - HTTP Request: HEAD https://huggingface.co/swiss-ai/Apertus-v1.5-8B/resolve/main/tokenizer_config.json "HTTP/1.1 200 OK"
2026-09-21 19:44:34.487 - httpx - INFO - HTTP Request: HEAD https://huggingface.co/swiss-ai/Apertus-v1.5-8B/resolve/main/tokenizer_config.json "HTTP/1.1 200 OK"
2026-09-21 19:44:34.494 - httpx - INFO - HTTP Request: GET https://huggingface.co/api/models/swiss-ai/Apertus-v1.5-8B/tree/main/additional_chat_templates?recursive=false&expand=false "HTTP/1.1 404 Not Found"
2026-09-21 19:44:34.512 - httpx - INFO - HTTP Request: HEAD https://huggingface.co/swiss-ai/Apertus-v1.5-8B/resolve/main/tokenizer_config.json "HTTP/1.1 200 OK"
2026-09-21 19:44:34.515 - httpx - INFO - HTTP Request: GET https://huggingface.co/api/models/swiss-ai/Apertus-v1.5-8B/tree/main/additional_chat_templates?recursive=false&expand=false "HTTP/1.1 404 Not Found"
2026-09-21 19:44:34.548 - httpx - INFO - HTTP Request: GET https://huggingface.co/api/models/swiss-ai/Apertus-v1.5-8B/tree/main/additional_chat_templates?recursive=false&expand=false "HTTP/1.1 404 Not Found"
2026-09-21 19:44:34.549 - httpx - INFO - HTTP Request: GET https://huggingface.co/api/models/swiss-ai/Apertus-v1.5-8B/tree/main/additional_chat_templates?recursive=false&expand=false "HTTP/1.1 404 Not Found"
2026-09-21 19:44:34.552 - httpx - INFO - HTTP Request: GET https://huggingface.co/api/models/swiss-ai/Apertus-v1.5-8B/tree/main/additional_chat_templates?recursive=false&expand=false "HTTP/1.1 404 Not Found"
2026-09-21 19:44:34.582 - httpx - INFO - HTTP Request: GET https://huggingface.co/api/models/swiss-ai/Apertus-v1.5-8B/tree/main/additional_chat_templates?recursive=false&expand=false "HTTP/1.1 404 Not Found"
2026-09-21 19:44:34.583 - httpx - INFO - HTTP Request: GET https://huggingface.co/api/models/swiss-ai/Apertus-v1.5-8B/tree/main/additional_chat_templates?recursive=false&expand=false "HTTP/1.1 404 Not Found"
2026-09-21 19:44:34.599 - httpx - INFO - HTTP Request: GET https://huggingface.co/api/models/swiss-ai/Apertus-v1.5-8B/tree/main?recursive=true&expand=false "HTTP/1.1 200 OK"
2026-09-21 19:44:34.606 - httpx - INFO - HTTP Request: GET https://huggingface.co/api/models/swiss-ai/Apertus-v1.5-8B/tree/main/additional_chat_templates?recursive=false&expand=false "HTTP/1.1 404 Not Found"
2026-09-21 19:44:34.606 - httpx - INFO - HTTP Request: GET https://huggingface.co/api/models/swiss-ai/Apertus-v1.5-8B/tree/main?recursive=true&expand=false "HTTP/1.1 200 OK"
2026-09-21 19:44:34.642 - httpx - INFO - HTTP Request: GET https://huggingface.co/api/models/swiss-ai/Apertus-v1.5-8B/tree/main?recursive=true&expand=false "HTTP/1.1 200 OK"
2026-09-21 19:44:34.643 - httpx - INFO - HTTP Request: GET https://huggingface.co/api/models/swiss-ai/Apertus-v1.5-8B/tree/main?recursive=true&expand=false "HTTP/1.1 200 OK"
2026-09-21 19:44:34.652 - httpx - INFO - HTTP Request: GET https://huggingface.co/api/models/swiss-ai/Apertus-v1.5-8B/tree/main?recursive=true&expand=false "HTTP/1.1 200 OK"
2026-09-21 19:44:34.686 - httpx - INFO - HTTP Request: GET https://huggingface.co/api/models/swiss-ai/Apertus-v1.5-8B/tree/main?recursive=true&expand=false "HTTP/1.1 200 OK"
2026-09-21 19:44:34.686 - httpx - INFO - HTTP Request: GET https://huggingface.co/api/models/swiss-ai/Apertus-v1.5-8B/tree/main?recursive=true&expand=false "HTTP/1.1 200 OK"
2026-09-21 19:44:34.698 - httpx - INFO - HTTP Request: GET https://huggingface.co/api/models/swiss-ai/Apertus-v1.5-8B/tree/main?recursive=true&expand=false "HTTP/1.1 200 OK"
2026-09-21 19:44:38.586 - httpx - INFO - HTTP Request: GET https://huggingface.co/api/models/swiss-ai/Apertus-v1.5-8B "HTTP/1.1 200 OK"
2026-09-21 19:44:38.680 - InferenceResultParser_41bb9a2f - INFO - Initialized tokenizers: {'swiss-ai/Apertus-v1.5-8B': {'class': 'TokenizersBackend', 'name_or_path': 'swiss-ai/Apertus-v1.5-8B'}} in 6.06 seconds
2026-09-21 19:44:40.185 - httpx - INFO - HTTP Request: GET https://huggingface.co/api/models/swiss-ai/Apertus-v1.5-8B "HTTP/1.1 200 OK"
2026-09-21 19:44:40.283 - InferenceResultParser_92ede859 - INFO - Initialized tokenizers: {'swiss-ai/Apertus-v1.5-8B': {'class': 'TokenizersBackend', 'name_or_path': 'swiss-ai/Apertus-v1.5-8B'}} in 7.66 seconds
2026-09-21 19:44:40.639 - httpx - INFO - HTTP Request: GET https://huggingface.co/api/models/swiss-ai/Apertus-v1.5-8B "HTTP/1.1 200 OK"
2026-09-21 19:44:40.642 - httpx - INFO - HTTP Request: GET https://huggingface.co/api/models/swiss-ai/Apertus-v1.5-8B "HTTP/1.1 200 OK"
2026-09-21 19:44:40.650 - httpx - INFO - HTTP Request: GET https://huggingface.co/api/models/swiss-ai/Apertus-v1.5-8B "HTTP/1.1 200 OK"
2026-09-21 19:44:40.658 - httpx - INFO - HTTP Request: GET https://huggingface.co/api/models/swiss-ai/Apertus-v1.5-8B "HTTP/1.1 200 OK"
2026-09-21 19:44:40.669 - httpx - INFO - HTTP Request: GET https://huggingface.co/api/models/swiss-ai/Apertus-v1.5-8B "HTTP/1.1 200 OK"
2026-09-21 19:44:40.672 - httpx - INFO - HTTP Request: GET https://huggingface.co/api/models/swiss-ai/Apertus-v1.5-8B "HTTP/1.1 200 OK"
2026-09-21 19:44:40.743 - dataset_manager - INFO - Tokenizer(s) configured in 8.12 seconds
2026-09-21 19:44:40.743 - dataset_manager - INFO - Configuring dataset for dataset_manager
2026-09-21 19:44:40.767 - InferenceResultParser_853d181a - INFO - Initialized tokenizers: {'swiss-ai/Apertus-v1.5-8B': {'class': 'TokenizersBackend', 'name_or_path': 'swiss-ai/Apertus-v1.5-8B'}} in 8.14 seconds
2026-09-21 19:44:40.769 - InferenceResultParser_5d72585c - INFO - Initialized tokenizers: {'swiss-ai/Apertus-v1.5-8B': {'class': 'TokenizersBackend', 'name_or_path': 'swiss-ai/Apertus-v1.5-8B'}} in 8.14 seconds
2026-09-21 19:44:40.779 - InferenceResultParser_2a975618 - INFO - Initialized tokenizers: {'swiss-ai/Apertus-v1.5-8B': {'class': 'TokenizersBackend', 'name_or_path': 'swiss-ai/Apertus-v1.5-8B'}} in 8.15 seconds
2026-09-21 19:44:40.791 - InferenceResultParser_c42f6e6f - INFO - Initialized tokenizers: {'swiss-ai/Apertus-v1.5-8B': {'class': 'TokenizersBackend', 'name_or_path': 'swiss-ai/Apertus-v1.5-8B'}} in 8.17 seconds
2026-09-21 19:44:40.792 - InferenceResultParser_49a99069 - INFO - Initialized tokenizers: {'swiss-ai/Apertus-v1.5-8B': {'class': 'TokenizersBackend', 'name_or_path': 'swiss-ai/Apertus-v1.5-8B'}} in 8.17 seconds
2026-09-21 19:44:41.026 - httpx - INFO - HTTP Request: GET https://huggingface.co/api/models/swiss-ai/Apertus-v1.5-8B "HTTP/1.1 200 OK"
2026-09-21 19:44:41.134 - InferenceResultParser_82c99d63 - INFO - Initialized tokenizers: {'swiss-ai/Apertus-v1.5-8B': {'class': 'TokenizersBackend', 'name_or_path': 'swiss-ai/Apertus-v1.5-8B'}} in 8.51 seconds
2026-09-21 19:44:41.496 - MemoryMapDatasetBackingStore_92299e29 - INFO - Memory-mapped backing store initialized (streaming to /tmp/aiperf_mmap_474bd379c9b9/dataset.dat)
2026-09-21 19:44:41.583 - MemoryMapDatasetBackingStore_92299e29 - INFO - Data file finalized: 256 conversations, 0.73 MB
2026-09-21 19:44:41.584 - MemoryMapDatasetBackingStore_92299e29 - INFO - Index file created: /tmp/aiperf_mmap_474bd379c9b9/index.dat
2026-09-21 19:44:41.585 - dataset_manager - INFO - Backing store finalized: client_type=DatasetClientStoreType.MEMORY_MAP format=MemoryMapFormat.CONVERSATION data_file_path=PosixPath('/tmp/aiperf_mmap_474bd379c9b9/dataset.dat') index_file_path=PosixPath('/tmp/aiperf_mmap_474bd379c9b9/index.dat') conversation_count=256 total_size_bytes=765715 compressed=False compressed_data_file_path=None compressed_index_file_path=None compressed_size_bytes=0
2026-09-21 19:44:41.595 - dataset_manager - INFO - sampling strategy: sequential, unique conversations: 256, unique turn count: 256
2026-09-21 19:44:41.598 - dataset_manager - INFO - Generating inputs.json file at /results/dyn-1w/chat/c32/inputs.json
2026-09-21 19:44:41.612 - system_controller - WARNING - Received command response for service we were not expecting: worker_a375a339. Ignoring.
2026-09-21 19:44:41.612 - system_controller - WARNING - Received command response for service we were not expecting: worker_8aae1d91. Ignoring.
2026-09-21 19:44:41.612 - system_controller - WARNING - Received command response for service we were not expecting: worker_b6adf70f. Ignoring.
2026-09-21 19:44:41.613 - system_controller - WARNING - Received command response for service we were not expecting: worker_4a4dc5ce. Ignoring.
2026-09-21 19:44:41.613 - system_controller - WARNING - Received command response for service we were not expecting: worker_a96d21ea. Ignoring.
2026-09-21 19:44:41.613 - system_controller - WARNING - Received command response for service we were not expecting: worker_a1da4576. Ignoring.
2026-09-21 19:44:41.614 - system_controller - WARNING - Received command response for service we were not expecting: worker_9c909fbf. Ignoring.
2026-09-21 19:44:41.614 - system_controller - WARNING - Received command response for service we were not expecting: worker_613e34af. Ignoring.
2026-09-21 19:44:41.614 - PhaseOrchestrator_4ff64101 - INFO - Initialized 2 phase(s): ['Warmup', 'Profiling']
2026-09-21 19:44:41.616 - system_controller - WARNING - Received command response for service we were not expecting: worker_40286112. Ignoring.
2026-09-21 19:44:41.616 - system_controller - WARNING - Received command response for service we were not expecting: worker_76c774cc. Ignoring.
2026-09-21 19:44:41.616 - system_controller - WARNING - Received command response for service we were not expecting: worker_82615dee. Ignoring.
2026-09-21 19:44:41.621 - dataset_manager - INFO - inputs.json file generated in 0.02 seconds
2026-09-21 19:44:41.631 - system_controller - WARNING - Received command response for service we were not expecting: worker_bf5bdeae. Ignoring.
2026-09-21 19:44:41.821 - dataset_manager - INFO - Dataset client initialized and freed 256 conversations from memory
2026-09-21 19:44:41.821 - dataset_manager - INFO - Dataset configured in 1.08 seconds
2026-09-21 19:44:41.823 - system_controller - INFO - All services configured in 9.20 seconds
2026-09-21 19:44:41.824 - system_controller - INFO - AIPerf System is CONFIGURED
2026-09-21 19:44:41.826 - server_metrics_manager - INFO - Server Metrics: Started 1 collector(s) successfully
2026-09-21 19:44:41.830 - system_controller - INFO - All services started profiling successfully
2026-09-21 19:44:41.831 - system_controller - INFO - AIPerf System is PROFILING
2026-09-21 19:44:41.833 - RateTiming - INFO - Creating interval generator: pattern=concurrency_burst, rate=None, smoothness=None
2026-09-21 19:44:41.834 - PhaseRunner - NOTICE - Phase warmup (warmup) started | phase_index=0 | target: 32 requests
2026-09-21 19:44:41.837 - records_manager - INFO - Credit phase start: warmup
2026-09-21 19:44:41.840 - PhaseRunner - NOTICE - Phase warmup (warmup) sending complete | sent=32, completed=0, in_flight=32 | sessions: sent=32, completed=0
2026-09-21 19:44:44.098 - PhaseRunner - NOTICE - Phase warmup (warmup) complete | completed=32, cancelled=0, errors=0 | sessions: completed=32, cancelled=0 | elapsed=2.26s
2026-09-21 19:44:44.099 - server_metrics_manager - INFO - Server Metrics: Warmup complete, capturing final warmup metrics...
2026-09-21 19:44:44.100 - RateTiming - INFO - Creating interval generator: pattern=concurrency_burst, rate=None, smoothness=None
2026-09-21 19:44:44.100 - PhaseRunner - NOTICE - Phase profiling (profiling) started | phase_index=1 | profiling_index=0 | target: 256 requests
2026-09-21 19:44:44.101 - records_manager - INFO - Credit phase start: profiling
2026-09-21 19:44:46.092 - aiperf.metrics.types.osl_mismatch_metrics - WARNING - OSL mismatch: got 236 tokens (requested 256, diff -7.8%)
2026-09-21 19:44:46.101 - aiperf.metrics.types.osl_mismatch_metrics - WARNING - OSL mismatch: got 182 tokens (requested 256, diff -28.9%)
2026-09-21 19:44:48.097 - aiperf.metrics.types.osl_mismatch_metrics - WARNING - OSL mismatch: got 168 tokens (requested 256, diff -34.4%)
2026-09-21 19:44:50.099 - aiperf.metrics.types.osl_mismatch_metrics - WARNING - OSL mismatch: got 199 tokens (requested 256, diff -22.3%)
2026-09-21 19:44:52.635 - aiperf.metrics.types.osl_mismatch_metrics - WARNING - OSL mismatch: got 154 tokens (requested 256, diff -39.8%)
2026-09-21 19:44:57.698 - aiperf.metrics.types.osl_mismatch_metrics - WARNING - OSL mismatch: got 230 tokens (requested 256, diff -10.2%)
2026-09-21 19:44:57.701 - aiperf.metrics.types.osl_mismatch_metrics - WARNING - OSL mismatch: got 214 tokens (requested 256, diff -16.4%)
2026-09-21 19:45:00.185 - PhaseRunner - NOTICE - Phase profiling (profiling) sending complete | sent=256, completed=224, in_flight=32 | sessions: sent=256, completed=224
2026-09-21 19:45:00.186 - records_manager - INFO - Sent 256 requests. Waiting for all to complete...
2026-09-21 19:45:00.335 - aiperf.metrics.types.osl_mismatch_metrics - WARNING - OSL mismatch: got 205 tokens (requested 256, diff -19.9%)
2026-09-21 19:45:02.200 - PhaseRunner - NOTICE - Phase profiling (profiling) complete | completed=256, cancelled=0, errors=0 | sessions: completed=256, cancelled=0 | elapsed=18.10s
2026-09-21 19:45:02.200 - PhaseOrchestrator_4ff64101 - NOTICE - All credits completed
2026-09-21 19:45:02.202 - records_manager - INFO - Received CREDIT_PHASE_COMPLETE message, Phase complete: PhaseRecordsStats(phase=CreditPhase.PROFILING, phase_index=1, profiling_index=0, phase_name='profiling', phase_kind='profiling', start_ns=1790019884100592832, sent_end_ns=1790019900185115381, requests_end_ns=1790019902199433567, baseline_start_ns=1790019884100555693, baseline_end_ns=1790019902199465586, total_expected_requests=256, expected_duration_sec=None, expected_num_sessions=None, expected_grace_period_sec=None, final_requests_sent=None, final_requests_completed=256, final_requests_cancelled=0, final_request_errors=0, final_sent_sessions=None, final_completed_sessions=None, final_cancelled_sessions=None, timeout_triggered=False, grace_period_timeout_triggered=False, was_cancelled=False, records_end_ns=None, success_records=224, error_records=0)
2026-09-21 19:45:02.202 - records_manager - NOTICE - All requests have completed, please wait for the results to be processed (currently 224 of 256 records processed)...
2026-09-21 19:45:02.202 - system_controller - INFO - Received credits complete from 'timing_manager'
2026-09-21 19:45:02.203 - records_manager - INFO - All credits complete, please wait for the results to be processed...
2026-09-21 19:45:02.286 - records_manager - INFO - Processed 256 valid requests and 0 errors (256 total).
2026-09-21 19:45:02.286 - records_manager - INFO - Received all records, processing now...
2026-09-21 19:45:02.289 - server_metrics_manager - INFO - Server Metrics: Profiling complete, capturing final metrics...
2026-09-21 19:45:02.306 - records_manager - INFO - Waiting 1.9s for server metrics flush period...
2026-09-21 19:45:04.200 - records_manager - INFO - Processing records results...
2026-09-21 19:45:05.115 - system_controller - INFO - Waiting for result domains: server_metrics
2026-09-21 19:45:05.459 - records_manager - INFO - _finalize_and_process_results completed
2026-09-21 19:45:05.493 - system_controller - INFO - All results received, initiating shutdown
2026-09-21 19:45:06.099 - ExporterManager - INFO - Exporting all records
2026-09-21 19:45:06.272 - ExporterManager - INFO - Exporting console data
