2026-09-21 19:50:19.350 - aiperf.cli_runner._single_run - INFO - Starting AIPerf System
2026-09-21 19:50:19.377 - aiperf.config.resolution.resolvers - INFO - [OK] Tokenizer swiss-ai/Apertus-v1.5-8B detected
2026-09-21 19:50:19.377 - aiperf.config.resolution.resolvers - INFO - 1 tokenizer validated | 0.0s
2026-09-21 19:50:19.377 - aiperf.config.resolution.resolvers - INFO - HF cache hit (skipping prefetch): ['swiss-ai/Apertus-v1.5-8B']
2026-09-21 19:50:19.883 - server_metrics_manager - INFO - Server Metrics: Discovered 1 endpoints: ['http://localhost:8090/metrics']
2026-09-21 19:50:19.905 - GPUTelemetryJSONLWriter_38cb0e82 - INFO - GPU telemetry export enabled: /results/dyn-1w/rag/c8/gpu_telemetry_export.jsonl
2026-09-21 19:50:19.912 - OTelMetricsResultsProcessor_7c6f6fe2 - INFO - Telemetry streaming is disabled (set --otel-url and/or --mlflow-tracking-uri to enable)
2026-09-21 19:50:19.913 - RecordExportJSONLWriter_55d9d13f - INFO - Record metrics export enabled: /results/dyn-1w/rag/c8/profile_export.jsonl
2026-09-21 19:50:19.948 - system_controller - INFO - Registered Worker Manager (id: 'worker_manager')
2026-09-21 19:50:20.003 - system_controller - INFO - Registered Gpu Telemetry Manager (id: 'gpu_telemetry_manager')
2026-09-21 19:50:20.004 - system_controller - INFO - Registered Dataset Manager (id: 'dataset_manager')
2026-09-21 19:50:20.004 - system_controller - INFO - Registered Server Metrics Manager (id: 'server_metrics_manager')
2026-09-21 19:50:20.022 - system_controller - INFO - Registered Records Manager (id: 'records_manager')
2026-09-21 19:50:20.126 - system_controller - INFO - Registered Record Processor (id: 'record_processor_41ee4309')
2026-09-21 19:50:20.129 - system_controller - INFO - Registered Timing Manager (id: 'timing_manager')
2026-09-21 19:50:20.131 - system_controller - INFO - Registered Record Processor (id: 'record_processor_99b51677')
2026-09-21 19:50:20.282 - system_controller - INFO - Registered Worker (id: 'worker_f9ea0523')
2026-09-21 19:50:20.283 - system_controller - INFO - Registered Worker (id: 'worker_d3d32fc9')
2026-09-21 19:50:20.285 - system_controller - INFO - Registered Worker (id: 'worker_2ebdaf49')
2026-09-21 19:50:20.312 - system_controller - INFO - Registered Worker (id: 'worker_ecf02635')
2026-09-21 19:50:20.313 - system_controller - INFO - Registered Worker (id: 'worker_2402933f')
2026-09-21 19:50:20.313 - system_controller - INFO - Registered Worker (id: 'worker_840fd7f2')
2026-09-21 19:50:20.316 - system_controller - INFO - Registered Worker (id: 'worker_81a75c7e')
2026-09-21 19:50:20.320 - system_controller - INFO - Registered Worker (id: 'worker_0942c92e')
2026-09-21 19:50:20.337 - system_controller - INFO - AIPerf System is CONFIGURING
2026-09-21 19:50:20.338 - system_controller - INFO - Configuring all services to start profiling
2026-09-21 19:50:20.340 - InferenceResultParser_2ea6d4e0 - INFO - Configuring tokenizers for inference result parser (resolve_alias: True)
2026-09-21 19:50:20.340 - timing_manager - INFO - Waiting for dataset to be configured before configuring timing
2026-09-21 19:50:20.340 - InferenceResultParser_919d30d1 - INFO - Configuring tokenizers for inference result parser (resolve_alias: True)
2026-09-21 19:50:20.341 - dataset_manager - INFO - Configuring tokenizer(s) for dataset manager
2026-09-21 19:50:20.353 - server_metrics_manager - INFO - Server Metrics: Capturing baseline metrics...
2026-09-21 19:50:20.391 - gpu_telemetry_manager - WARNING - GPU Telemetry: http://localhost:9400/metrics is not reachable
2026-09-21 19:50:20.393 - gpu_telemetry_manager - WARNING - GPU Telemetry: http://localhost:9401/metrics is not reachable
2026-09-21 19:50:20.395 - system_controller - INFO - DCGM telemetry skipped: no telemetry sources reachable
2026-09-21 19:50:20.396 - system_controller - INFO - Waiting for result domains: profile, server_metrics
2026-09-21 19:50:20.425 - system_controller - INFO - Server metrics enabled - 1/1 endpoint(s) reachable.
2026-09-21 19:50:22.110 - httpx - INFO - HTTP Request: HEAD https://huggingface.co/swiss-ai/Apertus-v1.5-8B/resolve/main/config.json "HTTP/1.1 200 OK"
2026-09-21 19:50:22.169 - httpx - INFO - HTTP Request: HEAD https://huggingface.co/swiss-ai/Apertus-v1.5-8B/resolve/main/config.json "HTTP/1.1 200 OK"
2026-09-21 19:50:22.176 - httpx - INFO - HTTP Request: HEAD https://huggingface.co/swiss-ai/Apertus-v1.5-8B/resolve/main/config.json "HTTP/1.1 200 OK"
2026-09-21 19:50:22.206 - httpx - INFO - HTTP Request: HEAD https://huggingface.co/swiss-ai/Apertus-v1.5-8B/resolve/main/config.json "HTTP/1.1 200 OK"
2026-09-21 19:50:22.257 - httpx - INFO - HTTP Request: HEAD https://huggingface.co/swiss-ai/Apertus-v1.5-8B/resolve/main/config.json "HTTP/1.1 200 OK"
2026-09-21 19:50:22.268 - httpx - INFO - HTTP Request: HEAD https://huggingface.co/swiss-ai/Apertus-v1.5-8B/resolve/main/config.json "HTTP/1.1 200 OK"
2026-09-21 19:50:22.309 - httpx - INFO - HTTP Request: HEAD https://huggingface.co/swiss-ai/Apertus-v1.5-8B/resolve/main/tokenizer_config.json "HTTP/1.1 200 OK"
2026-09-21 19:50:22.357 - httpx - INFO - HTTP Request: HEAD https://huggingface.co/swiss-ai/Apertus-v1.5-8B/resolve/main/tokenizer_config.json "HTTP/1.1 200 OK"
2026-09-21 19:50:22.370 - httpx - INFO - HTTP Request: HEAD https://huggingface.co/swiss-ai/Apertus-v1.5-8B/resolve/main/tokenizer_config.json "HTTP/1.1 200 OK"
2026-09-21 19:50:22.408 - httpx - INFO - HTTP Request: GET https://huggingface.co/api/models/swiss-ai/Apertus-v1.5-8B/tree/main/additional_chat_templates?recursive=false&expand=false "HTTP/1.1 404 Not Found"
2026-09-21 19:50:22.466 - httpx - INFO - HTTP Request: GET https://huggingface.co/api/models/swiss-ai/Apertus-v1.5-8B/tree/main/additional_chat_templates?recursive=false&expand=false "HTTP/1.1 404 Not Found"
2026-09-21 19:50:22.492 - httpx - INFO - HTTP Request: GET https://huggingface.co/api/models/swiss-ai/Apertus-v1.5-8B/tree/main/additional_chat_templates?recursive=false&expand=false "HTTP/1.1 404 Not Found"
2026-09-21 19:50:22.510 - httpx - INFO - HTTP Request: GET https://huggingface.co/api/models/swiss-ai/Apertus-v1.5-8B/tree/main?recursive=true&expand=false "HTTP/1.1 200 OK"
2026-09-21 19:50:22.581 - httpx - INFO - HTTP Request: GET https://huggingface.co/api/models/swiss-ai/Apertus-v1.5-8B/tree/main?recursive=true&expand=false "HTTP/1.1 200 OK"
2026-09-21 19:50:22.624 - httpx - INFO - HTTP Request: GET https://huggingface.co/api/models/swiss-ai/Apertus-v1.5-8B/tree/main?recursive=true&expand=false "HTTP/1.1 200 OK"
2026-09-21 19:50:29.075 - httpx - INFO - HTTP Request: GET https://huggingface.co/api/models/swiss-ai/Apertus-v1.5-8B "HTTP/1.1 200 OK"
2026-09-21 19:50:29.185 - InferenceResultParser_2ea6d4e0 - INFO - Initialized tokenizers: {'swiss-ai/Apertus-v1.5-8B': {'class': 'TokenizersBackend', 'name_or_path': 'swiss-ai/Apertus-v1.5-8B'}} in 8.84 seconds
2026-09-21 19:50:29.295 - httpx - INFO - HTTP Request: GET https://huggingface.co/api/models/swiss-ai/Apertus-v1.5-8B "HTTP/1.1 200 OK"
2026-09-21 19:50:29.414 - InferenceResultParser_919d30d1 - INFO - Initialized tokenizers: {'swiss-ai/Apertus-v1.5-8B': {'class': 'TokenizersBackend', 'name_or_path': 'swiss-ai/Apertus-v1.5-8B'}} in 9.07 seconds
2026-09-21 19:50:29.629 - httpx - INFO - HTTP Request: GET https://huggingface.co/api/models/swiss-ai/Apertus-v1.5-8B "HTTP/1.1 200 OK"
2026-09-21 19:50:29.770 - dataset_manager - INFO - Tokenizer(s) configured in 9.43 seconds
2026-09-21 19:50:29.770 - dataset_manager - INFO - Configuring dataset for dataset_manager
2026-09-21 19:50:30.495 - MemoryMapDatasetBackingStore_f826133f - INFO - Memory-mapped backing store initialized (streaming to /tmp/aiperf_mmap_c25fb4902c88/dataset.dat)
2026-09-21 19:50:30.507 - MemoryMapDatasetBackingStore_f826133f - INFO - Data file finalized: 64 conversations, 1.90 MB
2026-09-21 19:50:30.508 - MemoryMapDatasetBackingStore_f826133f - INFO - Index file created: /tmp/aiperf_mmap_c25fb4902c88/index.dat
2026-09-21 19:50:30.508 - dataset_manager - INFO - Backing store finalized: client_type=DatasetClientStoreType.MEMORY_MAP format=MemoryMapFormat.CONVERSATION data_file_path=PosixPath('/tmp/aiperf_mmap_c25fb4902c88/dataset.dat') index_file_path=PosixPath('/tmp/aiperf_mmap_c25fb4902c88/index.dat') conversation_count=64 total_size_bytes=1992738 compressed=False compressed_data_file_path=None compressed_index_file_path=None compressed_size_bytes=0
2026-09-21 19:50:30.510 - dataset_manager - INFO - sampling strategy: sequential, unique conversations: 64, unique turn count: 64
2026-09-21 19:50:30.514 - dataset_manager - INFO - Generating inputs.json file at /results/dyn-1w/rag/c8/inputs.json
2026-09-21 19:50:30.525 - dataset_manager - INFO - inputs.json file generated in 0.01 seconds
2026-09-21 19:50:30.531 - PhaseOrchestrator_f0e159b9 - INFO - Initialized 2 phase(s): ['Warmup', 'Profiling']
2026-09-21 19:50:30.734 - dataset_manager - INFO - Dataset client initialized and freed 64 conversations from memory
2026-09-21 19:50:30.735 - dataset_manager - INFO - Dataset configured in 0.96 seconds
2026-09-21 19:50:30.736 - system_controller - INFO - All services configured in 10.40 seconds
2026-09-21 19:50:30.737 - system_controller - INFO - AIPerf System is CONFIGURED
2026-09-21 19:50:30.739 - server_metrics_manager - INFO - Server Metrics: Started 1 collector(s) successfully
2026-09-21 19:50:30.742 - system_controller - INFO - All services started profiling successfully
2026-09-21 19:50:30.742 - system_controller - INFO - AIPerf System is PROFILING
2026-09-21 19:50:30.745 - RateTiming - INFO - Creating interval generator: pattern=concurrency_burst, rate=None, smoothness=None
2026-09-21 19:50:30.746 - PhaseRunner - NOTICE - Phase warmup (warmup) started | phase_index=0 | target: 8 requests
2026-09-21 19:50:30.749 - PhaseRunner - NOTICE - Phase warmup (warmup) sending complete | sent=8, completed=0, in_flight=8 | sessions: sent=8, completed=0
2026-09-21 19:50:30.749 - records_manager - INFO - Credit phase start: warmup
2026-09-21 19:50:33.596 - PhaseRunner - NOTICE - Phase warmup (warmup) complete | completed=8, cancelled=0, errors=0 | sessions: completed=8, cancelled=0 | elapsed=2.85s
2026-09-21 19:50:33.598 - RateTiming - INFO - Creating interval generator: pattern=concurrency_burst, rate=None, smoothness=None
2026-09-21 19:50:33.598 - server_metrics_manager - INFO - Server Metrics: Warmup complete, capturing final warmup metrics...
2026-09-21 19:50:33.598 - PhaseRunner - NOTICE - Phase profiling (profiling) started | phase_index=1 | profiling_index=0 | target: 64 requests
2026-09-21 19:50:33.600 - records_manager - INFO - Credit phase start: profiling
2026-09-21 19:50:49.085 - PhaseRunner - NOTICE - Phase profiling (profiling) sending complete | sent=64, completed=56, in_flight=8 | sessions: sent=64, completed=56
2026-09-21 19:50:49.088 - records_manager - INFO - Sent 64 requests. Waiting for all to complete...
2026-09-21 19:50:51.285 - PhaseRunner - NOTICE - Phase profiling (profiling) complete | completed=64, cancelled=0, errors=0 | sessions: completed=64, cancelled=0 | elapsed=17.69s
2026-09-21 19:50:51.286 - PhaseOrchestrator_f0e159b9 - NOTICE - All credits completed
2026-09-21 19:50:51.288 - records_manager - INFO - Received CREDIT_PHASE_COMPLETE message, Phase complete: PhaseRecordsStats(phase=CreditPhase.PROFILING, phase_index=1, profiling_index=0, phase_name='profiling', phase_kind='profiling', start_ns=1790020233598757105, sent_end_ns=1790020249085135429, requests_end_ns=1790020251285186180, baseline_start_ns=1790020233598723243, baseline_end_ns=1790020251285231928, total_expected_requests=64, expected_duration_sec=None, expected_num_sessions=None, expected_grace_period_sec=None, final_requests_sent=None, final_requests_completed=64, final_requests_cancelled=0, final_request_errors=0, final_sent_sessions=None, final_completed_sessions=None, final_cancelled_sessions=None, timeout_triggered=False, grace_period_timeout_triggered=False, was_cancelled=False, records_end_ns=None, success_records=56, error_records=0)
2026-09-21 19:50:51.288 - records_manager - NOTICE - All requests have completed, please wait for the results to be processed (currently 56 of 64 records processed)...
2026-09-21 19:50:51.288 - system_controller - INFO - Received credits complete from 'timing_manager'
2026-09-21 19:50:51.288 - records_manager - INFO - All credits complete, please wait for the results to be processed...
2026-09-21 19:50:51.346 - aiperf.metrics.types.osl_mismatch_metrics - WARNING - OSL mismatch: got 69 tokens (requested 256, diff -73.0%)
2026-09-21 19:50:51.347 - aiperf.metrics.types.osl_mismatch_metrics - WARNING - OSL mismatch: got 214 tokens (requested 256, diff -16.4%)
2026-09-21 19:50:51.379 - records_manager - INFO - Processed 64 valid requests and 0 errors (64 total).
2026-09-21 19:50:51.380 - records_manager - INFO - Received all records, processing now...
2026-09-21 19:50:51.383 - server_metrics_manager - INFO - Server Metrics: Profiling complete, capturing final metrics...
2026-09-21 19:50:51.385 - records_manager - INFO - Waiting 1.9s for server metrics flush period...
2026-09-21 19:50:53.286 - records_manager - INFO - Processing records results...
2026-09-21 19:50:54.083 - system_controller - INFO - Waiting for result domains: server_metrics
2026-09-21 19:50:54.426 - records_manager - INFO - _finalize_and_process_results completed
2026-09-21 19:50:54.467 - system_controller - INFO - All results received, initiating shutdown
2026-09-21 19:50:55.070 - ExporterManager - INFO - Exporting all records
2026-09-21 19:50:55.236 - ExporterManager - INFO - Exporting console data
