2026-09-21 20:07:57.656 - aiperf.cli_runner._single_run - INFO - Starting AIPerf System
2026-09-21 20:07:57.683 - aiperf.config.resolution.resolvers - INFO - [OK] Tokenizer swiss-ai/Apertus-v1.5-8B detected
2026-09-21 20:07:57.683 - aiperf.config.resolution.resolvers - INFO - 1 tokenizer validated | 0.0s
2026-09-21 20:07:57.683 - aiperf.config.resolution.resolvers - INFO - HF cache hit (skipping prefetch): ['swiss-ai/Apertus-v1.5-8B']
2026-09-21 20:07:58.184 - server_metrics_manager - INFO - Server Metrics: Discovered 1 endpoints: ['http://localhost:8090/metrics']
2026-09-21 20:07:58.204 - GPUTelemetryJSONLWriter_836c7378 - INFO - GPU telemetry export enabled: /results/dyn-2w-rr/rag/c1/gpu_telemetry_export.jsonl
2026-09-21 20:07:58.212 - OTelMetricsResultsProcessor_648f49df - INFO - Telemetry streaming is disabled (set --otel-url and/or --mlflow-tracking-uri to enable)
2026-09-21 20:07:58.213 - RecordExportJSONLWriter_29bca537 - INFO - Record metrics export enabled: /results/dyn-2w-rr/rag/c1/profile_export.jsonl
2026-09-21 20:07:58.251 - system_controller - INFO - Registered Worker Manager (id: 'worker_manager')
2026-09-21 20:07:58.253 - system_controller - INFO - Registered Gpu Telemetry Manager (id: 'gpu_telemetry_manager')
2026-09-21 20:07:58.291 - system_controller - INFO - Registered Dataset Manager (id: 'dataset_manager')
2026-09-21 20:07:58.292 - system_controller - INFO - Registered Server Metrics Manager (id: 'server_metrics_manager')
2026-09-21 20:07:58.323 - system_controller - INFO - Registered Records Manager (id: 'records_manager')
2026-09-21 20:07:58.399 - system_controller - INFO - Registered Record Processor (id: 'record_processor_93fbe3bb')
2026-09-21 20:07:58.440 - system_controller - INFO - Registered Timing Manager (id: 'timing_manager')
2026-09-21 20:07:58.549 - system_controller - INFO - Registered Worker (id: 'worker_053adcd1')
2026-09-21 20:07:58.638 - system_controller - INFO - AIPerf System is CONFIGURING
2026-09-21 20:07:58.638 - system_controller - INFO - Configuring all services to start profiling
2026-09-21 20:07:58.641 - timing_manager - INFO - Waiting for dataset to be configured before configuring timing
2026-09-21 20:07:58.641 - InferenceResultParser_9ce9eec7 - INFO - Configuring tokenizers for inference result parser (resolve_alias: True)
2026-09-21 20:07:58.642 - dataset_manager - INFO - Configuring tokenizer(s) for dataset manager
2026-09-21 20:07:58.653 - server_metrics_manager - INFO - Server Metrics: Capturing baseline metrics...
2026-09-21 20:07:58.691 - gpu_telemetry_manager - WARNING - GPU Telemetry: http://localhost:9400/metrics is not reachable
2026-09-21 20:07:58.693 - gpu_telemetry_manager - WARNING - GPU Telemetry: http://localhost:9401/metrics is not reachable
2026-09-21 20:07:58.695 - system_controller - INFO - DCGM telemetry skipped: no telemetry sources reachable
2026-09-21 20:07:58.695 - system_controller - INFO - Waiting for result domains: profile, server_metrics
2026-09-21 20:07:58.725 - system_controller - INFO - Server metrics enabled - 1/1 endpoint(s) reachable.
2026-09-21 20:08:00.224 - httpx - INFO - HTTP Request: HEAD https://huggingface.co/swiss-ai/Apertus-v1.5-8B/resolve/main/config.json "HTTP/1.1 200 OK"
2026-09-21 20:08:00.227 - httpx - INFO - HTTP Request: HEAD https://huggingface.co/swiss-ai/Apertus-v1.5-8B/resolve/main/config.json "HTTP/1.1 200 OK"
2026-09-21 20:08:00.315 - httpx - INFO - HTTP Request: HEAD https://huggingface.co/swiss-ai/Apertus-v1.5-8B/resolve/main/config.json "HTTP/1.1 200 OK"
2026-09-21 20:08:00.340 - httpx - INFO - HTTP Request: HEAD https://huggingface.co/swiss-ai/Apertus-v1.5-8B/resolve/main/config.json "HTTP/1.1 200 OK"
2026-09-21 20:08:00.411 - httpx - INFO - HTTP Request: HEAD https://huggingface.co/swiss-ai/Apertus-v1.5-8B/resolve/main/tokenizer_config.json "HTTP/1.1 200 OK"
2026-09-21 20:08:00.432 - httpx - INFO - HTTP Request: HEAD https://huggingface.co/swiss-ai/Apertus-v1.5-8B/resolve/main/tokenizer_config.json "HTTP/1.1 200 OK"
2026-09-21 20:08:00.502 - httpx - INFO - HTTP Request: GET https://huggingface.co/api/models/swiss-ai/Apertus-v1.5-8B/tree/main/additional_chat_templates?recursive=false&expand=false "HTTP/1.1 404 Not Found"
2026-09-21 20:08:00.528 - httpx - INFO - HTTP Request: GET https://huggingface.co/api/models/swiss-ai/Apertus-v1.5-8B/tree/main/additional_chat_templates?recursive=false&expand=false "HTTP/1.1 404 Not Found"
2026-09-21 20:08:00.611 - httpx - INFO - HTTP Request: GET https://huggingface.co/api/models/swiss-ai/Apertus-v1.5-8B/tree/main?recursive=true&expand=false "HTTP/1.1 200 OK"
2026-09-21 20:08:00.636 - httpx - INFO - HTTP Request: GET https://huggingface.co/api/models/swiss-ai/Apertus-v1.5-8B/tree/main?recursive=true&expand=false "HTTP/1.1 200 OK"
2026-09-21 20:08:07.512 - httpx - INFO - HTTP Request: GET https://huggingface.co/api/models/swiss-ai/Apertus-v1.5-8B "HTTP/1.1 200 OK"
2026-09-21 20:08:07.562 - httpx - INFO - HTTP Request: GET https://huggingface.co/api/models/swiss-ai/Apertus-v1.5-8B "HTTP/1.1 200 OK"
2026-09-21 20:08:07.678 - InferenceResultParser_9ce9eec7 - INFO - Initialized tokenizers: {'swiss-ai/Apertus-v1.5-8B': {'class': 'TokenizersBackend', 'name_or_path': 'swiss-ai/Apertus-v1.5-8B'}} in 9.04 seconds
2026-09-21 20:08:07.722 - dataset_manager - INFO - Tokenizer(s) configured in 9.08 seconds
2026-09-21 20:08:07.722 - dataset_manager - INFO - Configuring dataset for dataset_manager
2026-09-21 20:08:08.535 - MemoryMapDatasetBackingStore_b6bd875a - INFO - Memory-mapped backing store initialized (streaming to /tmp/aiperf_mmap_0b8e95e83136/dataset.dat)
2026-09-21 20:08:08.584 - MemoryMapDatasetBackingStore_b6bd875a - INFO - Data file finalized: 64 conversations, 1.90 MB
2026-09-21 20:08:08.586 - MemoryMapDatasetBackingStore_b6bd875a - INFO - Index file created: /tmp/aiperf_mmap_0b8e95e83136/index.dat
2026-09-21 20:08:08.587 - dataset_manager - INFO - Backing store finalized: client_type=DatasetClientStoreType.MEMORY_MAP format=MemoryMapFormat.CONVERSATION data_file_path=PosixPath('/tmp/aiperf_mmap_0b8e95e83136/dataset.dat') index_file_path=PosixPath('/tmp/aiperf_mmap_0b8e95e83136/index.dat') conversation_count=64 total_size_bytes=1992738 compressed=False compressed_data_file_path=None compressed_index_file_path=None compressed_size_bytes=0
2026-09-21 20:08:08.590 - dataset_manager - INFO - sampling strategy: sequential, unique conversations: 64, unique turn count: 64
2026-09-21 20:08:08.596 - dataset_manager - INFO - Generating inputs.json file at /results/dyn-2w-rr/rag/c1/inputs.json
2026-09-21 20:08:08.605 - PhaseOrchestrator_0e19fc64 - INFO - Initialized 2 phase(s): ['Warmup', 'Profiling']
2026-09-21 20:08:08.609 - dataset_manager - INFO - inputs.json file generated in 0.01 seconds
2026-09-21 20:08:08.821 - dataset_manager - INFO - Dataset client initialized and freed 64 conversations from memory
2026-09-21 20:08:08.821 - dataset_manager - INFO - Dataset configured in 1.10 seconds
2026-09-21 20:08:08.824 - system_controller - INFO - All services configured in 10.18 seconds
2026-09-21 20:08:08.824 - system_controller - INFO - AIPerf System is CONFIGURED
2026-09-21 20:08:08.826 - server_metrics_manager - INFO - Server Metrics: Started 1 collector(s) successfully
2026-09-21 20:08:08.828 - system_controller - INFO - All services started profiling successfully
2026-09-21 20:08:08.828 - system_controller - INFO - AIPerf System is PROFILING
2026-09-21 20:08:08.832 - RateTiming - INFO - Creating interval generator: pattern=concurrency_burst, rate=None, smoothness=None
2026-09-21 20:08:08.833 - PhaseRunner - NOTICE - Phase warmup (warmup) started | phase_index=0 | target: 1 requests
2026-09-21 20:08:08.835 - PhaseRunner - NOTICE - Phase warmup (warmup) sending complete | sent=1, completed=0, in_flight=1 | sessions: sent=1, completed=0
2026-09-21 20:08:08.836 - records_manager - INFO - Credit phase start: warmup
2026-09-21 20:08:10.782 - PhaseRunner - NOTICE - Phase warmup (warmup) complete | completed=1, cancelled=0, errors=0 | sessions: completed=1, cancelled=0 | elapsed=1.95s
2026-09-21 20:08:10.783 - RateTiming - INFO - Creating interval generator: pattern=concurrency_burst, rate=None, smoothness=None
2026-09-21 20:08:10.784 - server_metrics_manager - INFO - Server Metrics: Warmup complete, capturing final warmup metrics...
2026-09-21 20:08:10.784 - PhaseRunner - NOTICE - Phase profiling (profiling) started | phase_index=1 | profiling_index=0 | target: 64 requests
2026-09-21 20:08:10.786 - records_manager - INFO - Credit phase start: profiling
2026-09-21 20:08:23.859 - aiperf.metrics.types.osl_mismatch_metrics - WARNING - OSL mismatch: got 147 tokens (requested 256, diff -42.6%)
2026-09-21 20:09:38.911 - aiperf.metrics.types.osl_mismatch_metrics - WARNING - OSL mismatch: got 171 tokens (requested 256, diff -33.2%)
2026-09-21 20:09:59.058 - aiperf.metrics.types.osl_mismatch_metrics - WARNING - OSL mismatch: got 200 tokens (requested 256, diff -21.9%)
2026-09-21 20:10:06.341 - PhaseRunner - NOTICE - Phase profiling (profiling) sending complete | sent=64, completed=63, in_flight=1 | sessions: sent=64, completed=63
2026-09-21 20:10:06.343 - records_manager - INFO - Sent 64 requests. Waiting for all to complete...
2026-09-21 20:10:08.182 - PhaseRunner - NOTICE - Phase profiling (profiling) complete | completed=64, cancelled=0, errors=0 | sessions: completed=64, cancelled=0 | elapsed=117.40s
2026-09-21 20:10:08.183 - PhaseOrchestrator_0e19fc64 - NOTICE - All credits completed
2026-09-21 20:10:08.184 - system_controller - INFO - Received credits complete from 'timing_manager'
2026-09-21 20:10:08.184 - records_manager - INFO - Received CREDIT_PHASE_COMPLETE message, Phase complete: PhaseRecordsStats(phase=CreditPhase.PROFILING, phase_index=1, profiling_index=0, phase_name='profiling', phase_kind='profiling', start_ns=1790021290784326540, sent_end_ns=1790021406341351603, requests_end_ns=1790021408182186979, baseline_start_ns=1790021290784292256, baseline_end_ns=1790021408182202201, total_expected_requests=64, expected_duration_sec=None, expected_num_sessions=None, expected_grace_period_sec=None, final_requests_sent=None, final_requests_completed=64, final_requests_cancelled=0, final_request_errors=0, final_sent_sessions=None, final_completed_sessions=None, final_cancelled_sessions=None, timeout_triggered=False, grace_period_timeout_triggered=False, was_cancelled=False, records_end_ns=None, success_records=63, error_records=0)
2026-09-21 20:10:08.185 - records_manager - NOTICE - All requests have completed, please wait for the results to be processed (currently 63 of 64 records processed)...
2026-09-21 20:10:08.185 - records_manager - INFO - All credits complete, please wait for the results to be processed...
2026-09-21 20:10:08.250 - records_manager - INFO - Processed 64 valid requests and 0 errors (64 total).
2026-09-21 20:10:08.251 - records_manager - INFO - Received all records, processing now...
2026-09-21 20:10:08.264 - records_manager - INFO - Waiting 1.9s for server metrics flush period...
2026-09-21 20:10:08.287 - server_metrics_manager - INFO - Server Metrics: Profiling complete, capturing final metrics...
2026-09-21 20:10:10.183 - records_manager - INFO - Processing records results...
2026-09-21 20:10:10.346 - aiperf.server_metrics.export_stats - WARNING - Detected 1 counter reset(s) in counter metric with labels {'endpoint': 'chat_completions', 'model': 'swiss-ai/Apertus-v1.5-8B', 'request_type': 'stream'}. This typically indicates server restart(s) during profiling. Statistics may be inaccurate. Raw delta: 64.00
2026-09-21 20:10:11.664 - aiperf.server_metrics.export_stats - WARNING - Detected 1 counter reset(s) in counter metric. This typically indicates server restart(s) during profiling. Statistics may be inaccurate. Raw delta: 2521008.00
2026-09-21 20:10:11.799 - aiperf.server_metrics.export_stats - WARNING - Detected 1 counter reset(s) in counter metric with labels {'endpoint': 'chat_completions', 'model': 'swiss-ai/Apertus-v1.5-8B', 'request_type': 'stream'}. This typically indicates server restart(s) during profiling. Statistics may be inaccurate. Raw delta: 64.00
2026-09-21 20:10:13.119 - aiperf.server_metrics.export_stats - WARNING - Detected 1 counter reset(s) in counter metric. This typically indicates server restart(s) during profiling. Statistics may be inaccurate. Raw delta: 2521008.00
2026-09-21 20:10:13.248 - aiperf.server_metrics.export_stats - WARNING - Detected 1 counter reset(s) in counter metric with labels {'endpoint': 'chat_completions', 'model': 'swiss-ai/Apertus-v1.5-8B', 'request_type': 'stream'}. This typically indicates server restart(s) during profiling. Statistics may be inaccurate. Raw delta: 64.00
2026-09-21 20:10:13.259 - system_controller - INFO - Waiting for result domains: server_metrics
2026-09-21 20:10:14.558 - aiperf.server_metrics.export_stats - WARNING - Detected 1 counter reset(s) in counter metric. This typically indicates server restart(s) during profiling. Statistics may be inaccurate. Raw delta: 2521008.00
2026-09-21 20:10:14.806 - records_manager - INFO - _finalize_and_process_results completed
2026-09-21 20:10:14.877 - system_controller - INFO - All results received, initiating shutdown
2026-09-21 20:10:15.481 - ExporterManager - INFO - Exporting all records
2026-09-21 20:10:15.656 - ExporterManager - INFO - Exporting console data
