2026-09-21 19:42:41.838 - aiperf.cli_runner._single_run - INFO - Starting AIPerf System
2026-09-21 19:42:41.865 - aiperf.config.resolution.resolvers - INFO - [OK] Tokenizer swiss-ai/Apertus-v1.5-8B detected
2026-09-21 19:42:41.866 - aiperf.config.resolution.resolvers - INFO - 1 tokenizer validated | 0.0s
2026-09-21 19:42:41.866 - aiperf.config.resolution.resolvers - INFO - HF cache hit (skipping prefetch): ['swiss-ai/Apertus-v1.5-8B']
2026-09-21 19:42:42.372 - server_metrics_manager - INFO - Server Metrics: Discovered 1 endpoints: ['http://localhost:8090/metrics']
2026-09-21 19:42:42.394 - GPUTelemetryJSONLWriter_3f8f706e - INFO - GPU telemetry export enabled: /results/dyn-1w/chat/c4/gpu_telemetry_export.jsonl
2026-09-21 19:42:42.401 - OTelMetricsResultsProcessor_10522b73 - INFO - Telemetry streaming is disabled (set --otel-url and/or --mlflow-tracking-uri to enable)
2026-09-21 19:42:42.402 - RecordExportJSONLWriter_7071ac70 - INFO - Record metrics export enabled: /results/dyn-1w/chat/c4/profile_export.jsonl
2026-09-21 19:42:42.436 - system_controller - INFO - Registered Worker Manager (id: 'worker_manager')
2026-09-21 19:42:42.440 - system_controller - INFO - Registered Gpu Telemetry Manager (id: 'gpu_telemetry_manager')
2026-09-21 19:42:42.479 - system_controller - INFO - Registered Dataset Manager (id: 'dataset_manager')
2026-09-21 19:42:42.480 - system_controller - INFO - Registered Server Metrics Manager (id: 'server_metrics_manager')
2026-09-21 19:42:42.512 - system_controller - INFO - Registered Records Manager (id: 'records_manager')
2026-09-21 19:42:42.602 - system_controller - INFO - Registered Record Processor (id: 'record_processor_cd665a1a')
2026-09-21 19:42:42.633 - system_controller - INFO - Registered Timing Manager (id: 'timing_manager')
2026-09-21 19:42:42.768 - system_controller - INFO - Registered Worker (id: 'worker_30d532e8')
2026-09-21 19:42:42.770 - system_controller - INFO - Registered Worker (id: 'worker_9d6a1f32')
2026-09-21 19:42:42.778 - system_controller - INFO - Registered Worker (id: 'worker_e7f2318b')
2026-09-21 19:42:42.779 - system_controller - INFO - Registered Worker (id: 'worker_b61b3663')
2026-09-21 19:42:42.826 - system_controller - INFO - AIPerf System is CONFIGURING
2026-09-21 19:42:42.826 - system_controller - INFO - Configuring all services to start profiling
2026-09-21 19:42:42.829 - InferenceResultParser_26f2fd76 - INFO - Configuring tokenizers for inference result parser (resolve_alias: True)
2026-09-21 19:42:42.829 - timing_manager - INFO - Waiting for dataset to be configured before configuring timing
2026-09-21 19:42:42.831 - dataset_manager - INFO - Configuring tokenizer(s) for dataset manager
2026-09-21 19:42:42.841 - server_metrics_manager - INFO - Server Metrics: Capturing baseline metrics...
2026-09-21 19:42:42.877 - gpu_telemetry_manager - WARNING - GPU Telemetry: http://localhost:9400/metrics is not reachable
2026-09-21 19:42:42.880 - gpu_telemetry_manager - WARNING - GPU Telemetry: http://localhost:9401/metrics is not reachable
2026-09-21 19:42:42.882 - system_controller - INFO - DCGM telemetry skipped: no telemetry sources reachable
2026-09-21 19:42:42.882 - system_controller - INFO - Waiting for result domains: profile, server_metrics
2026-09-21 19:42:42.885 - system_controller - INFO - Server metrics enabled - 1/1 endpoint(s) reachable.
2026-09-21 19:42:44.403 - httpx - INFO - HTTP Request: HEAD https://huggingface.co/swiss-ai/Apertus-v1.5-8B/resolve/main/config.json "HTTP/1.1 200 OK"
2026-09-21 19:42:44.408 - httpx - INFO - HTTP Request: HEAD https://huggingface.co/swiss-ai/Apertus-v1.5-8B/resolve/main/config.json "HTTP/1.1 200 OK"
2026-09-21 19:42:44.487 - httpx - INFO - HTTP Request: HEAD https://huggingface.co/swiss-ai/Apertus-v1.5-8B/resolve/main/config.json "HTTP/1.1 200 OK"
2026-09-21 19:42:44.497 - httpx - INFO - HTTP Request: HEAD https://huggingface.co/swiss-ai/Apertus-v1.5-8B/resolve/main/config.json "HTTP/1.1 200 OK"
2026-09-21 19:42:44.580 - httpx - INFO - HTTP Request: HEAD https://huggingface.co/swiss-ai/Apertus-v1.5-8B/resolve/main/tokenizer_config.json "HTTP/1.1 200 OK"
2026-09-21 19:42:44.583 - httpx - INFO - HTTP Request: HEAD https://huggingface.co/swiss-ai/Apertus-v1.5-8B/resolve/main/tokenizer_config.json "HTTP/1.1 200 OK"
2026-09-21 19:42:44.673 - httpx - INFO - HTTP Request: GET https://huggingface.co/api/models/swiss-ai/Apertus-v1.5-8B/tree/main/additional_chat_templates?recursive=false&expand=false "HTTP/1.1 404 Not Found"
2026-09-21 19:42:44.673 - httpx - INFO - HTTP Request: GET https://huggingface.co/api/models/swiss-ai/Apertus-v1.5-8B/tree/main/additional_chat_templates?recursive=false&expand=false "HTTP/1.1 404 Not Found"
2026-09-21 19:42:44.763 - httpx - INFO - HTTP Request: GET https://huggingface.co/api/models/swiss-ai/Apertus-v1.5-8B/tree/main?recursive=true&expand=false "HTTP/1.1 200 OK"
2026-09-21 19:42:44.768 - httpx - INFO - HTTP Request: GET https://huggingface.co/api/models/swiss-ai/Apertus-v1.5-8B/tree/main?recursive=true&expand=false "HTTP/1.1 200 OK"
2026-09-21 19:42:51.530 - httpx - INFO - HTTP Request: GET https://huggingface.co/api/models/swiss-ai/Apertus-v1.5-8B "HTTP/1.1 200 OK"
2026-09-21 19:42:51.603 - httpx - INFO - HTTP Request: GET https://huggingface.co/api/models/swiss-ai/Apertus-v1.5-8B "HTTP/1.1 200 OK"
2026-09-21 19:42:51.651 - InferenceResultParser_26f2fd76 - INFO - Initialized tokenizers: {'swiss-ai/Apertus-v1.5-8B': {'class': 'TokenizersBackend', 'name_or_path': 'swiss-ai/Apertus-v1.5-8B'}} in 8.82 seconds
2026-09-21 19:42:51.691 - dataset_manager - INFO - Tokenizer(s) configured in 8.86 seconds
2026-09-21 19:42:51.691 - dataset_manager - INFO - Configuring dataset for dataset_manager
2026-09-21 19:42:52.316 - MemoryMapDatasetBackingStore_99bb5f6d - INFO - Memory-mapped backing store initialized (streaming to /tmp/aiperf_mmap_1c96c498fae9/dataset.dat)
2026-09-21 19:42:52.347 - MemoryMapDatasetBackingStore_99bb5f6d - INFO - Data file finalized: 64 conversations, 0.18 MB
2026-09-21 19:42:52.349 - MemoryMapDatasetBackingStore_99bb5f6d - INFO - Index file created: /tmp/aiperf_mmap_1c96c498fae9/index.dat
2026-09-21 19:42:52.350 - dataset_manager - INFO - Backing store finalized: client_type=DatasetClientStoreType.MEMORY_MAP format=MemoryMapFormat.CONVERSATION data_file_path=PosixPath('/tmp/aiperf_mmap_1c96c498fae9/dataset.dat') index_file_path=PosixPath('/tmp/aiperf_mmap_1c96c498fae9/index.dat') conversation_count=64 total_size_bytes=190265 compressed=False compressed_data_file_path=None compressed_index_file_path=None compressed_size_bytes=0
2026-09-21 19:42:52.353 - dataset_manager - INFO - sampling strategy: sequential, unique conversations: 64, unique turn count: 64
2026-09-21 19:42:52.355 - dataset_manager - INFO - Generating inputs.json file at /results/dyn-1w/chat/c4/inputs.json
2026-09-21 19:42:52.361 - PhaseOrchestrator_09d6fa82 - INFO - Initialized 2 phase(s): ['Warmup', 'Profiling']
2026-09-21 19:42:52.365 - dataset_manager - INFO - inputs.json file generated in 0.01 seconds
2026-09-21 19:42:52.588 - dataset_manager - INFO - Dataset client initialized and freed 64 conversations from memory
2026-09-21 19:42:52.588 - dataset_manager - INFO - Dataset configured in 0.90 seconds
2026-09-21 19:42:52.590 - system_controller - INFO - All services configured in 9.76 seconds
2026-09-21 19:42:52.590 - system_controller - INFO - AIPerf System is CONFIGURED
2026-09-21 19:42:52.592 - server_metrics_manager - INFO - Server Metrics: Started 1 collector(s) successfully
2026-09-21 19:42:52.595 - system_controller - INFO - All services started profiling successfully
2026-09-21 19:42:52.595 - system_controller - INFO - AIPerf System is PROFILING
2026-09-21 19:42:52.599 - RateTiming - INFO - Creating interval generator: pattern=concurrency_burst, rate=None, smoothness=None
2026-09-21 19:42:52.599 - PhaseRunner - NOTICE - Phase warmup (warmup) started | phase_index=0 | target: 4 requests
2026-09-21 19:42:52.602 - PhaseRunner - NOTICE - Phase warmup (warmup) sending complete | sent=4, completed=0, in_flight=4 | sessions: sent=4, completed=0
2026-09-21 19:42:52.602 - records_manager - INFO - Credit phase start: warmup
2026-09-21 19:42:54.253 - PhaseRunner - NOTICE - Phase warmup (warmup) complete | completed=4, cancelled=0, errors=0 | sessions: completed=4, cancelled=0 | elapsed=1.65s
2026-09-21 19:42:54.255 - RateTiming - INFO - Creating interval generator: pattern=concurrency_burst, rate=None, smoothness=None
2026-09-21 19:42:54.255 - server_metrics_manager - INFO - Server Metrics: Warmup complete, capturing final warmup metrics...
2026-09-21 19:42:54.255 - PhaseRunner - NOTICE - Phase profiling (profiling) started | phase_index=1 | profiling_index=0 | target: 64 requests
2026-09-21 19:42:54.258 - records_manager - INFO - Credit phase start: profiling
2026-09-21 19:43:00.906 - aiperf.metrics.types.osl_mismatch_metrics - WARNING - OSL mismatch: got 224 tokens (requested 256, diff -12.5%)
2026-09-21 19:43:16.999 - aiperf.metrics.types.osl_mismatch_metrics - WARNING - OSL mismatch: got 87 tokens (requested 256, diff -66.0%)
2026-09-21 19:43:18.621 - PhaseRunner - NOTICE - Phase profiling (profiling) sending complete | sent=64, completed=60, in_flight=4 | sessions: sent=64, completed=60
2026-09-21 19:43:18.622 - records_manager - INFO - Sent 64 requests. Waiting for all to complete...
2026-09-21 19:43:18.647 - aiperf.metrics.types.osl_mismatch_metrics - WARNING - OSL mismatch: got 237 tokens (requested 256, diff -7.4%)
2026-09-21 19:43:20.249 - PhaseRunner - NOTICE - Phase profiling (profiling) complete | completed=64, cancelled=0, errors=0 | sessions: completed=64, cancelled=0 | elapsed=25.99s
2026-09-21 19:43:20.249 - PhaseOrchestrator_09d6fa82 - NOTICE - All credits completed
2026-09-21 19:43:20.251 - records_manager - INFO - Received CREDIT_PHASE_COMPLETE message, Phase complete: PhaseRecordsStats(phase=CreditPhase.PROFILING, phase_index=1, profiling_index=0, phase_name='profiling', phase_kind='profiling', start_ns=1790019774255607625, sent_end_ns=1790019798620923595, requests_end_ns=1790019800248436885, baseline_start_ns=1790019774255573554, baseline_end_ns=1790019800248470728, total_expected_requests=64, expected_duration_sec=None, expected_num_sessions=None, expected_grace_period_sec=None, final_requests_sent=None, final_requests_completed=64, final_requests_cancelled=0, final_request_errors=0, final_sent_sessions=None, final_completed_sessions=None, final_cancelled_sessions=None, timeout_triggered=False, grace_period_timeout_triggered=False, was_cancelled=False, records_end_ns=None, success_records=60, error_records=0)
2026-09-21 19:43:20.251 - system_controller - INFO - Received credits complete from 'timing_manager'
2026-09-21 19:43:20.251 - records_manager - NOTICE - All requests have completed, please wait for the results to be processed (currently 60 of 64 records processed)...
2026-09-21 19:43:20.252 - records_manager - INFO - All credits complete, please wait for the results to be processed...
2026-09-21 19:43:20.289 - records_manager - INFO - Processed 64 valid requests and 0 errors (64 total).
2026-09-21 19:43:20.289 - records_manager - INFO - Received all records, processing now...
2026-09-21 19:43:20.294 - records_manager - INFO - Waiting 2.0s for server metrics flush period...
2026-09-21 19:43:20.309 - server_metrics_manager - INFO - Server Metrics: Profiling complete, capturing final metrics...
2026-09-21 19:43:22.248 - records_manager - INFO - Processing records results...
2026-09-21 19:43:22.365 - aiperf.server_metrics.export_stats - WARNING - Detected 1 counter reset(s) in counter metric with labels {'endpoint': 'chat_completions', 'model': 'swiss-ai/Apertus-v1.5-8B', 'request_type': 'stream'}. This typically indicates server restart(s) during profiling. Statistics may be inaccurate. Raw delta: 64.00
2026-09-21 19:43:22.790 - aiperf.server_metrics.export_stats - WARNING - Detected 1 counter reset(s) in counter metric. This typically indicates server restart(s) during profiling. Statistics may be inaccurate. Raw delta: 282873.00
2026-09-21 19:43:22.846 - aiperf.server_metrics.export_stats - WARNING - Detected 1 counter reset(s) in counter metric with labels {'endpoint': 'chat_completions', 'model': 'swiss-ai/Apertus-v1.5-8B', 'request_type': 'stream'}. This typically indicates server restart(s) during profiling. Statistics may be inaccurate. Raw delta: 64.00
2026-09-21 19:43:23.198 - aiperf.server_metrics.export_stats - WARNING - Detected 1 counter reset(s) in counter metric. This typically indicates server restart(s) during profiling. Statistics may be inaccurate. Raw delta: 282873.00
2026-09-21 19:43:23.247 - aiperf.server_metrics.export_stats - WARNING - Detected 1 counter reset(s) in counter metric with labels {'endpoint': 'chat_completions', 'model': 'swiss-ai/Apertus-v1.5-8B', 'request_type': 'stream'}. This typically indicates server restart(s) during profiling. Statistics may be inaccurate. Raw delta: 64.00
2026-09-21 19:43:23.310 - system_controller - INFO - Waiting for result domains: server_metrics
2026-09-21 19:43:23.603 - aiperf.server_metrics.export_stats - WARNING - Detected 1 counter reset(s) in counter metric. This typically indicates server restart(s) during profiling. Statistics may be inaccurate. Raw delta: 282873.00
2026-09-21 19:43:23.744 - records_manager - INFO - _finalize_and_process_results completed
2026-09-21 19:43:23.800 - system_controller - INFO - All results received, initiating shutdown
2026-09-21 19:43:24.404 - ExporterManager - INFO - Exporting all records
2026-09-21 19:43:24.583 - ExporterManager - INFO - Exporting console data
