2026-09-21 20:21:42.165 - aiperf.cli_runner._single_run - INFO - Starting AIPerf System
2026-09-21 20:21:42.192 - aiperf.config.resolution.resolvers - INFO - [OK] Tokenizer swiss-ai/Apertus-v1.5-8B detected
2026-09-21 20:21:42.192 - aiperf.config.resolution.resolvers - INFO - 1 tokenizer validated | 0.0s
2026-09-21 20:21:42.192 - aiperf.config.resolution.resolvers - INFO - HF cache hit (skipping prefetch): ['swiss-ai/Apertus-v1.5-8B']
2026-09-21 20:21:42.589 - system_controller - INFO - Registered Gpu Telemetry Manager (id: 'gpu_telemetry_manager')
2026-09-21 20:21:42.621 - server_metrics_manager - INFO - Server Metrics: Discovered 1 endpoints: ['http://localhost:8090/metrics']
2026-09-21 20:21:42.637 - GPUTelemetryJSONLWriter_42c8e615 - INFO - GPU telemetry export enabled: /results/dyn-2w-kv/chat/c1/gpu_telemetry_export.jsonl
2026-09-21 20:21:42.646 - OTelMetricsResultsProcessor_f38adfc4 - INFO - Telemetry streaming is disabled (set --otel-url and/or --mlflow-tracking-uri to enable)
2026-09-21 20:21:42.646 - RecordExportJSONLWriter_54c6943d - INFO - Record metrics export enabled: /results/dyn-2w-kv/chat/c1/profile_export.jsonl
2026-09-21 20:21:42.688 - system_controller - INFO - Registered Worker Manager (id: 'worker_manager')
2026-09-21 20:21:42.727 - system_controller - INFO - Registered Server Metrics Manager (id: 'server_metrics_manager')
2026-09-21 20:21:42.729 - system_controller - INFO - Registered Dataset Manager (id: 'dataset_manager')
2026-09-21 20:21:42.756 - system_controller - INFO - Registered Records Manager (id: 'records_manager')
2026-09-21 20:21:42.834 - system_controller - INFO - Registered Record Processor (id: 'record_processor_ed028217')
2026-09-21 20:21:42.851 - system_controller - INFO - Registered Timing Manager (id: 'timing_manager')
2026-09-21 20:21:42.976 - system_controller - INFO - Registered Worker (id: 'worker_33c00aa7')
2026-09-21 20:21:43.078 - system_controller - INFO - AIPerf System is CONFIGURING
2026-09-21 20:21:43.078 - system_controller - INFO - Configuring all services to start profiling
2026-09-21 20:21:43.080 - InferenceResultParser_2b9a08d3 - INFO - Configuring tokenizers for inference result parser (resolve_alias: True)
2026-09-21 20:21:43.081 - timing_manager - INFO - Waiting for dataset to be configured before configuring timing
2026-09-21 20:21:43.082 - dataset_manager - INFO - Configuring tokenizer(s) for dataset manager
2026-09-21 20:21:43.093 - server_metrics_manager - INFO - Server Metrics: Capturing baseline metrics...
2026-09-21 20:21:43.110 - gpu_telemetry_manager - WARNING - GPU Telemetry: http://localhost:9400/metrics is not reachable
2026-09-21 20:21:43.112 - gpu_telemetry_manager - WARNING - GPU Telemetry: http://localhost:9401/metrics is not reachable
2026-09-21 20:21:43.114 - system_controller - INFO - DCGM telemetry skipped: no telemetry sources reachable
2026-09-21 20:21:43.114 - system_controller - INFO - Waiting for result domains: profile, server_metrics
2026-09-21 20:21:43.135 - system_controller - INFO - Server metrics enabled - 1/1 endpoint(s) reachable.
2026-09-21 20:21:44.663 - httpx - INFO - HTTP Request: HEAD https://huggingface.co/swiss-ai/Apertus-v1.5-8B/resolve/main/config.json "HTTP/1.1 200 OK"
2026-09-21 20:21:44.776 - httpx - INFO - HTTP Request: HEAD https://huggingface.co/swiss-ai/Apertus-v1.5-8B/resolve/main/config.json "HTTP/1.1 200 OK"
2026-09-21 20:21:44.789 - httpx - INFO - HTTP Request: HEAD https://huggingface.co/swiss-ai/Apertus-v1.5-8B/resolve/main/config.json "HTTP/1.1 200 OK"
2026-09-21 20:21:44.888 - httpx - INFO - HTTP Request: HEAD https://huggingface.co/swiss-ai/Apertus-v1.5-8B/resolve/main/config.json "HTTP/1.1 200 OK"
2026-09-21 20:21:44.911 - httpx - INFO - HTTP Request: HEAD https://huggingface.co/swiss-ai/Apertus-v1.5-8B/resolve/main/tokenizer_config.json "HTTP/1.1 200 OK"
2026-09-21 20:21:44.995 - httpx - INFO - HTTP Request: HEAD https://huggingface.co/swiss-ai/Apertus-v1.5-8B/resolve/main/tokenizer_config.json "HTTP/1.1 200 OK"
2026-09-21 20:21:45.025 - httpx - INFO - HTTP Request: GET https://huggingface.co/api/models/swiss-ai/Apertus-v1.5-8B/tree/main/additional_chat_templates?recursive=false&expand=false "HTTP/1.1 404 Not Found"
2026-09-21 20:21:45.128 - httpx - INFO - HTTP Request: GET https://huggingface.co/api/models/swiss-ai/Apertus-v1.5-8B/tree/main/additional_chat_templates?recursive=false&expand=false "HTTP/1.1 404 Not Found"
2026-09-21 20:21:45.146 - httpx - INFO - HTTP Request: GET https://huggingface.co/api/models/swiss-ai/Apertus-v1.5-8B/tree/main?recursive=true&expand=false "HTTP/1.1 200 OK"
2026-09-21 20:21:45.233 - httpx - INFO - HTTP Request: GET https://huggingface.co/api/models/swiss-ai/Apertus-v1.5-8B/tree/main?recursive=true&expand=false "HTTP/1.1 200 OK"
2026-09-21 20:21:51.296 - httpx - INFO - HTTP Request: GET https://huggingface.co/api/models/swiss-ai/Apertus-v1.5-8B "HTTP/1.1 200 OK"
2026-09-21 20:21:51.423 - dataset_manager - INFO - Tokenizer(s) configured in 8.34 seconds
2026-09-21 20:21:51.423 - dataset_manager - INFO - Configuring dataset for dataset_manager
2026-09-21 20:21:51.818 - httpx - INFO - HTTP Request: GET https://huggingface.co/api/models/swiss-ai/Apertus-v1.5-8B "HTTP/1.1 200 OK"
2026-09-21 20:21:51.866 - MemoryMapDatasetBackingStore_c3f9f7e9 - INFO - Memory-mapped backing store initialized (streaming to /tmp/aiperf_mmap_5d45a35f4368/dataset.dat)
2026-09-21 20:21:51.871 - MemoryMapDatasetBackingStore_c3f9f7e9 - INFO - Data file finalized: 64 conversations, 0.18 MB
2026-09-21 20:21:51.871 - MemoryMapDatasetBackingStore_c3f9f7e9 - INFO - Index file created: /tmp/aiperf_mmap_5d45a35f4368/index.dat
2026-09-21 20:21:51.871 - dataset_manager - INFO - Backing store finalized: client_type=DatasetClientStoreType.MEMORY_MAP format=MemoryMapFormat.CONVERSATION data_file_path=PosixPath('/tmp/aiperf_mmap_5d45a35f4368/dataset.dat') index_file_path=PosixPath('/tmp/aiperf_mmap_5d45a35f4368/index.dat') conversation_count=64 total_size_bytes=190265 compressed=False compressed_data_file_path=None compressed_index_file_path=None compressed_size_bytes=0
2026-09-21 20:21:51.872 - dataset_manager - INFO - sampling strategy: sequential, unique conversations: 64, unique turn count: 64
2026-09-21 20:21:51.873 - dataset_manager - INFO - Generating inputs.json file at /results/dyn-2w-kv/chat/c1/inputs.json
2026-09-21 20:21:51.876 - dataset_manager - INFO - inputs.json file generated in 0.00 seconds
2026-09-21 20:21:51.879 - PhaseOrchestrator_0a82c31f - INFO - Initialized 2 phase(s): ['Warmup', 'Profiling']
2026-09-21 20:21:51.987 - dataset_manager - INFO - Dataset client initialized and freed 64 conversations from memory
2026-09-21 20:21:51.987 - dataset_manager - INFO - Dataset configured in 0.56 seconds
2026-09-21 20:21:52.034 - InferenceResultParser_2b9a08d3 - INFO - Initialized tokenizers: {'swiss-ai/Apertus-v1.5-8B': {'class': 'TokenizersBackend', 'name_or_path': 'swiss-ai/Apertus-v1.5-8B'}} in 8.95 seconds
2026-09-21 20:21:52.035 - system_controller - INFO - All services configured in 8.96 seconds
2026-09-21 20:21:52.036 - system_controller - INFO - AIPerf System is CONFIGURED
2026-09-21 20:21:52.038 - server_metrics_manager - INFO - Server Metrics: Started 1 collector(s) successfully
2026-09-21 20:21:52.039 - system_controller - INFO - All services started profiling successfully
2026-09-21 20:21:52.040 - system_controller - INFO - AIPerf System is PROFILING
2026-09-21 20:21:52.044 - RateTiming - INFO - Creating interval generator: pattern=concurrency_burst, rate=None, smoothness=None
2026-09-21 20:21:52.044 - PhaseRunner - NOTICE - Phase warmup (warmup) started | phase_index=0 | target: 1 requests
2026-09-21 20:21:52.046 - PhaseRunner - NOTICE - Phase warmup (warmup) sending complete | sent=1, completed=0, in_flight=1 | sessions: sent=1, completed=0
2026-09-21 20:21:52.047 - records_manager - INFO - Credit phase start: warmup
2026-09-21 20:21:53.678 - PhaseRunner - NOTICE - Phase warmup (warmup) complete | completed=1, cancelled=0, errors=0 | sessions: completed=1, cancelled=0 | elapsed=1.63s
2026-09-21 20:21:53.679 - RateTiming - INFO - Creating interval generator: pattern=concurrency_burst, rate=None, smoothness=None
2026-09-21 20:21:53.680 - server_metrics_manager - INFO - Server Metrics: Warmup complete, capturing final warmup metrics...
2026-09-21 20:21:53.680 - PhaseRunner - NOTICE - Phase profiling (profiling) started | phase_index=1 | profiling_index=0 | target: 64 requests
2026-09-21 20:21:53.682 - records_manager - INFO - Credit phase start: profiling
2026-09-21 20:21:55.308 - aiperf.metrics.types.osl_mismatch_metrics - WARNING - OSL mismatch: got 209 tokens (requested 256, diff -18.4%)
2026-09-21 20:22:09.757 - aiperf.metrics.types.osl_mismatch_metrics - WARNING - OSL mismatch: got 176 tokens (requested 256, diff -31.2%)
2026-09-21 20:22:14.569 - aiperf.metrics.types.osl_mismatch_metrics - WARNING - OSL mismatch: got 199 tokens (requested 256, diff -22.3%)
2026-09-21 20:23:05.990 - aiperf.metrics.types.osl_mismatch_metrics - WARNING - OSL mismatch: got 138 tokens (requested 256, diff -46.1%)
2026-09-21 20:23:34.940 - PhaseRunner - NOTICE - Phase profiling (profiling) sending complete | sent=64, completed=63, in_flight=1 | sessions: sent=64, completed=63
2026-09-21 20:23:34.942 - records_manager - INFO - Sent 64 requests. Waiting for all to complete...
2026-09-21 20:23:36.551 - PhaseRunner - NOTICE - Phase profiling (profiling) complete | completed=64, cancelled=0, errors=0 | sessions: completed=64, cancelled=0 | elapsed=102.87s
2026-09-21 20:23:36.552 - PhaseOrchestrator_0a82c31f - NOTICE - All credits completed
2026-09-21 20:23:36.554 - records_manager - INFO - Received CREDIT_PHASE_COMPLETE message, Phase complete: PhaseRecordsStats(phase=CreditPhase.PROFILING, phase_index=1, profiling_index=0, phase_name='profiling', phase_kind='profiling', start_ns=1790022113680256083, sent_end_ns=1790022214940728526, requests_end_ns=1790022216550900532, baseline_start_ns=1790022113680223079, baseline_end_ns=1790022216550932974, total_expected_requests=64, expected_duration_sec=None, expected_num_sessions=None, expected_grace_period_sec=None, final_requests_sent=None, final_requests_completed=64, final_requests_cancelled=0, final_request_errors=0, final_sent_sessions=None, final_completed_sessions=None, final_cancelled_sessions=None, timeout_triggered=False, grace_period_timeout_triggered=False, was_cancelled=False, records_end_ns=None, success_records=63, error_records=0)
2026-09-21 20:23:36.554 - system_controller - INFO - Received credits complete from 'timing_manager'
2026-09-21 20:23:36.554 - records_manager - NOTICE - All requests have completed, please wait for the results to be processed (currently 63 of 64 records processed)...
2026-09-21 20:23:36.554 - records_manager - INFO - All credits complete, please wait for the results to be processed...
2026-09-21 20:23:36.572 - records_manager - INFO - Processed 64 valid requests and 0 errors (64 total).
2026-09-21 20:23:36.572 - records_manager - INFO - Received all records, processing now...
2026-09-21 20:23:36.577 - records_manager - INFO - Waiting 2.0s for server metrics flush period...
2026-09-21 20:23:36.610 - server_metrics_manager - INFO - Server Metrics: Profiling complete, capturing final metrics...
2026-09-21 20:23:38.552 - records_manager - INFO - Processing records results...
2026-09-21 20:23:39.874 - aiperf.server_metrics.export_stats - WARNING - Detected 1 counter reset(s) in counter metric. This typically indicates server restart(s) during profiling. Statistics may be inaccurate. Raw delta: 282873.00
2026-09-21 20:23:39.942 - aiperf.server_metrics.export_stats - WARNING - Detected 1 counter reset(s) in counter metric with labels {'endpoint': 'chat_completions', 'model': 'swiss-ai/Apertus-v1.5-8B', 'request_type': 'stream'}. This typically indicates server restart(s) during profiling. Statistics may be inaccurate. Raw delta: 64.00
2026-09-21 20:23:41.185 - aiperf.server_metrics.export_stats - WARNING - Detected 1 counter reset(s) in counter metric. This typically indicates server restart(s) during profiling. Statistics may be inaccurate. Raw delta: 282873.00
2026-09-21 20:23:41.254 - aiperf.server_metrics.export_stats - WARNING - Detected 1 counter reset(s) in counter metric with labels {'endpoint': 'chat_completions', 'model': 'swiss-ai/Apertus-v1.5-8B', 'request_type': 'stream'}. This typically indicates server restart(s) during profiling. Statistics may be inaccurate. Raw delta: 64.00
2026-09-21 20:23:41.351 - system_controller - INFO - Waiting for result domains: server_metrics
2026-09-21 20:23:42.485 - aiperf.server_metrics.export_stats - WARNING - Detected 1 counter reset(s) in counter metric. This typically indicates server restart(s) during profiling. Statistics may be inaccurate. Raw delta: 282873.00
2026-09-21 20:23:42.552 - aiperf.server_metrics.export_stats - WARNING - Detected 1 counter reset(s) in counter metric with labels {'endpoint': 'chat_completions', 'model': 'swiss-ai/Apertus-v1.5-8B', 'request_type': 'stream'}. This typically indicates server restart(s) during profiling. Statistics may be inaccurate. Raw delta: 64.00
2026-09-21 20:23:42.672 - records_manager - INFO - _finalize_and_process_results completed
2026-09-21 20:23:42.728 - system_controller - INFO - All results received, initiating shutdown
2026-09-21 20:23:43.334 - ExporterManager - INFO - Exporting all records
2026-09-21 20:23:43.534 - ExporterManager - INFO - Exporting console data
