2026-09-21 19:39:28.118 - aiperf.cli_runner._single_run - INFO - Starting AIPerf System
2026-09-21 19:39:28.145 - aiperf.config.resolution.resolvers - INFO - [OK] Tokenizer swiss-ai/Apertus-v1.5-8B detected
2026-09-21 19:39:28.145 - aiperf.config.resolution.resolvers - INFO - 1 tokenizer validated | 0.0s
2026-09-21 19:39:28.145 - aiperf.config.resolution.resolvers - INFO - HF cache hit (skipping prefetch): ['swiss-ai/Apertus-v1.5-8B']
2026-09-21 19:39:28.648 - server_metrics_manager - INFO - Server Metrics: Discovered 1 endpoints: ['http://localhost:8090/metrics']
2026-09-21 19:39:28.669 - GPUTelemetryJSONLWriter_cc253292 - INFO - GPU telemetry export enabled: /results/dyn-1w/chat/c1/gpu_telemetry_export.jsonl
2026-09-21 19:39:28.677 - OTelMetricsResultsProcessor_1473993d - INFO - Telemetry streaming is disabled (set --otel-url and/or --mlflow-tracking-uri to enable)
2026-09-21 19:39:28.678 - RecordExportJSONLWriter_b739c6ba - INFO - Record metrics export enabled: /results/dyn-1w/chat/c1/profile_export.jsonl
2026-09-21 19:39:28.712 - system_controller - INFO - Registered Worker Manager (id: 'worker_manager')
2026-09-21 19:39:28.737 - system_controller - INFO - Registered Gpu Telemetry Manager (id: 'gpu_telemetry_manager')
2026-09-21 19:39:28.756 - system_controller - INFO - Registered Server Metrics Manager (id: 'server_metrics_manager')
2026-09-21 19:39:28.759 - system_controller - INFO - Registered Dataset Manager (id: 'dataset_manager')
2026-09-21 19:39:28.788 - system_controller - INFO - Registered Records Manager (id: 'records_manager')
2026-09-21 19:39:28.855 - system_controller - INFO - Registered Record Processor (id: 'record_processor_690808ae')
2026-09-21 19:39:28.915 - system_controller - INFO - Registered Timing Manager (id: 'timing_manager')
2026-09-21 19:39:29.018 - system_controller - INFO - Registered Worker (id: 'worker_2b169b9d')
2026-09-21 19:39:29.105 - system_controller - INFO - AIPerf System is CONFIGURING
2026-09-21 19:39:29.105 - system_controller - INFO - Configuring all services to start profiling
2026-09-21 19:39:29.107 - InferenceResultParser_d7beb456 - INFO - Configuring tokenizers for inference result parser (resolve_alias: True)
2026-09-21 19:39:29.108 - timing_manager - INFO - Waiting for dataset to be configured before configuring timing
2026-09-21 19:39:29.109 - dataset_manager - INFO - Configuring tokenizer(s) for dataset manager
2026-09-21 19:39:29.123 - server_metrics_manager - INFO - Server Metrics: Capturing baseline metrics...
2026-09-21 19:39:29.157 - gpu_telemetry_manager - WARNING - GPU Telemetry: http://localhost:9400/metrics is not reachable
2026-09-21 19:39:29.160 - gpu_telemetry_manager - WARNING - GPU Telemetry: http://localhost:9401/metrics is not reachable
2026-09-21 19:39:29.162 - system_controller - INFO - DCGM telemetry skipped: no telemetry sources reachable
2026-09-21 19:39:29.162 - system_controller - INFO - Waiting for result domains: profile, server_metrics
2026-09-21 19:39:29.166 - system_controller - INFO - Server metrics enabled - 1/1 endpoint(s) reachable.
2026-09-21 19:39:30.776 - httpx - INFO - HTTP Request: HEAD https://huggingface.co/swiss-ai/Apertus-v1.5-8B/resolve/main/config.json "HTTP/1.1 200 OK"
2026-09-21 19:39:30.780 - httpx - INFO - HTTP Request: HEAD https://huggingface.co/swiss-ai/Apertus-v1.5-8B/resolve/main/config.json "HTTP/1.1 200 OK"
2026-09-21 19:39:30.869 - httpx - INFO - HTTP Request: HEAD https://huggingface.co/swiss-ai/Apertus-v1.5-8B/resolve/main/config.json "HTTP/1.1 200 OK"
2026-09-21 19:39:30.872 - httpx - INFO - HTTP Request: HEAD https://huggingface.co/swiss-ai/Apertus-v1.5-8B/resolve/main/config.json "HTTP/1.1 200 OK"
2026-09-21 19:39:30.965 - httpx - INFO - HTTP Request: HEAD https://huggingface.co/swiss-ai/Apertus-v1.5-8B/resolve/main/tokenizer_config.json "HTTP/1.1 200 OK"
2026-09-21 19:39:30.966 - httpx - INFO - HTTP Request: HEAD https://huggingface.co/swiss-ai/Apertus-v1.5-8B/resolve/main/tokenizer_config.json "HTTP/1.1 200 OK"
2026-09-21 19:39:31.062 - httpx - INFO - HTTP Request: GET https://huggingface.co/api/models/swiss-ai/Apertus-v1.5-8B/tree/main/additional_chat_templates?recursive=false&expand=false "HTTP/1.1 404 Not Found"
2026-09-21 19:39:31.064 - httpx - INFO - HTTP Request: GET https://huggingface.co/api/models/swiss-ai/Apertus-v1.5-8B/tree/main/additional_chat_templates?recursive=false&expand=false "HTTP/1.1 404 Not Found"
2026-09-21 19:39:31.160 - httpx - INFO - HTTP Request: GET https://huggingface.co/api/models/swiss-ai/Apertus-v1.5-8B/tree/main?recursive=true&expand=false "HTTP/1.1 200 OK"
2026-09-21 19:39:31.165 - httpx - INFO - HTTP Request: GET https://huggingface.co/api/models/swiss-ai/Apertus-v1.5-8B/tree/main?recursive=true&expand=false "HTTP/1.1 200 OK"
2026-09-21 19:39:37.671 - httpx - INFO - HTTP Request: GET https://huggingface.co/api/models/swiss-ai/Apertus-v1.5-8B "HTTP/1.1 200 OK"
2026-09-21 19:39:37.694 - httpx - INFO - HTTP Request: GET https://huggingface.co/api/models/swiss-ai/Apertus-v1.5-8B "HTTP/1.1 200 OK"
2026-09-21 19:39:37.788 - dataset_manager - INFO - Tokenizer(s) configured in 8.68 seconds
2026-09-21 19:39:37.788 - dataset_manager - INFO - Configuring dataset for dataset_manager
2026-09-21 19:39:37.808 - InferenceResultParser_d7beb456 - INFO - Initialized tokenizers: {'swiss-ai/Apertus-v1.5-8B': {'class': 'TokenizersBackend', 'name_or_path': 'swiss-ai/Apertus-v1.5-8B'}} in 8.70 seconds
2026-09-21 19:39:38.585 - MemoryMapDatasetBackingStore_fbb7d26e - INFO - Memory-mapped backing store initialized (streaming to /tmp/aiperf_mmap_f681186f5b47/dataset.dat)
2026-09-21 19:39:38.605 - MemoryMapDatasetBackingStore_fbb7d26e - INFO - Data file finalized: 64 conversations, 0.18 MB
2026-09-21 19:39:38.607 - MemoryMapDatasetBackingStore_fbb7d26e - INFO - Index file created: /tmp/aiperf_mmap_f681186f5b47/index.dat
2026-09-21 19:39:38.607 - dataset_manager - INFO - Backing store finalized: client_type=DatasetClientStoreType.MEMORY_MAP format=MemoryMapFormat.CONVERSATION data_file_path=PosixPath('/tmp/aiperf_mmap_f681186f5b47/dataset.dat') index_file_path=PosixPath('/tmp/aiperf_mmap_f681186f5b47/index.dat') conversation_count=64 total_size_bytes=190265 compressed=False compressed_data_file_path=None compressed_index_file_path=None compressed_size_bytes=0
2026-09-21 19:39:38.610 - dataset_manager - INFO - sampling strategy: sequential, unique conversations: 64, unique turn count: 64
2026-09-21 19:39:38.612 - dataset_manager - INFO - Generating inputs.json file at /results/dyn-1w/chat/c1/inputs.json
2026-09-21 19:39:38.617 - PhaseOrchestrator_3ce804c7 - INFO - Initialized 2 phase(s): ['Warmup', 'Profiling']
2026-09-21 19:39:38.622 - dataset_manager - INFO - inputs.json file generated in 0.01 seconds
2026-09-21 19:39:38.815 - dataset_manager - INFO - Dataset client initialized and freed 64 conversations from memory
2026-09-21 19:39:38.815 - dataset_manager - INFO - Dataset configured in 1.03 seconds
2026-09-21 19:39:38.817 - system_controller - INFO - All services configured in 9.71 seconds
2026-09-21 19:39:38.817 - system_controller - INFO - AIPerf System is CONFIGURED
2026-09-21 19:39:38.819 - server_metrics_manager - INFO - Server Metrics: Started 1 collector(s) successfully
2026-09-21 19:39:38.820 - system_controller - INFO - All services started profiling successfully
2026-09-21 19:39:38.821 - system_controller - INFO - AIPerf System is PROFILING
2026-09-21 19:39:38.825 - RateTiming - INFO - Creating interval generator: pattern=concurrency_burst, rate=None, smoothness=None
2026-09-21 19:39:38.826 - PhaseRunner - NOTICE - Phase warmup (warmup) started | phase_index=0 | target: 1 requests
2026-09-21 19:39:38.827 - PhaseRunner - NOTICE - Phase warmup (warmup) sending complete | sent=1, completed=0, in_flight=1 | sessions: sent=1, completed=0
2026-09-21 19:39:38.828 - records_manager - INFO - Credit phase start: warmup
2026-09-21 19:39:40.455 - PhaseRunner - NOTICE - Phase warmup (warmup) complete | completed=1, cancelled=0, errors=0 | sessions: completed=1, cancelled=0 | elapsed=1.63s
2026-09-21 19:39:40.456 - RateTiming - INFO - Creating interval generator: pattern=concurrency_burst, rate=None, smoothness=None
2026-09-21 19:39:40.456 - server_metrics_manager - INFO - Server Metrics: Warmup complete, capturing final warmup metrics...
2026-09-21 19:39:40.457 - PhaseRunner - NOTICE - Phase profiling (profiling) started | phase_index=1 | profiling_index=0 | target: 64 requests
2026-09-21 19:39:40.459 - records_manager - INFO - Credit phase start: profiling
2026-09-21 19:39:42.079 - aiperf.metrics.types.osl_mismatch_metrics - WARNING - OSL mismatch: got 209 tokens (requested 256, diff -18.4%)
2026-09-21 19:39:56.473 - aiperf.metrics.types.osl_mismatch_metrics - WARNING - OSL mismatch: got 176 tokens (requested 256, diff -31.2%)
2026-09-21 19:40:01.268 - aiperf.metrics.types.osl_mismatch_metrics - WARNING - OSL mismatch: got 199 tokens (requested 256, diff -22.3%)
2026-09-21 19:40:52.398 - aiperf.metrics.types.osl_mismatch_metrics - WARNING - OSL mismatch: got 138 tokens (requested 256, diff -46.1%)
2026-09-21 19:41:21.137 - PhaseRunner - NOTICE - Phase profiling (profiling) sending complete | sent=64, completed=63, in_flight=1 | sessions: sent=64, completed=63
2026-09-21 19:41:21.139 - records_manager - INFO - Sent 64 requests. Waiting for all to complete...
2026-09-21 19:41:22.738 - PhaseRunner - NOTICE - Phase profiling (profiling) complete | completed=64, cancelled=0, errors=0 | sessions: completed=64, cancelled=0 | elapsed=102.28s
2026-09-21 19:41:22.739 - PhaseOrchestrator_3ce804c7 - NOTICE - All credits completed
2026-09-21 19:41:22.739 - system_controller - INFO - Received credits complete from 'timing_manager'
2026-09-21 19:41:22.739 - records_manager - INFO - Received CREDIT_PHASE_COMPLETE message, Phase complete: PhaseRecordsStats(phase=CreditPhase.PROFILING, phase_index=1, profiling_index=0, phase_name='profiling', phase_kind='profiling', start_ns=1790019580457141514, sent_end_ns=1790019681136915735, requests_end_ns=1790019682737085059, baseline_start_ns=1790019580457105373, baseline_end_ns=1790019682737156135, total_expected_requests=64, expected_duration_sec=None, expected_num_sessions=None, expected_grace_period_sec=None, final_requests_sent=None, final_requests_completed=64, final_requests_cancelled=0, final_request_errors=0, final_sent_sessions=None, final_completed_sessions=None, final_cancelled_sessions=None, timeout_triggered=False, grace_period_timeout_triggered=False, was_cancelled=False, records_end_ns=None, success_records=63, error_records=0)
2026-09-21 19:41:22.740 - records_manager - NOTICE - All requests have completed, please wait for the results to be processed (currently 63 of 64 records processed)...
2026-09-21 19:41:22.740 - records_manager - INFO - All credits complete, please wait for the results to be processed...
2026-09-21 19:41:22.753 - records_manager - INFO - Processed 64 valid requests and 0 errors (64 total).
2026-09-21 19:41:22.753 - records_manager - INFO - Received all records, processing now...
2026-09-21 19:41:22.757 - records_manager - INFO - Waiting 2.0s for server metrics flush period...
2026-09-21 19:41:22.794 - server_metrics_manager - INFO - Server Metrics: Profiling complete, capturing final metrics...
2026-09-21 19:41:24.738 - records_manager - INFO - Processing records results...
2026-09-21 19:41:26.119 - aiperf.server_metrics.export_stats - WARNING - Detected 1 counter reset(s) in counter metric. This typically indicates server restart(s) during profiling. Statistics may be inaccurate. Raw delta: 282873.00
2026-09-21 19:41:26.186 - aiperf.server_metrics.export_stats - WARNING - Detected 1 counter reset(s) in counter metric with labels {'endpoint': 'chat_completions', 'model': 'swiss-ai/Apertus-v1.5-8B', 'request_type': 'stream'}. This typically indicates server restart(s) during profiling. Statistics may be inaccurate. Raw delta: 64.00
2026-09-21 19:41:27.423 - aiperf.server_metrics.export_stats - WARNING - Detected 1 counter reset(s) in counter metric. This typically indicates server restart(s) during profiling. Statistics may be inaccurate. Raw delta: 282873.00
2026-09-21 19:41:27.491 - aiperf.server_metrics.export_stats - WARNING - Detected 1 counter reset(s) in counter metric with labels {'endpoint': 'chat_completions', 'model': 'swiss-ai/Apertus-v1.5-8B', 'request_type': 'stream'}. This typically indicates server restart(s) during profiling. Statistics may be inaccurate. Raw delta: 64.00
2026-09-21 19:41:27.583 - system_controller - INFO - Waiting for result domains: server_metrics
2026-09-21 19:41:28.709 - aiperf.server_metrics.export_stats - WARNING - Detected 1 counter reset(s) in counter metric. This typically indicates server restart(s) during profiling. Statistics may be inaccurate. Raw delta: 282873.00
2026-09-21 19:41:28.776 - aiperf.server_metrics.export_stats - WARNING - Detected 1 counter reset(s) in counter metric with labels {'endpoint': 'chat_completions', 'model': 'swiss-ai/Apertus-v1.5-8B', 'request_type': 'stream'}. This typically indicates server restart(s) during profiling. Statistics may be inaccurate. Raw delta: 64.00
2026-09-21 19:41:28.893 - records_manager - INFO - _finalize_and_process_results completed
2026-09-21 19:41:28.963 - system_controller - INFO - All results received, initiating shutdown
2026-09-21 19:41:29.568 - ExporterManager - INFO - Exporting all records
2026-09-21 19:41:29.731 - ExporterManager - INFO - Exporting console data
