2026-09-21 19:48:14.413 - aiperf.cli_runner._single_run - INFO - Starting AIPerf System
2026-09-21 19:48:14.440 - aiperf.config.resolution.resolvers - INFO - [OK] Tokenizer swiss-ai/Apertus-v1.5-8B detected
2026-09-21 19:48:14.441 - aiperf.config.resolution.resolvers - INFO - 1 tokenizer validated | 0.0s
2026-09-21 19:48:14.441 - aiperf.config.resolution.resolvers - INFO - HF cache hit (skipping prefetch): ['swiss-ai/Apertus-v1.5-8B']
2026-09-21 19:48:14.945 - server_metrics_manager - INFO - Server Metrics: Discovered 1 endpoints: ['http://localhost:8090/metrics']
2026-09-21 19:48:14.962 - GPUTelemetryJSONLWriter_6f35bbd7 - INFO - GPU telemetry export enabled: /results/dyn-1w/rag/c2/gpu_telemetry_export.jsonl
2026-09-21 19:48:14.970 - OTelMetricsResultsProcessor_1c5d623b - INFO - Telemetry streaming is disabled (set --otel-url and/or --mlflow-tracking-uri to enable)
2026-09-21 19:48:14.970 - RecordExportJSONLWriter_04b64f54 - INFO - Record metrics export enabled: /results/dyn-1w/rag/c2/profile_export.jsonl
2026-09-21 19:48:15.007 - system_controller - INFO - Registered Worker Manager (id: 'worker_manager')
2026-09-21 19:48:15.034 - system_controller - INFO - Registered Gpu Telemetry Manager (id: 'gpu_telemetry_manager')
2026-09-21 19:48:15.051 - system_controller - INFO - Registered Dataset Manager (id: 'dataset_manager')
2026-09-21 19:48:15.052 - system_controller - INFO - Registered Server Metrics Manager (id: 'server_metrics_manager')
2026-09-21 19:48:15.080 - system_controller - INFO - Registered Records Manager (id: 'records_manager')
2026-09-21 19:48:15.162 - system_controller - INFO - Registered Record Processor (id: 'record_processor_0bd378fc')
2026-09-21 19:48:15.212 - system_controller - INFO - Registered Timing Manager (id: 'timing_manager')
2026-09-21 19:48:15.326 - system_controller - INFO - Registered Worker (id: 'worker_632cd36b')
2026-09-21 19:48:15.332 - system_controller - INFO - Registered Worker (id: 'worker_3b21b994')
2026-09-21 19:48:15.399 - system_controller - INFO - AIPerf System is CONFIGURING
2026-09-21 19:48:15.400 - system_controller - INFO - Configuring all services to start profiling
2026-09-21 19:48:15.402 - timing_manager - INFO - Waiting for dataset to be configured before configuring timing
2026-09-21 19:48:15.402 - InferenceResultParser_15f8c697 - INFO - Configuring tokenizers for inference result parser (resolve_alias: True)
2026-09-21 19:48:15.404 - dataset_manager - INFO - Configuring tokenizer(s) for dataset manager
2026-09-21 19:48:15.417 - server_metrics_manager - INFO - Server Metrics: Capturing baseline metrics...
2026-09-21 19:48:15.452 - gpu_telemetry_manager - WARNING - GPU Telemetry: http://localhost:9400/metrics is not reachable
2026-09-21 19:48:15.455 - gpu_telemetry_manager - WARNING - GPU Telemetry: http://localhost:9401/metrics is not reachable
2026-09-21 19:48:15.457 - system_controller - INFO - DCGM telemetry skipped: no telemetry sources reachable
2026-09-21 19:48:15.457 - system_controller - INFO - Waiting for result domains: profile, server_metrics
2026-09-21 19:48:15.487 - system_controller - INFO - Server metrics enabled - 1/1 endpoint(s) reachable.
2026-09-21 19:48:16.956 - httpx - INFO - HTTP Request: HEAD https://huggingface.co/swiss-ai/Apertus-v1.5-8B/resolve/main/config.json "HTTP/1.1 200 OK"
2026-09-21 19:48:16.991 - httpx - INFO - HTTP Request: HEAD https://huggingface.co/swiss-ai/Apertus-v1.5-8B/resolve/main/config.json "HTTP/1.1 200 OK"
2026-09-21 19:48:17.086 - httpx - INFO - HTTP Request: HEAD https://huggingface.co/swiss-ai/Apertus-v1.5-8B/resolve/main/config.json "HTTP/1.1 200 OK"
2026-09-21 19:48:17.107 - httpx - INFO - HTTP Request: HEAD https://huggingface.co/swiss-ai/Apertus-v1.5-8B/resolve/main/config.json "HTTP/1.1 200 OK"
2026-09-21 19:48:17.197 - httpx - INFO - HTTP Request: HEAD https://huggingface.co/swiss-ai/Apertus-v1.5-8B/resolve/main/tokenizer_config.json "HTTP/1.1 200 OK"
2026-09-21 19:48:17.220 - httpx - INFO - HTTP Request: HEAD https://huggingface.co/swiss-ai/Apertus-v1.5-8B/resolve/main/tokenizer_config.json "HTTP/1.1 200 OK"
2026-09-21 19:48:17.304 - httpx - INFO - HTTP Request: GET https://huggingface.co/api/models/swiss-ai/Apertus-v1.5-8B/tree/main/additional_chat_templates?recursive=false&expand=false "HTTP/1.1 404 Not Found"
2026-09-21 19:48:17.342 - httpx - INFO - HTTP Request: GET https://huggingface.co/api/models/swiss-ai/Apertus-v1.5-8B/tree/main/additional_chat_templates?recursive=false&expand=false "HTTP/1.1 404 Not Found"
2026-09-21 19:48:17.438 - httpx - INFO - HTTP Request: GET https://huggingface.co/api/models/swiss-ai/Apertus-v1.5-8B/tree/main?recursive=true&expand=false "HTTP/1.1 200 OK"
2026-09-21 19:48:17.463 - httpx - INFO - HTTP Request: GET https://huggingface.co/api/models/swiss-ai/Apertus-v1.5-8B/tree/main?recursive=true&expand=false "HTTP/1.1 200 OK"
2026-09-21 19:48:24.200 - httpx - INFO - HTTP Request: GET https://huggingface.co/api/models/swiss-ai/Apertus-v1.5-8B "HTTP/1.1 200 OK"
2026-09-21 19:48:24.223 - httpx - INFO - HTTP Request: GET https://huggingface.co/api/models/swiss-ai/Apertus-v1.5-8B "HTTP/1.1 200 OK"
2026-09-21 19:48:24.333 - InferenceResultParser_15f8c697 - INFO - Initialized tokenizers: {'swiss-ai/Apertus-v1.5-8B': {'class': 'TokenizersBackend', 'name_or_path': 'swiss-ai/Apertus-v1.5-8B'}} in 8.93 seconds
2026-09-21 19:48:24.361 - dataset_manager - INFO - Tokenizer(s) configured in 8.96 seconds
2026-09-21 19:48:24.361 - dataset_manager - INFO - Configuring dataset for dataset_manager
2026-09-21 19:48:25.176 - MemoryMapDatasetBackingStore_e0ec4a08 - INFO - Memory-mapped backing store initialized (streaming to /tmp/aiperf_mmap_6ad2aeb776e8/dataset.dat)
2026-09-21 19:48:25.197 - MemoryMapDatasetBackingStore_e0ec4a08 - INFO - Data file finalized: 64 conversations, 1.90 MB
2026-09-21 19:48:25.199 - MemoryMapDatasetBackingStore_e0ec4a08 - INFO - Index file created: /tmp/aiperf_mmap_6ad2aeb776e8/index.dat
2026-09-21 19:48:25.200 - dataset_manager - INFO - Backing store finalized: client_type=DatasetClientStoreType.MEMORY_MAP format=MemoryMapFormat.CONVERSATION data_file_path=PosixPath('/tmp/aiperf_mmap_6ad2aeb776e8/dataset.dat') index_file_path=PosixPath('/tmp/aiperf_mmap_6ad2aeb776e8/index.dat') conversation_count=64 total_size_bytes=1992738 compressed=False compressed_data_file_path=None compressed_index_file_path=None compressed_size_bytes=0
2026-09-21 19:48:25.203 - dataset_manager - INFO - sampling strategy: sequential, unique conversations: 64, unique turn count: 64
2026-09-21 19:48:25.208 - dataset_manager - INFO - Generating inputs.json file at /results/dyn-1w/rag/c2/inputs.json
2026-09-21 19:48:25.220 - dataset_manager - INFO - inputs.json file generated in 0.01 seconds
2026-09-21 19:48:25.223 - PhaseOrchestrator_9d48c0bf - INFO - Initialized 2 phase(s): ['Warmup', 'Profiling']
2026-09-21 19:48:25.440 - dataset_manager - INFO - Dataset client initialized and freed 64 conversations from memory
2026-09-21 19:48:25.440 - dataset_manager - INFO - Dataset configured in 1.08 seconds
2026-09-21 19:48:25.442 - system_controller - INFO - All services configured in 10.04 seconds
2026-09-21 19:48:25.443 - system_controller - INFO - AIPerf System is CONFIGURED
2026-09-21 19:48:25.445 - server_metrics_manager - INFO - Server Metrics: Started 1 collector(s) successfully
2026-09-21 19:48:25.447 - system_controller - INFO - All services started profiling successfully
2026-09-21 19:48:25.447 - system_controller - INFO - AIPerf System is PROFILING
2026-09-21 19:48:25.451 - RateTiming - INFO - Creating interval generator: pattern=concurrency_burst, rate=None, smoothness=None
2026-09-21 19:48:25.452 - PhaseRunner - NOTICE - Phase warmup (warmup) started | phase_index=0 | target: 2 requests
2026-09-21 19:48:25.454 - PhaseRunner - NOTICE - Phase warmup (warmup) sending complete | sent=2, completed=0, in_flight=2 | sessions: sent=2, completed=0
2026-09-21 19:48:25.455 - records_manager - INFO - Credit phase start: warmup
2026-09-21 19:48:27.342 - PhaseRunner - NOTICE - Phase warmup (warmup) complete | completed=2, cancelled=0, errors=0 | sessions: completed=2, cancelled=0 | elapsed=1.89s
2026-09-21 19:48:27.343 - RateTiming - INFO - Creating interval generator: pattern=concurrency_burst, rate=None, smoothness=None
2026-09-21 19:48:27.343 - server_metrics_manager - INFO - Server Metrics: Warmup complete, capturing final warmup metrics...
2026-09-21 19:48:27.344 - PhaseRunner - NOTICE - Phase profiling (profiling) started | phase_index=1 | profiling_index=0 | target: 64 requests
2026-09-21 19:48:27.346 - records_manager - INFO - Credit phase start: profiling
2026-09-21 19:48:57.332 - aiperf.metrics.types.osl_mismatch_metrics - WARNING - OSL mismatch: got 176 tokens (requested 256, diff -31.2%)
2026-09-21 19:49:06.193 - aiperf.metrics.types.osl_mismatch_metrics - WARNING - OSL mismatch: got 90 tokens (requested 256, diff -64.8%)
2026-09-21 19:49:20.287 - aiperf.metrics.types.osl_mismatch_metrics - WARNING - OSL mismatch: got 199 tokens (requested 256, diff -22.3%)
2026-09-21 19:49:21.996 - PhaseRunner - NOTICE - Phase profiling (profiling) sending complete | sent=64, completed=62, in_flight=2 | sessions: sent=64, completed=62
2026-09-21 19:49:21.997 - records_manager - INFO - Sent 64 requests. Waiting for all to complete...
2026-09-21 19:49:23.759 - PhaseRunner - NOTICE - Phase profiling (profiling) complete | completed=64, cancelled=0, errors=0 | sessions: completed=64, cancelled=0 | elapsed=56.41s
2026-09-21 19:49:23.760 - PhaseOrchestrator_9d48c0bf - NOTICE - All credits completed
2026-09-21 19:49:23.761 - system_controller - INFO - Received credits complete from 'timing_manager'
2026-09-21 19:49:23.761 - records_manager - INFO - Received CREDIT_PHASE_COMPLETE message, Phase complete: PhaseRecordsStats(phase=CreditPhase.PROFILING, phase_index=1, profiling_index=0, phase_name='profiling', phase_kind='profiling', start_ns=1790020107344170387, sent_end_ns=1790020161995955124, requests_end_ns=1790020163758699789, baseline_start_ns=1790020107344134306, baseline_end_ns=1790020163758739331, total_expected_requests=64, expected_duration_sec=None, expected_num_sessions=None, expected_grace_period_sec=None, final_requests_sent=None, final_requests_completed=64, final_requests_cancelled=0, final_request_errors=0, final_sent_sessions=None, final_completed_sessions=None, final_cancelled_sessions=None, timeout_triggered=False, grace_period_timeout_triggered=False, was_cancelled=False, records_end_ns=None, success_records=62, error_records=0)
2026-09-21 19:49:23.762 - records_manager - NOTICE - All requests have completed, please wait for the results to be processed (currently 62 of 64 records processed)...
2026-09-21 19:49:23.762 - records_manager - INFO - All credits complete, please wait for the results to be processed...
2026-09-21 19:49:23.825 - records_manager - INFO - Processed 64 valid requests and 0 errors (64 total).
2026-09-21 19:49:23.825 - records_manager - INFO - Received all records, processing now...
2026-09-21 19:49:23.829 - records_manager - INFO - Waiting 1.9s for server metrics flush period...
2026-09-21 19:49:23.873 - server_metrics_manager - INFO - Server Metrics: Profiling complete, capturing final metrics...
2026-09-21 19:49:25.760 - records_manager - INFO - Processing records results...
2026-09-21 19:49:27.456 - system_controller - INFO - Waiting for result domains: server_metrics
2026-09-21 19:49:28.238 - records_manager - INFO - _finalize_and_process_results completed
2026-09-21 19:49:28.278 - system_controller - INFO - All results received, initiating shutdown
2026-09-21 19:49:28.882 - ExporterManager - INFO - Exporting all records
2026-09-21 19:49:29.065 - ExporterManager - INFO - Exporting console data
