2026-09-21 19:41:31.625 - aiperf.cli_runner._single_run - INFO - Starting AIPerf System
2026-09-21 19:41:31.652 - aiperf.config.resolution.resolvers - INFO - [OK] Tokenizer swiss-ai/Apertus-v1.5-8B detected
2026-09-21 19:41:31.652 - aiperf.config.resolution.resolvers - INFO - 1 tokenizer validated | 0.0s
2026-09-21 19:41:31.652 - aiperf.config.resolution.resolvers - INFO - HF cache hit (skipping prefetch): ['swiss-ai/Apertus-v1.5-8B']
2026-09-21 19:41:32.159 - server_metrics_manager - INFO - Server Metrics: Discovered 1 endpoints: ['http://localhost:8090/metrics']
2026-09-21 19:41:32.177 - GPUTelemetryJSONLWriter_6c566406 - INFO - GPU telemetry export enabled: /results/dyn-1w/chat/c2/gpu_telemetry_export.jsonl
2026-09-21 19:41:32.185 - OTelMetricsResultsProcessor_0b1d6da6 - INFO - Telemetry streaming is disabled (set --otel-url and/or --mlflow-tracking-uri to enable)
2026-09-21 19:41:32.185 - RecordExportJSONLWriter_4443c30d - INFO - Record metrics export enabled: /results/dyn-1w/chat/c2/profile_export.jsonl
2026-09-21 19:41:32.221 - system_controller - INFO - Registered Worker Manager (id: 'worker_manager')
2026-09-21 19:41:32.251 - system_controller - INFO - Registered Gpu Telemetry Manager (id: 'gpu_telemetry_manager')
2026-09-21 19:41:32.266 - system_controller - INFO - Registered Dataset Manager (id: 'dataset_manager')
2026-09-21 19:41:32.267 - system_controller - INFO - Registered Server Metrics Manager (id: 'server_metrics_manager')
2026-09-21 19:41:32.295 - system_controller - INFO - Registered Records Manager (id: 'records_manager')
2026-09-21 19:41:32.379 - system_controller - INFO - Registered Record Processor (id: 'record_processor_0abb11f8')
2026-09-21 19:41:32.427 - system_controller - INFO - Registered Timing Manager (id: 'timing_manager')
2026-09-21 19:41:32.545 - system_controller - INFO - Registered Worker (id: 'worker_c84d8153')
2026-09-21 19:41:32.546 - system_controller - INFO - Registered Worker (id: 'worker_eb96b674')
2026-09-21 19:41:32.613 - system_controller - INFO - AIPerf System is CONFIGURING
2026-09-21 19:41:32.613 - system_controller - INFO - Configuring all services to start profiling
2026-09-21 19:41:32.615 - InferenceResultParser_9cd84a17 - INFO - Configuring tokenizers for inference result parser (resolve_alias: True)
2026-09-21 19:41:32.615 - timing_manager - INFO - Waiting for dataset to be configured before configuring timing
2026-09-21 19:41:32.617 - dataset_manager - INFO - Configuring tokenizer(s) for dataset manager
2026-09-21 19:41:32.627 - server_metrics_manager - INFO - Server Metrics: Capturing baseline metrics...
2026-09-21 19:41:32.663 - gpu_telemetry_manager - WARNING - GPU Telemetry: http://localhost:9400/metrics is not reachable
2026-09-21 19:41:32.666 - gpu_telemetry_manager - WARNING - GPU Telemetry: http://localhost:9401/metrics is not reachable
2026-09-21 19:41:32.668 - system_controller - INFO - DCGM telemetry skipped: no telemetry sources reachable
2026-09-21 19:41:32.668 - system_controller - INFO - Waiting for result domains: profile, server_metrics
2026-09-21 19:41:32.671 - system_controller - INFO - Server metrics enabled - 1/1 endpoint(s) reachable.
2026-09-21 19:41:34.222 - httpx - INFO - HTTP Request: HEAD https://huggingface.co/swiss-ai/Apertus-v1.5-8B/resolve/main/config.json "HTTP/1.1 200 OK"
2026-09-21 19:41:34.259 - httpx - INFO - HTTP Request: HEAD https://huggingface.co/swiss-ai/Apertus-v1.5-8B/resolve/main/config.json "HTTP/1.1 200 OK"
2026-09-21 19:41:34.312 - httpx - INFO - HTTP Request: HEAD https://huggingface.co/swiss-ai/Apertus-v1.5-8B/resolve/main/config.json "HTTP/1.1 200 OK"
2026-09-21 19:41:34.350 - httpx - INFO - HTTP Request: HEAD https://huggingface.co/swiss-ai/Apertus-v1.5-8B/resolve/main/config.json "HTTP/1.1 200 OK"
2026-09-21 19:41:34.406 - httpx - INFO - HTTP Request: HEAD https://huggingface.co/swiss-ai/Apertus-v1.5-8B/resolve/main/tokenizer_config.json "HTTP/1.1 200 OK"
2026-09-21 19:41:34.438 - httpx - INFO - HTTP Request: HEAD https://huggingface.co/swiss-ai/Apertus-v1.5-8B/resolve/main/tokenizer_config.json "HTTP/1.1 200 OK"
2026-09-21 19:41:34.509 - httpx - INFO - HTTP Request: GET https://huggingface.co/api/models/swiss-ai/Apertus-v1.5-8B/tree/main/additional_chat_templates?recursive=false&expand=false "HTTP/1.1 404 Not Found"
2026-09-21 19:41:34.535 - httpx - INFO - HTTP Request: GET https://huggingface.co/api/models/swiss-ai/Apertus-v1.5-8B/tree/main/additional_chat_templates?recursive=false&expand=false "HTTP/1.1 404 Not Found"
2026-09-21 19:41:34.607 - httpx - INFO - HTTP Request: GET https://huggingface.co/api/models/swiss-ai/Apertus-v1.5-8B/tree/main?recursive=true&expand=false "HTTP/1.1 200 OK"
2026-09-21 19:41:34.626 - httpx - INFO - HTTP Request: GET https://huggingface.co/api/models/swiss-ai/Apertus-v1.5-8B/tree/main?recursive=true&expand=false "HTTP/1.1 200 OK"
2026-09-21 19:41:40.788 - httpx - INFO - HTTP Request: GET https://huggingface.co/api/models/swiss-ai/Apertus-v1.5-8B "HTTP/1.1 200 OK"
2026-09-21 19:41:40.877 - InferenceResultParser_9cd84a17 - INFO - Initialized tokenizers: {'swiss-ai/Apertus-v1.5-8B': {'class': 'TokenizersBackend', 'name_or_path': 'swiss-ai/Apertus-v1.5-8B'}} in 8.26 seconds
2026-09-21 19:41:41.095 - httpx - INFO - HTTP Request: GET https://huggingface.co/api/models/swiss-ai/Apertus-v1.5-8B "HTTP/1.1 200 OK"
2026-09-21 19:41:41.213 - dataset_manager - INFO - Tokenizer(s) configured in 8.60 seconds
2026-09-21 19:41:41.213 - dataset_manager - INFO - Configuring dataset for dataset_manager
2026-09-21 19:41:41.903 - MemoryMapDatasetBackingStore_9d96836a - INFO - Memory-mapped backing store initialized (streaming to /tmp/aiperf_mmap_ec65ee43e3af/dataset.dat)
2026-09-21 19:41:41.912 - MemoryMapDatasetBackingStore_9d96836a - INFO - Data file finalized: 64 conversations, 0.18 MB
2026-09-21 19:41:41.913 - MemoryMapDatasetBackingStore_9d96836a - INFO - Index file created: /tmp/aiperf_mmap_ec65ee43e3af/index.dat
2026-09-21 19:41:41.913 - dataset_manager - INFO - Backing store finalized: client_type=DatasetClientStoreType.MEMORY_MAP format=MemoryMapFormat.CONVERSATION data_file_path=PosixPath('/tmp/aiperf_mmap_ec65ee43e3af/dataset.dat') index_file_path=PosixPath('/tmp/aiperf_mmap_ec65ee43e3af/index.dat') conversation_count=64 total_size_bytes=190265 compressed=False compressed_data_file_path=None compressed_index_file_path=None compressed_size_bytes=0
2026-09-21 19:41:41.915 - dataset_manager - INFO - sampling strategy: sequential, unique conversations: 64, unique turn count: 64
2026-09-21 19:41:41.917 - dataset_manager - INFO - Generating inputs.json file at /results/dyn-1w/chat/c2/inputs.json
2026-09-21 19:41:41.922 - dataset_manager - INFO - inputs.json file generated in 0.01 seconds
2026-09-21 19:41:41.923 - PhaseOrchestrator_7dddf8aa - INFO - Initialized 2 phase(s): ['Warmup', 'Profiling']
2026-09-21 19:41:42.107 - dataset_manager - INFO - Dataset client initialized and freed 64 conversations from memory
2026-09-21 19:41:42.108 - dataset_manager - INFO - Dataset configured in 0.89 seconds
2026-09-21 19:41:42.110 - system_controller - INFO - All services configured in 9.50 seconds
2026-09-21 19:41:42.110 - system_controller - INFO - AIPerf System is CONFIGURED
2026-09-21 19:41:42.112 - server_metrics_manager - INFO - Server Metrics: Started 1 collector(s) successfully
2026-09-21 19:41:42.114 - system_controller - INFO - All services started profiling successfully
2026-09-21 19:41:42.114 - system_controller - INFO - AIPerf System is PROFILING
2026-09-21 19:41:42.118 - RateTiming - INFO - Creating interval generator: pattern=concurrency_burst, rate=None, smoothness=None
2026-09-21 19:41:42.119 - PhaseRunner - NOTICE - Phase warmup (warmup) started | phase_index=0 | target: 2 requests
2026-09-21 19:41:42.121 - PhaseRunner - NOTICE - Phase warmup (warmup) sending complete | sent=2, completed=0, in_flight=2 | sessions: sent=2, completed=0
2026-09-21 19:41:42.122 - records_manager - INFO - Credit phase start: warmup
2026-09-21 19:41:43.733 - PhaseRunner - NOTICE - Phase warmup (warmup) complete | completed=2, cancelled=0, errors=0 | sessions: completed=2, cancelled=0 | elapsed=1.61s
2026-09-21 19:41:43.735 - RateTiming - INFO - Creating interval generator: pattern=concurrency_burst, rate=None, smoothness=None
2026-09-21 19:41:43.735 - server_metrics_manager - INFO - Server Metrics: Warmup complete, capturing final warmup metrics...
2026-09-21 19:41:43.735 - PhaseRunner - NOTICE - Phase profiling (profiling) started | phase_index=1 | profiling_index=0 | target: 64 requests
2026-09-21 19:41:43.738 - records_manager - INFO - Credit phase start: profiling
2026-09-21 19:42:01.265 - aiperf.metrics.types.osl_mismatch_metrics - WARNING - OSL mismatch: got 242 tokens (requested 256, diff -5.5%)
2026-09-21 19:42:33.130 - PhaseRunner - NOTICE - Phase profiling (profiling) sending complete | sent=64, completed=62, in_flight=2 | sessions: sent=64, completed=62
2026-09-21 19:42:33.132 - records_manager - INFO - Sent 64 requests. Waiting for all to complete...
2026-09-21 19:42:34.728 - PhaseRunner - NOTICE - Phase profiling (profiling) complete | completed=64, cancelled=0, errors=0 | sessions: completed=64, cancelled=0 | elapsed=50.99s
2026-09-21 19:42:34.729 - PhaseOrchestrator_7dddf8aa - NOTICE - All credits completed
2026-09-21 19:42:34.731 - records_manager - INFO - Received CREDIT_PHASE_COMPLETE message, Phase complete: PhaseRecordsStats(phase=CreditPhase.PROFILING, phase_index=1, profiling_index=0, phase_name='profiling', phase_kind='profiling', start_ns=1790019703735804717, sent_end_ns=1790019753130484412, requests_end_ns=1790019754727957008, baseline_start_ns=1790019703735768802, baseline_end_ns=1790019754727996074, total_expected_requests=64, expected_duration_sec=None, expected_num_sessions=None, expected_grace_period_sec=None, final_requests_sent=None, final_requests_completed=64, final_requests_cancelled=0, final_request_errors=0, final_sent_sessions=None, final_completed_sessions=None, final_cancelled_sessions=None, timeout_triggered=False, grace_period_timeout_triggered=False, was_cancelled=False, records_end_ns=None, success_records=62, error_records=0)
2026-09-21 19:42:34.731 - system_controller - INFO - Received credits complete from 'timing_manager'
2026-09-21 19:42:34.731 - records_manager - NOTICE - All requests have completed, please wait for the results to be processed (currently 62 of 64 records processed)...
2026-09-21 19:42:34.732 - records_manager - INFO - All credits complete, please wait for the results to be processed...
2026-09-21 19:42:34.751 - records_manager - INFO - Processed 64 valid requests and 0 errors (64 total).
2026-09-21 19:42:34.752 - records_manager - INFO - Received all records, processing now...
2026-09-21 19:42:34.756 - records_manager - INFO - Waiting 2.0s for server metrics flush period...
2026-09-21 19:42:34.787 - server_metrics_manager - INFO - Server Metrics: Profiling complete, capturing final metrics...
2026-09-21 19:42:36.729 - records_manager - INFO - Processing records results...
2026-09-21 19:42:36.861 - aiperf.server_metrics.export_stats - WARNING - Detected 1 counter reset(s) in counter metric with labels {'endpoint': 'chat_completions', 'model': 'swiss-ai/Apertus-v1.5-8B', 'request_type': 'stream'}. This typically indicates server restart(s) during profiling. Statistics may be inaccurate. Raw delta: 64.00
2026-09-21 19:42:37.481 - aiperf.server_metrics.export_stats - WARNING - Detected 1 counter reset(s) in counter metric. This typically indicates server restart(s) during profiling. Statistics may be inaccurate. Raw delta: 282873.00
2026-09-21 19:42:37.565 - aiperf.server_metrics.export_stats - WARNING - Detected 1 counter reset(s) in counter metric with labels {'endpoint': 'chat_completions', 'model': 'swiss-ai/Apertus-v1.5-8B', 'request_type': 'stream'}. This typically indicates server restart(s) during profiling. Statistics may be inaccurate. Raw delta: 64.00
2026-09-21 19:42:38.179 - aiperf.server_metrics.export_stats - WARNING - Detected 1 counter reset(s) in counter metric. This typically indicates server restart(s) during profiling. Statistics may be inaccurate. Raw delta: 282873.00
2026-09-21 19:42:38.256 - aiperf.server_metrics.export_stats - WARNING - Detected 1 counter reset(s) in counter metric with labels {'endpoint': 'chat_completions', 'model': 'swiss-ai/Apertus-v1.5-8B', 'request_type': 'stream'}. This typically indicates server restart(s) during profiling. Statistics may be inaccurate. Raw delta: 64.00
2026-09-21 19:42:38.306 - system_controller - INFO - Waiting for result domains: server_metrics
2026-09-21 19:42:38.941 - aiperf.server_metrics.export_stats - WARNING - Detected 1 counter reset(s) in counter metric. This typically indicates server restart(s) during profiling. Statistics may be inaccurate. Raw delta: 282873.00
2026-09-21 19:42:39.097 - records_manager - INFO - _finalize_and_process_results completed
2026-09-21 19:42:39.129 - system_controller - INFO - All results received, initiating shutdown
2026-09-21 19:42:39.733 - ExporterManager - INFO - Exporting all records
2026-09-21 19:42:39.935 - ExporterManager - INFO - Exporting console data
