2026-09-21 20:04:56.142 - aiperf.cli_runner._single_run - INFO - Starting AIPerf System
2026-09-21 20:04:56.169 - aiperf.config.resolution.resolvers - INFO - [OK] Tokenizer swiss-ai/Apertus-v1.5-8B detected
2026-09-21 20:04:56.169 - aiperf.config.resolution.resolvers - INFO - 1 tokenizer validated | 0.0s
2026-09-21 20:04:56.170 - aiperf.config.resolution.resolvers - INFO - HF cache hit (skipping prefetch): ['swiss-ai/Apertus-v1.5-8B']
2026-09-21 20:04:56.671 - server_metrics_manager - INFO - Server Metrics: Discovered 1 endpoints: ['http://localhost:8090/metrics']
2026-09-21 20:04:56.690 - GPUTelemetryJSONLWriter_bcf001dd - INFO - GPU telemetry export enabled: /results/dyn-2w-rr/chat/c4/gpu_telemetry_export.jsonl
2026-09-21 20:04:56.698 - OTelMetricsResultsProcessor_21800a9f - INFO - Telemetry streaming is disabled (set --otel-url and/or --mlflow-tracking-uri to enable)
2026-09-21 20:04:56.699 - RecordExportJSONLWriter_6797f9c9 - INFO - Record metrics export enabled: /results/dyn-2w-rr/chat/c4/profile_export.jsonl
2026-09-21 20:04:56.736 - system_controller - INFO - Registered Worker Manager (id: 'worker_manager')
2026-09-21 20:04:56.773 - system_controller - INFO - Registered Gpu Telemetry Manager (id: 'gpu_telemetry_manager')
2026-09-21 20:04:56.776 - system_controller - INFO - Registered Server Metrics Manager (id: 'server_metrics_manager')
2026-09-21 20:04:56.777 - system_controller - INFO - Registered Dataset Manager (id: 'dataset_manager')
2026-09-21 20:04:56.812 - system_controller - INFO - Registered Records Manager (id: 'records_manager')
2026-09-21 20:04:56.900 - system_controller - INFO - Registered Record Processor (id: 'record_processor_cce51a12')
2026-09-21 20:04:56.936 - system_controller - INFO - Registered Timing Manager (id: 'timing_manager')
2026-09-21 20:04:57.063 - system_controller - INFO - Registered Worker (id: 'worker_4e1577c7')
2026-09-21 20:04:57.063 - system_controller - INFO - Registered Worker (id: 'worker_3272b152')
2026-09-21 20:04:57.071 - system_controller - INFO - Registered Worker (id: 'worker_6deacdae')
2026-09-21 20:04:57.102 - system_controller - INFO - Registered Worker (id: 'worker_60853acb')
2026-09-21 20:04:57.125 - system_controller - INFO - AIPerf System is CONFIGURING
2026-09-21 20:04:57.126 - system_controller - INFO - Configuring all services to start profiling
2026-09-21 20:04:57.128 - InferenceResultParser_ac28c88c - INFO - Configuring tokenizers for inference result parser (resolve_alias: True)
2026-09-21 20:04:57.128 - timing_manager - INFO - Waiting for dataset to be configured before configuring timing
2026-09-21 20:04:57.130 - dataset_manager - INFO - Configuring tokenizer(s) for dataset manager
2026-09-21 20:04:57.142 - server_metrics_manager - INFO - Server Metrics: Capturing baseline metrics...
2026-09-21 20:04:57.174 - gpu_telemetry_manager - WARNING - GPU Telemetry: http://localhost:9400/metrics is not reachable
2026-09-21 20:04:57.177 - gpu_telemetry_manager - WARNING - GPU Telemetry: http://localhost:9401/metrics is not reachable
2026-09-21 20:04:57.179 - system_controller - INFO - DCGM telemetry skipped: no telemetry sources reachable
2026-09-21 20:04:57.180 - system_controller - INFO - Waiting for result domains: profile, server_metrics
2026-09-21 20:04:57.183 - system_controller - INFO - Server metrics enabled - 1/1 endpoint(s) reachable.
2026-09-21 20:04:58.798 - httpx - INFO - HTTP Request: HEAD https://huggingface.co/swiss-ai/Apertus-v1.5-8B/resolve/main/config.json "HTTP/1.1 200 OK"
2026-09-21 20:04:58.801 - httpx - INFO - HTTP Request: HEAD https://huggingface.co/swiss-ai/Apertus-v1.5-8B/resolve/main/config.json "HTTP/1.1 200 OK"
2026-09-21 20:04:58.889 - httpx - INFO - HTTP Request: HEAD https://huggingface.co/swiss-ai/Apertus-v1.5-8B/resolve/main/config.json "HTTP/1.1 200 OK"
2026-09-21 20:04:58.893 - httpx - INFO - HTTP Request: HEAD https://huggingface.co/swiss-ai/Apertus-v1.5-8B/resolve/main/config.json "HTTP/1.1 200 OK"
2026-09-21 20:04:58.992 - httpx - INFO - HTTP Request: HEAD https://huggingface.co/swiss-ai/Apertus-v1.5-8B/resolve/main/tokenizer_config.json "HTTP/1.1 200 OK"
2026-09-21 20:04:58.996 - httpx - INFO - HTTP Request: HEAD https://huggingface.co/swiss-ai/Apertus-v1.5-8B/resolve/main/tokenizer_config.json "HTTP/1.1 200 OK"
2026-09-21 20:04:59.092 - httpx - INFO - HTTP Request: GET https://huggingface.co/api/models/swiss-ai/Apertus-v1.5-8B/tree/main/additional_chat_templates?recursive=false&expand=false "HTTP/1.1 404 Not Found"
2026-09-21 20:04:59.096 - httpx - INFO - HTTP Request: GET https://huggingface.co/api/models/swiss-ai/Apertus-v1.5-8B/tree/main/additional_chat_templates?recursive=false&expand=false "HTTP/1.1 404 Not Found"
2026-09-21 20:04:59.193 - httpx - INFO - HTTP Request: GET https://huggingface.co/api/models/swiss-ai/Apertus-v1.5-8B/tree/main?recursive=true&expand=false "HTTP/1.1 200 OK"
2026-09-21 20:04:59.193 - httpx - INFO - HTTP Request: GET https://huggingface.co/api/models/swiss-ai/Apertus-v1.5-8B/tree/main?recursive=true&expand=false "HTTP/1.1 200 OK"
2026-09-21 20:05:05.989 - httpx - INFO - HTTP Request: GET https://huggingface.co/api/models/swiss-ai/Apertus-v1.5-8B "HTTP/1.1 200 OK"
2026-09-21 20:05:06.154 - InferenceResultParser_ac28c88c - INFO - Initialized tokenizers: {'swiss-ai/Apertus-v1.5-8B': {'class': 'TokenizersBackend', 'name_or_path': 'swiss-ai/Apertus-v1.5-8B'}} in 9.03 seconds
2026-09-21 20:05:06.357 - httpx - INFO - HTTP Request: GET https://huggingface.co/api/models/swiss-ai/Apertus-v1.5-8B "HTTP/1.1 200 OK"
2026-09-21 20:05:06.517 - dataset_manager - INFO - Tokenizer(s) configured in 9.39 seconds
2026-09-21 20:05:06.517 - dataset_manager - INFO - Configuring dataset for dataset_manager
2026-09-21 20:05:07.324 - MemoryMapDatasetBackingStore_10a3a88a - INFO - Memory-mapped backing store initialized (streaming to /tmp/aiperf_mmap_fff6a9702458/dataset.dat)
2026-09-21 20:05:07.338 - MemoryMapDatasetBackingStore_10a3a88a - INFO - Data file finalized: 64 conversations, 0.18 MB
2026-09-21 20:05:07.341 - MemoryMapDatasetBackingStore_10a3a88a - INFO - Index file created: /tmp/aiperf_mmap_fff6a9702458/index.dat
2026-09-21 20:05:07.342 - dataset_manager - INFO - Backing store finalized: client_type=DatasetClientStoreType.MEMORY_MAP format=MemoryMapFormat.CONVERSATION data_file_path=PosixPath('/tmp/aiperf_mmap_fff6a9702458/dataset.dat') index_file_path=PosixPath('/tmp/aiperf_mmap_fff6a9702458/index.dat') conversation_count=64 total_size_bytes=190265 compressed=False compressed_data_file_path=None compressed_index_file_path=None compressed_size_bytes=0
2026-09-21 20:05:07.345 - dataset_manager - INFO - sampling strategy: sequential, unique conversations: 64, unique turn count: 64
2026-09-21 20:05:07.346 - dataset_manager - INFO - Generating inputs.json file at /results/dyn-2w-rr/chat/c4/inputs.json
2026-09-21 20:05:07.353 - PhaseOrchestrator_2a2a11c9 - INFO - Initialized 2 phase(s): ['Warmup', 'Profiling']
2026-09-21 20:05:07.355 - dataset_manager - INFO - inputs.json file generated in 0.01 seconds
2026-09-21 20:05:07.558 - dataset_manager - INFO - Dataset client initialized and freed 64 conversations from memory
2026-09-21 20:05:07.558 - dataset_manager - INFO - Dataset configured in 1.04 seconds
2026-09-21 20:05:07.560 - system_controller - INFO - All services configured in 10.43 seconds
2026-09-21 20:05:07.560 - system_controller - INFO - AIPerf System is CONFIGURED
2026-09-21 20:05:07.563 - server_metrics_manager - INFO - Server Metrics: Started 1 collector(s) successfully
2026-09-21 20:05:07.565 - system_controller - INFO - All services started profiling successfully
2026-09-21 20:05:07.565 - system_controller - INFO - AIPerf System is PROFILING
2026-09-21 20:05:07.569 - RateTiming - INFO - Creating interval generator: pattern=concurrency_burst, rate=None, smoothness=None
2026-09-21 20:05:07.570 - PhaseRunner - NOTICE - Phase warmup (warmup) started | phase_index=0 | target: 4 requests
2026-09-21 20:05:07.572 - PhaseRunner - NOTICE - Phase warmup (warmup) sending complete | sent=4, completed=0, in_flight=4 | sessions: sent=4, completed=0
2026-09-21 20:05:07.573 - records_manager - INFO - Credit phase start: warmup
2026-09-21 20:05:09.197 - PhaseRunner - NOTICE - Phase warmup (warmup) complete | completed=4, cancelled=0, errors=0 | sessions: completed=4, cancelled=0 | elapsed=1.63s
2026-09-21 20:05:09.198 - server_metrics_manager - INFO - Server Metrics: Warmup complete, capturing final warmup metrics...
2026-09-21 20:05:09.198 - RateTiming - INFO - Creating interval generator: pattern=concurrency_burst, rate=None, smoothness=None
2026-09-21 20:05:09.199 - PhaseRunner - NOTICE - Phase profiling (profiling) started | phase_index=1 | profiling_index=0 | target: 64 requests
2026-09-21 20:05:09.201 - records_manager - INFO - Credit phase start: profiling
2026-09-21 20:05:10.808 - aiperf.metrics.types.osl_mismatch_metrics - WARNING - OSL mismatch: got 127 tokens (requested 256, diff -50.4%)
2026-09-21 20:05:20.403 - aiperf.metrics.types.osl_mismatch_metrics - WARNING - OSL mismatch: got 180 tokens (requested 256, diff -29.7%)
2026-09-21 20:05:28.391 - aiperf.metrics.types.osl_mismatch_metrics - WARNING - OSL mismatch: got 241 tokens (requested 256, diff -5.9%)
2026-09-21 20:05:33.155 - PhaseRunner - NOTICE - Phase profiling (profiling) sending complete | sent=64, completed=60, in_flight=4 | sessions: sent=64, completed=60
2026-09-21 20:05:33.157 - records_manager - INFO - Sent 64 requests. Waiting for all to complete...
2026-09-21 20:05:34.775 - PhaseRunner - NOTICE - Phase profiling (profiling) complete | completed=64, cancelled=0, errors=0 | sessions: completed=64, cancelled=0 | elapsed=25.58s
2026-09-21 20:05:34.776 - PhaseOrchestrator_2a2a11c9 - NOTICE - All credits completed
2026-09-21 20:05:34.778 - records_manager - INFO - Received CREDIT_PHASE_COMPLETE message, Phase complete: PhaseRecordsStats(phase=CreditPhase.PROFILING, phase_index=1, profiling_index=0, phase_name='profiling', phase_kind='profiling', start_ns=1790021109199379371, sent_end_ns=1790021133155379298, requests_end_ns=1790021134774590690, baseline_start_ns=1790021109199346403, baseline_end_ns=1790021134774662934, total_expected_requests=64, expected_duration_sec=None, expected_num_sessions=None, expected_grace_period_sec=None, final_requests_sent=None, final_requests_completed=64, final_requests_cancelled=0, final_request_errors=0, final_sent_sessions=None, final_completed_sessions=None, final_cancelled_sessions=None, timeout_triggered=False, grace_period_timeout_triggered=False, was_cancelled=False, records_end_ns=None, success_records=62, error_records=0)
2026-09-21 20:05:34.778 - system_controller - INFO - Received credits complete from 'timing_manager'
2026-09-21 20:05:34.778 - records_manager - NOTICE - All requests have completed, please wait for the results to be processed (currently 62 of 64 records processed)...
2026-09-21 20:05:34.778 - records_manager - INFO - All credits complete, please wait for the results to be processed...
2026-09-21 20:05:34.797 - records_manager - INFO - Processed 64 valid requests and 0 errors (64 total).
2026-09-21 20:05:34.797 - records_manager - INFO - Received all records, processing now...
2026-09-21 20:05:34.802 - records_manager - INFO - Waiting 2.0s for server metrics flush period...
2026-09-21 20:05:34.833 - server_metrics_manager - INFO - Server Metrics: Profiling complete, capturing final metrics...
2026-09-21 20:05:36.775 - records_manager - INFO - Processing records results...
2026-09-21 20:05:36.868 - aiperf.server_metrics.export_stats - WARNING - Detected 1 counter reset(s) in counter metric. This typically indicates server restart(s) during profiling. Statistics may be inaccurate. Raw delta: 2121291.00
2026-09-21 20:05:36.869 - aiperf.server_metrics.export_stats - WARNING - Detected 1 counter reset(s) in counter metric. This typically indicates server restart(s) during profiling. Statistics may be inaccurate. Raw delta: 31480816.00
2026-09-21 20:05:36.887 - aiperf.server_metrics.export_stats - WARNING - Detected 1 counter reset(s) in counter metric with labels {'model': 'swiss-ai/Apertus-v1.5-8B'}. This typically indicates server restart(s) during profiling. Statistics may be inaccurate. Raw delta: 16078.00
2026-09-21 20:05:36.890 - aiperf.server_metrics.export_stats - WARNING - Detected 1 counter reset(s) in counter metric with labels {'endpoint': 'chat_completions', 'model': 'swiss-ai/Apertus-v1.5-8B', 'request_type': 'stream'}. This typically indicates server restart(s) during profiling. Statistics may be inaccurate. Raw delta: 64.00
2026-09-21 20:05:37.238 - aiperf.server_metrics.export_stats - WARNING - Detected 1 counter reset(s) in counter metric. This typically indicates server restart(s) during profiling. Statistics may be inaccurate. Raw delta: 281337.00
2026-09-21 20:05:37.271 - aiperf.server_metrics.export_stats - WARNING - Detected 1 counter reset(s) in counter metric. This typically indicates server restart(s) during profiling. Statistics may be inaccurate. Raw delta: 2121291.00
2026-09-21 20:05:37.272 - aiperf.server_metrics.export_stats - WARNING - Detected 1 counter reset(s) in counter metric. This typically indicates server restart(s) during profiling. Statistics may be inaccurate. Raw delta: 31480816.00
2026-09-21 20:05:37.285 - aiperf.server_metrics.export_stats - WARNING - Detected 1 counter reset(s) in counter metric with labels {'model': 'swiss-ai/Apertus-v1.5-8B'}. This typically indicates server restart(s) during profiling. Statistics may be inaccurate. Raw delta: 16078.00
2026-09-21 20:05:37.287 - aiperf.server_metrics.export_stats - WARNING - Detected 1 counter reset(s) in counter metric with labels {'endpoint': 'chat_completions', 'model': 'swiss-ai/Apertus-v1.5-8B', 'request_type': 'stream'}. This typically indicates server restart(s) during profiling. Statistics may be inaccurate. Raw delta: 64.00
2026-09-21 20:05:37.691 - aiperf.server_metrics.export_stats - WARNING - Detected 1 counter reset(s) in counter metric. This typically indicates server restart(s) during profiling. Statistics may be inaccurate. Raw delta: 281337.00
2026-09-21 20:05:37.717 - aiperf.server_metrics.export_stats - WARNING - Detected 1 counter reset(s) in counter metric. This typically indicates server restart(s) during profiling. Statistics may be inaccurate. Raw delta: 2121291.00
2026-09-21 20:05:37.718 - aiperf.server_metrics.export_stats - WARNING - Detected 1 counter reset(s) in counter metric. This typically indicates server restart(s) during profiling. Statistics may be inaccurate. Raw delta: 31480816.00
2026-09-21 20:05:37.731 - aiperf.server_metrics.export_stats - WARNING - Detected 1 counter reset(s) in counter metric with labels {'model': 'swiss-ai/Apertus-v1.5-8B'}. This typically indicates server restart(s) during profiling. Statistics may be inaccurate. Raw delta: 16078.00
2026-09-21 20:05:37.734 - aiperf.server_metrics.export_stats - WARNING - Detected 1 counter reset(s) in counter metric with labels {'endpoint': 'chat_completions', 'model': 'swiss-ai/Apertus-v1.5-8B', 'request_type': 'stream'}. This typically indicates server restart(s) during profiling. Statistics may be inaccurate. Raw delta: 64.00
2026-09-21 20:05:37.791 - system_controller - INFO - Waiting for result domains: server_metrics
2026-09-21 20:05:38.076 - aiperf.server_metrics.export_stats - WARNING - Detected 1 counter reset(s) in counter metric. This typically indicates server restart(s) during profiling. Statistics may be inaccurate. Raw delta: 281337.00
2026-09-21 20:05:38.200 - records_manager - INFO - _finalize_and_process_results completed
2026-09-21 20:05:38.226 - system_controller - INFO - All results received, initiating shutdown
2026-09-21 20:05:38.830 - ExporterManager - INFO - Exporting all records
2026-09-21 20:05:38.995 - ExporterManager - INFO - Exporting console data
