2026-09-21 20:03:47.059 - aiperf.cli_runner._single_run - INFO - Starting AIPerf System
2026-09-21 20:03:47.086 - aiperf.config.resolution.resolvers - INFO - [OK] Tokenizer swiss-ai/Apertus-v1.5-8B detected
2026-09-21 20:03:47.086 - aiperf.config.resolution.resolvers - INFO - 1 tokenizer validated | 0.0s
2026-09-21 20:03:47.086 - aiperf.config.resolution.resolvers - INFO - HF cache hit (skipping prefetch): ['swiss-ai/Apertus-v1.5-8B']
2026-09-21 20:03:47.585 - server_metrics_manager - INFO - Server Metrics: Discovered 1 endpoints: ['http://localhost:8090/metrics']
2026-09-21 20:03:47.607 - GPUTelemetryJSONLWriter_b985ac45 - INFO - GPU telemetry export enabled: /results/dyn-2w-rr/chat/c2/gpu_telemetry_export.jsonl
2026-09-21 20:03:47.614 - OTelMetricsResultsProcessor_2d68aa51 - INFO - Telemetry streaming is disabled (set --otel-url and/or --mlflow-tracking-uri to enable)
2026-09-21 20:03:47.615 - RecordExportJSONLWriter_283fc39c - INFO - Record metrics export enabled: /results/dyn-2w-rr/chat/c2/profile_export.jsonl
2026-09-21 20:03:47.653 - system_controller - INFO - Registered Worker Manager (id: 'worker_manager')
2026-09-21 20:03:47.680 - system_controller - INFO - Registered Gpu Telemetry Manager (id: 'gpu_telemetry_manager')
2026-09-21 20:03:47.693 - system_controller - INFO - Registered Server Metrics Manager (id: 'server_metrics_manager')
2026-09-21 20:03:47.693 - system_controller - INFO - Registered Dataset Manager (id: 'dataset_manager')
2026-09-21 20:03:47.725 - system_controller - INFO - Registered Records Manager (id: 'records_manager')
2026-09-21 20:03:47.807 - system_controller - INFO - Registered Record Processor (id: 'record_processor_b6583403')
2026-09-21 20:03:47.843 - system_controller - INFO - Registered Timing Manager (id: 'timing_manager')
2026-09-21 20:03:47.961 - system_controller - INFO - Registered Worker (id: 'worker_6b1d25c1')
2026-09-21 20:03:47.982 - system_controller - INFO - Registered Worker (id: 'worker_a9e8e346')
2026-09-21 20:03:48.042 - system_controller - INFO - AIPerf System is CONFIGURING
2026-09-21 20:03:48.042 - system_controller - INFO - Configuring all services to start profiling
2026-09-21 20:03:48.044 - InferenceResultParser_77dbbc97 - INFO - Configuring tokenizers for inference result parser (resolve_alias: True)
2026-09-21 20:03:48.044 - timing_manager - INFO - Waiting for dataset to be configured before configuring timing
2026-09-21 20:03:48.046 - dataset_manager - INFO - Configuring tokenizer(s) for dataset manager
2026-09-21 20:03:48.056 - server_metrics_manager - INFO - Server Metrics: Capturing baseline metrics...
2026-09-21 20:03:48.095 - gpu_telemetry_manager - WARNING - GPU Telemetry: http://localhost:9400/metrics is not reachable
2026-09-21 20:03:48.098 - gpu_telemetry_manager - WARNING - GPU Telemetry: http://localhost:9401/metrics is not reachable
2026-09-21 20:03:48.100 - system_controller - INFO - DCGM telemetry skipped: no telemetry sources reachable
2026-09-21 20:03:48.100 - system_controller - INFO - Waiting for result domains: profile, server_metrics
2026-09-21 20:03:48.101 - system_controller - INFO - Server metrics enabled - 1/1 endpoint(s) reachable.
2026-09-21 20:03:49.393 - httpx - INFO - HTTP Request: HEAD https://huggingface.co/swiss-ai/Apertus-v1.5-8B/resolve/main/config.json "HTTP/1.1 200 OK"
2026-09-21 20:03:49.477 - httpx - INFO - HTTP Request: HEAD https://huggingface.co/swiss-ai/Apertus-v1.5-8B/resolve/main/config.json "HTTP/1.1 200 OK"
2026-09-21 20:03:49.570 - httpx - INFO - HTTP Request: HEAD https://huggingface.co/swiss-ai/Apertus-v1.5-8B/resolve/main/tokenizer_config.json "HTTP/1.1 200 OK"
2026-09-21 20:03:49.652 - httpx - INFO - HTTP Request: HEAD https://huggingface.co/swiss-ai/Apertus-v1.5-8B/resolve/main/config.json "HTTP/1.1 200 OK"
2026-09-21 20:03:49.657 - httpx - INFO - HTTP Request: GET https://huggingface.co/api/models/swiss-ai/Apertus-v1.5-8B/tree/main/additional_chat_templates?recursive=false&expand=false "HTTP/1.1 404 Not Found"
2026-09-21 20:03:49.738 - httpx - INFO - HTTP Request: HEAD https://huggingface.co/swiss-ai/Apertus-v1.5-8B/resolve/main/config.json "HTTP/1.1 200 OK"
2026-09-21 20:03:49.747 - httpx - INFO - HTTP Request: GET https://huggingface.co/api/models/swiss-ai/Apertus-v1.5-8B/tree/main?recursive=true&expand=false "HTTP/1.1 200 OK"
2026-09-21 20:03:49.829 - httpx - INFO - HTTP Request: HEAD https://huggingface.co/swiss-ai/Apertus-v1.5-8B/resolve/main/tokenizer_config.json "HTTP/1.1 200 OK"
2026-09-21 20:03:49.916 - httpx - INFO - HTTP Request: GET https://huggingface.co/api/models/swiss-ai/Apertus-v1.5-8B/tree/main/additional_chat_templates?recursive=false&expand=false "HTTP/1.1 404 Not Found"
2026-09-21 20:03:50.004 - httpx - INFO - HTTP Request: GET https://huggingface.co/api/models/swiss-ai/Apertus-v1.5-8B/tree/main?recursive=true&expand=false "HTTP/1.1 200 OK"
2026-09-21 20:03:53.566 - httpx - INFO - HTTP Request: GET https://huggingface.co/api/models/swiss-ai/Apertus-v1.5-8B "HTTP/1.1 200 OK"
2026-09-21 20:03:53.657 - dataset_manager - INFO - Tokenizer(s) configured in 5.61 seconds
2026-09-21 20:03:53.657 - dataset_manager - INFO - Configuring dataset for dataset_manager
2026-09-21 20:03:54.196 - MemoryMapDatasetBackingStore_7e0dd54e - INFO - Memory-mapped backing store initialized (streaming to /tmp/aiperf_mmap_50acb8b06387/dataset.dat)
2026-09-21 20:03:54.201 - MemoryMapDatasetBackingStore_7e0dd54e - INFO - Data file finalized: 64 conversations, 0.18 MB
2026-09-21 20:03:54.201 - MemoryMapDatasetBackingStore_7e0dd54e - INFO - Index file created: /tmp/aiperf_mmap_50acb8b06387/index.dat
2026-09-21 20:03:54.201 - dataset_manager - INFO - Backing store finalized: client_type=DatasetClientStoreType.MEMORY_MAP format=MemoryMapFormat.CONVERSATION data_file_path=PosixPath('/tmp/aiperf_mmap_50acb8b06387/dataset.dat') index_file_path=PosixPath('/tmp/aiperf_mmap_50acb8b06387/index.dat') conversation_count=64 total_size_bytes=190265 compressed=False compressed_data_file_path=None compressed_index_file_path=None compressed_size_bytes=0
2026-09-21 20:03:54.202 - dataset_manager - INFO - sampling strategy: sequential, unique conversations: 64, unique turn count: 64
2026-09-21 20:03:54.203 - dataset_manager - INFO - Generating inputs.json file at /results/dyn-2w-rr/chat/c2/inputs.json
2026-09-21 20:03:54.206 - dataset_manager - INFO - inputs.json file generated in 0.00 seconds
2026-09-21 20:03:54.208 - PhaseOrchestrator_332c8d56 - INFO - Initialized 2 phase(s): ['Warmup', 'Profiling']
2026-09-21 20:03:54.320 - dataset_manager - INFO - Dataset client initialized and freed 64 conversations from memory
2026-09-21 20:03:54.321 - dataset_manager - INFO - Dataset configured in 0.66 seconds
2026-09-21 20:03:55.945 - httpx - INFO - HTTP Request: GET https://huggingface.co/api/models/swiss-ai/Apertus-v1.5-8B "HTTP/1.1 200 OK"
2026-09-21 20:03:56.102 - InferenceResultParser_77dbbc97 - INFO - Initialized tokenizers: {'swiss-ai/Apertus-v1.5-8B': {'class': 'TokenizersBackend', 'name_or_path': 'swiss-ai/Apertus-v1.5-8B'}} in 8.06 seconds
2026-09-21 20:03:56.105 - system_controller - INFO - All services configured in 8.06 seconds
2026-09-21 20:03:56.105 - system_controller - INFO - AIPerf System is CONFIGURED
2026-09-21 20:03:56.107 - server_metrics_manager - INFO - Server Metrics: Started 1 collector(s) successfully
2026-09-21 20:03:56.109 - system_controller - INFO - All services started profiling successfully
2026-09-21 20:03:56.110 - system_controller - INFO - AIPerf System is PROFILING
2026-09-21 20:03:56.113 - RateTiming - INFO - Creating interval generator: pattern=concurrency_burst, rate=None, smoothness=None
2026-09-21 20:03:56.114 - PhaseRunner - NOTICE - Phase warmup (warmup) started | phase_index=0 | target: 2 requests
2026-09-21 20:03:56.116 - PhaseRunner - NOTICE - Phase warmup (warmup) sending complete | sent=2, completed=0, in_flight=2 | sessions: sent=2, completed=0
2026-09-21 20:03:56.117 - records_manager - INFO - Credit phase start: warmup
2026-09-21 20:03:57.752 - PhaseRunner - NOTICE - Phase warmup (warmup) complete | completed=2, cancelled=0, errors=0 | sessions: completed=2, cancelled=0 | elapsed=1.64s
2026-09-21 20:03:57.754 - RateTiming - INFO - Creating interval generator: pattern=concurrency_burst, rate=None, smoothness=None
2026-09-21 20:03:57.754 - server_metrics_manager - INFO - Server Metrics: Warmup complete, capturing final warmup metrics...
2026-09-21 20:03:57.754 - PhaseRunner - NOTICE - Phase profiling (profiling) started | phase_index=1 | profiling_index=0 | target: 64 requests
2026-09-21 20:03:57.756 - records_manager - INFO - Credit phase start: profiling
2026-09-21 20:04:13.781 - aiperf.metrics.types.osl_mismatch_metrics - WARNING - OSL mismatch: got 216 tokens (requested 256, diff -15.6%)
2026-09-21 20:04:47.407 - PhaseRunner - NOTICE - Phase profiling (profiling) sending complete | sent=64, completed=62, in_flight=2 | sessions: sent=64, completed=62
2026-09-21 20:04:47.408 - records_manager - INFO - Sent 64 requests. Waiting for all to complete...
2026-09-21 20:04:49.019 - PhaseRunner - NOTICE - Phase profiling (profiling) complete | completed=64, cancelled=0, errors=0 | sessions: completed=64, cancelled=0 | elapsed=51.26s
2026-09-21 20:04:49.020 - PhaseOrchestrator_332c8d56 - NOTICE - All credits completed
2026-09-21 20:04:49.022 - system_controller - INFO - Received credits complete from 'timing_manager'
2026-09-21 20:04:49.022 - records_manager - INFO - Received CREDIT_PHASE_COMPLETE message, Phase complete: PhaseRecordsStats(phase=CreditPhase.PROFILING, phase_index=1, profiling_index=0, phase_name='profiling', phase_kind='profiling', start_ns=1790021037754608704, sent_end_ns=1790021087407129073, requests_end_ns=1790021089019267283, baseline_start_ns=1790021037754575869, baseline_end_ns=1790021089019307642, total_expected_requests=64, expected_duration_sec=None, expected_num_sessions=None, expected_grace_period_sec=None, final_requests_sent=None, final_requests_completed=64, final_requests_cancelled=0, final_request_errors=0, final_sent_sessions=None, final_completed_sessions=None, final_cancelled_sessions=None, timeout_triggered=False, grace_period_timeout_triggered=False, was_cancelled=False, records_end_ns=None, success_records=62, error_records=0)
2026-09-21 20:04:49.022 - records_manager - NOTICE - All requests have completed, please wait for the results to be processed (currently 62 of 64 records processed)...
2026-09-21 20:04:49.023 - records_manager - INFO - All credits complete, please wait for the results to be processed...
2026-09-21 20:04:49.043 - records_manager - INFO - Processed 64 valid requests and 0 errors (64 total).
2026-09-21 20:04:49.043 - records_manager - INFO - Received all records, processing now...
2026-09-21 20:04:49.048 - records_manager - INFO - Waiting 2.0s for server metrics flush period...
2026-09-21 20:04:49.078 - server_metrics_manager - INFO - Server Metrics: Profiling complete, capturing final metrics...
2026-09-21 20:04:51.020 - records_manager - INFO - Processing records results...
2026-09-21 20:04:51.115 - aiperf.server_metrics.export_stats - WARNING - Detected 1 counter reset(s) in counter metric. This typically indicates server restart(s) during profiling. Statistics may be inaccurate. Raw delta: 2121703.00
2026-09-21 20:04:51.116 - aiperf.server_metrics.export_stats - WARNING - Detected 1 counter reset(s) in counter metric. This typically indicates server restart(s) during profiling. Statistics may be inaccurate. Raw delta: 39363692.00
2026-09-21 20:04:51.147 - aiperf.server_metrics.export_stats - WARNING - Detected 1 counter reset(s) in counter metric with labels {'model': 'swiss-ai/Apertus-v1.5-8B'}. This typically indicates server restart(s) during profiling. Statistics may be inaccurate. Raw delta: 16251.00
2026-09-21 20:04:51.151 - aiperf.server_metrics.export_stats - WARNING - Detected 1 counter reset(s) in counter metric with labels {'endpoint': 'chat_completions', 'model': 'swiss-ai/Apertus-v1.5-8B', 'request_type': 'stream'}. This typically indicates server restart(s) during profiling. Statistics may be inaccurate. Raw delta: 64.00
2026-09-21 20:04:51.766 - aiperf.server_metrics.export_stats - WARNING - Detected 1 counter reset(s) in counter metric. This typically indicates server restart(s) during profiling. Statistics may be inaccurate. Raw delta: 281337.00
2026-09-21 20:04:51.811 - aiperf.server_metrics.export_stats - WARNING - Detected 1 counter reset(s) in counter metric. This typically indicates server restart(s) during profiling. Statistics may be inaccurate. Raw delta: 2121703.00
2026-09-21 20:04:51.812 - aiperf.server_metrics.export_stats - WARNING - Detected 1 counter reset(s) in counter metric. This typically indicates server restart(s) during profiling. Statistics may be inaccurate. Raw delta: 39363692.00
2026-09-21 20:04:51.837 - aiperf.server_metrics.export_stats - WARNING - Detected 1 counter reset(s) in counter metric with labels {'model': 'swiss-ai/Apertus-v1.5-8B'}. This typically indicates server restart(s) during profiling. Statistics may be inaccurate. Raw delta: 16251.00
2026-09-21 20:04:51.841 - aiperf.server_metrics.export_stats - WARNING - Detected 1 counter reset(s) in counter metric with labels {'endpoint': 'chat_completions', 'model': 'swiss-ai/Apertus-v1.5-8B', 'request_type': 'stream'}. This typically indicates server restart(s) during profiling. Statistics may be inaccurate. Raw delta: 64.00
2026-09-21 20:04:52.462 - aiperf.server_metrics.export_stats - WARNING - Detected 1 counter reset(s) in counter metric. This typically indicates server restart(s) during profiling. Statistics may be inaccurate. Raw delta: 281337.00
2026-09-21 20:04:52.503 - aiperf.server_metrics.export_stats - WARNING - Detected 1 counter reset(s) in counter metric. This typically indicates server restart(s) during profiling. Statistics may be inaccurate. Raw delta: 2121703.00
2026-09-21 20:04:52.504 - aiperf.server_metrics.export_stats - WARNING - Detected 1 counter reset(s) in counter metric. This typically indicates server restart(s) during profiling. Statistics may be inaccurate. Raw delta: 39363692.00
2026-09-21 20:04:52.526 - aiperf.server_metrics.export_stats - WARNING - Detected 1 counter reset(s) in counter metric with labels {'model': 'swiss-ai/Apertus-v1.5-8B'}. This typically indicates server restart(s) during profiling. Statistics may be inaccurate. Raw delta: 16251.00
2026-09-21 20:04:52.530 - aiperf.server_metrics.export_stats - WARNING - Detected 1 counter reset(s) in counter metric with labels {'endpoint': 'chat_completions', 'model': 'swiss-ai/Apertus-v1.5-8B', 'request_type': 'stream'}. This typically indicates server restart(s) during profiling. Statistics may be inaccurate. Raw delta: 64.00
2026-09-21 20:04:52.531 - system_controller - INFO - Waiting for result domains: server_metrics
2026-09-21 20:04:53.211 - aiperf.server_metrics.export_stats - WARNING - Detected 1 counter reset(s) in counter metric. This typically indicates server restart(s) during profiling. Statistics may be inaccurate. Raw delta: 281337.00
2026-09-21 20:04:53.347 - records_manager - INFO - _finalize_and_process_results completed
2026-09-21 20:04:53.419 - system_controller - INFO - All results received, initiating shutdown
2026-09-21 20:04:54.023 - ExporterManager - INFO - Exporting all records
2026-09-21 20:04:54.211 - ExporterManager - INFO - Exporting console data
