2026-09-21 19:43:26.549 - aiperf.cli_runner._single_run - INFO - Starting AIPerf System
2026-09-21 19:43:26.576 - aiperf.config.resolution.resolvers - INFO - [OK] Tokenizer swiss-ai/Apertus-v1.5-8B detected
2026-09-21 19:43:26.577 - aiperf.config.resolution.resolvers - INFO - 1 tokenizer validated | 0.0s
2026-09-21 19:43:26.577 - aiperf.config.resolution.resolvers - INFO - HF cache hit (skipping prefetch): ['swiss-ai/Apertus-v1.5-8B']
2026-09-21 19:43:27.085 - server_metrics_manager - INFO - Server Metrics: Discovered 1 endpoints: ['http://localhost:8090/metrics']
2026-09-21 19:43:27.107 - GPUTelemetryJSONLWriter_620d4651 - INFO - GPU telemetry export enabled: /results/dyn-1w/chat/c8/gpu_telemetry_export.jsonl
2026-09-21 19:43:27.115 - OTelMetricsResultsProcessor_3c1b1120 - INFO - Telemetry streaming is disabled (set --otel-url and/or --mlflow-tracking-uri to enable)
2026-09-21 19:43:27.116 - RecordExportJSONLWriter_c8623a36 - INFO - Record metrics export enabled: /results/dyn-1w/chat/c8/profile_export.jsonl
2026-09-21 19:43:27.148 - system_controller - INFO - Registered Worker Manager (id: 'worker_manager')
2026-09-21 19:43:27.208 - system_controller - INFO - Registered Gpu Telemetry Manager (id: 'gpu_telemetry_manager')
2026-09-21 19:43:27.209 - system_controller - INFO - Registered Dataset Manager (id: 'dataset_manager')
2026-09-21 19:43:27.209 - system_controller - INFO - Registered Server Metrics Manager (id: 'server_metrics_manager')
2026-09-21 19:43:27.225 - system_controller - INFO - Registered Records Manager (id: 'records_manager')
2026-09-21 19:43:27.336 - system_controller - INFO - Registered Timing Manager (id: 'timing_manager')
2026-09-21 19:43:27.337 - system_controller - INFO - Registered Record Processor (id: 'record_processor_9d446a95')
2026-09-21 19:43:27.337 - system_controller - INFO - Registered Record Processor (id: 'record_processor_6ff22fb6')
2026-09-21 19:43:27.510 - system_controller - INFO - Registered Worker (id: 'worker_f549c7cd')
2026-09-21 19:43:27.511 - system_controller - INFO - Registered Worker (id: 'worker_28c602d2')
2026-09-21 19:43:27.511 - system_controller - INFO - Registered Worker (id: 'worker_bbcc8bea')
2026-09-21 19:43:27.514 - system_controller - INFO - Registered Worker (id: 'worker_aab0ed3f')
2026-09-21 19:43:27.515 - system_controller - INFO - Registered Worker (id: 'worker_05f9f19d')
2026-09-21 19:43:27.517 - system_controller - INFO - Registered Worker (id: 'worker_4cb56a12')
2026-09-21 19:43:27.518 - system_controller - INFO - Registered Worker (id: 'worker_64b4bbb1')
2026-09-21 19:43:27.523 - system_controller - INFO - Registered Worker (id: 'worker_d8f45893')
2026-09-21 19:43:27.541 - system_controller - INFO - AIPerf System is CONFIGURING
2026-09-21 19:43:27.541 - system_controller - INFO - Configuring all services to start profiling
2026-09-21 19:43:27.543 - timing_manager - INFO - Waiting for dataset to be configured before configuring timing
2026-09-21 19:43:27.543 - InferenceResultParser_e5dacd8b - INFO - Configuring tokenizers for inference result parser (resolve_alias: True)
2026-09-21 19:43:27.543 - InferenceResultParser_a045a0f7 - INFO - Configuring tokenizers for inference result parser (resolve_alias: True)
2026-09-21 19:43:27.545 - dataset_manager - INFO - Configuring tokenizer(s) for dataset manager
2026-09-21 19:43:27.554 - server_metrics_manager - INFO - Server Metrics: Capturing baseline metrics...
2026-09-21 19:43:27.592 - gpu_telemetry_manager - WARNING - GPU Telemetry: http://localhost:9400/metrics is not reachable
2026-09-21 19:43:27.595 - gpu_telemetry_manager - WARNING - GPU Telemetry: http://localhost:9401/metrics is not reachable
2026-09-21 19:43:27.597 - system_controller - INFO - DCGM telemetry skipped: no telemetry sources reachable
2026-09-21 19:43:27.597 - system_controller - INFO - Waiting for result domains: profile, server_metrics
2026-09-21 19:43:27.598 - system_controller - INFO - Server metrics enabled - 1/1 endpoint(s) reachable.
2026-09-21 19:43:29.146 - httpx - INFO - HTTP Request: HEAD https://huggingface.co/swiss-ai/Apertus-v1.5-8B/resolve/main/config.json "HTTP/1.1 200 OK"
2026-09-21 19:43:29.171 - httpx - INFO - HTTP Request: HEAD https://huggingface.co/swiss-ai/Apertus-v1.5-8B/resolve/main/config.json "HTTP/1.1 200 OK"
2026-09-21 19:43:29.190 - httpx - INFO - HTTP Request: HEAD https://huggingface.co/swiss-ai/Apertus-v1.5-8B/resolve/main/config.json "HTTP/1.1 200 OK"
2026-09-21 19:43:29.231 - httpx - INFO - HTTP Request: HEAD https://huggingface.co/swiss-ai/Apertus-v1.5-8B/resolve/main/config.json "HTTP/1.1 200 OK"
2026-09-21 19:43:29.259 - httpx - INFO - HTTP Request: HEAD https://huggingface.co/swiss-ai/Apertus-v1.5-8B/resolve/main/config.json "HTTP/1.1 200 OK"
2026-09-21 19:43:29.275 - httpx - INFO - HTTP Request: HEAD https://huggingface.co/swiss-ai/Apertus-v1.5-8B/resolve/main/config.json "HTTP/1.1 200 OK"
2026-09-21 19:43:29.321 - httpx - INFO - HTTP Request: HEAD https://huggingface.co/swiss-ai/Apertus-v1.5-8B/resolve/main/tokenizer_config.json "HTTP/1.1 200 OK"
2026-09-21 19:43:29.352 - httpx - INFO - HTTP Request: HEAD https://huggingface.co/swiss-ai/Apertus-v1.5-8B/resolve/main/tokenizer_config.json "HTTP/1.1 200 OK"
2026-09-21 19:43:29.370 - httpx - INFO - HTTP Request: HEAD https://huggingface.co/swiss-ai/Apertus-v1.5-8B/resolve/main/tokenizer_config.json "HTTP/1.1 200 OK"
2026-09-21 19:43:29.411 - httpx - INFO - HTTP Request: GET https://huggingface.co/api/models/swiss-ai/Apertus-v1.5-8B/tree/main/additional_chat_templates?recursive=false&expand=false "HTTP/1.1 404 Not Found"
2026-09-21 19:43:29.444 - httpx - INFO - HTTP Request: GET https://huggingface.co/api/models/swiss-ai/Apertus-v1.5-8B/tree/main/additional_chat_templates?recursive=false&expand=false "HTTP/1.1 404 Not Found"
2026-09-21 19:43:29.460 - httpx - INFO - HTTP Request: GET https://huggingface.co/api/models/swiss-ai/Apertus-v1.5-8B/tree/main/additional_chat_templates?recursive=false&expand=false "HTTP/1.1 404 Not Found"
2026-09-21 19:43:29.503 - httpx - INFO - HTTP Request: GET https://huggingface.co/api/models/swiss-ai/Apertus-v1.5-8B/tree/main?recursive=true&expand=false "HTTP/1.1 200 OK"
2026-09-21 19:43:29.535 - httpx - INFO - HTTP Request: GET https://huggingface.co/api/models/swiss-ai/Apertus-v1.5-8B/tree/main?recursive=true&expand=false "HTTP/1.1 200 OK"
2026-09-21 19:43:29.550 - httpx - INFO - HTTP Request: GET https://huggingface.co/api/models/swiss-ai/Apertus-v1.5-8B/tree/main?recursive=true&expand=false "HTTP/1.1 200 OK"
2026-09-21 19:43:35.076 - httpx - INFO - HTTP Request: GET https://huggingface.co/api/models/swiss-ai/Apertus-v1.5-8B "HTTP/1.1 200 OK"
2026-09-21 19:43:35.167 - InferenceResultParser_a045a0f7 - INFO - Initialized tokenizers: {'swiss-ai/Apertus-v1.5-8B': {'class': 'TokenizersBackend', 'name_or_path': 'swiss-ai/Apertus-v1.5-8B'}} in 7.62 seconds
2026-09-21 19:43:36.054 - httpx - INFO - HTTP Request: GET https://huggingface.co/api/models/swiss-ai/Apertus-v1.5-8B "HTTP/1.1 200 OK"
2026-09-21 19:43:36.210 - InferenceResultParser_e5dacd8b - INFO - Initialized tokenizers: {'swiss-ai/Apertus-v1.5-8B': {'class': 'TokenizersBackend', 'name_or_path': 'swiss-ai/Apertus-v1.5-8B'}} in 8.67 seconds
2026-09-21 19:43:36.289 - httpx - INFO - HTTP Request: GET https://huggingface.co/api/models/swiss-ai/Apertus-v1.5-8B "HTTP/1.1 200 OK"
2026-09-21 19:43:36.442 - dataset_manager - INFO - Tokenizer(s) configured in 8.90 seconds
2026-09-21 19:43:36.442 - dataset_manager - INFO - Configuring dataset for dataset_manager
2026-09-21 19:43:37.092 - MemoryMapDatasetBackingStore_43ce97c4 - INFO - Memory-mapped backing store initialized (streaming to /tmp/aiperf_mmap_3ad0f30bc8a1/dataset.dat)
2026-09-21 19:43:37.102 - MemoryMapDatasetBackingStore_43ce97c4 - INFO - Data file finalized: 64 conversations, 0.18 MB
2026-09-21 19:43:37.103 - MemoryMapDatasetBackingStore_43ce97c4 - INFO - Index file created: /tmp/aiperf_mmap_3ad0f30bc8a1/index.dat
2026-09-21 19:43:37.103 - dataset_manager - INFO - Backing store finalized: client_type=DatasetClientStoreType.MEMORY_MAP format=MemoryMapFormat.CONVERSATION data_file_path=PosixPath('/tmp/aiperf_mmap_3ad0f30bc8a1/dataset.dat') index_file_path=PosixPath('/tmp/aiperf_mmap_3ad0f30bc8a1/index.dat') conversation_count=64 total_size_bytes=190265 compressed=False compressed_data_file_path=None compressed_index_file_path=None compressed_size_bytes=0
2026-09-21 19:43:37.106 - dataset_manager - INFO - sampling strategy: sequential, unique conversations: 64, unique turn count: 64
2026-09-21 19:43:37.108 - dataset_manager - INFO - Generating inputs.json file at /results/dyn-1w/chat/c8/inputs.json
2026-09-21 19:43:37.113 - PhaseOrchestrator_a8313fcd - INFO - Initialized 2 phase(s): ['Warmup', 'Profiling']
2026-09-21 19:43:37.118 - dataset_manager - INFO - inputs.json file generated in 0.01 seconds
2026-09-21 19:43:37.300 - dataset_manager - INFO - Dataset client initialized and freed 64 conversations from memory
2026-09-21 19:43:37.301 - dataset_manager - INFO - Dataset configured in 0.86 seconds
2026-09-21 19:43:37.302 - system_controller - INFO - All services configured in 9.76 seconds
2026-09-21 19:43:37.303 - system_controller - INFO - AIPerf System is CONFIGURED
2026-09-21 19:43:37.305 - server_metrics_manager - INFO - Server Metrics: Started 1 collector(s) successfully
2026-09-21 19:43:37.308 - system_controller - INFO - All services started profiling successfully
2026-09-21 19:43:37.308 - system_controller - INFO - AIPerf System is PROFILING
2026-09-21 19:43:37.311 - RateTiming - INFO - Creating interval generator: pattern=concurrency_burst, rate=None, smoothness=None
2026-09-21 19:43:37.312 - PhaseRunner - NOTICE - Phase warmup (warmup) started | phase_index=0 | target: 8 requests
2026-09-21 19:43:37.315 - PhaseRunner - NOTICE - Phase warmup (warmup) sending complete | sent=8, completed=0, in_flight=8 | sessions: sent=8, completed=0
2026-09-21 19:43:37.315 - records_manager - INFO - Credit phase start: warmup
2026-09-21 19:43:39.058 - PhaseRunner - NOTICE - Phase warmup (warmup) complete | completed=8, cancelled=0, errors=0 | sessions: completed=8, cancelled=0 | elapsed=1.75s
2026-09-21 19:43:39.060 - RateTiming - INFO - Creating interval generator: pattern=concurrency_burst, rate=None, smoothness=None
2026-09-21 19:43:39.060 - server_metrics_manager - INFO - Server Metrics: Warmup complete, capturing final warmup metrics...
2026-09-21 19:43:39.060 - PhaseRunner - NOTICE - Phase profiling (profiling) started | phase_index=1 | profiling_index=0 | target: 64 requests
2026-09-21 19:43:39.136 - records_manager - INFO - Credit phase start: profiling
2026-09-21 19:43:42.427 - aiperf.metrics.types.osl_mismatch_metrics - WARNING - OSL mismatch: got 228 tokens (requested 256, diff -10.9%)
2026-09-21 19:43:49.115 - aiperf.metrics.types.osl_mismatch_metrics - WARNING - OSL mismatch: got 234 tokens (requested 256, diff -8.6%)
2026-09-21 19:43:50.763 - PhaseRunner - NOTICE - Phase profiling (profiling) sending complete | sent=64, completed=56, in_flight=8 | sessions: sent=64, completed=56
2026-09-21 19:43:50.766 - records_manager - INFO - Sent 64 requests. Waiting for all to complete...
2026-09-21 19:43:52.438 - PhaseRunner - NOTICE - Phase profiling (profiling) complete | completed=64, cancelled=0, errors=0 | sessions: completed=64, cancelled=0 | elapsed=13.38s
2026-09-21 19:43:52.439 - PhaseOrchestrator_a8313fcd - NOTICE - All credits completed
2026-09-21 19:43:52.441 - records_manager - INFO - Received CREDIT_PHASE_COMPLETE message, Phase complete: PhaseRecordsStats(phase=CreditPhase.PROFILING, phase_index=1, profiling_index=0, phase_name='profiling', phase_kind='profiling', start_ns=1790019819060777482, sent_end_ns=1790019830762988764, requests_end_ns=1790019832437939374, baseline_start_ns=1790019819060743122, baseline_end_ns=1790019832438010062, total_expected_requests=64, expected_duration_sec=None, expected_num_sessions=None, expected_grace_period_sec=None, final_requests_sent=None, final_requests_completed=64, final_requests_cancelled=0, final_request_errors=0, final_sent_sessions=None, final_completed_sessions=None, final_cancelled_sessions=None, timeout_triggered=False, grace_period_timeout_triggered=False, was_cancelled=False, records_end_ns=None, success_records=56, error_records=0)
2026-09-21 19:43:52.441 - records_manager - NOTICE - All requests have completed, please wait for the results to be processed (currently 56 of 64 records processed)...
2026-09-21 19:43:52.441 - system_controller - INFO - Received credits complete from 'timing_manager'
2026-09-21 19:43:52.442 - records_manager - INFO - All credits complete, please wait for the results to be processed...
2026-09-21 19:43:52.468 - aiperf.metrics.types.osl_mismatch_metrics - WARNING - OSL mismatch: got 204 tokens (requested 256, diff -20.3%)
2026-09-21 19:43:52.499 - records_manager - INFO - Processed 64 valid requests and 0 errors (64 total).
2026-09-21 19:43:52.499 - records_manager - INFO - Received all records, processing now...
2026-09-21 19:43:52.501 - server_metrics_manager - INFO - Server Metrics: Profiling complete, capturing final metrics...
2026-09-21 19:43:52.504 - records_manager - INFO - Waiting 1.9s for server metrics flush period...
2026-09-21 19:43:54.438 - records_manager - INFO - Processing records results...
2026-09-21 19:43:55.206 - system_controller - INFO - Waiting for result domains: server_metrics
2026-09-21 19:43:55.494 - records_manager - INFO - _finalize_and_process_results completed
2026-09-21 19:43:55.528 - system_controller - INFO - All results received, initiating shutdown
2026-09-21 19:43:56.135 - ExporterManager - INFO - Exporting all records
2026-09-21 19:43:56.310 - ExporterManager - INFO - Exporting console data
