2026-09-21 19:51:54.124 - aiperf.cli_runner._single_run - INFO - Starting AIPerf System
2026-09-21 19:51:54.151 - aiperf.config.resolution.resolvers - INFO - [OK] Tokenizer swiss-ai/Apertus-v1.5-8B detected
2026-09-21 19:51:54.151 - aiperf.config.resolution.resolvers - INFO - 1 tokenizer validated | 0.0s
2026-09-21 19:51:54.152 - aiperf.config.resolution.resolvers - INFO - HF cache hit (skipping prefetch): ['swiss-ai/Apertus-v1.5-8B']
2026-09-21 19:51:54.659 - server_metrics_manager - INFO - Server Metrics: Discovered 1 endpoints: ['http://localhost:8090/metrics']
2026-09-21 19:51:54.680 - GPUTelemetryJSONLWriter_4cf9dd5f - INFO - GPU telemetry export enabled: /results/dyn-1w/rag/c32/gpu_telemetry_export.jsonl
2026-09-21 19:51:54.688 - OTelMetricsResultsProcessor_cd17dd2e - INFO - Telemetry streaming is disabled (set --otel-url and/or --mlflow-tracking-uri to enable)
2026-09-21 19:51:54.689 - RecordExportJSONLWriter_d5e8fe69 - INFO - Record metrics export enabled: /results/dyn-1w/rag/c32/profile_export.jsonl
2026-09-21 19:51:54.725 - system_controller - INFO - Registered Worker Manager (id: 'worker_manager')
2026-09-21 19:51:54.926 - system_controller - INFO - Registered Gpu Telemetry Manager (id: 'gpu_telemetry_manager')
2026-09-21 19:51:54.927 - system_controller - INFO - Registered Dataset Manager (id: 'dataset_manager')
2026-09-21 19:51:54.927 - system_controller - INFO - Registered Server Metrics Manager (id: 'server_metrics_manager')
2026-09-21 19:51:54.927 - system_controller - INFO - Registered Records Manager (id: 'records_manager')
2026-09-21 19:51:54.927 - system_controller - INFO - Registered Timing Manager (id: 'timing_manager')
2026-09-21 19:51:54.934 - system_controller - INFO - Registered Record Processor (id: 'record_processor_84d56010')
2026-09-21 19:51:55.002 - system_controller - INFO - Registered Record Processor (id: 'record_processor_2878b870')
2026-09-21 19:51:55.021 - system_controller - INFO - Registered Record Processor (id: 'record_processor_955d46c4')
2026-09-21 19:51:55.026 - system_controller - INFO - Registered Record Processor (id: 'record_processor_37c21df3')
2026-09-21 19:51:55.033 - system_controller - INFO - Registered Record Processor (id: 'record_processor_4c024f26')
2026-09-21 19:51:55.041 - system_controller - INFO - Registered Record Processor (id: 'record_processor_9a5f8448')
2026-09-21 19:51:55.047 - system_controller - INFO - Registered Record Processor (id: 'record_processor_33fc3933')
2026-09-21 19:51:55.051 - system_controller - INFO - Registered Record Processor (id: 'record_processor_61b43c87')
2026-09-21 19:51:55.096 - system_controller - INFO - Registered Worker (id: 'worker_c77631c3')
2026-09-21 19:51:55.111 - system_controller - INFO - Registered Worker (id: 'worker_dc452369')
2026-09-21 19:51:55.114 - system_controller - INFO - Registered Worker (id: 'worker_b9d0c7e1')
2026-09-21 19:51:55.115 - system_controller - INFO - AIPerf System is CONFIGURING
2026-09-21 19:51:55.115 - system_controller - INFO - Configuring all services to start profiling
2026-09-21 19:51:55.118 - InferenceResultParser_a1326b87 - INFO - Configuring tokenizers for inference result parser (resolve_alias: True)
2026-09-21 19:51:55.117 - timing_manager - INFO - Waiting for dataset to be configured before configuring timing
2026-09-21 19:51:55.118 - InferenceResultParser_0390328b - INFO - Configuring tokenizers for inference result parser (resolve_alias: True)
2026-09-21 19:51:55.118 - InferenceResultParser_cb274987 - INFO - Configuring tokenizers for inference result parser (resolve_alias: True)
2026-09-21 19:51:55.118 - InferenceResultParser_5016db8d - INFO - Configuring tokenizers for inference result parser (resolve_alias: True)
2026-09-21 19:51:55.118 - InferenceResultParser_918f84ab - INFO - Configuring tokenizers for inference result parser (resolve_alias: True)
2026-09-21 19:51:55.118 - InferenceResultParser_01c14c92 - INFO - Configuring tokenizers for inference result parser (resolve_alias: True)
2026-09-21 19:51:55.118 - InferenceResultParser_006e03ae - INFO - Configuring tokenizers for inference result parser (resolve_alias: True)
2026-09-21 19:51:55.118 - InferenceResultParser_6c71c1f9 - INFO - Configuring tokenizers for inference result parser (resolve_alias: True)
2026-09-21 19:51:55.119 - dataset_manager - INFO - Configuring tokenizer(s) for dataset manager
2026-09-21 19:51:55.120 - system_controller - INFO - Registered Worker (id: 'worker_cf0f31c0')
2026-09-21 19:51:55.123 - system_controller - INFO - Registered Worker (id: 'worker_2653d701')
2026-09-21 19:51:55.124 - system_controller - INFO - Registered Worker (id: 'worker_e93ce639')
2026-09-21 19:51:55.127 - system_controller - INFO - Registered Worker (id: 'worker_1b5928d6')
2026-09-21 19:51:55.129 - system_controller - INFO - Registered Worker (id: 'worker_6a8e5ebd')
2026-09-21 19:51:55.131 - system_controller - INFO - Registered Worker (id: 'worker_7d33640b')
2026-09-21 19:51:55.131 - server_metrics_manager - INFO - Server Metrics: Capturing baseline metrics...
2026-09-21 19:51:55.145 - system_controller - INFO - Registered Worker (id: 'worker_ecf7bea7')
2026-09-21 19:51:55.146 - system_controller - INFO - Registered Worker (id: 'worker_92f597da')
2026-09-21 19:51:55.147 - system_controller - INFO - Registered Worker (id: 'worker_ad1a1bed')
2026-09-21 19:51:55.147 - system_controller - INFO - Registered Worker (id: 'worker_856b244f')
2026-09-21 19:51:55.151 - system_controller - INFO - Registered Worker (id: 'worker_d29532ef')
2026-09-21 19:51:55.153 - system_controller - INFO - Registered Worker (id: 'worker_9514502d')
2026-09-21 19:51:55.153 - system_controller - INFO - Registered Worker (id: 'worker_3bf2a198')
2026-09-21 19:51:55.158 - system_controller - INFO - Registered Worker (id: 'worker_c7239dc1')
2026-09-21 19:51:55.159 - system_controller - INFO - Registered Worker (id: 'worker_c58fbc02')
2026-09-21 19:51:55.164 - gpu_telemetry_manager - WARNING - GPU Telemetry: http://localhost:9400/metrics is not reachable
2026-09-21 19:51:55.166 - gpu_telemetry_manager - WARNING - GPU Telemetry: http://localhost:9401/metrics is not reachable
2026-09-21 19:51:55.169 - system_controller - INFO - DCGM telemetry skipped: no telemetry sources reachable
2026-09-21 19:51:55.169 - system_controller - INFO - Waiting for result domains: profile, server_metrics
2026-09-21 19:51:55.170 - system_controller - INFO - Registered Worker (id: 'worker_f1e7d861')
2026-09-21 19:51:55.172 - system_controller - INFO - Registered Worker (id: 'worker_db4aa6ad')
2026-09-21 19:51:55.172 - system_controller - INFO - Registered Worker (id: 'worker_9e8ffc6c')
2026-09-21 19:51:55.173 - system_controller - INFO - Registered Worker (id: 'worker_3d17a025')
2026-09-21 19:51:55.183 - system_controller - INFO - Registered Worker (id: 'worker_c41fb548')
2026-09-21 19:51:55.189 - system_controller - INFO - Registered Worker (id: 'worker_c89e7516')
2026-09-21 19:51:55.189 - system_controller - INFO - Registered Worker (id: 'worker_057aab50')
2026-09-21 19:51:55.192 - system_controller - INFO - Registered Worker (id: 'worker_bc3bf3f7')
2026-09-21 19:51:55.198 - system_controller - INFO - Registered Worker (id: 'worker_a6f8eb68')
2026-09-21 19:51:55.200 - system_controller - INFO - Registered Worker (id: 'worker_714cdaa0')
2026-09-21 19:51:55.201 - system_controller - INFO - Registered Worker (id: 'worker_c79870d6')
2026-09-21 19:51:55.201 - system_controller - INFO - Registered Worker (id: 'worker_2c44e89e')
2026-09-21 19:51:55.209 - system_controller - INFO - Registered Worker (id: 'worker_7b0af499')
2026-09-21 19:51:55.218 - system_controller - INFO - Registered Worker (id: 'worker_3316a19a')
2026-09-21 19:51:55.240 - system_controller - INFO - Server metrics enabled - 1/1 endpoint(s) reachable.
2026-09-21 19:51:56.972 - httpx - INFO - HTTP Request: HEAD https://huggingface.co/swiss-ai/Apertus-v1.5-8B/resolve/main/config.json "HTTP/1.1 200 OK"
2026-09-21 19:51:56.978 - httpx - INFO - HTTP Request: HEAD https://huggingface.co/swiss-ai/Apertus-v1.5-8B/resolve/main/config.json "HTTP/1.1 200 OK"
2026-09-21 19:51:56.979 - httpx - INFO - HTTP Request: HEAD https://huggingface.co/swiss-ai/Apertus-v1.5-8B/resolve/main/config.json "HTTP/1.1 200 OK"
2026-09-21 19:51:56.980 - httpx - INFO - HTTP Request: HEAD https://huggingface.co/swiss-ai/Apertus-v1.5-8B/resolve/main/config.json "HTTP/1.1 200 OK"
2026-09-21 19:51:56.984 - httpx - INFO - HTTP Request: HEAD https://huggingface.co/swiss-ai/Apertus-v1.5-8B/resolve/main/config.json "HTTP/1.1 200 OK"
2026-09-21 19:51:56.985 - httpx - INFO - HTTP Request: HEAD https://huggingface.co/swiss-ai/Apertus-v1.5-8B/resolve/main/config.json "HTTP/1.1 200 OK"
2026-09-21 19:51:56.985 - httpx - INFO - HTTP Request: HEAD https://huggingface.co/swiss-ai/Apertus-v1.5-8B/resolve/main/config.json "HTTP/1.1 200 OK"
2026-09-21 19:51:56.988 - httpx - INFO - HTTP Request: HEAD https://huggingface.co/swiss-ai/Apertus-v1.5-8B/resolve/main/config.json "HTTP/1.1 200 OK"
2026-09-21 19:51:56.994 - httpx - INFO - HTTP Request: HEAD https://huggingface.co/swiss-ai/Apertus-v1.5-8B/resolve/main/config.json "HTTP/1.1 200 OK"
2026-09-21 19:51:57.113 - httpx - INFO - HTTP Request: HEAD https://huggingface.co/swiss-ai/Apertus-v1.5-8B/resolve/main/config.json "HTTP/1.1 200 OK"
2026-09-21 19:51:57.114 - httpx - INFO - HTTP Request: HEAD https://huggingface.co/swiss-ai/Apertus-v1.5-8B/resolve/main/config.json "HTTP/1.1 200 OK"
2026-09-21 19:51:57.115 - httpx - INFO - HTTP Request: HEAD https://huggingface.co/swiss-ai/Apertus-v1.5-8B/resolve/main/config.json "HTTP/1.1 200 OK"
2026-09-21 19:51:57.119 - httpx - INFO - HTTP Request: HEAD https://huggingface.co/swiss-ai/Apertus-v1.5-8B/resolve/main/config.json "HTTP/1.1 200 OK"
2026-09-21 19:51:57.123 - httpx - INFO - HTTP Request: HEAD https://huggingface.co/swiss-ai/Apertus-v1.5-8B/resolve/main/config.json "HTTP/1.1 200 OK"
2026-09-21 19:51:57.124 - httpx - INFO - HTTP Request: HEAD https://huggingface.co/swiss-ai/Apertus-v1.5-8B/resolve/main/config.json "HTTP/1.1 200 OK"
2026-09-21 19:51:57.125 - httpx - INFO - HTTP Request: HEAD https://huggingface.co/swiss-ai/Apertus-v1.5-8B/resolve/main/config.json "HTTP/1.1 200 OK"
2026-09-21 19:51:57.128 - httpx - INFO - HTTP Request: HEAD https://huggingface.co/swiss-ai/Apertus-v1.5-8B/resolve/main/config.json "HTTP/1.1 200 OK"
2026-09-21 19:51:57.128 - httpx - INFO - HTTP Request: HEAD https://huggingface.co/swiss-ai/Apertus-v1.5-8B/resolve/main/config.json "HTTP/1.1 200 OK"
2026-09-21 19:51:57.290 - httpx - INFO - HTTP Request: HEAD https://huggingface.co/swiss-ai/Apertus-v1.5-8B/resolve/main/tokenizer_config.json "HTTP/1.1 200 OK"
2026-09-21 19:51:57.293 - httpx - INFO - HTTP Request: HEAD https://huggingface.co/swiss-ai/Apertus-v1.5-8B/resolve/main/tokenizer_config.json "HTTP/1.1 200 OK"
2026-09-21 19:51:57.293 - httpx - INFO - HTTP Request: HEAD https://huggingface.co/swiss-ai/Apertus-v1.5-8B/resolve/main/tokenizer_config.json "HTTP/1.1 200 OK"
2026-09-21 19:51:57.294 - httpx - INFO - HTTP Request: HEAD https://huggingface.co/swiss-ai/Apertus-v1.5-8B/resolve/main/tokenizer_config.json "HTTP/1.1 200 OK"
2026-09-21 19:51:57.298 - httpx - INFO - HTTP Request: HEAD https://huggingface.co/swiss-ai/Apertus-v1.5-8B/resolve/main/tokenizer_config.json "HTTP/1.1 200 OK"
2026-09-21 19:51:57.300 - httpx - INFO - HTTP Request: HEAD https://huggingface.co/swiss-ai/Apertus-v1.5-8B/resolve/main/tokenizer_config.json "HTTP/1.1 200 OK"
2026-09-21 19:51:57.303 - httpx - INFO - HTTP Request: HEAD https://huggingface.co/swiss-ai/Apertus-v1.5-8B/resolve/main/tokenizer_config.json "HTTP/1.1 200 OK"
2026-09-21 19:51:57.319 - httpx - INFO - HTTP Request: HEAD https://huggingface.co/swiss-ai/Apertus-v1.5-8B/resolve/main/tokenizer_config.json "HTTP/1.1 200 OK"
2026-09-21 19:51:57.338 - httpx - INFO - HTTP Request: HEAD https://huggingface.co/swiss-ai/Apertus-v1.5-8B/resolve/main/tokenizer_config.json "HTTP/1.1 200 OK"
2026-09-21 19:51:57.483 - httpx - INFO - HTTP Request: GET https://huggingface.co/api/models/swiss-ai/Apertus-v1.5-8B/tree/main/additional_chat_templates?recursive=false&expand=false "HTTP/1.1 404 Not Found"
2026-09-21 19:51:57.483 - httpx - INFO - HTTP Request: GET https://huggingface.co/api/models/swiss-ai/Apertus-v1.5-8B/tree/main/additional_chat_templates?recursive=false&expand=false "HTTP/1.1 404 Not Found"
2026-09-21 19:51:57.487 - httpx - INFO - HTTP Request: GET https://huggingface.co/api/models/swiss-ai/Apertus-v1.5-8B/tree/main/additional_chat_templates?recursive=false&expand=false "HTTP/1.1 404 Not Found"
2026-09-21 19:51:57.490 - httpx - INFO - HTTP Request: GET https://huggingface.co/api/models/swiss-ai/Apertus-v1.5-8B/tree/main/additional_chat_templates?recursive=false&expand=false "HTTP/1.1 404 Not Found"
2026-09-21 19:51:57.492 - httpx - INFO - HTTP Request: GET https://huggingface.co/api/models/swiss-ai/Apertus-v1.5-8B/tree/main/additional_chat_templates?recursive=false&expand=false "HTTP/1.1 404 Not Found"
2026-09-21 19:51:57.493 - httpx - INFO - HTTP Request: GET https://huggingface.co/api/models/swiss-ai/Apertus-v1.5-8B/tree/main/additional_chat_templates?recursive=false&expand=false "HTTP/1.1 404 Not Found"
2026-09-21 19:51:57.503 - httpx - INFO - HTTP Request: GET https://huggingface.co/api/models/swiss-ai/Apertus-v1.5-8B/tree/main/additional_chat_templates?recursive=false&expand=false "HTTP/1.1 404 Not Found"
2026-09-21 19:51:57.513 - httpx - INFO - HTTP Request: GET https://huggingface.co/api/models/swiss-ai/Apertus-v1.5-8B/tree/main/additional_chat_templates?recursive=false&expand=false "HTTP/1.1 404 Not Found"
2026-09-21 19:51:57.537 - httpx - INFO - HTTP Request: GET https://huggingface.co/api/models/swiss-ai/Apertus-v1.5-8B/tree/main/additional_chat_templates?recursive=false&expand=false "HTTP/1.1 404 Not Found"
2026-09-21 19:51:57.661 - httpx - INFO - HTTP Request: GET https://huggingface.co/api/models/swiss-ai/Apertus-v1.5-8B/tree/main?recursive=true&expand=false "HTTP/1.1 200 OK"
2026-09-21 19:51:57.670 - httpx - INFO - HTTP Request: GET https://huggingface.co/api/models/swiss-ai/Apertus-v1.5-8B/tree/main?recursive=true&expand=false "HTTP/1.1 200 OK"
2026-09-21 19:51:57.674 - httpx - INFO - HTTP Request: GET https://huggingface.co/api/models/swiss-ai/Apertus-v1.5-8B/tree/main?recursive=true&expand=false "HTTP/1.1 200 OK"
2026-09-21 19:51:57.676 - httpx - INFO - HTTP Request: GET https://huggingface.co/api/models/swiss-ai/Apertus-v1.5-8B/tree/main?recursive=true&expand=false "HTTP/1.1 200 OK"
2026-09-21 19:51:57.676 - httpx - INFO - HTTP Request: GET https://huggingface.co/api/models/swiss-ai/Apertus-v1.5-8B/tree/main?recursive=true&expand=false "HTTP/1.1 200 OK"
2026-09-21 19:51:57.677 - httpx - INFO - HTTP Request: GET https://huggingface.co/api/models/swiss-ai/Apertus-v1.5-8B/tree/main?recursive=true&expand=false "HTTP/1.1 200 OK"
2026-09-21 19:51:57.681 - httpx - INFO - HTTP Request: GET https://huggingface.co/api/models/swiss-ai/Apertus-v1.5-8B/tree/main?recursive=true&expand=false "HTTP/1.1 200 OK"
2026-09-21 19:51:57.688 - httpx - INFO - HTTP Request: GET https://huggingface.co/api/models/swiss-ai/Apertus-v1.5-8B/tree/main?recursive=true&expand=false "HTTP/1.1 200 OK"
2026-09-21 19:51:57.698 - httpx - INFO - HTTP Request: GET https://huggingface.co/api/models/swiss-ai/Apertus-v1.5-8B/tree/main?recursive=true&expand=false "HTTP/1.1 200 OK"
2026-09-21 19:52:04.445 - httpx - INFO - HTTP Request: GET https://huggingface.co/api/models/swiss-ai/Apertus-v1.5-8B "HTTP/1.1 200 OK"
2026-09-21 19:52:04.507 - httpx - INFO - HTTP Request: GET https://huggingface.co/api/models/swiss-ai/Apertus-v1.5-8B "HTTP/1.1 200 OK"
2026-09-21 19:52:04.524 - httpx - INFO - HTTP Request: GET https://huggingface.co/api/models/swiss-ai/Apertus-v1.5-8B "HTTP/1.1 200 OK"
2026-09-21 19:52:04.541 - httpx - INFO - HTTP Request: GET https://huggingface.co/api/models/swiss-ai/Apertus-v1.5-8B "HTTP/1.1 200 OK"
2026-09-21 19:52:04.562 - httpx - INFO - HTTP Request: GET https://huggingface.co/api/models/swiss-ai/Apertus-v1.5-8B "HTTP/1.1 200 OK"
2026-09-21 19:52:04.570 - httpx - INFO - HTTP Request: GET https://huggingface.co/api/models/swiss-ai/Apertus-v1.5-8B "HTTP/1.1 200 OK"
2026-09-21 19:52:04.583 - httpx - INFO - HTTP Request: GET https://huggingface.co/api/models/swiss-ai/Apertus-v1.5-8B "HTTP/1.1 200 OK"
2026-09-21 19:52:04.601 - httpx - INFO - HTTP Request: GET https://huggingface.co/api/models/swiss-ai/Apertus-v1.5-8B "HTTP/1.1 200 OK"
2026-09-21 19:52:04.633 - InferenceResultParser_918f84ab - INFO - Initialized tokenizers: {'swiss-ai/Apertus-v1.5-8B': {'class': 'TokenizersBackend', 'name_or_path': 'swiss-ai/Apertus-v1.5-8B'}} in 9.52 seconds
2026-09-21 19:52:04.655 - InferenceResultParser_0390328b - INFO - Initialized tokenizers: {'swiss-ai/Apertus-v1.5-8B': {'class': 'TokenizersBackend', 'name_or_path': 'swiss-ai/Apertus-v1.5-8B'}} in 9.54 seconds
2026-09-21 19:52:04.672 - InferenceResultParser_a1326b87 - INFO - Initialized tokenizers: {'swiss-ai/Apertus-v1.5-8B': {'class': 'TokenizersBackend', 'name_or_path': 'swiss-ai/Apertus-v1.5-8B'}} in 9.55 seconds
2026-09-21 19:52:04.679 - InferenceResultParser_6c71c1f9 - INFO - Initialized tokenizers: {'swiss-ai/Apertus-v1.5-8B': {'class': 'TokenizersBackend', 'name_or_path': 'swiss-ai/Apertus-v1.5-8B'}} in 9.56 seconds
2026-09-21 19:52:04.695 - InferenceResultParser_006e03ae - INFO - Initialized tokenizers: {'swiss-ai/Apertus-v1.5-8B': {'class': 'TokenizersBackend', 'name_or_path': 'swiss-ai/Apertus-v1.5-8B'}} in 9.58 seconds
2026-09-21 19:52:04.700 - dataset_manager - INFO - Tokenizer(s) configured in 9.58 seconds
2026-09-21 19:52:04.701 - dataset_manager - INFO - Configuring dataset for dataset_manager
2026-09-21 19:52:04.714 - InferenceResultParser_cb274987 - INFO - Initialized tokenizers: {'swiss-ai/Apertus-v1.5-8B': {'class': 'TokenizersBackend', 'name_or_path': 'swiss-ai/Apertus-v1.5-8B'}} in 9.60 seconds
2026-09-21 19:52:04.730 - InferenceResultParser_01c14c92 - INFO - Initialized tokenizers: {'swiss-ai/Apertus-v1.5-8B': {'class': 'TokenizersBackend', 'name_or_path': 'swiss-ai/Apertus-v1.5-8B'}} in 9.61 seconds
2026-09-21 19:52:04.819 - httpx - INFO - HTTP Request: GET https://huggingface.co/api/models/swiss-ai/Apertus-v1.5-8B "HTTP/1.1 200 OK"
2026-09-21 19:52:04.954 - InferenceResultParser_5016db8d - INFO - Initialized tokenizers: {'swiss-ai/Apertus-v1.5-8B': {'class': 'TokenizersBackend', 'name_or_path': 'swiss-ai/Apertus-v1.5-8B'}} in 9.84 seconds
2026-09-21 19:52:05.685 - MemoryMapDatasetBackingStore_b74a28f5 - INFO - Memory-mapped backing store initialized (streaming to /tmp/aiperf_mmap_3d6b96ef4a35/dataset.dat)
2026-09-21 19:52:05.776 - MemoryMapDatasetBackingStore_b74a28f5 - INFO - Data file finalized: 256 conversations, 7.62 MB
2026-09-21 19:52:05.778 - MemoryMapDatasetBackingStore_b74a28f5 - INFO - Index file created: /tmp/aiperf_mmap_3d6b96ef4a35/index.dat
2026-09-21 19:52:05.778 - dataset_manager - INFO - Backing store finalized: client_type=DatasetClientStoreType.MEMORY_MAP format=MemoryMapFormat.CONVERSATION data_file_path=PosixPath('/tmp/aiperf_mmap_3d6b96ef4a35/dataset.dat') index_file_path=PosixPath('/tmp/aiperf_mmap_3d6b96ef4a35/index.dat') conversation_count=256 total_size_bytes=7993699 compressed=False compressed_data_file_path=None compressed_index_file_path=None compressed_size_bytes=0
2026-09-21 19:52:05.783 - dataset_manager - INFO - sampling strategy: sequential, unique conversations: 256, unique turn count: 256
2026-09-21 19:52:05.788 - dataset_manager - INFO - Generating inputs.json file at /results/dyn-1w/rag/c32/inputs.json
2026-09-21 19:52:05.814 - dataset_manager - INFO - inputs.json file generated in 0.03 seconds
2026-09-21 19:52:05.884 - system_controller - WARNING - Received command response for service we were not expecting: worker_c7239dc1. Ignoring.
2026-09-21 19:52:05.884 - system_controller - WARNING - Received command response for service we were not expecting: worker_7d33640b. Ignoring.
2026-09-21 19:52:05.887 - PhaseOrchestrator_d54d6190 - INFO - Initialized 2 phase(s): ['Warmup', 'Profiling']
2026-09-21 19:52:05.888 - system_controller - WARNING - Received command response for service we were not expecting: worker_2653d701. Ignoring.
2026-09-21 19:52:05.888 - system_controller - WARNING - Received command response for service we were not expecting: worker_e93ce639. Ignoring.
2026-09-21 19:52:05.889 - system_controller - WARNING - Received command response for service we were not expecting: worker_cf0f31c0. Ignoring.
2026-09-21 19:52:05.889 - system_controller - WARNING - Received command response for service we were not expecting: worker_c58fbc02. Ignoring.
2026-09-21 19:52:05.890 - system_controller - WARNING - Received command response for service we were not expecting: worker_c41fb548. Ignoring.
2026-09-21 19:52:05.890 - system_controller - WARNING - Received command response for service we were not expecting: worker_f1e7d861. Ignoring.
2026-09-21 19:52:05.890 - system_controller - WARNING - Received command response for service we were not expecting: worker_9514502d. Ignoring.
2026-09-21 19:52:05.891 - system_controller - WARNING - Received command response for service we were not expecting: worker_bc3bf3f7. Ignoring.
2026-09-21 19:52:05.892 - system_controller - WARNING - Received command response for service we were not expecting: worker_d29532ef. Ignoring.
2026-09-21 19:52:05.892 - system_controller - WARNING - Received command response for service we were not expecting: worker_714cdaa0. Ignoring.
2026-09-21 19:52:05.893 - system_controller - WARNING - Received command response for service we were not expecting: worker_2c44e89e. Ignoring.
2026-09-21 19:52:05.893 - system_controller - WARNING - Received command response for service we were not expecting: worker_057aab50. Ignoring.
2026-09-21 19:52:05.894 - system_controller - WARNING - Received command response for service we were not expecting: worker_c89e7516. Ignoring.
2026-09-21 19:52:05.894 - system_controller - WARNING - Received command response for service we were not expecting: worker_c79870d6. Ignoring.
2026-09-21 19:52:05.895 - system_controller - WARNING - Received command response for service we were not expecting: worker_1b5928d6. Ignoring.
2026-09-21 19:52:05.896 - system_controller - WARNING - Received command response for service we were not expecting: worker_856b244f. Ignoring.
2026-09-21 19:52:05.896 - system_controller - WARNING - Received command response for service we were not expecting: worker_ecf7bea7. Ignoring.
2026-09-21 19:52:05.896 - system_controller - WARNING - Received command response for service we were not expecting: worker_db4aa6ad. Ignoring.
2026-09-21 19:52:05.896 - system_controller - WARNING - Received command response for service we were not expecting: worker_6a8e5ebd. Ignoring.
2026-09-21 19:52:05.896 - system_controller - WARNING - Received command response for service we were not expecting: worker_9e8ffc6c. Ignoring.
2026-09-21 19:52:05.897 - system_controller - WARNING - Received command response for service we were not expecting: worker_ad1a1bed. Ignoring.
2026-09-21 19:52:05.897 - system_controller - WARNING - Received command response for service we were not expecting: worker_3316a19a. Ignoring.
2026-09-21 19:52:05.898 - system_controller - WARNING - Received command response for service we were not expecting: worker_7b0af499. Ignoring.
2026-09-21 19:52:05.898 - system_controller - WARNING - Received command response for service we were not expecting: worker_a6f8eb68. Ignoring.
2026-09-21 19:52:05.905 - system_controller - WARNING - Received command response for service we were not expecting: worker_92f597da. Ignoring.
2026-09-21 19:52:05.905 - system_controller - WARNING - Received command response for service we were not expecting: worker_3bf2a198. Ignoring.
2026-09-21 19:52:05.917 - system_controller - WARNING - Received command response for service we were not expecting: worker_3d17a025. Ignoring.
2026-09-21 19:52:06.038 - dataset_manager - INFO - Dataset client initialized and freed 256 conversations from memory
2026-09-21 19:52:06.039 - dataset_manager - INFO - Dataset configured in 1.34 seconds
2026-09-21 19:52:06.041 - system_controller - INFO - All services configured in 10.93 seconds
2026-09-21 19:52:06.041 - system_controller - INFO - AIPerf System is CONFIGURED
2026-09-21 19:52:06.044 - server_metrics_manager - INFO - Server Metrics: Started 1 collector(s) successfully
2026-09-21 19:52:06.049 - system_controller - INFO - All services started profiling successfully
2026-09-21 19:52:06.049 - system_controller - INFO - AIPerf System is PROFILING
2026-09-21 19:52:06.050 - RateTiming - INFO - Creating interval generator: pattern=concurrency_burst, rate=None, smoothness=None
2026-09-21 19:52:06.051 - PhaseRunner - NOTICE - Phase warmup (warmup) started | phase_index=0 | target: 32 requests
2026-09-21 19:52:06.054 - records_manager - INFO - Credit phase start: warmup
2026-09-21 19:52:06.057 - PhaseRunner - NOTICE - Phase warmup (warmup) sending complete | sent=32, completed=0, in_flight=32 | sessions: sent=32, completed=0
2026-09-21 19:52:15.322 - aiperf.metrics.types.osl_mismatch_metrics - WARNING - OSL mismatch: got 238 tokens (requested 256, diff -7.0%)
2026-09-21 19:52:15.393 - aiperf.metrics.types.osl_mismatch_metrics - WARNING - OSL mismatch: got 171 tokens (requested 256, diff -33.2%)
2026-09-21 19:52:15.431 - PhaseRunner - NOTICE - Phase warmup (warmup) complete | completed=32, cancelled=0, errors=0 | sessions: completed=32, cancelled=0 | elapsed=9.38s
2026-09-21 19:52:15.433 - server_metrics_manager - INFO - Server Metrics: Warmup complete, capturing final warmup metrics...
2026-09-21 19:52:15.433 - RateTiming - INFO - Creating interval generator: pattern=concurrency_burst, rate=None, smoothness=None
2026-09-21 19:52:15.433 - PhaseRunner - NOTICE - Phase profiling (profiling) started | phase_index=1 | profiling_index=0 | target: 256 requests
2026-09-21 19:52:15.445 - records_manager - INFO - Credit phase start: profiling
2026-09-21 19:52:34.090 - aiperf.metrics.types.osl_mismatch_metrics - WARNING - OSL mismatch: got 187 tokens (requested 256, diff -27.0%)
2026-09-21 19:52:37.039 - aiperf.metrics.types.osl_mismatch_metrics - WARNING - OSL mismatch: got 184 tokens (requested 256, diff -28.1%)
2026-09-21 19:52:55.251 - aiperf.metrics.types.osl_mismatch_metrics - WARNING - OSL mismatch: got 202 tokens (requested 256, diff -21.1%)
2026-09-21 19:53:24.380 - PhaseRunner - NOTICE - Phase profiling (profiling) sending complete | sent=256, completed=224, in_flight=32 | sessions: sent=256, completed=224
2026-09-21 19:53:24.382 - records_manager - INFO - Sent 256 requests. Waiting for all to complete...
2026-09-21 19:53:30.134 - aiperf.metrics.types.osl_mismatch_metrics - WARNING - OSL mismatch: got 64 tokens (requested 256, diff -75.0%)
2026-09-21 19:53:30.174 - aiperf.metrics.types.osl_mismatch_metrics - WARNING - OSL mismatch: got 236 tokens (requested 256, diff -7.8%)
2026-09-21 19:53:30.222 - PhaseRunner - NOTICE - Phase profiling (profiling) complete | completed=256, cancelled=0, errors=0 | sessions: completed=256, cancelled=0 | elapsed=74.79s
2026-09-21 19:53:30.223 - PhaseOrchestrator_d54d6190 - NOTICE - All credits completed
2026-09-21 19:53:30.225 - system_controller - INFO - Received credits complete from 'timing_manager'
2026-09-21 19:53:30.225 - records_manager - INFO - Received CREDIT_PHASE_COMPLETE message, Phase complete: PhaseRecordsStats(phase=CreditPhase.PROFILING, phase_index=1, profiling_index=0, phase_name='profiling', phase_kind='profiling', start_ns=1790020335433642405, sent_end_ns=1790020404380367519, requests_end_ns=1790020410221310158, baseline_start_ns=1790020335433608543, baseline_end_ns=1790020410221367372, total_expected_requests=256, expected_duration_sec=None, expected_num_sessions=None, expected_grace_period_sec=None, final_requests_sent=None, final_requests_completed=256, final_requests_cancelled=0, final_request_errors=0, final_sent_sessions=None, final_completed_sessions=None, final_cancelled_sessions=None, timeout_triggered=False, grace_period_timeout_triggered=False, was_cancelled=False, records_end_ns=None, success_records=241, error_records=0)
2026-09-21 19:53:30.226 - records_manager - NOTICE - All requests have completed, please wait for the results to be processed (currently 241 of 256 records processed)...
2026-09-21 19:53:30.226 - records_manager - INFO - All credits complete, please wait for the results to be processed...
2026-09-21 19:53:30.244 - aiperf.metrics.types.osl_mismatch_metrics - WARNING - OSL mismatch: got 171 tokens (requested 256, diff -33.2%)
2026-09-21 19:53:30.281 - records_manager - INFO - Processed 256 valid requests and 0 errors (256 total).
2026-09-21 19:53:30.281 - records_manager - INFO - Received all records, processing now...
2026-09-21 19:53:30.284 - server_metrics_manager - INFO - Server Metrics: Profiling complete, capturing final metrics...
2026-09-21 19:53:30.286 - records_manager - INFO - Waiting 1.9s for server metrics flush period...
2026-09-21 19:53:32.222 - records_manager - INFO - Processing records results...
2026-09-21 19:53:34.544 - system_controller - INFO - Waiting for result domains: server_metrics
2026-09-21 19:53:35.638 - records_manager - INFO - _finalize_and_process_results completed
2026-09-21 19:53:35.706 - system_controller - INFO - All results received, initiating shutdown
2026-09-21 19:53:36.313 - ExporterManager - INFO - Exporting all records
2026-09-21 19:53:36.479 - ExporterManager - INFO - Exporting console data
