2026-09-21 20:32:57.984 - aiperf.cli_runner._single_run - INFO - Starting AIPerf System
2026-09-21 20:32:58.011 - aiperf.config.resolution.resolvers - INFO - [OK] Tokenizer swiss-ai/Apertus-v1.5-8B detected
2026-09-21 20:32:58.011 - aiperf.config.resolution.resolvers - INFO - 1 tokenizer validated | 0.0s
2026-09-21 20:32:58.012 - aiperf.config.resolution.resolvers - INFO - HF cache hit (skipping prefetch): ['swiss-ai/Apertus-v1.5-8B']
2026-09-21 20:32:58.523 - server_metrics_manager - INFO - Server Metrics: Discovered 1 endpoints: ['http://localhost:8090/metrics']
2026-09-21 20:32:58.540 - GPUTelemetryJSONLWriter_e17e4931 - INFO - GPU telemetry export enabled: /results/dyn-2w-kv/rag/c16/gpu_telemetry_export.jsonl
2026-09-21 20:32:58.549 - OTelMetricsResultsProcessor_85846d57 - INFO - Telemetry streaming is disabled (set --otel-url and/or --mlflow-tracking-uri to enable)
2026-09-21 20:32:58.550 - RecordExportJSONLWriter_cf70e49c - INFO - Record metrics export enabled: /results/dyn-2w-kv/rag/c16/profile_export.jsonl
2026-09-21 20:32:58.590 - system_controller - INFO - Registered Worker Manager (id: 'worker_manager')
2026-09-21 20:32:58.693 - system_controller - INFO - Registered Gpu Telemetry Manager (id: 'gpu_telemetry_manager')
2026-09-21 20:32:58.694 - system_controller - INFO - Registered Server Metrics Manager (id: 'server_metrics_manager')
2026-09-21 20:32:58.694 - system_controller - INFO - Registered Dataset Manager (id: 'dataset_manager')
2026-09-21 20:32:58.695 - system_controller - INFO - Registered Records Manager (id: 'records_manager')
2026-09-21 20:32:58.785 - system_controller - INFO - Registered Timing Manager (id: 'timing_manager')
2026-09-21 20:32:58.811 - system_controller - INFO - Registered Record Processor (id: 'record_processor_53e9d2ab')
2026-09-21 20:32:58.813 - system_controller - INFO - Registered Record Processor (id: 'record_processor_c4c4be1a')
2026-09-21 20:32:58.817 - system_controller - INFO - Registered Record Processor (id: 'record_processor_19d2bab4')
2026-09-21 20:32:58.823 - system_controller - INFO - Registered Record Processor (id: 'record_processor_25728b4c')
2026-09-21 20:32:58.961 - system_controller - INFO - Registered Worker (id: 'worker_4feda91c')
2026-09-21 20:32:58.967 - system_controller - INFO - Registered Worker (id: 'worker_08a971ca')
2026-09-21 20:32:58.977 - system_controller - INFO - AIPerf System is CONFIGURING
2026-09-21 20:32:58.977 - system_controller - INFO - Configuring all services to start profiling
2026-09-21 20:32:58.979 - system_controller - INFO - Registered Worker (id: 'worker_9831749c')
2026-09-21 20:32:58.979 - timing_manager - INFO - Waiting for dataset to be configured before configuring timing
2026-09-21 20:32:58.980 - InferenceResultParser_57e7b7a9 - INFO - Configuring tokenizers for inference result parser (resolve_alias: True)
2026-09-21 20:32:58.980 - InferenceResultParser_871aa733 - INFO - Configuring tokenizers for inference result parser (resolve_alias: True)
2026-09-21 20:32:58.980 - InferenceResultParser_6cdfa669 - INFO - Configuring tokenizers for inference result parser (resolve_alias: True)
2026-09-21 20:32:58.980 - InferenceResultParser_8ac7a040 - INFO - Configuring tokenizers for inference result parser (resolve_alias: True)
2026-09-21 20:32:58.981 - dataset_manager - INFO - Configuring tokenizer(s) for dataset manager
2026-09-21 20:32:58.984 - system_controller - INFO - Registered Worker (id: 'worker_9169145e')
2026-09-21 20:32:58.989 - system_controller - INFO - Registered Worker (id: 'worker_da47a077')
2026-09-21 20:32:58.990 - system_controller - INFO - Registered Worker (id: 'worker_41309c08')
2026-09-21 20:32:58.990 - system_controller - INFO - Registered Worker (id: 'worker_941387d9')
2026-09-21 20:32:58.990 - server_metrics_manager - INFO - Server Metrics: Capturing baseline metrics...
2026-09-21 20:32:58.996 - system_controller - INFO - Registered Worker (id: 'worker_144e16f3')
2026-09-21 20:32:58.998 - system_controller - INFO - Registered Worker (id: 'worker_4bdba738')
2026-09-21 20:32:58.999 - system_controller - INFO - Registered Worker (id: 'worker_bd50b08e')
2026-09-21 20:32:59.003 - system_controller - INFO - Registered Worker (id: 'worker_7c0fdfd2')
2026-09-21 20:32:59.004 - system_controller - INFO - Registered Worker (id: 'worker_109c8a6e')
2026-09-21 20:32:59.005 - system_controller - INFO - Registered Worker (id: 'worker_b31c9caf')
2026-09-21 20:32:59.006 - system_controller - INFO - Registered Worker (id: 'worker_34f29aee')
2026-09-21 20:32:59.008 - system_controller - INFO - Registered Worker (id: 'worker_c0984f2f')
2026-09-21 20:32:59.026 - gpu_telemetry_manager - WARNING - GPU Telemetry: http://localhost:9400/metrics is not reachable
2026-09-21 20:32:59.026 - system_controller - INFO - Registered Worker (id: 'worker_09124ab2')
2026-09-21 20:32:59.027 - system_controller - INFO - Server metrics enabled - 1/1 endpoint(s) reachable.
2026-09-21 20:32:59.027 - system_controller - INFO - Waiting for result domains: profile, server_metrics, telemetry
2026-09-21 20:32:59.028 - gpu_telemetry_manager - WARNING - GPU Telemetry: http://localhost:9401/metrics is not reachable
2026-09-21 20:32:59.031 - system_controller - INFO - DCGM telemetry skipped: no telemetry sources reachable
2026-09-21 20:32:59.031 - system_controller - INFO - Waiting for result domains: profile, server_metrics
2026-09-21 20:33:00.642 - httpx - INFO - HTTP Request: HEAD https://huggingface.co/swiss-ai/Apertus-v1.5-8B/resolve/main/config.json "HTTP/1.1 200 OK"
2026-09-21 20:33:00.654 - httpx - INFO - HTTP Request: HEAD https://huggingface.co/swiss-ai/Apertus-v1.5-8B/resolve/main/config.json "HTTP/1.1 200 OK"
2026-09-21 20:33:00.655 - httpx - INFO - HTTP Request: HEAD https://huggingface.co/swiss-ai/Apertus-v1.5-8B/resolve/main/config.json "HTTP/1.1 200 OK"
2026-09-21 20:33:00.658 - httpx - INFO - HTTP Request: HEAD https://huggingface.co/swiss-ai/Apertus-v1.5-8B/resolve/main/config.json "HTTP/1.1 200 OK"
2026-09-21 20:33:00.671 - httpx - INFO - HTTP Request: HEAD https://huggingface.co/swiss-ai/Apertus-v1.5-8B/resolve/main/config.json "HTTP/1.1 200 OK"
2026-09-21 20:33:00.728 - httpx - INFO - HTTP Request: HEAD https://huggingface.co/swiss-ai/Apertus-v1.5-8B/resolve/main/config.json "HTTP/1.1 200 OK"
2026-09-21 20:33:00.746 - httpx - INFO - HTTP Request: HEAD https://huggingface.co/swiss-ai/Apertus-v1.5-8B/resolve/main/config.json "HTTP/1.1 200 OK"
2026-09-21 20:33:00.747 - httpx - INFO - HTTP Request: HEAD https://huggingface.co/swiss-ai/Apertus-v1.5-8B/resolve/main/config.json "HTTP/1.1 200 OK"
2026-09-21 20:33:00.760 - httpx - INFO - HTTP Request: HEAD https://huggingface.co/swiss-ai/Apertus-v1.5-8B/resolve/main/config.json "HTTP/1.1 200 OK"
2026-09-21 20:33:00.760 - httpx - INFO - HTTP Request: HEAD https://huggingface.co/swiss-ai/Apertus-v1.5-8B/resolve/main/config.json "HTTP/1.1 200 OK"
2026-09-21 20:33:00.821 - httpx - INFO - HTTP Request: HEAD https://huggingface.co/swiss-ai/Apertus-v1.5-8B/resolve/main/tokenizer_config.json "HTTP/1.1 200 OK"
2026-09-21 20:33:00.835 - httpx - INFO - HTTP Request: HEAD https://huggingface.co/swiss-ai/Apertus-v1.5-8B/resolve/main/tokenizer_config.json "HTTP/1.1 200 OK"
2026-09-21 20:33:00.836 - httpx - INFO - HTTP Request: HEAD https://huggingface.co/swiss-ai/Apertus-v1.5-8B/resolve/main/tokenizer_config.json "HTTP/1.1 200 OK"
2026-09-21 20:33:00.849 - httpx - INFO - HTTP Request: HEAD https://huggingface.co/swiss-ai/Apertus-v1.5-8B/resolve/main/tokenizer_config.json "HTTP/1.1 200 OK"
2026-09-21 20:33:00.852 - httpx - INFO - HTTP Request: HEAD https://huggingface.co/swiss-ai/Apertus-v1.5-8B/resolve/main/tokenizer_config.json "HTTP/1.1 200 OK"
2026-09-21 20:33:00.911 - httpx - INFO - HTTP Request: GET https://huggingface.co/api/models/swiss-ai/Apertus-v1.5-8B/tree/main/additional_chat_templates?recursive=false&expand=false "HTTP/1.1 404 Not Found"
2026-09-21 20:33:00.926 - httpx - INFO - HTTP Request: GET https://huggingface.co/api/models/swiss-ai/Apertus-v1.5-8B/tree/main/additional_chat_templates?recursive=false&expand=false "HTTP/1.1 404 Not Found"
2026-09-21 20:33:00.926 - httpx - INFO - HTTP Request: GET https://huggingface.co/api/models/swiss-ai/Apertus-v1.5-8B/tree/main/additional_chat_templates?recursive=false&expand=false "HTTP/1.1 404 Not Found"
2026-09-21 20:33:00.943 - httpx - INFO - HTTP Request: GET https://huggingface.co/api/models/swiss-ai/Apertus-v1.5-8B/tree/main/additional_chat_templates?recursive=false&expand=false "HTTP/1.1 404 Not Found"
2026-09-21 20:33:00.947 - httpx - INFO - HTTP Request: GET https://huggingface.co/api/models/swiss-ai/Apertus-v1.5-8B/tree/main/additional_chat_templates?recursive=false&expand=false "HTTP/1.1 404 Not Found"
2026-09-21 20:33:00.998 - httpx - INFO - HTTP Request: GET https://huggingface.co/api/models/swiss-ai/Apertus-v1.5-8B/tree/main?recursive=true&expand=false "HTTP/1.1 200 OK"
2026-09-21 20:33:01.013 - httpx - INFO - HTTP Request: GET https://huggingface.co/api/models/swiss-ai/Apertus-v1.5-8B/tree/main?recursive=true&expand=false "HTTP/1.1 200 OK"
2026-09-21 20:33:01.020 - httpx - INFO - HTTP Request: GET https://huggingface.co/api/models/swiss-ai/Apertus-v1.5-8B/tree/main?recursive=true&expand=false "HTTP/1.1 200 OK"
2026-09-21 20:33:01.037 - httpx - INFO - HTTP Request: GET https://huggingface.co/api/models/swiss-ai/Apertus-v1.5-8B/tree/main?recursive=true&expand=false "HTTP/1.1 200 OK"
2026-09-21 20:33:01.044 - httpx - INFO - HTTP Request: GET https://huggingface.co/api/models/swiss-ai/Apertus-v1.5-8B/tree/main?recursive=true&expand=false "HTTP/1.1 200 OK"
2026-09-21 20:33:07.284 - httpx - INFO - HTTP Request: GET https://huggingface.co/api/models/swiss-ai/Apertus-v1.5-8B "HTTP/1.1 200 OK"
2026-09-21 20:33:07.384 - dataset_manager - INFO - Tokenizer(s) configured in 8.40 seconds
2026-09-21 20:33:07.385 - dataset_manager - INFO - Configuring dataset for dataset_manager
2026-09-21 20:33:07.738 - httpx - INFO - HTTP Request: GET https://huggingface.co/api/models/swiss-ai/Apertus-v1.5-8B "HTTP/1.1 200 OK"
2026-09-21 20:33:07.738 - httpx - INFO - HTTP Request: GET https://huggingface.co/api/models/swiss-ai/Apertus-v1.5-8B "HTTP/1.1 200 OK"
2026-09-21 20:33:07.739 - httpx - INFO - HTTP Request: GET https://huggingface.co/api/models/swiss-ai/Apertus-v1.5-8B "HTTP/1.1 200 OK"
2026-09-21 20:33:07.898 - InferenceResultParser_6cdfa669 - INFO - Initialized tokenizers: {'swiss-ai/Apertus-v1.5-8B': {'class': 'TokenizersBackend', 'name_or_path': 'swiss-ai/Apertus-v1.5-8B'}} in 8.92 seconds
2026-09-21 20:33:07.899 - InferenceResultParser_57e7b7a9 - INFO - Initialized tokenizers: {'swiss-ai/Apertus-v1.5-8B': {'class': 'TokenizersBackend', 'name_or_path': 'swiss-ai/Apertus-v1.5-8B'}} in 8.92 seconds
2026-09-21 20:33:07.901 - InferenceResultParser_871aa733 - INFO - Initialized tokenizers: {'swiss-ai/Apertus-v1.5-8B': {'class': 'TokenizersBackend', 'name_or_path': 'swiss-ai/Apertus-v1.5-8B'}} in 8.92 seconds
2026-09-21 20:33:08.013 - httpx - INFO - HTTP Request: GET https://huggingface.co/api/models/swiss-ai/Apertus-v1.5-8B "HTTP/1.1 200 OK"
2026-09-21 20:33:08.084 - MemoryMapDatasetBackingStore_b060dc4f - INFO - Memory-mapped backing store initialized (streaming to /tmp/aiperf_mmap_35ea49c60130/dataset.dat)
2026-09-21 20:33:08.145 - MemoryMapDatasetBackingStore_b060dc4f - INFO - Data file finalized: 128 conversations, 3.80 MB
2026-09-21 20:33:08.147 - MemoryMapDatasetBackingStore_b060dc4f - INFO - Index file created: /tmp/aiperf_mmap_35ea49c60130/index.dat
2026-09-21 20:33:08.147 - dataset_manager - INFO - Backing store finalized: client_type=DatasetClientStoreType.MEMORY_MAP format=MemoryMapFormat.CONVERSATION data_file_path=PosixPath('/tmp/aiperf_mmap_35ea49c60130/dataset.dat') index_file_path=PosixPath('/tmp/aiperf_mmap_35ea49c60130/index.dat') conversation_count=128 total_size_bytes=3988246 compressed=False compressed_data_file_path=None compressed_index_file_path=None compressed_size_bytes=0
2026-09-21 20:33:08.153 - dataset_manager - INFO - sampling strategy: sequential, unique conversations: 128, unique turn count: 128
2026-09-21 20:33:08.160 - dataset_manager - INFO - Generating inputs.json file at /results/dyn-2w-kv/rag/c16/inputs.json
2026-09-21 20:33:08.172 - dataset_manager - INFO - inputs.json file generated in 0.01 seconds
2026-09-21 20:33:08.179 - InferenceResultParser_8ac7a040 - INFO - Initialized tokenizers: {'swiss-ai/Apertus-v1.5-8B': {'class': 'TokenizersBackend', 'name_or_path': 'swiss-ai/Apertus-v1.5-8B'}} in 9.20 seconds
2026-09-21 20:33:08.189 - system_controller - WARNING - Received command response for service we were not expecting: worker_bd50b08e. Ignoring.
2026-09-21 20:33:08.190 - system_controller - WARNING - Received command response for service we were not expecting: worker_9831749c. Ignoring.
2026-09-21 20:33:08.193 - system_controller - WARNING - Received command response for service we were not expecting: worker_109c8a6e. Ignoring.
2026-09-21 20:33:08.196 - PhaseOrchestrator_e3d79b96 - INFO - Initialized 2 phase(s): ['Warmup', 'Profiling']
2026-09-21 20:33:08.196 - system_controller - WARNING - Received command response for service we were not expecting: worker_9169145e. Ignoring.
2026-09-21 20:33:08.197 - system_controller - WARNING - Received command response for service we were not expecting: worker_41309c08. Ignoring.
2026-09-21 20:33:08.198 - system_controller - WARNING - Received command response for service we were not expecting: worker_7c0fdfd2. Ignoring.
2026-09-21 20:33:08.198 - system_controller - WARNING - Received command response for service we were not expecting: worker_da47a077. Ignoring.
2026-09-21 20:33:08.198 - system_controller - WARNING - Received command response for service we were not expecting: worker_941387d9. Ignoring.
2026-09-21 20:33:08.199 - system_controller - WARNING - Received command response for service we were not expecting: worker_144e16f3. Ignoring.
2026-09-21 20:33:08.199 - system_controller - WARNING - Received command response for service we were not expecting: worker_b31c9caf. Ignoring.
2026-09-21 20:33:08.199 - system_controller - WARNING - Received command response for service we were not expecting: worker_4bdba738. Ignoring.
2026-09-21 20:33:08.200 - system_controller - WARNING - Received command response for service we were not expecting: worker_c0984f2f. Ignoring.
2026-09-21 20:33:08.200 - system_controller - WARNING - Received command response for service we were not expecting: worker_34f29aee. Ignoring.
2026-09-21 20:33:08.207 - system_controller - WARNING - Received command response for service we were not expecting: worker_09124ab2. Ignoring.
2026-09-21 20:33:08.445 - dataset_manager - INFO - Dataset client initialized and freed 128 conversations from memory
2026-09-21 20:33:08.445 - dataset_manager - INFO - Dataset configured in 1.06 seconds
2026-09-21 20:33:08.447 - system_controller - INFO - All services configured in 9.47 seconds
2026-09-21 20:33:08.447 - system_controller - INFO - AIPerf System is CONFIGURED
2026-09-21 20:33:08.449 - server_metrics_manager - INFO - Server Metrics: Started 1 collector(s) successfully
2026-09-21 20:33:08.453 - system_controller - INFO - All services started profiling successfully
2026-09-21 20:33:08.453 - system_controller - INFO - AIPerf System is PROFILING
2026-09-21 20:33:08.455 - RateTiming - INFO - Creating interval generator: pattern=concurrency_burst, rate=None, smoothness=None
2026-09-21 20:33:08.456 - PhaseRunner - NOTICE - Phase warmup (warmup) started | phase_index=0 | target: 16 requests
2026-09-21 20:33:08.459 - records_manager - INFO - Credit phase start: warmup
2026-09-21 20:33:08.460 - PhaseRunner - NOTICE - Phase warmup (warmup) sending complete | sent=16, completed=0, in_flight=16 | sessions: sent=16, completed=0
2026-09-21 20:33:11.279 - aiperf.metrics.types.osl_mismatch_metrics - WARNING - OSL mismatch: got 240 tokens (requested 256, diff -6.2%)
2026-09-21 20:33:11.385 - PhaseRunner - NOTICE - Phase warmup (warmup) complete | completed=16, cancelled=0, errors=0 | sessions: completed=16, cancelled=0 | elapsed=2.93s
2026-09-21 20:33:11.387 - RateTiming - INFO - Creating interval generator: pattern=concurrency_burst, rate=None, smoothness=None
2026-09-21 20:33:11.387 - server_metrics_manager - INFO - Server Metrics: Warmup complete, capturing final warmup metrics...
2026-09-21 20:33:11.387 - PhaseRunner - NOTICE - Phase profiling (profiling) started | phase_index=1 | profiling_index=0 | target: 128 requests
2026-09-21 20:33:11.389 - records_manager - INFO - Credit phase start: profiling
2026-09-21 20:33:11.430 - aiperf.metrics.types.osl_mismatch_metrics - WARNING - OSL mismatch: got 191 tokens (requested 256, diff -25.4%)
2026-09-21 20:33:29.493 - aiperf.metrics.types.osl_mismatch_metrics - WARNING - OSL mismatch: got 243 tokens (requested 256, diff -5.1%)
2026-09-21 20:33:32.800 - aiperf.metrics.types.osl_mismatch_metrics - WARNING - OSL mismatch: got 144 tokens (requested 256, diff -43.8%)
2026-09-21 20:33:32.999 - PhaseRunner - NOTICE - Phase profiling (profiling) sending complete | sent=128, completed=112, in_flight=16 | sessions: sent=128, completed=112
2026-09-21 20:33:33.002 - records_manager - INFO - Sent 128 requests. Waiting for all to complete...
2026-09-21 20:33:35.479 - aiperf.metrics.types.osl_mismatch_metrics - WARNING - OSL mismatch: got 126 tokens (requested 256, diff -50.8%)
2026-09-21 20:33:35.608 - PhaseRunner - NOTICE - Phase profiling (profiling) complete | completed=128, cancelled=0, errors=0 | sessions: completed=128, cancelled=0 | elapsed=24.22s
2026-09-21 20:33:35.609 - PhaseOrchestrator_e3d79b96 - NOTICE - All credits completed
2026-09-21 20:33:35.610 - records_manager - INFO - Received CREDIT_PHASE_COMPLETE message, Phase complete: PhaseRecordsStats(phase=CreditPhase.PROFILING, phase_index=1, profiling_index=0, phase_name='profiling', phase_kind='profiling', start_ns=1790022791387615591, sent_end_ns=1790022812999681380, requests_end_ns=1790022815607775279, baseline_start_ns=1790022791387579727, baseline_end_ns=1790022815607806936, total_expected_requests=128, expected_duration_sec=None, expected_num_sessions=None, expected_grace_period_sec=None, final_requests_sent=None, final_requests_completed=128, final_requests_cancelled=0, final_request_errors=0, final_sent_sessions=None, final_completed_sessions=None, final_cancelled_sessions=None, timeout_triggered=False, grace_period_timeout_triggered=False, was_cancelled=False, records_end_ns=None, success_records=121, error_records=0)
2026-09-21 20:33:35.611 - system_controller - INFO - Received credits complete from 'timing_manager'
2026-09-21 20:33:35.611 - records_manager - NOTICE - All requests have completed, please wait for the results to be processed (currently 121 of 128 records processed)...
2026-09-21 20:33:35.611 - records_manager - INFO - All credits complete, please wait for the results to be processed...
2026-09-21 20:33:35.682 - records_manager - INFO - Processed 128 valid requests and 0 errors (128 total).
2026-09-21 20:33:35.683 - records_manager - INFO - Received all records, processing now...
2026-09-21 20:33:35.685 - server_metrics_manager - INFO - Server Metrics: Profiling complete, capturing final metrics...
2026-09-21 20:33:35.688 - records_manager - INFO - Waiting 1.9s for server metrics flush period...
2026-09-21 20:33:37.609 - records_manager - INFO - Processing records results...
2026-09-21 20:33:38.664 - system_controller - INFO - Waiting for result domains: server_metrics
2026-09-21 20:33:39.100 - records_manager - INFO - _finalize_and_process_results completed
2026-09-21 20:33:39.164 - system_controller - INFO - All results received, initiating shutdown
2026-09-21 20:33:39.770 - ExporterManager - INFO - Exporting all records
2026-09-21 20:33:39.949 - ExporterManager - INFO - Exporting console data
