2026-09-21 20:10:17.581 - aiperf.cli_runner._single_run - INFO - Starting AIPerf System
2026-09-21 20:10:17.608 - aiperf.config.resolution.resolvers - INFO - [OK] Tokenizer swiss-ai/Apertus-v1.5-8B detected
2026-09-21 20:10:17.609 - aiperf.config.resolution.resolvers - INFO - 1 tokenizer validated | 0.0s
2026-09-21 20:10:17.609 - aiperf.config.resolution.resolvers - INFO - HF cache hit (skipping prefetch): ['swiss-ai/Apertus-v1.5-8B']
2026-09-21 20:10:18.112 - server_metrics_manager - INFO - Server Metrics: Discovered 1 endpoints: ['http://localhost:8090/metrics']
2026-09-21 20:10:18.131 - GPUTelemetryJSONLWriter_cf1960cd - INFO - GPU telemetry export enabled: /results/dyn-2w-rr/rag/c2/gpu_telemetry_export.jsonl
2026-09-21 20:10:18.139 - OTelMetricsResultsProcessor_6972875d - INFO - Telemetry streaming is disabled (set --otel-url and/or --mlflow-tracking-uri to enable)
2026-09-21 20:10:18.140 - RecordExportJSONLWriter_4b789eb4 - INFO - Record metrics export enabled: /results/dyn-2w-rr/rag/c2/profile_export.jsonl
2026-09-21 20:10:18.179 - system_controller - INFO - Registered Worker Manager (id: 'worker_manager')
2026-09-21 20:10:18.218 - system_controller - INFO - Registered Gpu Telemetry Manager (id: 'gpu_telemetry_manager')
2026-09-21 20:10:18.219 - system_controller - INFO - Registered Server Metrics Manager (id: 'server_metrics_manager')
2026-09-21 20:10:18.219 - system_controller - INFO - Registered Dataset Manager (id: 'dataset_manager')
2026-09-21 20:10:18.257 - system_controller - INFO - Registered Records Manager (id: 'records_manager')
2026-09-21 20:10:18.344 - system_controller - INFO - Registered Record Processor (id: 'record_processor_54236119')
2026-09-21 20:10:18.370 - system_controller - INFO - Registered Timing Manager (id: 'timing_manager')
2026-09-21 20:10:18.487 - system_controller - INFO - Registered Worker (id: 'worker_6ef4cc78')
2026-09-21 20:10:18.492 - system_controller - INFO - Registered Worker (id: 'worker_9cc8479e')
2026-09-21 20:10:18.568 - system_controller - INFO - AIPerf System is CONFIGURING
2026-09-21 20:10:18.568 - system_controller - INFO - Configuring all services to start profiling
2026-09-21 20:10:18.570 - InferenceResultParser_6196e46d - INFO - Configuring tokenizers for inference result parser (resolve_alias: True)
2026-09-21 20:10:18.570 - timing_manager - INFO - Waiting for dataset to be configured before configuring timing
2026-09-21 20:10:18.572 - dataset_manager - INFO - Configuring tokenizer(s) for dataset manager
2026-09-21 20:10:18.582 - server_metrics_manager - INFO - Server Metrics: Capturing baseline metrics...
2026-09-21 20:10:18.612 - gpu_telemetry_manager - WARNING - GPU Telemetry: http://localhost:9400/metrics is not reachable
2026-09-21 20:10:18.614 - gpu_telemetry_manager - WARNING - GPU Telemetry: http://localhost:9401/metrics is not reachable
2026-09-21 20:10:18.616 - system_controller - INFO - DCGM telemetry skipped: no telemetry sources reachable
2026-09-21 20:10:18.617 - system_controller - INFO - Waiting for result domains: profile, server_metrics
2026-09-21 20:10:18.623 - system_controller - INFO - Server metrics enabled - 1/1 endpoint(s) reachable.
2026-09-21 20:10:20.281 - httpx - INFO - HTTP Request: HEAD https://huggingface.co/swiss-ai/Apertus-v1.5-8B/resolve/main/config.json "HTTP/1.1 200 OK"
2026-09-21 20:10:20.286 - httpx - INFO - HTTP Request: HEAD https://huggingface.co/swiss-ai/Apertus-v1.5-8B/resolve/main/config.json "HTTP/1.1 200 OK"
2026-09-21 20:10:20.374 - httpx - INFO - HTTP Request: HEAD https://huggingface.co/swiss-ai/Apertus-v1.5-8B/resolve/main/config.json "HTTP/1.1 200 OK"
2026-09-21 20:10:20.383 - httpx - INFO - HTTP Request: HEAD https://huggingface.co/swiss-ai/Apertus-v1.5-8B/resolve/main/config.json "HTTP/1.1 200 OK"
2026-09-21 20:10:20.487 - httpx - INFO - HTTP Request: HEAD https://huggingface.co/swiss-ai/Apertus-v1.5-8B/resolve/main/tokenizer_config.json "HTTP/1.1 200 OK"
2026-09-21 20:10:20.497 - httpx - INFO - HTTP Request: HEAD https://huggingface.co/swiss-ai/Apertus-v1.5-8B/resolve/main/tokenizer_config.json "HTTP/1.1 200 OK"
2026-09-21 20:10:20.611 - httpx - INFO - HTTP Request: GET https://huggingface.co/api/models/swiss-ai/Apertus-v1.5-8B/tree/main/additional_chat_templates?recursive=false&expand=false "HTTP/1.1 404 Not Found"
2026-09-21 20:10:20.626 - httpx - INFO - HTTP Request: GET https://huggingface.co/api/models/swiss-ai/Apertus-v1.5-8B/tree/main/additional_chat_templates?recursive=false&expand=false "HTTP/1.1 404 Not Found"
2026-09-21 20:10:20.717 - httpx - INFO - HTTP Request: GET https://huggingface.co/api/models/swiss-ai/Apertus-v1.5-8B/tree/main?recursive=true&expand=false "HTTP/1.1 200 OK"
2026-09-21 20:10:20.746 - httpx - INFO - HTTP Request: GET https://huggingface.co/api/models/swiss-ai/Apertus-v1.5-8B/tree/main?recursive=true&expand=false "HTTP/1.1 200 OK"
2026-09-21 20:10:27.493 - httpx - INFO - HTTP Request: GET https://huggingface.co/api/models/swiss-ai/Apertus-v1.5-8B "HTTP/1.1 200 OK"
2026-09-21 20:10:27.619 - dataset_manager - INFO - Tokenizer(s) configured in 9.05 seconds
2026-09-21 20:10:27.620 - dataset_manager - INFO - Configuring dataset for dataset_manager
2026-09-21 20:10:27.638 - httpx - INFO - HTTP Request: GET https://huggingface.co/api/models/swiss-ai/Apertus-v1.5-8B "HTTP/1.1 200 OK"
2026-09-21 20:10:27.771 - InferenceResultParser_6196e46d - INFO - Initialized tokenizers: {'swiss-ai/Apertus-v1.5-8B': {'class': 'TokenizersBackend', 'name_or_path': 'swiss-ai/Apertus-v1.5-8B'}} in 9.20 seconds
2026-09-21 20:10:28.459 - MemoryMapDatasetBackingStore_e2d67893 - INFO - Memory-mapped backing store initialized (streaming to /tmp/aiperf_mmap_86297bdc848d/dataset.dat)
2026-09-21 20:10:28.497 - MemoryMapDatasetBackingStore_e2d67893 - INFO - Data file finalized: 64 conversations, 1.90 MB
2026-09-21 20:10:28.500 - MemoryMapDatasetBackingStore_e2d67893 - INFO - Index file created: /tmp/aiperf_mmap_86297bdc848d/index.dat
2026-09-21 20:10:28.501 - dataset_manager - INFO - Backing store finalized: client_type=DatasetClientStoreType.MEMORY_MAP format=MemoryMapFormat.CONVERSATION data_file_path=PosixPath('/tmp/aiperf_mmap_86297bdc848d/dataset.dat') index_file_path=PosixPath('/tmp/aiperf_mmap_86297bdc848d/index.dat') conversation_count=64 total_size_bytes=1992738 compressed=False compressed_data_file_path=None compressed_index_file_path=None compressed_size_bytes=0
2026-09-21 20:10:28.504 - dataset_manager - INFO - sampling strategy: sequential, unique conversations: 64, unique turn count: 64
2026-09-21 20:10:28.510 - dataset_manager - INFO - Generating inputs.json file at /results/dyn-2w-rr/rag/c2/inputs.json
2026-09-21 20:10:28.519 - PhaseOrchestrator_347cd0a9 - INFO - Initialized 2 phase(s): ['Warmup', 'Profiling']
2026-09-21 20:10:28.523 - dataset_manager - INFO - inputs.json file generated in 0.01 seconds
2026-09-21 20:10:28.758 - dataset_manager - INFO - Dataset client initialized and freed 64 conversations from memory
2026-09-21 20:10:28.758 - dataset_manager - INFO - Dataset configured in 1.14 seconds
2026-09-21 20:10:28.760 - system_controller - INFO - All services configured in 10.19 seconds
2026-09-21 20:10:28.760 - system_controller - INFO - AIPerf System is CONFIGURED
2026-09-21 20:10:28.763 - server_metrics_manager - INFO - Server Metrics: Started 1 collector(s) successfully
2026-09-21 20:10:28.765 - system_controller - INFO - All services started profiling successfully
2026-09-21 20:10:28.765 - system_controller - INFO - AIPerf System is PROFILING
2026-09-21 20:10:28.769 - RateTiming - INFO - Creating interval generator: pattern=concurrency_burst, rate=None, smoothness=None
2026-09-21 20:10:28.769 - PhaseRunner - NOTICE - Phase warmup (warmup) started | phase_index=0 | target: 2 requests
2026-09-21 20:10:28.771 - PhaseRunner - NOTICE - Phase warmup (warmup) sending complete | sent=2, completed=0, in_flight=2 | sessions: sent=2, completed=0
2026-09-21 20:10:28.772 - records_manager - INFO - Credit phase start: warmup
2026-09-21 20:10:30.688 - PhaseRunner - NOTICE - Phase warmup (warmup) complete | completed=2, cancelled=0, errors=0 | sessions: completed=2, cancelled=0 | elapsed=1.92s
2026-09-21 20:10:30.690 - RateTiming - INFO - Creating interval generator: pattern=concurrency_burst, rate=None, smoothness=None
2026-09-21 20:10:30.690 - server_metrics_manager - INFO - Server Metrics: Warmup complete, capturing final warmup metrics...
2026-09-21 20:10:30.690 - PhaseRunner - NOTICE - Phase profiling (profiling) started | phase_index=1 | profiling_index=0 | target: 64 requests
2026-09-21 20:10:30.693 - records_manager - INFO - Credit phase start: profiling
2026-09-21 20:11:11.176 - aiperf.metrics.types.osl_mismatch_metrics - WARNING - OSL mismatch: got 232 tokens (requested 256, diff -9.4%)
2026-09-21 20:11:27.750 - PhaseRunner - NOTICE - Phase profiling (profiling) sending complete | sent=64, completed=62, in_flight=2 | sessions: sent=64, completed=62
2026-09-21 20:11:27.752 - records_manager - INFO - Sent 64 requests. Waiting for all to complete...
2026-09-21 20:11:29.600 - PhaseRunner - NOTICE - Phase profiling (profiling) complete | completed=64, cancelled=0, errors=0 | sessions: completed=64, cancelled=0 | elapsed=58.91s
2026-09-21 20:11:29.601 - PhaseOrchestrator_347cd0a9 - NOTICE - All credits completed
2026-09-21 20:11:29.602 - records_manager - INFO - Received CREDIT_PHASE_COMPLETE message, Phase complete: PhaseRecordsStats(phase=CreditPhase.PROFILING, phase_index=1, profiling_index=0, phase_name='profiling', phase_kind='profiling', start_ns=1790021430690760558, sent_end_ns=1790021487750463990, requests_end_ns=1790021489599628627, baseline_start_ns=1790021430690725416, baseline_end_ns=1790021489599670880, total_expected_requests=64, expected_duration_sec=None, expected_num_sessions=None, expected_grace_period_sec=None, final_requests_sent=None, final_requests_completed=64, final_requests_cancelled=0, final_request_errors=0, final_sent_sessions=None, final_completed_sessions=None, final_cancelled_sessions=None, timeout_triggered=False, grace_period_timeout_triggered=False, was_cancelled=False, records_end_ns=None, success_records=63, error_records=0)
2026-09-21 20:11:29.602 - system_controller - INFO - Received credits complete from 'timing_manager'
2026-09-21 20:11:29.603 - records_manager - NOTICE - All requests have completed, please wait for the results to be processed (currently 63 of 64 records processed)...
2026-09-21 20:11:29.603 - records_manager - INFO - All credits complete, please wait for the results to be processed...
2026-09-21 20:11:29.654 - records_manager - INFO - Processed 64 valid requests and 0 errors (64 total).
2026-09-21 20:11:29.654 - records_manager - INFO - Received all records, processing now...
2026-09-21 20:11:29.656 - server_metrics_manager - INFO - Server Metrics: Profiling complete, capturing final metrics...
2026-09-21 20:11:29.673 - records_manager - INFO - Waiting 1.9s for server metrics flush period...
2026-09-21 20:11:31.600 - records_manager - INFO - Processing records results...
2026-09-21 20:11:33.371 - system_controller - INFO - Waiting for result domains: server_metrics
2026-09-21 20:11:34.155 - records_manager - INFO - _finalize_and_process_results completed
2026-09-21 20:11:34.211 - system_controller - INFO - All results received, initiating shutdown
2026-09-21 20:11:34.818 - ExporterManager - INFO - Exporting all records
2026-09-21 20:11:34.995 - ExporterManager - INFO - Exporting console data
