2026-09-21 20:26:10.529 - aiperf.cli_runner._single_run - INFO - Starting AIPerf System
2026-09-21 20:26:10.556 - aiperf.config.resolution.resolvers - INFO - [OK] Tokenizer swiss-ai/Apertus-v1.5-8B detected
2026-09-21 20:26:10.556 - aiperf.config.resolution.resolvers - INFO - 1 tokenizer validated | 0.0s
2026-09-21 20:26:10.556 - aiperf.config.resolution.resolvers - INFO - HF cache hit (skipping prefetch): ['swiss-ai/Apertus-v1.5-8B']
2026-09-21 20:26:11.028 - system_controller - INFO - Registered Gpu Telemetry Manager (id: 'gpu_telemetry_manager')
2026-09-21 20:26:11.065 - server_metrics_manager - INFO - Server Metrics: Discovered 1 endpoints: ['http://localhost:8090/metrics']
2026-09-21 20:26:11.078 - GPUTelemetryJSONLWriter_9af43bbc - INFO - GPU telemetry export enabled: /results/dyn-2w-kv/chat/c16/gpu_telemetry_export.jsonl
2026-09-21 20:26:11.085 - OTelMetricsResultsProcessor_4f5a0f17 - INFO - Telemetry streaming is disabled (set --otel-url and/or --mlflow-tracking-uri to enable)
2026-09-21 20:26:11.086 - RecordExportJSONLWriter_4c348539 - INFO - Record metrics export enabled: /results/dyn-2w-kv/chat/c16/profile_export.jsonl
2026-09-21 20:26:11.122 - system_controller - INFO - Registered Worker Manager (id: 'worker_manager')
2026-09-21 20:26:11.222 - system_controller - INFO - Registered Dataset Manager (id: 'dataset_manager')
2026-09-21 20:26:11.222 - system_controller - INFO - Registered Server Metrics Manager (id: 'server_metrics_manager')
2026-09-21 20:26:11.223 - system_controller - INFO - Registered Records Manager (id: 'records_manager')
2026-09-21 20:26:11.319 - system_controller - INFO - Registered Timing Manager (id: 'timing_manager')
2026-09-21 20:26:11.341 - system_controller - INFO - Registered Record Processor (id: 'record_processor_95eea9c7')
2026-09-21 20:26:11.343 - system_controller - INFO - Registered Record Processor (id: 'record_processor_b4375174')
2026-09-21 20:26:11.344 - system_controller - INFO - Registered Record Processor (id: 'record_processor_4729482c')
2026-09-21 20:26:11.350 - system_controller - INFO - Registered Record Processor (id: 'record_processor_2fff90ac')
2026-09-21 20:26:11.505 - system_controller - INFO - Registered Worker (id: 'worker_00baaf24')
2026-09-21 20:26:11.506 - system_controller - INFO - Registered Worker (id: 'worker_34bfc18e')
2026-09-21 20:26:11.510 - system_controller - INFO - Registered Worker (id: 'worker_18ef9313')
2026-09-21 20:26:11.511 - system_controller - INFO - Registered Worker (id: 'worker_f7a65420')
2026-09-21 20:26:11.517 - system_controller - INFO - AIPerf System is CONFIGURING
2026-09-21 20:26:11.518 - system_controller - INFO - Configuring all services to start profiling
2026-09-21 20:26:11.519 - system_controller - INFO - Registered Worker (id: 'worker_c1faeefb')
2026-09-21 20:26:11.520 - system_controller - INFO - Registered Worker (id: 'worker_de2946d5')
2026-09-21 20:26:11.520 - system_controller - INFO - Registered Worker (id: 'worker_11ed2260')
2026-09-21 20:26:11.520 - timing_manager - INFO - Waiting for dataset to be configured before configuring timing
2026-09-21 20:26:11.520 - InferenceResultParser_e8d0a50d - INFO - Configuring tokenizers for inference result parser (resolve_alias: True)
2026-09-21 20:26:11.520 - InferenceResultParser_d3ab52c9 - INFO - Configuring tokenizers for inference result parser (resolve_alias: True)
2026-09-21 20:26:11.520 - InferenceResultParser_688e0390 - INFO - Configuring tokenizers for inference result parser (resolve_alias: True)
2026-09-21 20:26:11.520 - InferenceResultParser_c8b58928 - INFO - Configuring tokenizers for inference result parser (resolve_alias: True)
2026-09-21 20:26:11.521 - system_controller - INFO - Registered Worker (id: 'worker_4457fa72')
2026-09-21 20:26:11.521 - system_controller - INFO - Registered Worker (id: 'worker_d3d2ef9a')
2026-09-21 20:26:11.521 - dataset_manager - INFO - Configuring tokenizer(s) for dataset manager
2026-09-21 20:26:11.522 - system_controller - INFO - Registered Worker (id: 'worker_40a3f653')
2026-09-21 20:26:11.526 - system_controller - INFO - Registered Worker (id: 'worker_4bd52ccf')
2026-09-21 20:26:11.529 - system_controller - INFO - Registered Worker (id: 'worker_7c5071a6')
2026-09-21 20:26:11.530 - system_controller - INFO - Registered Worker (id: 'worker_3336a1e7')
2026-09-21 20:26:11.532 - server_metrics_manager - INFO - Server Metrics: Capturing baseline metrics...
2026-09-21 20:26:11.533 - system_controller - INFO - Registered Worker (id: 'worker_5e411210')
2026-09-21 20:26:11.535 - system_controller - INFO - Registered Worker (id: 'worker_a989ff32')
2026-09-21 20:26:11.540 - system_controller - INFO - Registered Worker (id: 'worker_c5ee0ddc')
2026-09-21 20:26:11.562 - gpu_telemetry_manager - WARNING - GPU Telemetry: http://localhost:9400/metrics is not reachable
2026-09-21 20:26:11.564 - gpu_telemetry_manager - WARNING - GPU Telemetry: http://localhost:9401/metrics is not reachable
2026-09-21 20:26:11.566 - system_controller - INFO - DCGM telemetry skipped: no telemetry sources reachable
2026-09-21 20:26:11.567 - system_controller - INFO - Waiting for result domains: profile, server_metrics
2026-09-21 20:26:11.576 - system_controller - INFO - Server metrics enabled - 1/1 endpoint(s) reachable.
2026-09-21 20:26:13.213 - httpx - INFO - HTTP Request: HEAD https://huggingface.co/swiss-ai/Apertus-v1.5-8B/resolve/main/config.json "HTTP/1.1 200 OK"
2026-09-21 20:26:13.215 - httpx - INFO - HTTP Request: HEAD https://huggingface.co/swiss-ai/Apertus-v1.5-8B/resolve/main/config.json "HTTP/1.1 200 OK"
2026-09-21 20:26:13.215 - httpx - INFO - HTTP Request: HEAD https://huggingface.co/swiss-ai/Apertus-v1.5-8B/resolve/main/config.json "HTTP/1.1 200 OK"
2026-09-21 20:26:13.219 - httpx - INFO - HTTP Request: HEAD https://huggingface.co/swiss-ai/Apertus-v1.5-8B/resolve/main/config.json "HTTP/1.1 200 OK"
2026-09-21 20:26:13.224 - httpx - INFO - HTTP Request: HEAD https://huggingface.co/swiss-ai/Apertus-v1.5-8B/resolve/main/config.json "HTTP/1.1 200 OK"
2026-09-21 20:26:13.301 - httpx - INFO - HTTP Request: HEAD https://huggingface.co/swiss-ai/Apertus-v1.5-8B/resolve/main/config.json "HTTP/1.1 200 OK"
2026-09-21 20:26:13.303 - httpx - INFO - HTTP Request: HEAD https://huggingface.co/swiss-ai/Apertus-v1.5-8B/resolve/main/config.json "HTTP/1.1 200 OK"
2026-09-21 20:26:13.304 - httpx - INFO - HTTP Request: HEAD https://huggingface.co/swiss-ai/Apertus-v1.5-8B/resolve/main/config.json "HTTP/1.1 200 OK"
2026-09-21 20:26:13.306 - httpx - INFO - HTTP Request: HEAD https://huggingface.co/swiss-ai/Apertus-v1.5-8B/resolve/main/config.json "HTTP/1.1 200 OK"
2026-09-21 20:26:13.349 - httpx - INFO - HTTP Request: HEAD https://huggingface.co/swiss-ai/Apertus-v1.5-8B/resolve/main/config.json "HTTP/1.1 200 OK"
2026-09-21 20:26:13.390 - httpx - INFO - HTTP Request: HEAD https://huggingface.co/swiss-ai/Apertus-v1.5-8B/resolve/main/tokenizer_config.json "HTTP/1.1 200 OK"
2026-09-21 20:26:13.392 - httpx - INFO - HTTP Request: HEAD https://huggingface.co/swiss-ai/Apertus-v1.5-8B/resolve/main/tokenizer_config.json "HTTP/1.1 200 OK"
2026-09-21 20:26:13.395 - httpx - INFO - HTTP Request: HEAD https://huggingface.co/swiss-ai/Apertus-v1.5-8B/resolve/main/tokenizer_config.json "HTTP/1.1 200 OK"
2026-09-21 20:26:13.396 - httpx - INFO - HTTP Request: HEAD https://huggingface.co/swiss-ai/Apertus-v1.5-8B/resolve/main/tokenizer_config.json "HTTP/1.1 200 OK"
2026-09-21 20:26:13.437 - httpx - INFO - HTTP Request: HEAD https://huggingface.co/swiss-ai/Apertus-v1.5-8B/resolve/main/tokenizer_config.json "HTTP/1.1 200 OK"
2026-09-21 20:26:13.478 - httpx - INFO - HTTP Request: GET https://huggingface.co/api/models/swiss-ai/Apertus-v1.5-8B/tree/main/additional_chat_templates?recursive=false&expand=false "HTTP/1.1 404 Not Found"
2026-09-21 20:26:13.481 - httpx - INFO - HTTP Request: GET https://huggingface.co/api/models/swiss-ai/Apertus-v1.5-8B/tree/main/additional_chat_templates?recursive=false&expand=false "HTTP/1.1 404 Not Found"
2026-09-21 20:26:13.486 - httpx - INFO - HTTP Request: GET https://huggingface.co/api/models/swiss-ai/Apertus-v1.5-8B/tree/main/additional_chat_templates?recursive=false&expand=false "HTTP/1.1 404 Not Found"
2026-09-21 20:26:13.489 - httpx - INFO - HTTP Request: GET https://huggingface.co/api/models/swiss-ai/Apertus-v1.5-8B/tree/main/additional_chat_templates?recursive=false&expand=false "HTTP/1.1 404 Not Found"
2026-09-21 20:26:13.521 - httpx - INFO - HTTP Request: GET https://huggingface.co/api/models/swiss-ai/Apertus-v1.5-8B/tree/main/additional_chat_templates?recursive=false&expand=false "HTTP/1.1 404 Not Found"
2026-09-21 20:26:13.571 - httpx - INFO - HTTP Request: GET https://huggingface.co/api/models/swiss-ai/Apertus-v1.5-8B/tree/main?recursive=true&expand=false "HTTP/1.1 200 OK"
2026-09-21 20:26:13.572 - httpx - INFO - HTTP Request: GET https://huggingface.co/api/models/swiss-ai/Apertus-v1.5-8B/tree/main?recursive=true&expand=false "HTTP/1.1 200 OK"
2026-09-21 20:26:13.584 - httpx - INFO - HTTP Request: GET https://huggingface.co/api/models/swiss-ai/Apertus-v1.5-8B/tree/main?recursive=true&expand=false "HTTP/1.1 200 OK"
2026-09-21 20:26:13.587 - httpx - INFO - HTTP Request: GET https://huggingface.co/api/models/swiss-ai/Apertus-v1.5-8B/tree/main?recursive=true&expand=false "HTTP/1.1 200 OK"
2026-09-21 20:26:13.609 - httpx - INFO - HTTP Request: GET https://huggingface.co/api/models/swiss-ai/Apertus-v1.5-8B/tree/main?recursive=true&expand=false "HTTP/1.1 200 OK"
2026-09-21 20:26:20.220 - httpx - INFO - HTTP Request: GET https://huggingface.co/api/models/swiss-ai/Apertus-v1.5-8B "HTTP/1.1 200 OK"
2026-09-21 20:26:20.247 - httpx - INFO - HTTP Request: GET https://huggingface.co/api/models/swiss-ai/Apertus-v1.5-8B "HTTP/1.1 200 OK"
2026-09-21 20:26:20.255 - httpx - INFO - HTTP Request: GET https://huggingface.co/api/models/swiss-ai/Apertus-v1.5-8B "HTTP/1.1 200 OK"
2026-09-21 20:26:20.337 - httpx - INFO - HTTP Request: GET https://huggingface.co/api/models/swiss-ai/Apertus-v1.5-8B "HTTP/1.1 200 OK"
2026-09-21 20:26:20.343 - InferenceResultParser_688e0390 - INFO - Initialized tokenizers: {'swiss-ai/Apertus-v1.5-8B': {'class': 'TokenizersBackend', 'name_or_path': 'swiss-ai/Apertus-v1.5-8B'}} in 8.82 seconds
2026-09-21 20:26:20.367 - InferenceResultParser_c8b58928 - INFO - Initialized tokenizers: {'swiss-ai/Apertus-v1.5-8B': {'class': 'TokenizersBackend', 'name_or_path': 'swiss-ai/Apertus-v1.5-8B'}} in 8.85 seconds
2026-09-21 20:26:20.373 - InferenceResultParser_e8d0a50d - INFO - Initialized tokenizers: {'swiss-ai/Apertus-v1.5-8B': {'class': 'TokenizersBackend', 'name_or_path': 'swiss-ai/Apertus-v1.5-8B'}} in 8.85 seconds
2026-09-21 20:26:20.446 - InferenceResultParser_d3ab52c9 - INFO - Initialized tokenizers: {'swiss-ai/Apertus-v1.5-8B': {'class': 'TokenizersBackend', 'name_or_path': 'swiss-ai/Apertus-v1.5-8B'}} in 8.92 seconds
2026-09-21 20:26:20.616 - httpx - INFO - HTTP Request: GET https://huggingface.co/api/models/swiss-ai/Apertus-v1.5-8B "HTTP/1.1 200 OK"
2026-09-21 20:26:20.751 - dataset_manager - INFO - Tokenizer(s) configured in 9.23 seconds
2026-09-21 20:26:20.751 - dataset_manager - INFO - Configuring dataset for dataset_manager
2026-09-21 20:26:21.499 - MemoryMapDatasetBackingStore_52749791 - INFO - Memory-mapped backing store initialized (streaming to /tmp/aiperf_mmap_5b40ce748352/dataset.dat)
2026-09-21 20:26:21.551 - MemoryMapDatasetBackingStore_52749791 - INFO - Data file finalized: 128 conversations, 0.36 MB
2026-09-21 20:26:21.554 - MemoryMapDatasetBackingStore_52749791 - INFO - Index file created: /tmp/aiperf_mmap_5b40ce748352/index.dat
2026-09-21 20:26:21.554 - dataset_manager - INFO - Backing store finalized: client_type=DatasetClientStoreType.MEMORY_MAP format=MemoryMapFormat.CONVERSATION data_file_path=PosixPath('/tmp/aiperf_mmap_5b40ce748352/dataset.dat') index_file_path=PosixPath('/tmp/aiperf_mmap_5b40ce748352/index.dat') conversation_count=128 total_size_bytes=381246 compressed=False compressed_data_file_path=None compressed_index_file_path=None compressed_size_bytes=0
2026-09-21 20:26:21.560 - dataset_manager - INFO - sampling strategy: sequential, unique conversations: 128, unique turn count: 128
2026-09-21 20:26:21.562 - dataset_manager - INFO - Generating inputs.json file at /results/dyn-2w-kv/chat/c16/inputs.json
2026-09-21 20:26:21.570 - PhaseOrchestrator_afc4d72f - INFO - Initialized 2 phase(s): ['Warmup', 'Profiling']
2026-09-21 20:26:21.571 - system_controller - WARNING - Received command response for service we were not expecting: worker_c1faeefb. Ignoring.
2026-09-21 20:26:21.571 - system_controller - WARNING - Received command response for service we were not expecting: worker_a989ff32. Ignoring.
2026-09-21 20:26:21.572 - system_controller - WARNING - Received command response for service we were not expecting: worker_7c5071a6. Ignoring.
2026-09-21 20:26:21.572 - system_controller - WARNING - Received command response for service we were not expecting: worker_3336a1e7. Ignoring.
2026-09-21 20:26:21.572 - system_controller - WARNING - Received command response for service we were not expecting: worker_de2946d5. Ignoring.
2026-09-21 20:26:21.573 - system_controller - WARNING - Received command response for service we were not expecting: worker_5e411210. Ignoring.
2026-09-21 20:26:21.573 - system_controller - WARNING - Received command response for service we were not expecting: worker_4457fa72. Ignoring.
2026-09-21 20:26:21.573 - system_controller - WARNING - Received command response for service we were not expecting: worker_d3d2ef9a. Ignoring.
2026-09-21 20:26:21.573 - system_controller - WARNING - Received command response for service we were not expecting: worker_c5ee0ddc. Ignoring.
2026-09-21 20:26:21.573 - system_controller - WARNING - Received command response for service we were not expecting: worker_40a3f653. Ignoring.
2026-09-21 20:26:21.574 - system_controller - WARNING - Received command response for service we were not expecting: worker_4bd52ccf. Ignoring.
2026-09-21 20:26:21.574 - system_controller - WARNING - Received command response for service we were not expecting: worker_11ed2260. Ignoring.
2026-09-21 20:26:21.575 - dataset_manager - INFO - inputs.json file generated in 0.01 seconds
2026-09-21 20:26:21.772 - dataset_manager - INFO - Dataset client initialized and freed 128 conversations from memory
2026-09-21 20:26:21.772 - dataset_manager - INFO - Dataset configured in 1.02 seconds
2026-09-21 20:26:21.774 - system_controller - INFO - All services configured in 10.26 seconds
2026-09-21 20:26:21.775 - system_controller - INFO - AIPerf System is CONFIGURED
2026-09-21 20:26:21.777 - server_metrics_manager - INFO - Server Metrics: Started 1 collector(s) successfully
2026-09-21 20:26:21.780 - system_controller - INFO - All services started profiling successfully
2026-09-21 20:26:21.780 - system_controller - INFO - AIPerf System is PROFILING
2026-09-21 20:26:21.783 - RateTiming - INFO - Creating interval generator: pattern=concurrency_burst, rate=None, smoothness=None
2026-09-21 20:26:21.784 - PhaseRunner - NOTICE - Phase warmup (warmup) started | phase_index=0 | target: 16 requests
2026-09-21 20:26:21.787 - records_manager - INFO - Credit phase start: warmup
2026-09-21 20:26:21.788 - PhaseRunner - NOTICE - Phase warmup (warmup) sending complete | sent=16, completed=0, in_flight=16 | sessions: sent=16, completed=0
2026-09-21 20:26:23.587 - PhaseRunner - NOTICE - Phase warmup (warmup) complete | completed=16, cancelled=0, errors=0 | sessions: completed=16, cancelled=0 | elapsed=1.80s
2026-09-21 20:26:23.588 - RateTiming - INFO - Creating interval generator: pattern=concurrency_burst, rate=None, smoothness=None
2026-09-21 20:26:23.588 - PhaseRunner - NOTICE - Phase profiling (profiling) started | phase_index=1 | profiling_index=0 | target: 128 requests
2026-09-21 20:26:23.588 - server_metrics_manager - INFO - Server Metrics: Warmup complete, capturing final warmup metrics...
2026-09-21 20:26:23.594 - aiperf.metrics.types.osl_mismatch_metrics - WARNING - OSL mismatch: got 116 tokens (requested 256, diff -54.7%)
2026-09-21 20:26:23.605 - records_manager - INFO - Credit phase start: profiling
2026-09-21 20:26:26.980 - aiperf.metrics.types.osl_mismatch_metrics - WARNING - OSL mismatch: got 144 tokens (requested 256, diff -43.8%)
2026-09-21 20:26:28.686 - aiperf.metrics.types.osl_mismatch_metrics - WARNING - OSL mismatch: got 171 tokens (requested 256, diff -33.2%)
2026-09-21 20:26:32.290 - aiperf.metrics.types.osl_mismatch_metrics - WARNING - OSL mismatch: got 236 tokens (requested 256, diff -7.8%)
2026-09-21 20:26:35.856 - aiperf.metrics.types.osl_mismatch_metrics - WARNING - OSL mismatch: got 113 tokens (requested 256, diff -55.9%)
2026-09-21 20:26:35.871 - PhaseRunner - NOTICE - Phase profiling (profiling) sending complete | sent=128, completed=112, in_flight=16 | sessions: sent=128, completed=112
2026-09-21 20:26:35.873 - records_manager - INFO - Sent 128 requests. Waiting for all to complete...
2026-09-21 20:26:37.574 - PhaseRunner - NOTICE - Phase profiling (profiling) complete | completed=128, cancelled=0, errors=0 | sessions: completed=128, cancelled=0 | elapsed=13.99s
2026-09-21 20:26:37.575 - PhaseOrchestrator_afc4d72f - NOTICE - All credits completed
2026-09-21 20:26:37.576 - system_controller - INFO - Received credits complete from 'timing_manager'
2026-09-21 20:26:37.576 - records_manager - INFO - Received CREDIT_PHASE_COMPLETE message, Phase complete: PhaseRecordsStats(phase=CreditPhase.PROFILING, phase_index=1, profiling_index=0, phase_name='profiling', phase_kind='profiling', start_ns=1790022383588449170, sent_end_ns=1790022395871155994, requests_end_ns=1790022397573781116, baseline_start_ns=1790022383588427223, baseline_end_ns=1790022397573811295, total_expected_requests=128, expected_duration_sec=None, expected_num_sessions=None, expected_grace_period_sec=None, final_requests_sent=None, final_requests_completed=128, final_requests_cancelled=0, final_request_errors=0, final_sent_sessions=None, final_completed_sessions=None, final_cancelled_sessions=None, timeout_triggered=False, grace_period_timeout_triggered=False, was_cancelled=False, records_end_ns=None, success_records=119, error_records=0)
2026-09-21 20:26:37.577 - records_manager - NOTICE - All requests have completed, please wait for the results to be processed (currently 119 of 128 records processed)...
2026-09-21 20:26:37.577 - records_manager - INFO - All credits complete, please wait for the results to be processed...
2026-09-21 20:26:37.613 - records_manager - INFO - Processed 128 valid requests and 0 errors (128 total).
2026-09-21 20:26:37.613 - records_manager - INFO - Received all records, processing now...
2026-09-21 20:26:37.618 - records_manager - INFO - Waiting 2.0s for server metrics flush period...
2026-09-21 20:26:37.630 - server_metrics_manager - INFO - Server Metrics: Profiling complete, capturing final metrics...
2026-09-21 20:26:39.574 - records_manager - INFO - Processing records results...
2026-09-21 20:26:40.410 - system_controller - INFO - Waiting for result domains: server_metrics
2026-09-21 20:26:40.695 - records_manager - INFO - _finalize_and_process_results completed
2026-09-21 20:26:40.726 - system_controller - INFO - All results received, initiating shutdown
2026-09-21 20:26:41.332 - ExporterManager - INFO - Exporting all records
2026-09-21 20:26:41.516 - ExporterManager - INFO - Exporting console data
