2026-09-21 20:27:56.700 - aiperf.cli_runner._single_run - INFO - Starting AIPerf System
2026-09-21 20:27:56.728 - aiperf.config.resolution.resolvers - INFO - [OK] Tokenizer swiss-ai/Apertus-v1.5-8B detected
2026-09-21 20:27:56.728 - aiperf.config.resolution.resolvers - INFO - 1 tokenizer validated | 0.0s
2026-09-21 20:27:56.728 - aiperf.config.resolution.resolvers - INFO - HF cache hit (skipping prefetch): ['swiss-ai/Apertus-v1.5-8B']
2026-09-21 20:27:57.231 - server_metrics_manager - INFO - Server Metrics: Discovered 1 endpoints: ['http://localhost:8090/metrics']
2026-09-21 20:27:57.257 - GPUTelemetryJSONLWriter_b81f5e48 - INFO - GPU telemetry export enabled: /results/dyn-2w-kv/rag/c1/gpu_telemetry_export.jsonl
2026-09-21 20:27:57.265 - OTelMetricsResultsProcessor_e719445d - INFO - Telemetry streaming is disabled (set --otel-url and/or --mlflow-tracking-uri to enable)
2026-09-21 20:27:57.266 - RecordExportJSONLWriter_be3a8272 - INFO - Record metrics export enabled: /results/dyn-2w-kv/rag/c1/profile_export.jsonl
2026-09-21 20:27:57.296 - system_controller - INFO - Registered Worker Manager (id: 'worker_manager')
2026-09-21 20:27:57.329 - system_controller - INFO - Registered Gpu Telemetry Manager (id: 'gpu_telemetry_manager')
2026-09-21 20:27:57.337 - system_controller - INFO - Registered Dataset Manager (id: 'dataset_manager')
2026-09-21 20:27:57.338 - system_controller - INFO - Registered Server Metrics Manager (id: 'server_metrics_manager')
2026-09-21 20:27:57.375 - system_controller - INFO - Registered Records Manager (id: 'records_manager')
2026-09-21 20:27:57.442 - system_controller - INFO - Registered Record Processor (id: 'record_processor_b2c2b485')
2026-09-21 20:27:57.479 - system_controller - INFO - Registered Timing Manager (id: 'timing_manager')
2026-09-21 20:27:57.603 - system_controller - INFO - Registered Worker (id: 'worker_8d9c8d41')
2026-09-21 20:27:57.687 - system_controller - INFO - AIPerf System is CONFIGURING
2026-09-21 20:27:57.688 - system_controller - INFO - Configuring all services to start profiling
2026-09-21 20:27:57.690 - timing_manager - INFO - Waiting for dataset to be configured before configuring timing
2026-09-21 20:27:57.690 - InferenceResultParser_29be34af - INFO - Configuring tokenizers for inference result parser (resolve_alias: True)
2026-09-21 20:27:57.692 - dataset_manager - INFO - Configuring tokenizer(s) for dataset manager
2026-09-21 20:27:57.704 - server_metrics_manager - INFO - Server Metrics: Capturing baseline metrics...
2026-09-21 20:27:57.737 - gpu_telemetry_manager - WARNING - GPU Telemetry: http://localhost:9400/metrics is not reachable
2026-09-21 20:27:57.740 - gpu_telemetry_manager - WARNING - GPU Telemetry: http://localhost:9401/metrics is not reachable
2026-09-21 20:27:57.742 - system_controller - INFO - DCGM telemetry skipped: no telemetry sources reachable
2026-09-21 20:27:57.743 - system_controller - INFO - Waiting for result domains: profile, server_metrics
2026-09-21 20:27:57.748 - system_controller - INFO - Server metrics enabled - 1/1 endpoint(s) reachable.
2026-09-21 20:27:59.277 - httpx - INFO - HTTP Request: HEAD https://huggingface.co/swiss-ai/Apertus-v1.5-8B/resolve/main/config.json "HTTP/1.1 200 OK"
2026-09-21 20:27:59.281 - httpx - INFO - HTTP Request: HEAD https://huggingface.co/swiss-ai/Apertus-v1.5-8B/resolve/main/config.json "HTTP/1.1 200 OK"
2026-09-21 20:27:59.365 - httpx - INFO - HTTP Request: HEAD https://huggingface.co/swiss-ai/Apertus-v1.5-8B/resolve/main/config.json "HTTP/1.1 200 OK"
2026-09-21 20:27:59.373 - httpx - INFO - HTTP Request: HEAD https://huggingface.co/swiss-ai/Apertus-v1.5-8B/resolve/main/config.json "HTTP/1.1 200 OK"
2026-09-21 20:27:59.455 - httpx - INFO - HTTP Request: HEAD https://huggingface.co/swiss-ai/Apertus-v1.5-8B/resolve/main/tokenizer_config.json "HTTP/1.1 200 OK"
2026-09-21 20:27:59.467 - httpx - INFO - HTTP Request: HEAD https://huggingface.co/swiss-ai/Apertus-v1.5-8B/resolve/main/tokenizer_config.json "HTTP/1.1 200 OK"
2026-09-21 20:27:59.561 - httpx - INFO - HTTP Request: GET https://huggingface.co/api/models/swiss-ai/Apertus-v1.5-8B/tree/main/additional_chat_templates?recursive=false&expand=false "HTTP/1.1 404 Not Found"
2026-09-21 20:27:59.570 - httpx - INFO - HTTP Request: GET https://huggingface.co/api/models/swiss-ai/Apertus-v1.5-8B/tree/main/additional_chat_templates?recursive=false&expand=false "HTTP/1.1 404 Not Found"
2026-09-21 20:27:59.659 - httpx - INFO - HTTP Request: GET https://huggingface.co/api/models/swiss-ai/Apertus-v1.5-8B/tree/main?recursive=true&expand=false "HTTP/1.1 200 OK"
2026-09-21 20:27:59.669 - httpx - INFO - HTTP Request: GET https://huggingface.co/api/models/swiss-ai/Apertus-v1.5-8B/tree/main?recursive=true&expand=false "HTTP/1.1 200 OK"
2026-09-21 20:28:06.132 - httpx - INFO - HTTP Request: GET https://huggingface.co/api/models/swiss-ai/Apertus-v1.5-8B "HTTP/1.1 200 OK"
2026-09-21 20:28:06.229 - dataset_manager - INFO - Tokenizer(s) configured in 8.54 seconds
2026-09-21 20:28:06.229 - dataset_manager - INFO - Configuring dataset for dataset_manager
2026-09-21 20:28:06.348 - httpx - INFO - HTTP Request: GET https://huggingface.co/api/models/swiss-ai/Apertus-v1.5-8B "HTTP/1.1 200 OK"
2026-09-21 20:28:06.474 - InferenceResultParser_29be34af - INFO - Initialized tokenizers: {'swiss-ai/Apertus-v1.5-8B': {'class': 'TokenizersBackend', 'name_or_path': 'swiss-ai/Apertus-v1.5-8B'}} in 8.78 seconds
2026-09-21 20:28:07.053 - MemoryMapDatasetBackingStore_be1b242c - INFO - Memory-mapped backing store initialized (streaming to /tmp/aiperf_mmap_37c5652f92dd/dataset.dat)
2026-09-21 20:28:07.104 - MemoryMapDatasetBackingStore_be1b242c - INFO - Data file finalized: 64 conversations, 1.90 MB
2026-09-21 20:28:07.106 - MemoryMapDatasetBackingStore_be1b242c - INFO - Index file created: /tmp/aiperf_mmap_37c5652f92dd/index.dat
2026-09-21 20:28:07.107 - dataset_manager - INFO - Backing store finalized: client_type=DatasetClientStoreType.MEMORY_MAP format=MemoryMapFormat.CONVERSATION data_file_path=PosixPath('/tmp/aiperf_mmap_37c5652f92dd/dataset.dat') index_file_path=PosixPath('/tmp/aiperf_mmap_37c5652f92dd/index.dat') conversation_count=64 total_size_bytes=1992738 compressed=False compressed_data_file_path=None compressed_index_file_path=None compressed_size_bytes=0
2026-09-21 20:28:07.110 - dataset_manager - INFO - sampling strategy: sequential, unique conversations: 64, unique turn count: 64
2026-09-21 20:28:07.116 - dataset_manager - INFO - Generating inputs.json file at /results/dyn-2w-kv/rag/c1/inputs.json
2026-09-21 20:28:07.130 - dataset_manager - INFO - inputs.json file generated in 0.01 seconds
2026-09-21 20:28:07.131 - PhaseOrchestrator_adf011d6 - INFO - Initialized 2 phase(s): ['Warmup', 'Profiling']
2026-09-21 20:28:07.364 - dataset_manager - INFO - Dataset client initialized and freed 64 conversations from memory
2026-09-21 20:28:07.364 - dataset_manager - INFO - Dataset configured in 1.14 seconds
2026-09-21 20:28:07.366 - system_controller - INFO - All services configured in 9.68 seconds
2026-09-21 20:28:07.367 - system_controller - INFO - AIPerf System is CONFIGURED
2026-09-21 20:28:07.369 - server_metrics_manager - INFO - Server Metrics: Started 1 collector(s) successfully
2026-09-21 20:28:07.371 - system_controller - INFO - All services started profiling successfully
2026-09-21 20:28:07.371 - system_controller - INFO - AIPerf System is PROFILING
2026-09-21 20:28:07.376 - RateTiming - INFO - Creating interval generator: pattern=concurrency_burst, rate=None, smoothness=None
2026-09-21 20:28:07.377 - PhaseRunner - NOTICE - Phase warmup (warmup) started | phase_index=0 | target: 1 requests
2026-09-21 20:28:07.379 - PhaseRunner - NOTICE - Phase warmup (warmup) sending complete | sent=1, completed=0, in_flight=1 | sessions: sent=1, completed=0
2026-09-21 20:28:07.380 - records_manager - INFO - Credit phase start: warmup
2026-09-21 20:28:09.319 - PhaseRunner - NOTICE - Phase warmup (warmup) complete | completed=1, cancelled=0, errors=0 | sessions: completed=1, cancelled=0 | elapsed=1.94s
2026-09-21 20:28:09.321 - RateTiming - INFO - Creating interval generator: pattern=concurrency_burst, rate=None, smoothness=None
2026-09-21 20:28:09.321 - server_metrics_manager - INFO - Server Metrics: Warmup complete, capturing final warmup metrics...
2026-09-21 20:28:09.321 - PhaseRunner - NOTICE - Phase profiling (profiling) started | phase_index=1 | profiling_index=0 | target: 64 requests
2026-09-21 20:28:09.323 - records_manager - INFO - Credit phase start: profiling
2026-09-21 20:30:05.788 - PhaseRunner - NOTICE - Phase profiling (profiling) sending complete | sent=64, completed=63, in_flight=1 | sessions: sent=64, completed=63
2026-09-21 20:30:05.790 - records_manager - INFO - Sent 64 requests. Waiting for all to complete...
2026-09-21 20:30:07.637 - PhaseRunner - NOTICE - Phase profiling (profiling) complete | completed=64, cancelled=0, errors=0 | sessions: completed=64, cancelled=0 | elapsed=118.32s
2026-09-21 20:30:07.638 - PhaseOrchestrator_adf011d6 - NOTICE - All credits completed
2026-09-21 20:30:07.639 - system_controller - INFO - Received credits complete from 'timing_manager'
2026-09-21 20:30:07.639 - records_manager - INFO - Received CREDIT_PHASE_COMPLETE message, Phase complete: PhaseRecordsStats(phase=CreditPhase.PROFILING, phase_index=1, profiling_index=0, phase_name='profiling', phase_kind='profiling', start_ns=1790022489321607695, sent_end_ns=1790022605788778090, requests_end_ns=1790022607637029131, baseline_start_ns=1790022489321560811, baseline_end_ns=1790022607637069922, total_expected_requests=64, expected_duration_sec=None, expected_num_sessions=None, expected_grace_period_sec=None, final_requests_sent=None, final_requests_completed=64, final_requests_cancelled=0, final_request_errors=0, final_sent_sessions=None, final_completed_sessions=None, final_cancelled_sessions=None, timeout_triggered=False, grace_period_timeout_triggered=False, was_cancelled=False, records_end_ns=None, success_records=63, error_records=0)
2026-09-21 20:30:07.640 - records_manager - NOTICE - All requests have completed, please wait for the results to be processed (currently 63 of 64 records processed)...
2026-09-21 20:30:07.640 - records_manager - INFO - All credits complete, please wait for the results to be processed...
2026-09-21 20:30:07.692 - records_manager - INFO - Processed 64 valid requests and 0 errors (64 total).
2026-09-21 20:30:07.692 - records_manager - INFO - Received all records, processing now...
2026-09-21 20:30:07.696 - server_metrics_manager - INFO - Server Metrics: Profiling complete, capturing final metrics...
2026-09-21 20:30:07.696 - records_manager - INFO - Waiting 1.9s for server metrics flush period...
2026-09-21 20:30:09.637 - records_manager - INFO - Processing records results...
2026-09-21 20:30:12.908 - system_controller - INFO - Waiting for result domains: server_metrics
2026-09-21 20:30:14.443 - records_manager - INFO - _finalize_and_process_results completed
2026-09-21 20:30:14.507 - system_controller - INFO - All results received, initiating shutdown
2026-09-21 20:30:15.113 - ExporterManager - INFO - Exporting all records
2026-09-21 20:30:15.289 - ExporterManager - INFO - Exporting console data
