2026-09-21 20:01:42.827 - aiperf.cli_runner._single_run - INFO - Starting AIPerf System
2026-09-21 20:01:42.855 - aiperf.config.resolution.resolvers - INFO - [OK] Tokenizer swiss-ai/Apertus-v1.5-8B detected
2026-09-21 20:01:42.855 - aiperf.config.resolution.resolvers - INFO - 1 tokenizer validated | 0.0s
2026-09-21 20:01:42.855 - aiperf.config.resolution.resolvers - INFO - HF cache hit (skipping prefetch): ['swiss-ai/Apertus-v1.5-8B']
2026-09-21 20:01:43.371 - server_metrics_manager - INFO - Server Metrics: Discovered 1 endpoints: ['http://localhost:8090/metrics']
2026-09-21 20:01:43.395 - GPUTelemetryJSONLWriter_9a5df440 - INFO - GPU telemetry export enabled: /results/dyn-2w-rr/chat/c1/gpu_telemetry_export.jsonl
2026-09-21 20:01:43.402 - OTelMetricsResultsProcessor_db84d3da - INFO - Telemetry streaming is disabled (set --otel-url and/or --mlflow-tracking-uri to enable)
2026-09-21 20:01:43.403 - RecordExportJSONLWriter_9363afd6 - INFO - Record metrics export enabled: /results/dyn-2w-rr/chat/c1/profile_export.jsonl
2026-09-21 20:01:43.436 - system_controller - INFO - Registered Worker Manager (id: 'worker_manager')
2026-09-21 20:01:43.440 - system_controller - INFO - Registered Gpu Telemetry Manager (id: 'gpu_telemetry_manager')
2026-09-21 20:01:43.479 - system_controller - INFO - Registered Dataset Manager (id: 'dataset_manager')
2026-09-21 20:01:43.480 - system_controller - INFO - Registered Server Metrics Manager (id: 'server_metrics_manager')
2026-09-21 20:01:43.513 - system_controller - INFO - Registered Records Manager (id: 'records_manager')
2026-09-21 20:01:43.582 - system_controller - INFO - Registered Record Processor (id: 'record_processor_6313060d')
2026-09-21 20:01:43.636 - system_controller - INFO - Registered Timing Manager (id: 'timing_manager')
2026-09-21 20:01:43.747 - system_controller - INFO - Registered Worker (id: 'worker_655fc459')
2026-09-21 20:01:43.827 - system_controller - INFO - AIPerf System is CONFIGURING
2026-09-21 20:01:43.827 - system_controller - INFO - Configuring all services to start profiling
2026-09-21 20:01:43.829 - InferenceResultParser_841814cd - INFO - Configuring tokenizers for inference result parser (resolve_alias: True)
2026-09-21 20:01:43.829 - timing_manager - INFO - Waiting for dataset to be configured before configuring timing
2026-09-21 20:01:43.831 - dataset_manager - INFO - Configuring tokenizer(s) for dataset manager
2026-09-21 20:01:43.841 - server_metrics_manager - INFO - Server Metrics: Capturing baseline metrics...
2026-09-21 20:01:43.877 - gpu_telemetry_manager - WARNING - GPU Telemetry: http://localhost:9400/metrics is not reachable
2026-09-21 20:01:43.879 - gpu_telemetry_manager - WARNING - GPU Telemetry: http://localhost:9401/metrics is not reachable
2026-09-21 20:01:43.881 - system_controller - INFO - DCGM telemetry skipped: no telemetry sources reachable
2026-09-21 20:01:43.881 - system_controller - INFO - Waiting for result domains: profile, server_metrics
2026-09-21 20:01:43.882 - system_controller - INFO - Server metrics enabled - 1/1 endpoint(s) reachable.
2026-09-21 20:01:45.409 - httpx - INFO - HTTP Request: HEAD https://huggingface.co/swiss-ai/Apertus-v1.5-8B/resolve/main/config.json "HTTP/1.1 200 OK"
2026-09-21 20:01:45.431 - httpx - INFO - HTTP Request: HEAD https://huggingface.co/swiss-ai/Apertus-v1.5-8B/resolve/main/config.json "HTTP/1.1 200 OK"
2026-09-21 20:01:45.496 - httpx - INFO - HTTP Request: HEAD https://huggingface.co/swiss-ai/Apertus-v1.5-8B/resolve/main/config.json "HTTP/1.1 200 OK"
2026-09-21 20:01:45.517 - httpx - INFO - HTTP Request: HEAD https://huggingface.co/swiss-ai/Apertus-v1.5-8B/resolve/main/config.json "HTTP/1.1 200 OK"
2026-09-21 20:01:45.587 - httpx - INFO - HTTP Request: HEAD https://huggingface.co/swiss-ai/Apertus-v1.5-8B/resolve/main/tokenizer_config.json "HTTP/1.1 200 OK"
2026-09-21 20:01:45.604 - httpx - INFO - HTTP Request: HEAD https://huggingface.co/swiss-ai/Apertus-v1.5-8B/resolve/main/tokenizer_config.json "HTTP/1.1 200 OK"
2026-09-21 20:01:45.692 - httpx - INFO - HTTP Request: GET https://huggingface.co/api/models/swiss-ai/Apertus-v1.5-8B/tree/main/additional_chat_templates?recursive=false&expand=false "HTTP/1.1 404 Not Found"
2026-09-21 20:01:45.779 - httpx - INFO - HTTP Request: GET https://huggingface.co/api/models/swiss-ai/Apertus-v1.5-8B/tree/main?recursive=true&expand=false "HTTP/1.1 200 OK"
2026-09-21 20:01:45.792 - httpx - INFO - HTTP Request: GET https://huggingface.co/api/models/swiss-ai/Apertus-v1.5-8B/tree/main/additional_chat_templates?recursive=false&expand=false "HTTP/1.1 404 Not Found"
2026-09-21 20:01:45.888 - httpx - INFO - HTTP Request: GET https://huggingface.co/api/models/swiss-ai/Apertus-v1.5-8B/tree/main?recursive=true&expand=false "HTTP/1.1 200 OK"
2026-09-21 20:01:51.685 - httpx - INFO - HTTP Request: GET https://huggingface.co/api/models/swiss-ai/Apertus-v1.5-8B "HTTP/1.1 200 OK"
2026-09-21 20:01:51.775 - InferenceResultParser_841814cd - INFO - Initialized tokenizers: {'swiss-ai/Apertus-v1.5-8B': {'class': 'TokenizersBackend', 'name_or_path': 'swiss-ai/Apertus-v1.5-8B'}} in 7.95 seconds
2026-09-21 20:01:52.532 - httpx - INFO - HTTP Request: GET https://huggingface.co/api/models/swiss-ai/Apertus-v1.5-8B "HTTP/1.1 200 OK"
2026-09-21 20:01:52.652 - dataset_manager - INFO - Tokenizer(s) configured in 8.82 seconds
2026-09-21 20:01:52.652 - dataset_manager - INFO - Configuring dataset for dataset_manager
2026-09-21 20:01:53.338 - MemoryMapDatasetBackingStore_6944ff7a - INFO - Memory-mapped backing store initialized (streaming to /tmp/aiperf_mmap_73ba44338fba/dataset.dat)
2026-09-21 20:01:53.368 - MemoryMapDatasetBackingStore_6944ff7a - INFO - Data file finalized: 64 conversations, 0.18 MB
2026-09-21 20:01:53.370 - MemoryMapDatasetBackingStore_6944ff7a - INFO - Index file created: /tmp/aiperf_mmap_73ba44338fba/index.dat
2026-09-21 20:01:53.371 - dataset_manager - INFO - Backing store finalized: client_type=DatasetClientStoreType.MEMORY_MAP format=MemoryMapFormat.CONVERSATION data_file_path=PosixPath('/tmp/aiperf_mmap_73ba44338fba/dataset.dat') index_file_path=PosixPath('/tmp/aiperf_mmap_73ba44338fba/index.dat') conversation_count=64 total_size_bytes=190265 compressed=False compressed_data_file_path=None compressed_index_file_path=None compressed_size_bytes=0
2026-09-21 20:01:53.374 - dataset_manager - INFO - sampling strategy: sequential, unique conversations: 64, unique turn count: 64
2026-09-21 20:01:53.376 - dataset_manager - INFO - Generating inputs.json file at /results/dyn-2w-rr/chat/c1/inputs.json
2026-09-21 20:01:53.383 - PhaseOrchestrator_b0f396e0 - INFO - Initialized 2 phase(s): ['Warmup', 'Profiling']
2026-09-21 20:01:53.385 - dataset_manager - INFO - inputs.json file generated in 0.01 seconds
2026-09-21 20:01:53.579 - dataset_manager - INFO - Dataset client initialized and freed 64 conversations from memory
2026-09-21 20:01:53.579 - dataset_manager - INFO - Dataset configured in 0.93 seconds
2026-09-21 20:01:53.581 - system_controller - INFO - All services configured in 9.75 seconds
2026-09-21 20:01:53.581 - system_controller - INFO - AIPerf System is CONFIGURED
2026-09-21 20:01:53.583 - server_metrics_manager - INFO - Server Metrics: Started 1 collector(s) successfully
2026-09-21 20:01:53.585 - system_controller - INFO - All services started profiling successfully
2026-09-21 20:01:53.585 - system_controller - INFO - AIPerf System is PROFILING
2026-09-21 20:01:53.590 - RateTiming - INFO - Creating interval generator: pattern=concurrency_burst, rate=None, smoothness=None
2026-09-21 20:01:53.591 - PhaseRunner - NOTICE - Phase warmup (warmup) started | phase_index=0 | target: 1 requests
2026-09-21 20:01:53.593 - PhaseRunner - NOTICE - Phase warmup (warmup) sending complete | sent=1, completed=0, in_flight=1 | sessions: sent=1, completed=0
2026-09-21 20:01:53.594 - records_manager - INFO - Credit phase start: warmup
2026-09-21 20:01:55.238 - PhaseRunner - NOTICE - Phase warmup (warmup) complete | completed=1, cancelled=0, errors=0 | sessions: completed=1, cancelled=0 | elapsed=1.65s
2026-09-21 20:01:55.240 - RateTiming - INFO - Creating interval generator: pattern=concurrency_burst, rate=None, smoothness=None
2026-09-21 20:01:55.240 - server_metrics_manager - INFO - Server Metrics: Warmup complete, capturing final warmup metrics...
2026-09-21 20:01:55.240 - PhaseRunner - NOTICE - Phase profiling (profiling) started | phase_index=1 | profiling_index=0 | target: 64 requests
2026-09-21 20:01:55.242 - records_manager - INFO - Credit phase start: profiling
2026-09-21 20:02:21.097 - aiperf.metrics.types.osl_mismatch_metrics - WARNING - OSL mismatch: got 236 tokens (requested 256, diff -7.8%)
2026-09-21 20:03:36.614 - PhaseRunner - NOTICE - Phase profiling (profiling) sending complete | sent=64, completed=63, in_flight=1 | sessions: sent=64, completed=63
2026-09-21 20:03:36.616 - records_manager - INFO - Sent 64 requests. Waiting for all to complete...
2026-09-21 20:03:38.217 - PhaseRunner - NOTICE - Phase profiling (profiling) complete | completed=64, cancelled=0, errors=0 | sessions: completed=64, cancelled=0 | elapsed=102.98s
2026-09-21 20:03:38.217 - PhaseOrchestrator_b0f396e0 - NOTICE - All credits completed
2026-09-21 20:03:38.219 - records_manager - INFO - Received CREDIT_PHASE_COMPLETE message, Phase complete: PhaseRecordsStats(phase=CreditPhase.PROFILING, phase_index=1, profiling_index=0, phase_name='profiling', phase_kind='profiling', start_ns=1790020915240761838, sent_end_ns=1790021016614197303, requests_end_ns=1790021018216495416, baseline_start_ns=1790020915240730890, baseline_end_ns=1790021018216570177, total_expected_requests=64, expected_duration_sec=None, expected_num_sessions=None, expected_grace_period_sec=None, final_requests_sent=None, final_requests_completed=64, final_requests_cancelled=0, final_request_errors=0, final_sent_sessions=None, final_completed_sessions=None, final_cancelled_sessions=None, timeout_triggered=False, grace_period_timeout_triggered=False, was_cancelled=False, records_end_ns=None, success_records=63, error_records=0)
2026-09-21 20:03:38.219 - system_controller - INFO - Received credits complete from 'timing_manager'
2026-09-21 20:03:38.220 - records_manager - NOTICE - All requests have completed, please wait for the results to be processed (currently 63 of 64 records processed)...
2026-09-21 20:03:38.220 - records_manager - INFO - All credits complete, please wait for the results to be processed...
2026-09-21 20:03:38.237 - records_manager - INFO - Processed 64 valid requests and 0 errors (64 total).
2026-09-21 20:03:38.237 - records_manager - INFO - Received all records, processing now...
2026-09-21 20:03:38.242 - records_manager - INFO - Waiting 2.0s for server metrics flush period...
2026-09-21 20:03:38.274 - server_metrics_manager - INFO - Server Metrics: Profiling complete, capturing final metrics...
2026-09-21 20:03:40.218 - records_manager - INFO - Processing records results...
2026-09-21 20:03:42.951 - system_controller - INFO - Waiting for result domains: server_metrics
2026-09-21 20:03:44.305 - records_manager - INFO - _finalize_and_process_results completed
2026-09-21 20:03:44.348 - system_controller - INFO - All results received, initiating shutdown
2026-09-21 20:03:44.955 - ExporterManager - INFO - Exporting all records
2026-09-21 20:03:45.130 - ExporterManager - INFO - Exporting console data
