2026-09-21 20:14:42.831 - aiperf.cli_runner._single_run - INFO - Starting AIPerf System
2026-09-21 20:14:42.858 - aiperf.config.resolution.resolvers - INFO - [OK] Tokenizer swiss-ai/Apertus-v1.5-8B detected
2026-09-21 20:14:42.858 - aiperf.config.resolution.resolvers - INFO - 1 tokenizer validated | 0.0s
2026-09-21 20:14:42.859 - aiperf.config.resolution.resolvers - INFO - HF cache hit (skipping prefetch): ['swiss-ai/Apertus-v1.5-8B']
2026-09-21 20:14:43.369 - server_metrics_manager - INFO - Server Metrics: Discovered 1 endpoints: ['http://localhost:8090/metrics']
2026-09-21 20:14:43.394 - GPUTelemetryJSONLWriter_4d5ff089 - INFO - GPU telemetry export enabled: /results/dyn-2w-rr/rag/c64/gpu_telemetry_export.jsonl
2026-09-21 20:14:43.403 - OTelMetricsResultsProcessor_2641e5ef - INFO - Telemetry streaming is disabled (set --otel-url and/or --mlflow-tracking-uri to enable)
2026-09-21 20:14:43.404 - RecordExportJSONLWriter_d841bb44 - INFO - Record metrics export enabled: /results/dyn-2w-rr/rag/c64/profile_export.jsonl
2026-09-21 20:14:43.433 - system_controller - INFO - Registered Worker Manager (id: 'worker_manager')
2026-09-21 20:14:43.595 - system_controller - INFO - Registered Gpu Telemetry Manager (id: 'gpu_telemetry_manager')
2026-09-21 20:14:43.596 - system_controller - INFO - Registered Dataset Manager (id: 'dataset_manager')
2026-09-21 20:14:43.596 - system_controller - INFO - Registered Server Metrics Manager (id: 'server_metrics_manager')
2026-09-21 20:14:43.596 - system_controller - INFO - Registered Records Manager (id: 'records_manager')
2026-09-21 20:14:43.620 - system_controller - INFO - Registered Timing Manager (id: 'timing_manager')
2026-09-21 20:14:43.694 - system_controller - INFO - Registered Record Processor (id: 'record_processor_56f87373')
2026-09-21 20:14:43.701 - system_controller - INFO - Registered Record Processor (id: 'record_processor_1326111e')
2026-09-21 20:14:43.705 - system_controller - INFO - Registered Record Processor (id: 'record_processor_596ae036')
2026-09-21 20:14:43.707 - system_controller - INFO - Registered Record Processor (id: 'record_processor_3a561f87')
2026-09-21 20:14:43.708 - system_controller - INFO - Registered Record Processor (id: 'record_processor_0d73d6f7')
2026-09-21 20:14:43.712 - system_controller - INFO - Registered Record Processor (id: 'record_processor_63196f99')
2026-09-21 20:14:43.713 - system_controller - INFO - Registered Worker (id: 'worker_9ee6e2ac')
2026-09-21 20:14:43.713 - system_controller - INFO - Registered Record Processor (id: 'record_processor_4c7b8f63')
2026-09-21 20:14:43.716 - system_controller - INFO - Registered Worker (id: 'worker_3e080f58')
2026-09-21 20:14:43.720 - system_controller - INFO - Registered Record Processor (id: 'record_processor_6850221b')
2026-09-21 20:14:43.756 - system_controller - INFO - Registered Worker (id: 'worker_a1ac1bb5')
2026-09-21 20:14:43.776 - system_controller - INFO - Registered Worker (id: 'worker_77a944f2')
2026-09-21 20:14:43.781 - system_controller - INFO - Registered Worker (id: 'worker_6af4255d')
2026-09-21 20:14:43.783 - system_controller - INFO - Registered Worker (id: 'worker_b426f5c9')
2026-09-21 20:14:43.788 - system_controller - INFO - Registered Worker (id: 'worker_be949428')
2026-09-21 20:14:43.789 - system_controller - INFO - Registered Worker (id: 'worker_701ff358')
2026-09-21 20:14:43.789 - system_controller - INFO - Registered Worker (id: 'worker_8cff0177')
2026-09-21 20:14:43.794 - system_controller - INFO - Registered Worker (id: 'worker_ec2d03e2')
2026-09-21 20:14:43.795 - system_controller - INFO - Registered Worker (id: 'worker_7a941aa7')
2026-09-21 20:14:43.799 - system_controller - INFO - Registered Worker (id: 'worker_7c5e804c')
2026-09-21 20:14:43.800 - system_controller - INFO - Registered Worker (id: 'worker_62d16cdc')
2026-09-21 20:14:43.804 - system_controller - INFO - Registered Worker (id: 'worker_de59bf17')
2026-09-21 20:14:43.804 - system_controller - INFO - Registered Worker (id: 'worker_3aee838b')
2026-09-21 20:14:43.812 - system_controller - INFO - Registered Worker (id: 'worker_b7cf1e96')
2026-09-21 20:14:43.814 - system_controller - INFO - Registered Worker (id: 'worker_3a8f1ed0')
2026-09-21 20:14:43.824 - system_controller - INFO - AIPerf System is CONFIGURING
2026-09-21 20:14:43.824 - system_controller - INFO - Configuring all services to start profiling
2026-09-21 20:14:43.826 - InferenceResultParser_7aba766b - INFO - Configuring tokenizers for inference result parser (resolve_alias: True)
2026-09-21 20:14:43.826 - InferenceResultParser_9822f173 - INFO - Configuring tokenizers for inference result parser (resolve_alias: True)
2026-09-21 20:14:43.826 - InferenceResultParser_bbe60b8e - INFO - Configuring tokenizers for inference result parser (resolve_alias: True)
2026-09-21 20:14:43.826 - InferenceResultParser_f07df55f - INFO - Configuring tokenizers for inference result parser (resolve_alias: True)
2026-09-21 20:14:43.826 - timing_manager - INFO - Waiting for dataset to be configured before configuring timing
2026-09-21 20:14:43.826 - InferenceResultParser_c58ed6a4 - INFO - Configuring tokenizers for inference result parser (resolve_alias: True)
2026-09-21 20:14:43.826 - InferenceResultParser_e2357e0d - INFO - Configuring tokenizers for inference result parser (resolve_alias: True)
2026-09-21 20:14:43.826 - InferenceResultParser_beae4f6d - INFO - Configuring tokenizers for inference result parser (resolve_alias: True)
2026-09-21 20:14:43.827 - InferenceResultParser_38140c2e - INFO - Configuring tokenizers for inference result parser (resolve_alias: True)
2026-09-21 20:14:43.827 - dataset_manager - INFO - Configuring tokenizer(s) for dataset manager
2026-09-21 20:14:43.828 - system_controller - INFO - Registered Worker (id: 'worker_20b73f58')
2026-09-21 20:14:43.829 - system_controller - INFO - Registered Worker (id: 'worker_b122401b')
2026-09-21 20:14:43.830 - system_controller - INFO - Registered Worker (id: 'worker_26321e86')
2026-09-21 20:14:43.833 - server_metrics_manager - INFO - Server Metrics: Capturing baseline metrics...
2026-09-21 20:14:43.834 - system_controller - INFO - Registered Worker (id: 'worker_83a11d3e')
2026-09-21 20:14:43.836 - system_controller - INFO - Registered Worker (id: 'worker_1a04ee0e')
2026-09-21 20:14:43.845 - system_controller - INFO - Registered Worker (id: 'worker_daf29eba')
2026-09-21 20:14:43.850 - system_controller - INFO - Registered Worker (id: 'worker_44cef04a')
2026-09-21 20:14:43.850 - system_controller - INFO - Registered Worker (id: 'worker_58911103')
2026-09-21 20:14:43.851 - system_controller - INFO - Registered Worker (id: 'worker_0bf66618')
2026-09-21 20:14:43.859 - system_controller - INFO - Registered Worker (id: 'worker_bdb4edec')
2026-09-21 20:14:43.859 - system_controller - INFO - Registered Worker (id: 'worker_32a57d6d')
2026-09-21 20:14:43.860 - system_controller - INFO - Registered Worker (id: 'worker_868be50a')
2026-09-21 20:14:43.860 - system_controller - INFO - Registered Worker (id: 'worker_b0d8b090')
2026-09-21 20:14:43.865 - system_controller - INFO - Server metrics enabled - 1/1 endpoint(s) reachable.
2026-09-21 20:14:43.866 - system_controller - INFO - Waiting for result domains: profile, server_metrics, telemetry
2026-09-21 20:14:43.866 - system_controller - INFO - Registered Worker (id: 'worker_510e0b40')
2026-09-21 20:14:43.868 - gpu_telemetry_manager - WARNING - GPU Telemetry: http://localhost:9400/metrics is not reachable
2026-09-21 20:14:43.868 - system_controller - INFO - Registered Worker (id: 'worker_1c6f9658')
2026-09-21 20:14:43.870 - gpu_telemetry_manager - WARNING - GPU Telemetry: http://localhost:9401/metrics is not reachable
2026-09-21 20:14:43.872 - system_controller - INFO - DCGM telemetry skipped: no telemetry sources reachable
2026-09-21 20:14:43.873 - system_controller - INFO - Waiting for result domains: profile, server_metrics
2026-09-21 20:14:44.944 - httpx - INFO - HTTP Request: HEAD https://huggingface.co/swiss-ai/Apertus-v1.5-8B/resolve/main/config.json "HTTP/1.1 200 OK"
2026-09-21 20:14:45.038 - httpx - INFO - HTTP Request: HEAD https://huggingface.co/swiss-ai/Apertus-v1.5-8B/resolve/main/config.json "HTTP/1.1 200 OK"
2026-09-21 20:14:45.134 - httpx - INFO - HTTP Request: HEAD https://huggingface.co/swiss-ai/Apertus-v1.5-8B/resolve/main/tokenizer_config.json "HTTP/1.1 200 OK"
2026-09-21 20:14:45.227 - httpx - INFO - HTTP Request: GET https://huggingface.co/api/models/swiss-ai/Apertus-v1.5-8B/tree/main/additional_chat_templates?recursive=false&expand=false "HTTP/1.1 404 Not Found"
2026-09-21 20:14:45.294 - httpx - INFO - HTTP Request: HEAD https://huggingface.co/swiss-ai/Apertus-v1.5-8B/resolve/main/config.json "HTTP/1.1 200 OK"
2026-09-21 20:14:45.326 - httpx - INFO - HTTP Request: GET https://huggingface.co/api/models/swiss-ai/Apertus-v1.5-8B/tree/main?recursive=true&expand=false "HTTP/1.1 200 OK"
2026-09-21 20:14:45.327 - httpx - INFO - HTTP Request: HEAD https://huggingface.co/swiss-ai/Apertus-v1.5-8B/resolve/main/config.json "HTTP/1.1 200 OK"
2026-09-21 20:14:45.333 - httpx - INFO - HTTP Request: HEAD https://huggingface.co/swiss-ai/Apertus-v1.5-8B/resolve/main/config.json "HTTP/1.1 200 OK"
2026-09-21 20:14:45.337 - httpx - INFO - HTTP Request: HEAD https://huggingface.co/swiss-ai/Apertus-v1.5-8B/resolve/main/config.json "HTTP/1.1 200 OK"
2026-09-21 20:14:45.342 - httpx - INFO - HTTP Request: HEAD https://huggingface.co/swiss-ai/Apertus-v1.5-8B/resolve/main/config.json "HTTP/1.1 200 OK"
2026-09-21 20:14:45.346 - httpx - INFO - HTTP Request: HEAD https://huggingface.co/swiss-ai/Apertus-v1.5-8B/resolve/main/config.json "HTTP/1.1 200 OK"
2026-09-21 20:14:45.346 - httpx - INFO - HTTP Request: HEAD https://huggingface.co/swiss-ai/Apertus-v1.5-8B/resolve/main/config.json "HTTP/1.1 200 OK"
2026-09-21 20:14:45.355 - httpx - INFO - HTTP Request: HEAD https://huggingface.co/swiss-ai/Apertus-v1.5-8B/resolve/main/config.json "HTTP/1.1 200 OK"
2026-09-21 20:14:45.378 - httpx - INFO - HTTP Request: HEAD https://huggingface.co/swiss-ai/Apertus-v1.5-8B/resolve/main/config.json "HTTP/1.1 200 OK"
2026-09-21 20:14:45.424 - httpx - INFO - HTTP Request: HEAD https://huggingface.co/swiss-ai/Apertus-v1.5-8B/resolve/main/config.json "HTTP/1.1 200 OK"
2026-09-21 20:14:45.424 - httpx - INFO - HTTP Request: HEAD https://huggingface.co/swiss-ai/Apertus-v1.5-8B/resolve/main/config.json "HTTP/1.1 200 OK"
2026-09-21 20:14:45.428 - httpx - INFO - HTTP Request: HEAD https://huggingface.co/swiss-ai/Apertus-v1.5-8B/resolve/main/config.json "HTTP/1.1 200 OK"
2026-09-21 20:14:45.435 - httpx - INFO - HTTP Request: HEAD https://huggingface.co/swiss-ai/Apertus-v1.5-8B/resolve/main/config.json "HTTP/1.1 200 OK"
2026-09-21 20:14:45.435 - httpx - INFO - HTTP Request: HEAD https://huggingface.co/swiss-ai/Apertus-v1.5-8B/resolve/main/config.json "HTTP/1.1 200 OK"
2026-09-21 20:14:45.436 - httpx - INFO - HTTP Request: HEAD https://huggingface.co/swiss-ai/Apertus-v1.5-8B/resolve/main/config.json "HTTP/1.1 200 OK"
2026-09-21 20:14:45.440 - httpx - INFO - HTTP Request: HEAD https://huggingface.co/swiss-ai/Apertus-v1.5-8B/resolve/main/config.json "HTTP/1.1 200 OK"
2026-09-21 20:14:45.472 - httpx - INFO - HTTP Request: HEAD https://huggingface.co/swiss-ai/Apertus-v1.5-8B/resolve/main/tokenizer_config.json "HTTP/1.1 200 OK"
2026-09-21 20:14:45.514 - httpx - INFO - HTTP Request: HEAD https://huggingface.co/swiss-ai/Apertus-v1.5-8B/resolve/main/tokenizer_config.json "HTTP/1.1 200 OK"
2026-09-21 20:14:45.519 - httpx - INFO - HTTP Request: HEAD https://huggingface.co/swiss-ai/Apertus-v1.5-8B/resolve/main/tokenizer_config.json "HTTP/1.1 200 OK"
2026-09-21 20:14:45.524 - httpx - INFO - HTTP Request: HEAD https://huggingface.co/swiss-ai/Apertus-v1.5-8B/resolve/main/tokenizer_config.json "HTTP/1.1 200 OK"
2026-09-21 20:14:45.528 - httpx - INFO - HTTP Request: HEAD https://huggingface.co/swiss-ai/Apertus-v1.5-8B/resolve/main/tokenizer_config.json "HTTP/1.1 200 OK"
2026-09-21 20:14:45.531 - httpx - INFO - HTTP Request: HEAD https://huggingface.co/swiss-ai/Apertus-v1.5-8B/resolve/main/tokenizer_config.json "HTTP/1.1 200 OK"
2026-09-21 20:14:45.531 - httpx - INFO - HTTP Request: HEAD https://huggingface.co/swiss-ai/Apertus-v1.5-8B/resolve/main/tokenizer_config.json "HTTP/1.1 200 OK"
2026-09-21 20:14:45.533 - httpx - INFO - HTTP Request: HEAD https://huggingface.co/swiss-ai/Apertus-v1.5-8B/resolve/main/tokenizer_config.json "HTTP/1.1 200 OK"
2026-09-21 20:14:45.563 - httpx - INFO - HTTP Request: GET https://huggingface.co/api/models/swiss-ai/Apertus-v1.5-8B/tree/main/additional_chat_templates?recursive=false&expand=false "HTTP/1.1 404 Not Found"
2026-09-21 20:14:45.608 - httpx - INFO - HTTP Request: GET https://huggingface.co/api/models/swiss-ai/Apertus-v1.5-8B/tree/main/additional_chat_templates?recursive=false&expand=false "HTTP/1.1 404 Not Found"
2026-09-21 20:14:45.610 - httpx - INFO - HTTP Request: GET https://huggingface.co/api/models/swiss-ai/Apertus-v1.5-8B/tree/main/additional_chat_templates?recursive=false&expand=false "HTTP/1.1 404 Not Found"
2026-09-21 20:14:45.618 - httpx - INFO - HTTP Request: GET https://huggingface.co/api/models/swiss-ai/Apertus-v1.5-8B/tree/main/additional_chat_templates?recursive=false&expand=false "HTTP/1.1 404 Not Found"
2026-09-21 20:14:45.626 - httpx - INFO - HTTP Request: GET https://huggingface.co/api/models/swiss-ai/Apertus-v1.5-8B/tree/main/additional_chat_templates?recursive=false&expand=false "HTTP/1.1 404 Not Found"
2026-09-21 20:14:45.627 - httpx - INFO - HTTP Request: GET https://huggingface.co/api/models/swiss-ai/Apertus-v1.5-8B/tree/main/additional_chat_templates?recursive=false&expand=false "HTTP/1.1 404 Not Found"
2026-09-21 20:14:45.627 - httpx - INFO - HTTP Request: GET https://huggingface.co/api/models/swiss-ai/Apertus-v1.5-8B/tree/main/additional_chat_templates?recursive=false&expand=false "HTTP/1.1 404 Not Found"
2026-09-21 20:14:45.648 - httpx - INFO - HTTP Request: GET https://huggingface.co/api/models/swiss-ai/Apertus-v1.5-8B/tree/main/additional_chat_templates?recursive=false&expand=false "HTTP/1.1 404 Not Found"
2026-09-21 20:14:45.662 - httpx - INFO - HTTP Request: GET https://huggingface.co/api/models/swiss-ai/Apertus-v1.5-8B/tree/main?recursive=true&expand=false "HTTP/1.1 200 OK"
2026-09-21 20:14:45.707 - httpx - INFO - HTTP Request: GET https://huggingface.co/api/models/swiss-ai/Apertus-v1.5-8B/tree/main?recursive=true&expand=false "HTTP/1.1 200 OK"
2026-09-21 20:14:45.711 - httpx - INFO - HTTP Request: GET https://huggingface.co/api/models/swiss-ai/Apertus-v1.5-8B/tree/main?recursive=true&expand=false "HTTP/1.1 200 OK"
2026-09-21 20:14:45.714 - httpx - INFO - HTTP Request: GET https://huggingface.co/api/models/swiss-ai/Apertus-v1.5-8B/tree/main?recursive=true&expand=false "HTTP/1.1 200 OK"
2026-09-21 20:14:45.719 - httpx - INFO - HTTP Request: GET https://huggingface.co/api/models/swiss-ai/Apertus-v1.5-8B/tree/main?recursive=true&expand=false "HTTP/1.1 200 OK"
2026-09-21 20:14:45.721 - httpx - INFO - HTTP Request: GET https://huggingface.co/api/models/swiss-ai/Apertus-v1.5-8B/tree/main?recursive=true&expand=false "HTTP/1.1 200 OK"
2026-09-21 20:14:45.724 - httpx - INFO - HTTP Request: GET https://huggingface.co/api/models/swiss-ai/Apertus-v1.5-8B/tree/main?recursive=true&expand=false "HTTP/1.1 200 OK"
2026-09-21 20:14:45.737 - httpx - INFO - HTTP Request: GET https://huggingface.co/api/models/swiss-ai/Apertus-v1.5-8B/tree/main?recursive=true&expand=false "HTTP/1.1 200 OK"
2026-09-21 20:14:51.162 - httpx - INFO - HTTP Request: GET https://huggingface.co/api/models/swiss-ai/Apertus-v1.5-8B "HTTP/1.1 200 OK"
2026-09-21 20:14:51.276 - InferenceResultParser_c58ed6a4 - INFO - Initialized tokenizers: {'swiss-ai/Apertus-v1.5-8B': {'class': 'TokenizersBackend', 'name_or_path': 'swiss-ai/Apertus-v1.5-8B'}} in 7.45 seconds
2026-09-21 20:14:52.052 - httpx - INFO - HTTP Request: GET https://huggingface.co/api/models/swiss-ai/Apertus-v1.5-8B "HTTP/1.1 200 OK"
2026-09-21 20:14:52.174 - InferenceResultParser_f07df55f - INFO - Initialized tokenizers: {'swiss-ai/Apertus-v1.5-8B': {'class': 'TokenizersBackend', 'name_or_path': 'swiss-ai/Apertus-v1.5-8B'}} in 8.35 seconds
2026-09-21 20:14:52.306 - httpx - INFO - HTTP Request: GET https://huggingface.co/api/models/swiss-ai/Apertus-v1.5-8B "HTTP/1.1 200 OK"
2026-09-21 20:14:52.319 - httpx - INFO - HTTP Request: GET https://huggingface.co/api/models/swiss-ai/Apertus-v1.5-8B "HTTP/1.1 200 OK"
2026-09-21 20:14:52.337 - httpx - INFO - HTTP Request: GET https://huggingface.co/api/models/swiss-ai/Apertus-v1.5-8B "HTTP/1.1 200 OK"
2026-09-21 20:14:52.360 - httpx - INFO - HTTP Request: GET https://huggingface.co/api/models/swiss-ai/Apertus-v1.5-8B "HTTP/1.1 200 OK"
2026-09-21 20:14:52.396 - httpx - INFO - HTTP Request: GET https://huggingface.co/api/models/swiss-ai/Apertus-v1.5-8B "HTTP/1.1 200 OK"
2026-09-21 20:14:52.425 - dataset_manager - INFO - Tokenizer(s) configured in 8.60 seconds
2026-09-21 20:14:52.426 - dataset_manager - INFO - Configuring dataset for dataset_manager
2026-09-21 20:14:52.439 - InferenceResultParser_9822f173 - INFO - Initialized tokenizers: {'swiss-ai/Apertus-v1.5-8B': {'class': 'TokenizersBackend', 'name_or_path': 'swiss-ai/Apertus-v1.5-8B'}} in 8.61 seconds
2026-09-21 20:14:52.458 - InferenceResultParser_7aba766b - INFO - Initialized tokenizers: {'swiss-ai/Apertus-v1.5-8B': {'class': 'TokenizersBackend', 'name_or_path': 'swiss-ai/Apertus-v1.5-8B'}} in 8.63 seconds
2026-09-21 20:14:52.484 - InferenceResultParser_bbe60b8e - INFO - Initialized tokenizers: {'swiss-ai/Apertus-v1.5-8B': {'class': 'TokenizersBackend', 'name_or_path': 'swiss-ai/Apertus-v1.5-8B'}} in 8.66 seconds
2026-09-21 20:14:52.524 - InferenceResultParser_e2357e0d - INFO - Initialized tokenizers: {'swiss-ai/Apertus-v1.5-8B': {'class': 'TokenizersBackend', 'name_or_path': 'swiss-ai/Apertus-v1.5-8B'}} in 8.70 seconds
2026-09-21 20:14:52.567 - httpx - INFO - HTTP Request: GET https://huggingface.co/api/models/swiss-ai/Apertus-v1.5-8B "HTTP/1.1 200 OK"
2026-09-21 20:14:52.618 - httpx - INFO - HTTP Request: GET https://huggingface.co/api/models/swiss-ai/Apertus-v1.5-8B "HTTP/1.1 200 OK"
2026-09-21 20:14:52.706 - InferenceResultParser_38140c2e - INFO - Initialized tokenizers: {'swiss-ai/Apertus-v1.5-8B': {'class': 'TokenizersBackend', 'name_or_path': 'swiss-ai/Apertus-v1.5-8B'}} in 8.88 seconds
2026-09-21 20:14:52.764 - InferenceResultParser_beae4f6d - INFO - Initialized tokenizers: {'swiss-ai/Apertus-v1.5-8B': {'class': 'TokenizersBackend', 'name_or_path': 'swiss-ai/Apertus-v1.5-8B'}} in 8.94 seconds
2026-09-21 20:14:53.585 - MemoryMapDatasetBackingStore_36f7582a - INFO - Memory-mapped backing store initialized (streaming to /tmp/aiperf_mmap_7728e5fec16a/dataset.dat)
2026-09-21 20:14:53.906 - MemoryMapDatasetBackingStore_36f7582a - INFO - Data file finalized: 512 conversations, 15.26 MB
2026-09-21 20:14:53.908 - MemoryMapDatasetBackingStore_36f7582a - INFO - Index file created: /tmp/aiperf_mmap_7728e5fec16a/index.dat
2026-09-21 20:14:53.909 - dataset_manager - INFO - Backing store finalized: client_type=DatasetClientStoreType.MEMORY_MAP format=MemoryMapFormat.CONVERSATION data_file_path=PosixPath('/tmp/aiperf_mmap_7728e5fec16a/dataset.dat') index_file_path=PosixPath('/tmp/aiperf_mmap_7728e5fec16a/index.dat') conversation_count=512 total_size_bytes=16002285 compressed=False compressed_data_file_path=None compressed_index_file_path=None compressed_size_bytes=0
2026-09-21 20:14:53.930 - dataset_manager - INFO - sampling strategy: sequential, unique conversations: 512, unique turn count: 512
2026-09-21 20:14:53.938 - dataset_manager - INFO - Generating inputs.json file at /results/dyn-2w-rr/rag/c64/inputs.json
2026-09-21 20:14:53.999 - dataset_manager - INFO - inputs.json file generated in 0.06 seconds
2026-09-21 20:14:54.137 - PhaseOrchestrator_d995733d - INFO - Initialized 2 phase(s): ['Warmup', 'Profiling']
2026-09-21 20:14:54.143 - system_controller - WARNING - Received command response for service we were not expecting: worker_20b73f58. Ignoring.
2026-09-21 20:14:54.143 - system_controller - WARNING - Received command response for service we were not expecting: worker_58911103. Ignoring.
2026-09-21 20:14:54.145 - system_controller - WARNING - Received command response for service we were not expecting: worker_1a04ee0e. Ignoring.
2026-09-21 20:14:54.147 - system_controller - WARNING - Received command response for service we were not expecting: worker_44cef04a. Ignoring.
2026-09-21 20:14:54.147 - system_controller - WARNING - Received command response for service we were not expecting: worker_1c6f9658. Ignoring.
2026-09-21 20:14:54.147 - system_controller - WARNING - Received command response for service we were not expecting: worker_daf29eba. Ignoring.
2026-09-21 20:14:54.148 - system_controller - WARNING - Received command response for service we were not expecting: worker_b122401b. Ignoring.
2026-09-21 20:14:54.148 - system_controller - WARNING - Received command response for service we were not expecting: worker_510e0b40. Ignoring.
2026-09-21 20:14:54.148 - system_controller - WARNING - Received command response for service we were not expecting: worker_868be50a. Ignoring.
2026-09-21 20:14:54.148 - system_controller - WARNING - Received command response for service we were not expecting: worker_b0d8b090. Ignoring.
2026-09-21 20:14:54.150 - system_controller - WARNING - Received command response for service we were not expecting: worker_32a57d6d. Ignoring.
2026-09-21 20:14:54.153 - system_controller - WARNING - Received command response for service we were not expecting: worker_0bf66618. Ignoring.
2026-09-21 20:14:54.153 - system_controller - WARNING - Received command response for service we were not expecting: worker_26321e86. Ignoring.
2026-09-21 20:14:54.153 - system_controller - WARNING - Received command response for service we were not expecting: worker_bdb4edec. Ignoring.
2026-09-21 20:14:54.160 - system_controller - WARNING - Received command response for service we were not expecting: worker_83a11d3e. Ignoring.
2026-09-21 20:14:54.248 - dataset_manager - INFO - Dataset client initialized and freed 512 conversations from memory
2026-09-21 20:14:54.248 - dataset_manager - INFO - Dataset configured in 1.82 seconds
2026-09-21 20:14:54.250 - system_controller - INFO - All services configured in 10.43 seconds
2026-09-21 20:14:54.251 - system_controller - INFO - AIPerf System is CONFIGURED
2026-09-21 20:14:54.253 - server_metrics_manager - INFO - Server Metrics: Started 1 collector(s) successfully
2026-09-21 20:14:54.257 - RateTiming - INFO - Creating interval generator: pattern=concurrency_burst, rate=None, smoothness=None
2026-09-21 20:14:54.257 - PhaseRunner - NOTICE - Phase warmup (warmup) started | phase_index=0 | target: 64 requests
2026-09-21 20:14:54.258 - system_controller - INFO - All services started profiling successfully
2026-09-21 20:14:54.258 - system_controller - INFO - AIPerf System is PROFILING
2026-09-21 20:14:54.260 - records_manager - INFO - Credit phase start: warmup
2026-09-21 20:14:54.262 - PhaseRunner - NOTICE - Phase warmup (warmup) sending complete | sent=64, completed=0, in_flight=64 | sessions: sent=64, completed=0
2026-09-21 20:15:03.610 - aiperf.metrics.types.osl_mismatch_metrics - WARNING - OSL mismatch: got 195 tokens (requested 256, diff -23.8%)
2026-09-21 20:15:03.709 - aiperf.metrics.types.osl_mismatch_metrics - WARNING - OSL mismatch: got 242 tokens (requested 256, diff -5.5%)
2026-09-21 20:15:03.828 - aiperf.metrics.types.osl_mismatch_metrics - WARNING - OSL mismatch: got 171 tokens (requested 256, diff -33.2%)
2026-09-21 20:15:03.859 - PhaseRunner - NOTICE - Phase warmup (warmup) complete | completed=64, cancelled=0, errors=0 | sessions: completed=64, cancelled=0 | elapsed=9.60s
2026-09-21 20:15:03.861 - RateTiming - INFO - Creating interval generator: pattern=concurrency_burst, rate=None, smoothness=None
2026-09-21 20:15:03.861 - PhaseRunner - NOTICE - Phase profiling (profiling) started | phase_index=1 | profiling_index=0 | target: 512 requests
2026-09-21 20:15:03.861 - server_metrics_manager - INFO - Server Metrics: Warmup complete, capturing final warmup metrics...
2026-09-21 20:15:03.869 - records_manager - INFO - Credit phase start: profiling
2026-09-21 20:15:14.111 - aiperf.metrics.types.osl_mismatch_metrics - WARNING - OSL mismatch: got 169 tokens (requested 256, diff -34.0%)
2026-09-21 20:15:33.133 - aiperf.metrics.types.osl_mismatch_metrics - WARNING - OSL mismatch: got 222 tokens (requested 256, diff -13.3%)
2026-09-21 20:15:41.729 - aiperf.metrics.types.osl_mismatch_metrics - WARNING - OSL mismatch: got 202 tokens (requested 256, diff -21.1%)
2026-09-21 20:15:43.028 - aiperf.metrics.types.osl_mismatch_metrics - WARNING - OSL mismatch: got 225 tokens (requested 256, diff -12.1%)
2026-09-21 20:15:44.907 - aiperf.metrics.types.osl_mismatch_metrics - WARNING - OSL mismatch: got 232 tokens (requested 256, diff -9.4%)
2026-09-21 20:15:45.721 - aiperf.metrics.types.osl_mismatch_metrics - WARNING - OSL mismatch: got 198 tokens (requested 256, diff -22.7%)
2026-09-21 20:15:46.082 - aiperf.metrics.types.osl_mismatch_metrics - WARNING - OSL mismatch: got 155 tokens (requested 256, diff -39.5%)
2026-09-21 20:15:53.378 - aiperf.metrics.types.osl_mismatch_metrics - WARNING - OSL mismatch: got 232 tokens (requested 256, diff -9.4%)
2026-09-21 20:16:01.845 - aiperf.metrics.types.osl_mismatch_metrics - WARNING - OSL mismatch: got 202 tokens (requested 256, diff -21.1%)
2026-09-21 20:16:16.374 - PhaseRunner - NOTICE - Phase profiling (profiling) sending complete | sent=512, completed=448, in_flight=64 | sessions: sent=512, completed=448
2026-09-21 20:16:16.376 - records_manager - INFO - Sent 512 requests. Waiting for all to complete...
2026-09-21 20:16:18.757 - aiperf.metrics.types.osl_mismatch_metrics - WARNING - OSL mismatch: got 150 tokens (requested 256, diff -41.4%)
2026-09-21 20:16:18.865 - aiperf.metrics.types.osl_mismatch_metrics - WARNING - OSL mismatch: got 197 tokens (requested 256, diff -23.0%)
2026-09-21 20:16:20.063 - PhaseRunner - NOTICE - Phase profiling (profiling) complete | completed=512, cancelled=0, errors=0 | sessions: completed=512, cancelled=0 | elapsed=76.20s
2026-09-21 20:16:20.064 - PhaseOrchestrator_d995733d - NOTICE - All credits completed
2026-09-21 20:16:20.065 - records_manager - INFO - Received CREDIT_PHASE_COMPLETE message, Phase complete: PhaseRecordsStats(phase=CreditPhase.PROFILING, phase_index=1, profiling_index=0, phase_name='profiling', phase_kind='profiling', start_ns=1790021703861484686, sent_end_ns=1790021776374266308, requests_end_ns=1790021780062266081, baseline_start_ns=1790021703861449299, baseline_end_ns=1790021780062312001, total_expected_requests=512, expected_duration_sec=None, expected_num_sessions=None, expected_grace_period_sec=None, final_requests_sent=None, final_requests_completed=512, final_requests_cancelled=0, final_request_errors=0, final_sent_sessions=None, final_completed_sessions=None, final_cancelled_sessions=None, timeout_triggered=False, grace_period_timeout_triggered=False, was_cancelled=False, records_end_ns=None, success_records=511, error_records=0)
2026-09-21 20:16:20.065 - system_controller - INFO - Received credits complete from 'timing_manager'
2026-09-21 20:16:20.066 - records_manager - NOTICE - All requests have completed, please wait for the results to be processed (currently 511 of 512 records processed)...
2026-09-21 20:16:20.066 - records_manager - INFO - All credits complete, please wait for the results to be processed...
2026-09-21 20:16:20.129 - records_manager - INFO - Processed 512 valid requests and 0 errors (512 total).
2026-09-21 20:16:20.130 - records_manager - INFO - Received all records, processing now...
2026-09-21 20:16:20.132 - server_metrics_manager - INFO - Server Metrics: Profiling complete, capturing final metrics...
2026-09-21 20:16:20.135 - records_manager - INFO - Waiting 1.9s for server metrics flush period...
2026-09-21 20:16:22.064 - records_manager - INFO - Processing records results...
2026-09-21 20:16:23.617 - system_controller - INFO - Waiting for result domains: server_metrics
2026-09-21 20:16:24.511 - records_manager - INFO - _finalize_and_process_results completed
2026-09-21 20:16:24.571 - system_controller - INFO - All results received, initiating shutdown
2026-09-21 20:16:25.177 - ExporterManager - INFO - Exporting all records
2026-09-21 20:16:25.356 - ExporterManager - INFO - Exporting console data
